Archive member included to satisfy reference by file (symbol)

/usr/lib/gcc/arm-none-eabi/7.1.0/../../../../arm-none-eabi/lib/thumb/v7e-m/fpv4-sp/softfp/libg.a(lib_a-atexit.o)
                              /usr/lib/gcc/arm-none-eabi/7.1.0/../../../../arm-none-eabi/lib/thumb/v7e-m/fpv4-sp/softfp/crt0.o (atexit)
/usr/lib/gcc/arm-none-eabi/7.1.0/../../../../arm-none-eabi/lib/thumb/v7e-m/fpv4-sp/softfp/libg.a(lib_a-exit.o)
                              /usr/lib/gcc/arm-none-eabi/7.1.0/../../../../arm-none-eabi/lib/thumb/v7e-m/fpv4-sp/softfp/crt0.o (exit)
/usr/lib/gcc/arm-none-eabi/7.1.0/../../../../arm-none-eabi/lib/thumb/v7e-m/fpv4-sp/softfp/libg.a(lib_a-fini.o)
                              /usr/lib/gcc/arm-none-eabi/7.1.0/../../../../arm-none-eabi/lib/thumb/v7e-m/fpv4-sp/softfp/crt0.o (__libc_fini_array)
/usr/lib/gcc/arm-none-eabi/7.1.0/../../../../arm-none-eabi/lib/thumb/v7e-m/fpv4-sp/softfp/libg.a(lib_a-impure.o)
                              /usr/lib/gcc/arm-none-eabi/7.1.0/../../../../arm-none-eabi/lib/thumb/v7e-m/fpv4-sp/softfp/libg.a(lib_a-exit.o) (_global_impure_ptr)
/usr/lib/gcc/arm-none-eabi/7.1.0/../../../../arm-none-eabi/lib/thumb/v7e-m/fpv4-sp/softfp/libg.a(lib_a-init.o)
                              /usr/lib/gcc/arm-none-eabi/7.1.0/../../../../arm-none-eabi/lib/thumb/v7e-m/fpv4-sp/softfp/crt0.o (__libc_init_array)
/usr/lib/gcc/arm-none-eabi/7.1.0/../../../../arm-none-eabi/lib/thumb/v7e-m/fpv4-sp/softfp/libg.a(lib_a-memset.o)
                              /usr/lib/gcc/arm-none-eabi/7.1.0/../../../../arm-none-eabi/lib/thumb/v7e-m/fpv4-sp/softfp/crt0.o (memset)
/usr/lib/gcc/arm-none-eabi/7.1.0/../../../../arm-none-eabi/lib/thumb/v7e-m/fpv4-sp/softfp/libg.a(lib_a-__atexit.o)
                              /usr/lib/gcc/arm-none-eabi/7.1.0/../../../../arm-none-eabi/lib/thumb/v7e-m/fpv4-sp/softfp/libg.a(lib_a-atexit.o) (__register_exitproc)
/usr/lib/gcc/arm-none-eabi/7.1.0/../../../../arm-none-eabi/lib/thumb/v7e-m/fpv4-sp/softfp/libg.a(lib_a-__call_atexit.o)
                              /usr/lib/gcc/arm-none-eabi/7.1.0/../../../../arm-none-eabi/lib/thumb/v7e-m/fpv4-sp/softfp/libg.a(lib_a-exit.o) (__call_exitprocs)
/usr/lib/gcc/arm-none-eabi/7.1.0/../../../../arm-none-eabi/lib/thumb/v7e-m/fpv4-sp/softfp/libnosys.a(_exit.o)
                              /usr/lib/gcc/arm-none-eabi/7.1.0/../../../../arm-none-eabi/lib/thumb/v7e-m/fpv4-sp/softfp/libg.a(lib_a-exit.o) (_exit)

Memory Configuration

Name             Origin             Length             Attributes
rom              0x0000000008000000 0x0000000000080000 xr
ram              0x0000000020000000 0x0000000000018000 xrw
*default*        0x0000000000000000 0xffffffffffffffff

Linker script and memory map

LOAD /usr/lib/gcc/arm-none-eabi/7.1.0/thumb/v7e-m/fpv4-sp/softfp/crti.o
LOAD /usr/lib/gcc/arm-none-eabi/7.1.0/thumb/v7e-m/fpv4-sp/softfp/crtbegin.o
LOAD /usr/lib/gcc/arm-none-eabi/7.1.0/../../../../arm-none-eabi/lib/thumb/v7e-m/fpv4-sp/softfp/crt0.o
LOAD /tmp/ccLK13Fy.o
LOAD /tmp/ccS5h8JQ.o
LOAD /tmp/cceF0WY8.o
LOAD /tmp/ccrOAjor.o
LOAD /tmp/ccJZSSYJ.o
LOAD /tmp/ccPr4GL2.o
LOAD /tmp/ccCrG1Jl.o
LOAD /tmp/cc53ilJE.o
LOAD /tmp/ccUpQmUX.o
LOAD /tmp/ccDW2Ehh.o
LOAD /tmp/ccRG7WSA.o
LOAD /tmp/ccm6qzPU.o
LOAD /tmp/ccFoTqZe.o
LOAD /tmp/ccLYQGFz.o
LOAD /tmp/cc0owNFU.o
START GROUP
LOAD /usr/lib/gcc/arm-none-eabi/7.1.0/thumb/v7e-m/fpv4-sp/softfp/libgcc.a
LOAD /usr/lib/gcc/arm-none-eabi/7.1.0/../../../../arm-none-eabi/lib/thumb/v7e-m/fpv4-sp/softfp/libg.a
LOAD /usr/lib/gcc/arm-none-eabi/7.1.0/../../../../arm-none-eabi/lib/thumb/v7e-m/fpv4-sp/softfp/libc.a
END GROUP
START GROUP
LOAD /usr/lib/gcc/arm-none-eabi/7.1.0/thumb/v7e-m/fpv4-sp/softfp/libgcc.a
LOAD /usr/lib/gcc/arm-none-eabi/7.1.0/../../../../arm-none-eabi/lib/thumb/v7e-m/fpv4-sp/softfp/libc.a
LOAD /usr/lib/gcc/arm-none-eabi/7.1.0/../../../../arm-none-eabi/lib/thumb/v7e-m/fpv4-sp/softfp/libnosys.a
END GROUP
LOAD /usr/lib/gcc/arm-none-eabi/7.1.0/thumb/v7e-m/fpv4-sp/softfp/crtend.o
LOAD /usr/lib/gcc/arm-none-eabi/7.1.0/thumb/v7e-m/fpv4-sp/softfp/crtn.o

.isr_vector     0x0000000008000000      0x194
 *(.isr_vector)
 .isr_vector    0x0000000008000000      0x194 /tmp/cc53ilJE.o
                0x0000000008000000                g_pfnVectors
                0x0000000008000194                . = ALIGN (0x4)

.eh_frame       0x0000000008000194        0x4
 .eh_frame      0x0000000008000194        0x0 /usr/lib/gcc/arm-none-eabi/7.1.0/thumb/v7e-m/fpv4-sp/softfp/crtbegin.o
 .eh_frame      0x0000000008000194        0x4 /usr/lib/gcc/arm-none-eabi/7.1.0/thumb/v7e-m/fpv4-sp/softfp/crtend.o

.ARM.extab      0x0000000008000198        0x0
 .ARM.extab     0x0000000008000198        0x0 /usr/lib/gcc/arm-none-eabi/7.1.0/../../../../arm-none-eabi/lib/thumb/v7e-m/fpv4-sp/softfp/crt0.o

.ARM.exidx      0x0000000008000198        0x8
 .ARM.exidx     0x0000000008000198        0x8 /usr/lib/gcc/arm-none-eabi/7.1.0/../../../../arm-none-eabi/lib/thumb/v7e-m/fpv4-sp/softfp/crt0.o

.text           0x00000000080001a0     0x245c
 *(.vectors)
 *(.text*)
 .text          0x00000000080001a0        0x0 /usr/lib/gcc/arm-none-eabi/7.1.0/thumb/v7e-m/fpv4-sp/softfp/crti.o
 .text          0x00000000080001a0       0x88 /usr/lib/gcc/arm-none-eabi/7.1.0/thumb/v7e-m/fpv4-sp/softfp/crtbegin.o
 .text          0x0000000008000228       0x68 /usr/lib/gcc/arm-none-eabi/7.1.0/../../../../arm-none-eabi/lib/thumb/v7e-m/fpv4-sp/softfp/crt0.o
                0x0000000008000228                _mainCRTStartup
                0x0000000008000228                _start
 .text          0x0000000008000290      0x228 /tmp/ccLK13Fy.o
                0x000000000800037c                motor_start
                0x000000000800038c                motor_stop
                0x000000000800039c                motor_init
                0x0000000008000408                motor_set_pwm
                0x000000000800043c                motor_commutate
 .text          0x00000000080004b8       0xe8 /tmp/ccS5h8JQ.o
                0x00000000080004b8                uart_init
                0x0000000008000574                USART1_IRQHandler
 .text          0x00000000080005a0       0x64 /tmp/cceF0WY8.o
                0x00000000080005a0                main
 .text          0x0000000008000604       0x28 /tmp/ccrOAjor.o
                0x0000000008000604                delay
 .text          0x000000000800062c       0x3c /tmp/ccJZSSYJ.o
                0x000000000800062c                NMI_Handler
                0x000000000800062e                HardFault_Handler
                0x0000000008000630                MemManage_Handler
                0x0000000008000632                BusFault_Handler
                0x0000000008000634                UsageFault_Handler
                0x0000000008000636                SVC_Handler
                0x0000000008000638                DebugMon_Handler
                0x000000000800063a                PendSV_Handler
                0x000000000800063c                SysTick_Handler
                0x000000000800065c                get_time
 .text          0x0000000008000668      0x178 /tmp/ccPr4GL2.o
                0x00000000080006d4                hall_sensor_init
                0x000000000800078c                EXTI15_10_IRQHandler
                0x00000000080007c4                EXTI3_IRQHandler
 .text          0x00000000080007e0      0x160 /tmp/ccCrG1Jl.o
                0x0000000008000858                SystemInit
                0x00000000080008a8                SystemCoreClockUpdate
 .text          0x0000000008000940       0x14 /tmp/cc53ilJE.o
 .text.Reset_Handler
                0x0000000008000954       0x48 /tmp/cc53ilJE.o
                0x0000000008000954                Reset_Handler
 .text.Default_Handler
                0x000000000800099c        0x2 /tmp/cc53ilJE.o
                0x000000000800099c                RTC_Alarm_IRQHandler
                0x000000000800099c                EXTI2_IRQHandler
                0x000000000800099c                SPI4_IRQHandler
                0x000000000800099c                TIM1_CC_IRQHandler
                0x000000000800099c                DMA2_Stream5_IRQHandler
                0x000000000800099c                DMA1_Stream5_IRQHandler
                0x000000000800099c                PVD_IRQHandler
                0x000000000800099c                SDIO_IRQHandler
                0x000000000800099c                TAMP_STAMP_IRQHandler
                0x000000000800099c                TIM1_UP_TIM10_IRQHandler
                0x000000000800099c                I2C3_ER_IRQHandler
                0x000000000800099c                EXTI0_IRQHandler
                0x000000000800099c                I2C2_EV_IRQHandler
                0x000000000800099c                DMA1_Stream2_IRQHandler
                0x000000000800099c                FPU_IRQHandler
                0x000000000800099c                DMA2_Stream2_IRQHandler
                0x000000000800099c                SPI1_IRQHandler
                0x000000000800099c                TIM1_BRK_TIM9_IRQHandler
                0x000000000800099c                DMA2_Stream3_IRQHandler
                0x000000000800099c                USART6_IRQHandler
                0x000000000800099c                DMA2_Stream0_IRQHandler
                0x000000000800099c                TIM4_IRQHandler
                0x000000000800099c                I2C1_EV_IRQHandler
                0x000000000800099c                DMA1_Stream6_IRQHandler
                0x000000000800099c                DMA1_Stream1_IRQHandler
                0x000000000800099c                TIM3_IRQHandler
                0x000000000800099c                RCC_IRQHandler
                0x000000000800099c                Default_Handler
                0x000000000800099c                ADC_IRQHandler
                0x000000000800099c                DMA1_Stream7_IRQHandler
                0x000000000800099c                TIM5_IRQHandler
                0x000000000800099c                DMA2_Stream7_IRQHandler
                0x000000000800099c                I2C3_EV_IRQHandler
                0x000000000800099c                EXTI9_5_IRQHandler
                0x000000000800099c                RTC_WKUP_IRQHandler
                0x000000000800099c                SPI2_IRQHandler
                0x000000000800099c                DMA1_Stream0_IRQHandler
                0x000000000800099c                EXTI4_IRQHandler
                0x000000000800099c                WWDG_IRQHandler
                0x000000000800099c                TIM2_IRQHandler
                0x000000000800099c                OTG_FS_WKUP_IRQHandler
                0x000000000800099c                TIM1_TRG_COM_TIM11_IRQHandler
                0x000000000800099c                EXTI1_IRQHandler
                0x000000000800099c                USART2_IRQHandler
                0x000000000800099c                I2C2_ER_IRQHandler
                0x000000000800099c                DMA2_Stream1_IRQHandler
                0x000000000800099c                FLASH_IRQHandler
                0x000000000800099c                DMA2_Stream4_IRQHandler
                0x000000000800099c                OTG_FS_IRQHandler
                0x000000000800099c                SPI3_IRQHandler
                0x000000000800099c                DMA1_Stream4_IRQHandler
                0x000000000800099c                I2C1_ER_IRQHandler
                0x000000000800099c                DMA2_Stream6_IRQHandler
                0x000000000800099c                DMA1_Stream3_IRQHandler
 *fill*         0x000000000800099e        0x2 
 .text          0x00000000080009a0       0xc8 /tmp/ccUpQmUX.o
                0x00000000080009a0                NVIC_PriorityGroupConfig
                0x00000000080009b4                NVIC_Init
                0x0000000008000a18                NVIC_SetVectorTable
                0x0000000008000a2c                NVIC_SystemLPConfig
                0x0000000008000a48                SysTick_CLKSourceConfig
 .text          0x0000000008000a68      0x108 /tmp/ccDW2Ehh.o
                0x0000000008000a68                EXTI_DeInit
                0x0000000008000a84                EXTI_Init
                0x0000000008000b14                EXTI_StructInit
                0x0000000008000b22                EXTI_GenerateSWInterrupt
                0x0000000008000b30                EXTI_GetFlagStatus
                0x0000000008000b44                EXTI_ClearFlag
                0x0000000008000b50                EXTI_GetITStatus
                0x0000000008000b64                EXTI_ClearITPendingBit
 .text          0x0000000008000b70      0x278 /tmp/ccRG7WSA.o
                0x0000000008000b70                GPIO_DeInit
                0x0000000008000cb4                GPIO_Init
                0x0000000008000d3e                GPIO_StructInit
                0x0000000008000d50                GPIO_PinLockConfig
                0x0000000008000d74                GPIO_ReadInputDataBit
                0x0000000008000d82                GPIO_ReadInputData
                0x0000000008000d88                GPIO_ReadOutputDataBit
                0x0000000008000d96                GPIO_ReadOutputData
                0x0000000008000d9c                GPIO_SetBits
                0x0000000008000da0                GPIO_ResetBits
                0x0000000008000da4                GPIO_WriteBit
                0x0000000008000dae                GPIO_Write
                0x0000000008000db2                GPIO_ToggleBits
                0x0000000008000dba                GPIO_PinAFConfig
 .text          0x0000000008000de8      0x530 /tmp/ccm6qzPU.o
                0x0000000008000de8                RCC_DeInit
                0x0000000008000e28                RCC_HSEConfig
                0x0000000008000e38                RCC_AdjustHSICalibrationValue
                0x0000000008000e4c                RCC_HSICmd
                0x0000000008000e58                RCC_LSEConfig
                0x0000000008000e80                RCC_LSICmd
                0x0000000008000e8c                RCC_PLLConfig
                0x0000000008000eac                RCC_PLLCmd
                0x0000000008000eb8                RCC_PLLI2SConfig
                0x0000000008000ecc                RCC_PLLI2SCmd
                0x0000000008000ed8                RCC_PLLSAIConfig
                0x0000000008000ef0                RCC_PLLSAICmd
                0x0000000008000efc                RCC_ClockSecuritySystemCmd
                0x0000000008000f08                RCC_MCO1Config
                0x0000000008000f1c                RCC_MCO2Config
                0x0000000008000f30                RCC_SYSCLKConfig
                0x0000000008000f44                RCC_GetSYSCLKSource
                0x0000000008000f54                RCC_HCLKConfig
                0x0000000008000f68                RCC_PCLK1Config
                0x0000000008000f7c                RCC_PCLK2Config
                0x0000000008000f90                RCC_GetClocksFreq
                0x0000000008001044                RCC_RTCCLKConfig
                0x0000000008001078                RCC_RTCCLKCmd
                0x0000000008001084                RCC_BackupResetCmd
                0x0000000008001090                RCC_I2SCLKConfig
                0x000000000800109c                RCC_SAIPLLI2SClkDivConfig
                0x00000000080010b4                RCC_SAIPLLSAIClkDivConfig
                0x00000000080010d0                RCC_LTDCCLKDivConfig
                0x00000000080010e8                RCC_TIMCLKPresConfig
                0x00000000080010f4                RCC_AHB1PeriphClockCmd
                0x0000000008001110                RCC_AHB2PeriphClockCmd
                0x000000000800112c                RCC_APB1PeriphClockCmd
                0x0000000008001148                RCC_APB2PeriphClockCmd
                0x0000000008001164                RCC_AHB1PeriphResetCmd
                0x0000000008001180                RCC_AHB2PeriphResetCmd
                0x000000000800119c                RCC_APB1PeriphResetCmd
                0x00000000080011b8                RCC_APB2PeriphResetCmd
                0x00000000080011d4                RCC_AHB1PeriphClockLPModeCmd
                0x00000000080011f0                RCC_AHB2PeriphClockLPModeCmd
                0x000000000800120c                RCC_APB1PeriphClockLPModeCmd
                0x0000000008001228                RCC_APB2PeriphClockLPModeCmd
                0x0000000008001244                RCC_LSEModeConfig
                0x0000000008001264                RCC_ITConfig
                0x0000000008001280                RCC_GetFlagStatus
                0x00000000080012b4                RCC_WaitForHSEStartUp
                0x00000000080012e8                RCC_ClearFlag
                0x00000000080012f8                RCC_GetITStatus
                0x000000000800130c                RCC_ClearITPendingBit
 .text          0x0000000008001318       0x94 /tmp/ccFoTqZe.o
                0x0000000008001318                SYSCFG_DeInit
                0x0000000008001330                SYSCFG_MemoryRemapConfig
                0x000000000800133c                SYSCFG_MemorySwappingBank
                0x0000000008001348                SYSCFG_EXTILineConfig
                0x000000000800137c                SYSCFG_ETH_MediaInterfaceConfig
                0x0000000008001388                SYSCFG_CompensationCellCmd
                0x0000000008001394                SYSCFG_GetCompensationCellStatus
 .text          0x00000000080013ac      0xb4c /tmp/ccLYQGFz.o
                0x0000000008001496                TIM_DeInit
                0x000000000800162c                TIM_TimeBaseInit
                0x00000000080016a8                TIM_TimeBaseStructInit
                0x00000000080016ba                TIM_PrescalerConfig
                0x00000000080016c0                TIM_CounterModeConfig
                0x00000000080016ce                TIM_SetCounter
                0x00000000080016d2                TIM_SetAutoreload
                0x00000000080016d6                TIM_GetCounter
                0x00000000080016da                TIM_GetPrescaler
                0x00000000080016de                TIM_UpdateDisableConfig
                0x00000000080016f8                TIM_UpdateRequestConfig
                0x0000000008001712                TIM_ARRPreloadConfig
                0x000000000800172c                TIM_SelectOnePulseMode
                0x0000000008001740                TIM_SetClockDivision
                0x0000000008001754                TIM_Cmd
                0x000000000800176e                TIM_OC1Init
                0x00000000080017d8                TIM_OC2Init
                0x0000000008001860                TIM_OC3Init
                0x00000000080018e4                TIM_OC4Init
                0x000000000800194c                TIM_OCStructInit
                0x0000000008001960                TIM_SelectOCxM
                0x00000000080019b0                TIM_SetCompare1
                0x00000000080019b4                TIM_SetCompare2
                0x00000000080019b8                TIM_SetCompare3
                0x00000000080019bc                TIM_SetCompare4
                0x00000000080019c0                TIM_ForcedOC1Config
                0x00000000080019ce                TIM_ForcedOC2Config
                0x00000000080019e0                TIM_ForcedOC3Config
                0x00000000080019ee                TIM_ForcedOC4Config
                0x0000000008001a00                TIM_OC1PreloadConfig
                0x0000000008001a0e                TIM_OC2PreloadConfig
                0x0000000008001a20                TIM_OC3PreloadConfig
                0x0000000008001a2e                TIM_OC4PreloadConfig
                0x0000000008001a40                TIM_OC1FastConfig
                0x0000000008001a4e                TIM_OC2FastConfig
                0x0000000008001a60                TIM_OC3FastConfig
                0x0000000008001a6e                TIM_OC4FastConfig
                0x0000000008001a80                TIM_ClearOC1Ref
                0x0000000008001a8e                TIM_ClearOC2Ref
                0x0000000008001a9e                TIM_ClearOC3Ref
                0x0000000008001aac                TIM_ClearOC4Ref
                0x0000000008001abc                TIM_OC1PolarityConfig
                0x0000000008001aca                TIM_OC1NPolarityConfig
                0x0000000008001ad8                TIM_OC2PolarityConfig
                0x0000000008001aea                TIM_OC2NPolarityConfig
                0x0000000008001afc                TIM_OC3PolarityConfig
                0x0000000008001b0e                TIM_OC3NPolarityConfig
                0x0000000008001b20                TIM_OC4PolarityConfig
                0x0000000008001b32                TIM_CCxCmd
                0x0000000008001b54                TIM_CCxNCmd
                0x0000000008001b76                TIM_ICStructInit
                0x0000000008001b86                TIM_GetCapture1
                0x0000000008001b8a                TIM_GetCapture2
                0x0000000008001b8e                TIM_GetCapture3
                0x0000000008001b92                TIM_GetCapture4
                0x0000000008001b96                TIM_SetIC1Prescaler
                0x0000000008001baa                TIM_SetIC2Prescaler
                0x0000000008001bc2                TIM_PWMIConfig
                0x0000000008001c2e                TIM_SetIC3Prescaler
                0x0000000008001c42                TIM_SetIC4Prescaler
                0x0000000008001c5a                TIM_ICInit
                0x0000000008001cbc                TIM_BDTRConfig
                0x0000000008001ce4                TIM_BDTRStructInit
                0x0000000008001cf6                TIM_CtrlPWMOutputs
                0x0000000008001d14                TIM_SelectCOM
                0x0000000008001d2e                TIM_CCPreloadControl
                0x0000000008001d48                TIM_ITConfig
                0x0000000008001d5c                TIM_GenerateEvent
                0x0000000008001d60                TIM_GetFlagStatus
                0x0000000008001d6e                TIM_ClearFlag
                0x0000000008001d76                TIM_GetITStatus
                0x0000000008001d8e                TIM_ClearITPendingBit
                0x0000000008001d96                TIM_DMAConfig
                0x0000000008001d9e                TIM_DMACmd
                0x0000000008001db2                TIM_SelectCCDMA
                0x0000000008001dcc                TIM_InternalClockConfig
                0x0000000008001dda                TIM_SelectInputTrigger
                0x0000000008001de8                TIM_ITRxExternalClockConfig
                0x0000000008001dfa                TIM_TIxExternalClockConfig
                0x0000000008001e26                TIM_SelectOutputTrigger
                0x0000000008001e3a                TIM_SelectSlaveMode
                0x0000000008001e4e                TIM_SelectMasterSlaveMode
                0x0000000008001e62                TIM_ETRConfig
                0x0000000008001e7a                TIM_ETRClockMode1Config
                0x0000000008001e8c                TIM_ETRClockMode2Config
                0x0000000008001e9e                TIM_EncoderInterfaceConfig
                0x0000000008001ed8                TIM_SelectHallSensor
                0x0000000008001ef2                TIM_RemapConfig
 .text          0x0000000008001ef8      0x43c /tmp/cc0owNFU.o
                0x0000000008001ef8                USART_DeInit
                0x0000000008001ff4                USART_Init
                0x00000000080020c4                USART_StructInit
                0x00000000080020da                USART_ClockInit
                0x00000000080020fc                USART_ClockStructInit
                0x0000000008002108                USART_Cmd
                0x0000000008002122                USART_SetPrescaler
                0x0000000008002132                USART_OverSampling8Cmd
                0x0000000008002148                USART_OneBitMethodCmd
                0x0000000008002162                USART_SendData
                0x000000000800216a                USART_ReceiveData
                0x0000000008002172                USART_SetAddress
                0x0000000008002186                USART_ReceiverWakeUpCmd
                0x00000000080021a0                USART_WakeUpConfig
                0x00000000080021b4                USART_LINBreakDetectLengthConfig
                0x00000000080021c8                USART_LINCmd
                0x00000000080021e2                USART_SendBreak
                0x00000000080021ec                USART_HalfDuplexCmd
                0x0000000008002206                USART_SetGuardTime
                0x0000000008002216                USART_SmartCardCmd
                0x0000000008002230                USART_SmartCardNACKCmd
                0x000000000800224a                USART_IrDAConfig
                0x000000000800225e                USART_IrDACmd
                0x0000000008002278                USART_DMACmd
                0x000000000800228c                USART_ITConfig
                0x00000000080022c6                USART_GetFlagStatus
                0x00000000080022d4                USART_ClearFlag
                0x00000000080022dc                USART_GetITStatus
                0x0000000008002322                USART_ClearITPendingBit
 .text          0x0000000008002334        0x0 /usr/lib/gcc/arm-none-eabi/7.1.0/../../../../arm-none-eabi/lib/thumb/v7e-m/fpv4-sp/softfp/libg.a(lib_a-atexit.o)
 .text.atexit   0x0000000008002334        0xc /usr/lib/gcc/arm-none-eabi/7.1.0/../../../../arm-none-eabi/lib/thumb/v7e-m/fpv4-sp/softfp/libg.a(lib_a-atexit.o)
                0x0000000008002334                atexit
 .text          0x0000000008002340        0x0 /usr/lib/gcc/arm-none-eabi/7.1.0/../../../../arm-none-eabi/lib/thumb/v7e-m/fpv4-sp/softfp/libg.a(lib_a-exit.o)
 .text.exit     0x0000000008002340       0x20 /usr/lib/gcc/arm-none-eabi/7.1.0/../../../../arm-none-eabi/lib/thumb/v7e-m/fpv4-sp/softfp/libg.a(lib_a-exit.o)
                0x0000000008002340                exit
 .text          0x0000000008002360        0x0 /usr/lib/gcc/arm-none-eabi/7.1.0/../../../../arm-none-eabi/lib/thumb/v7e-m/fpv4-sp/softfp/libg.a(lib_a-fini.o)
 .text.__libc_fini_array
                0x0000000008002360       0x34 /usr/lib/gcc/arm-none-eabi/7.1.0/../../../../arm-none-eabi/lib/thumb/v7e-m/fpv4-sp/softfp/libg.a(lib_a-fini.o)
                0x0000000008002360                __libc_fini_array
 .text          0x0000000008002394        0x0 /usr/lib/gcc/arm-none-eabi/7.1.0/../../../../arm-none-eabi/lib/thumb/v7e-m/fpv4-sp/softfp/libg.a(lib_a-impure.o)
 .text          0x0000000008002394        0x0 /usr/lib/gcc/arm-none-eabi/7.1.0/../../../../arm-none-eabi/lib/thumb/v7e-m/fpv4-sp/softfp/libg.a(lib_a-init.o)
 .text.__libc_init_array
                0x0000000008002394       0x48 /usr/lib/gcc/arm-none-eabi/7.1.0/../../../../arm-none-eabi/lib/thumb/v7e-m/fpv4-sp/softfp/libg.a(lib_a-init.o)
                0x0000000008002394                __libc_init_array
 .text          0x00000000080023dc        0x0 /usr/lib/gcc/arm-none-eabi/7.1.0/../../../../arm-none-eabi/lib/thumb/v7e-m/fpv4-sp/softfp/libg.a(lib_a-memset.o)
 .text.memset   0x00000000080023dc       0x94 /usr/lib/gcc/arm-none-eabi/7.1.0/../../../../arm-none-eabi/lib/thumb/v7e-m/fpv4-sp/softfp/libg.a(lib_a-memset.o)
                0x00000000080023dc                memset
 .text          0x0000000008002470        0x0 /usr/lib/gcc/arm-none-eabi/7.1.0/../../../../arm-none-eabi/lib/thumb/v7e-m/fpv4-sp/softfp/libg.a(lib_a-__atexit.o)
 .text.__register_exitproc
                0x0000000008002470       0xa0 /usr/lib/gcc/arm-none-eabi/7.1.0/../../../../arm-none-eabi/lib/thumb/v7e-m/fpv4-sp/softfp/libg.a(lib_a-__atexit.o)
                0x0000000008002470                __register_exitproc
 .text          0x0000000008002510        0x0 /usr/lib/gcc/arm-none-eabi/7.1.0/../../../../arm-none-eabi/lib/thumb/v7e-m/fpv4-sp/softfp/libg.a(lib_a-__call_atexit.o)
 .text.startup.register_fini
                0x0000000008002510       0x14 /usr/lib/gcc/arm-none-eabi/7.1.0/../../../../arm-none-eabi/lib/thumb/v7e-m/fpv4-sp/softfp/libg.a(lib_a-__call_atexit.o)
 .text.__call_exitprocs
                0x0000000008002524       0xd0 /usr/lib/gcc/arm-none-eabi/7.1.0/../../../../arm-none-eabi/lib/thumb/v7e-m/fpv4-sp/softfp/libg.a(lib_a-__call_atexit.o)
                0x0000000008002524                __call_exitprocs
 .text          0x00000000080025f4        0x0 /usr/lib/gcc/arm-none-eabi/7.1.0/../../../../arm-none-eabi/lib/thumb/v7e-m/fpv4-sp/softfp/libnosys.a(_exit.o)
 .text._exit    0x00000000080025f4        0x4 /usr/lib/gcc/arm-none-eabi/7.1.0/../../../../arm-none-eabi/lib/thumb/v7e-m/fpv4-sp/softfp/libnosys.a(_exit.o)
                0x00000000080025f4                _exit
 .text          0x00000000080025f8        0x0 /usr/lib/gcc/arm-none-eabi/7.1.0/thumb/v7e-m/fpv4-sp/softfp/crtend.o
 .text          0x00000000080025f8        0x0 /usr/lib/gcc/arm-none-eabi/7.1.0/thumb/v7e-m/fpv4-sp/softfp/crtn.o
                0x00000000080025f8                . = ALIGN (0x4)
 *(.rodata*)
 .rodata._global_impure_ptr
                0x00000000080025f8        0x4 /usr/lib/gcc/arm-none-eabi/7.1.0/../../../../arm-none-eabi/lib/thumb/v7e-m/fpv4-sp/softfp/libg.a(lib_a-impure.o)
                0x00000000080025f8                _global_impure_ptr
                0x00000000080025fc                . = ALIGN (0x4)

.glue_7         0x00000000080025fc        0x0
 .glue_7        0x00000000080025fc        0x0 linker stubs

.glue_7t        0x00000000080025fc        0x0
 .glue_7t       0x00000000080025fc        0x0 linker stubs

.vfp11_veneer   0x00000000080025fc        0x0
 .vfp11_veneer  0x00000000080025fc        0x0 linker stubs

.v4_bx          0x00000000080025fc        0x0
 .v4_bx         0x00000000080025fc        0x0 linker stubs

.init           0x00000000080025fc        0xc
 .init          0x00000000080025fc        0x4 /usr/lib/gcc/arm-none-eabi/7.1.0/thumb/v7e-m/fpv4-sp/softfp/crti.o
                0x00000000080025fc                _init
 .init          0x0000000008002600        0x8 /usr/lib/gcc/arm-none-eabi/7.1.0/thumb/v7e-m/fpv4-sp/softfp/crtn.o

.fini           0x0000000008002608        0xc
 .fini          0x0000000008002608        0x4 /usr/lib/gcc/arm-none-eabi/7.1.0/thumb/v7e-m/fpv4-sp/softfp/crti.o
                0x0000000008002608                _fini
 .fini          0x000000000800260c        0x8 /usr/lib/gcc/arm-none-eabi/7.1.0/thumb/v7e-m/fpv4-sp/softfp/crtn.o

.iplt           0x0000000008002614        0x0
 .iplt          0x0000000008002614        0x0 /usr/lib/gcc/arm-none-eabi/7.1.0/thumb/v7e-m/fpv4-sp/softfp/crtbegin.o

.rel.dyn        0x0000000008002614        0x0
 .rel.iplt      0x0000000008002614        0x0 /usr/lib/gcc/arm-none-eabi/7.1.0/thumb/v7e-m/fpv4-sp/softfp/crtbegin.o
                0x0000000008002614                . = ALIGN (0x4)
                0x0000000008002614                _etext = .

.data           0x0000000020000000      0x488 load address 0x0000000008002614
                0x0000000020000000                _sdata = .
 *(.data*)
 .data          0x0000000020000000        0x0 /usr/lib/gcc/arm-none-eabi/7.1.0/thumb/v7e-m/fpv4-sp/softfp/crti.o
 .data          0x0000000020000000        0x4 /usr/lib/gcc/arm-none-eabi/7.1.0/thumb/v7e-m/fpv4-sp/softfp/crtbegin.o
                0x0000000020000000                __dso_handle
 .data          0x0000000020000004        0x0 /usr/lib/gcc/arm-none-eabi/7.1.0/../../../../arm-none-eabi/lib/thumb/v7e-m/fpv4-sp/softfp/crt0.o
 .data          0x0000000020000004       0x30 /tmp/ccLK13Fy.o
                0x0000000020000004                fet_en_seq
                0x000000002000001c                pwm_en_seq
 .data          0x0000000020000034        0x0 /tmp/ccS5h8JQ.o
 .data          0x0000000020000034        0x0 /tmp/cceF0WY8.o
 .data          0x0000000020000034        0x0 /tmp/ccrOAjor.o
 .data          0x0000000020000034        0x0 /tmp/ccJZSSYJ.o
 .data          0x0000000020000034        0x0 /tmp/ccPr4GL2.o
 .data          0x0000000020000034       0x14 /tmp/ccCrG1Jl.o
                0x0000000020000034                SystemCoreClock
                0x0000000020000038                AHBPrescTable
 .data          0x0000000020000048        0x0 /tmp/cc53ilJE.o
 .data          0x0000000020000048        0x0 /tmp/ccUpQmUX.o
 .data          0x0000000020000048        0x0 /tmp/ccDW2Ehh.o
 .data          0x0000000020000048        0x0 /tmp/ccRG7WSA.o
 .data          0x0000000020000048       0x10 /tmp/ccm6qzPU.o
 .data          0x0000000020000058        0x0 /tmp/ccFoTqZe.o
 .data          0x0000000020000058        0x0 /tmp/ccLYQGFz.o
 .data          0x0000000020000058        0x0 /tmp/cc0owNFU.o
 .data          0x0000000020000058        0x0 /usr/lib/gcc/arm-none-eabi/7.1.0/../../../../arm-none-eabi/lib/thumb/v7e-m/fpv4-sp/softfp/libg.a(lib_a-atexit.o)
 .data          0x0000000020000058        0x0 /usr/lib/gcc/arm-none-eabi/7.1.0/../../../../arm-none-eabi/lib/thumb/v7e-m/fpv4-sp/softfp/libg.a(lib_a-exit.o)
 .data          0x0000000020000058        0x0 /usr/lib/gcc/arm-none-eabi/7.1.0/../../../../arm-none-eabi/lib/thumb/v7e-m/fpv4-sp/softfp/libg.a(lib_a-fini.o)
 .data          0x0000000020000058        0x0 /usr/lib/gcc/arm-none-eabi/7.1.0/../../../../arm-none-eabi/lib/thumb/v7e-m/fpv4-sp/softfp/libg.a(lib_a-impure.o)
 .data._impure_ptr
                0x0000000020000058        0x4 /usr/lib/gcc/arm-none-eabi/7.1.0/../../../../arm-none-eabi/lib/thumb/v7e-m/fpv4-sp/softfp/libg.a(lib_a-impure.o)
                0x0000000020000058                _impure_ptr
 *fill*         0x000000002000005c        0x4 
 .data.impure_data
                0x0000000020000060      0x428 /usr/lib/gcc/arm-none-eabi/7.1.0/../../../../arm-none-eabi/lib/thumb/v7e-m/fpv4-sp/softfp/libg.a(lib_a-impure.o)
 .data          0x0000000020000488        0x0 /usr/lib/gcc/arm-none-eabi/7.1.0/../../../../arm-none-eabi/lib/thumb/v7e-m/fpv4-sp/softfp/libg.a(lib_a-init.o)
 .data          0x0000000020000488        0x0 /usr/lib/gcc/arm-none-eabi/7.1.0/../../../../arm-none-eabi/lib/thumb/v7e-m/fpv4-sp/softfp/libg.a(lib_a-memset.o)
 .data          0x0000000020000488        0x0 /usr/lib/gcc/arm-none-eabi/7.1.0/../../../../arm-none-eabi/lib/thumb/v7e-m/fpv4-sp/softfp/libg.a(lib_a-__atexit.o)
 .data          0x0000000020000488        0x0 /usr/lib/gcc/arm-none-eabi/7.1.0/../../../../arm-none-eabi/lib/thumb/v7e-m/fpv4-sp/softfp/libg.a(lib_a-__call_atexit.o)
 .data          0x0000000020000488        0x0 /usr/lib/gcc/arm-none-eabi/7.1.0/../../../../arm-none-eabi/lib/thumb/v7e-m/fpv4-sp/softfp/libnosys.a(_exit.o)
 .data          0x0000000020000488        0x0 /usr/lib/gcc/arm-none-eabi/7.1.0/thumb/v7e-m/fpv4-sp/softfp/crtend.o
 .data          0x0000000020000488        0x0 /usr/lib/gcc/arm-none-eabi/7.1.0/thumb/v7e-m/fpv4-sp/softfp/crtn.o
                0x0000000020000488                . = ALIGN (0x4)
                0x0000000020000488                _edata = .
                0x0000000008002614                _sidata = LOADADDR (.data)

.init_array     0x0000000020000488        0x4 load address 0x0000000008002a9c
 .init_array    0x0000000020000488        0x4 /usr/lib/gcc/arm-none-eabi/7.1.0/thumb/v7e-m/fpv4-sp/softfp/crtbegin.o

.fini_array     0x000000002000048c        0x4 load address 0x0000000008002aa0
 .fini_array    0x000000002000048c        0x4 /usr/lib/gcc/arm-none-eabi/7.1.0/thumb/v7e-m/fpv4-sp/softfp/crtbegin.o

.tm_clone_table
                0x0000000020000490        0x0 load address 0x0000000008002aa4
 .tm_clone_table
                0x0000000020000490        0x0 /usr/lib/gcc/arm-none-eabi/7.1.0/thumb/v7e-m/fpv4-sp/softfp/crtbegin.o
 .tm_clone_table
                0x0000000020000490        0x0 /usr/lib/gcc/arm-none-eabi/7.1.0/thumb/v7e-m/fpv4-sp/softfp/crtend.o

.igot.plt       0x0000000020000490        0x0 load address 0x0000000008002aa4
 .igot.plt      0x0000000020000490        0x0 /usr/lib/gcc/arm-none-eabi/7.1.0/thumb/v7e-m/fpv4-sp/softfp/crtbegin.o

.init_array.00000
                0x0000000020000490        0x4 load address 0x0000000008002aa4
 .init_array.00000
                0x0000000020000490        0x4 /usr/lib/gcc/arm-none-eabi/7.1.0/../../../../arm-none-eabi/lib/thumb/v7e-m/fpv4-sp/softfp/libg.a(lib_a-__call_atexit.o)

.bss            0x0000000020000498       0x28 load address 0x0000000008002aa8
                0x0000000020000498                __bss_start__ = .
                0x0000000020000498                _sbss = .
 *(.bss*)
 .bss           0x0000000020000498        0x0 /usr/lib/gcc/arm-none-eabi/7.1.0/thumb/v7e-m/fpv4-sp/softfp/crti.o
 .bss           0x0000000020000498       0x1c /usr/lib/gcc/arm-none-eabi/7.1.0/thumb/v7e-m/fpv4-sp/softfp/crtbegin.o
 .bss           0x00000000200004b4        0x0 /usr/lib/gcc/arm-none-eabi/7.1.0/../../../../arm-none-eabi/lib/thumb/v7e-m/fpv4-sp/softfp/crt0.o
 .bss           0x00000000200004b4        0x2 /tmp/ccLK13Fy.o
                0x00000000200004b4                pwm_val
 .bss           0x00000000200004b6        0x0 /tmp/ccS5h8JQ.o
 .bss           0x00000000200004b6        0x0 /tmp/cceF0WY8.o
 .bss           0x00000000200004b6        0x0 /tmp/ccrOAjor.o
 *fill*         0x00000000200004b6        0x2 
 .bss           0x00000000200004b8        0x8 /tmp/ccJZSSYJ.o
                0x00000000200004b8                msTicks
 .bss           0x00000000200004c0        0x0 /tmp/ccPr4GL2.o
 .bss           0x00000000200004c0        0x0 /tmp/ccCrG1Jl.o
 .bss           0x00000000200004c0        0x0 /tmp/cc53ilJE.o
 .bss           0x00000000200004c0        0x0 /tmp/ccUpQmUX.o
 .bss           0x00000000200004c0        0x0 /tmp/ccDW2Ehh.o
 .bss           0x00000000200004c0        0x0 /tmp/ccRG7WSA.o
 .bss           0x00000000200004c0        0x0 /tmp/ccm6qzPU.o
 .bss           0x00000000200004c0        0x0 /tmp/ccFoTqZe.o
 .bss           0x00000000200004c0        0x0 /tmp/ccLYQGFz.o
 .bss           0x00000000200004c0        0x0 /tmp/cc0owNFU.o
 .bss           0x00000000200004c0        0x0 /usr/lib/gcc/arm-none-eabi/7.1.0/../../../../arm-none-eabi/lib/thumb/v7e-m/fpv4-sp/softfp/libg.a(lib_a-atexit.o)
 .bss           0x00000000200004c0        0x0 /usr/lib/gcc/arm-none-eabi/7.1.0/../../../../arm-none-eabi/lib/thumb/v7e-m/fpv4-sp/softfp/libg.a(lib_a-exit.o)
 .bss           0x00000000200004c0        0x0 /usr/lib/gcc/arm-none-eabi/7.1.0/../../../../arm-none-eabi/lib/thumb/v7e-m/fpv4-sp/softfp/libg.a(lib_a-fini.o)
 .bss           0x00000000200004c0        0x0 /usr/lib/gcc/arm-none-eabi/7.1.0/../../../../arm-none-eabi/lib/thumb/v7e-m/fpv4-sp/softfp/libg.a(lib_a-impure.o)
 .bss           0x00000000200004c0        0x0 /usr/lib/gcc/arm-none-eabi/7.1.0/../../../../arm-none-eabi/lib/thumb/v7e-m/fpv4-sp/softfp/libg.a(lib_a-init.o)
 .bss           0x00000000200004c0        0x0 /usr/lib/gcc/arm-none-eabi/7.1.0/../../../../arm-none-eabi/lib/thumb/v7e-m/fpv4-sp/softfp/libg.a(lib_a-memset.o)
 .bss           0x00000000200004c0        0x0 /usr/lib/gcc/arm-none-eabi/7.1.0/../../../../arm-none-eabi/lib/thumb/v7e-m/fpv4-sp/softfp/libg.a(lib_a-__atexit.o)
 .bss           0x00000000200004c0        0x0 /usr/lib/gcc/arm-none-eabi/7.1.0/../../../../arm-none-eabi/lib/thumb/v7e-m/fpv4-sp/softfp/libg.a(lib_a-__call_atexit.o)
 .bss           0x00000000200004c0        0x0 /usr/lib/gcc/arm-none-eabi/7.1.0/../../../../arm-none-eabi/lib/thumb/v7e-m/fpv4-sp/softfp/libnosys.a(_exit.o)
 .bss           0x00000000200004c0        0x0 /usr/lib/gcc/arm-none-eabi/7.1.0/thumb/v7e-m/fpv4-sp/softfp/crtend.o
 .bss           0x00000000200004c0        0x0 /usr/lib/gcc/arm-none-eabi/7.1.0/thumb/v7e-m/fpv4-sp/softfp/crtn.o
 *(COMMON)
                0x00000000200004c0                . = ALIGN (0x4)
                0x00000000200004c0                _ebss = .
                0x00000000200004c0                __bss_end__ = .
                0x00000000200004c0                . = ALIGN (0x4)
                0x00000000200004c0                end = .
                0x0000000020018000                PROVIDE (_estack, (ORIGIN (ram) + LENGTH (ram)))
OUTPUT(build/buzzer.elf elf32-littlearm)

.ARM.attributes
                0x0000000000000000       0x2e
 .ARM.attributes
                0x0000000000000000       0x22 /usr/lib/gcc/arm-none-eabi/7.1.0/thumb/v7e-m/fpv4-sp/softfp/crti.o
 .ARM.attributes
                0x0000000000000022       0x32 /usr/lib/gcc/arm-none-eabi/7.1.0/thumb/v7e-m/fpv4-sp/softfp/crtbegin.o
 .ARM.attributes
                0x0000000000000054       0x20 /usr/lib/gcc/arm-none-eabi/7.1.0/../../../../arm-none-eabi/lib/thumb/v7e-m/fpv4-sp/softfp/crt0.o
 .ARM.attributes
                0x0000000000000074       0x37 /tmp/ccLK13Fy.o
 .ARM.attributes
                0x00000000000000ab       0x37 /tmp/ccS5h8JQ.o
 .ARM.attributes
                0x00000000000000e2       0x37 /tmp/cceF0WY8.o
 .ARM.attributes
                0x0000000000000119       0x37 /tmp/ccrOAjor.o
 .ARM.attributes
                0x0000000000000150       0x37 /tmp/ccJZSSYJ.o
 .ARM.attributes
                0x0000000000000187       0x37 /tmp/ccPr4GL2.o
 .ARM.attributes
                0x00000000000001be       0x37 /tmp/ccCrG1Jl.o
 .ARM.attributes
                0x00000000000001f5       0x21 /tmp/cc53ilJE.o
 .ARM.attributes
                0x0000000000000216       0x37 /tmp/ccUpQmUX.o
 .ARM.attributes
                0x000000000000024d       0x37 /tmp/ccDW2Ehh.o
 .ARM.attributes
                0x0000000000000284       0x37 /tmp/ccRG7WSA.o
 .ARM.attributes
                0x00000000000002bb       0x37 /tmp/ccm6qzPU.o
 .ARM.attributes
                0x00000000000002f2       0x37 /tmp/ccFoTqZe.o
 .ARM.attributes
                0x0000000000000329       0x37 /tmp/ccLYQGFz.o
 .ARM.attributes
                0x0000000000000360       0x37 /tmp/cc0owNFU.o
 .ARM.attributes
                0x0000000000000397       0x32 /usr/lib/gcc/arm-none-eabi/7.1.0/../../../../arm-none-eabi/lib/thumb/v7e-m/fpv4-sp/softfp/libg.a(lib_a-atexit.o)
 .ARM.attributes
                0x00000000000003c9       0x32 /usr/lib/gcc/arm-none-eabi/7.1.0/../../../../arm-none-eabi/lib/thumb/v7e-m/fpv4-sp/softfp/libg.a(lib_a-exit.o)
 .ARM.attributes
                0x00000000000003fb       0x32 /usr/lib/gcc/arm-none-eabi/7.1.0/../../../../arm-none-eabi/lib/thumb/v7e-m/fpv4-sp/softfp/libg.a(lib_a-fini.o)
 .ARM.attributes
                0x000000000000042d       0x32 /usr/lib/gcc/arm-none-eabi/7.1.0/../../../../arm-none-eabi/lib/thumb/v7e-m/fpv4-sp/softfp/libg.a(lib_a-impure.o)
 .ARM.attributes
                0x000000000000045f       0x32 /usr/lib/gcc/arm-none-eabi/7.1.0/../../../../arm-none-eabi/lib/thumb/v7e-m/fpv4-sp/softfp/libg.a(lib_a-init.o)
 .ARM.attributes
                0x0000000000000491       0x32 /usr/lib/gcc/arm-none-eabi/7.1.0/../../../../arm-none-eabi/lib/thumb/v7e-m/fpv4-sp/softfp/libg.a(lib_a-memset.o)
 .ARM.attributes
                0x00000000000004c3       0x32 /usr/lib/gcc/arm-none-eabi/7.1.0/../../../../arm-none-eabi/lib/thumb/v7e-m/fpv4-sp/softfp/libg.a(lib_a-__atexit.o)
 .ARM.attributes
                0x00000000000004f5       0x32 /usr/lib/gcc/arm-none-eabi/7.1.0/../../../../arm-none-eabi/lib/thumb/v7e-m/fpv4-sp/softfp/libg.a(lib_a-__call_atexit.o)
 .ARM.attributes
                0x0000000000000527       0x32 /usr/lib/gcc/arm-none-eabi/7.1.0/../../../../arm-none-eabi/lib/thumb/v7e-m/fpv4-sp/softfp/libnosys.a(_exit.o)
 .ARM.attributes
                0x0000000000000559       0x32 /usr/lib/gcc/arm-none-eabi/7.1.0/thumb/v7e-m/fpv4-sp/softfp/crtend.o
 .ARM.attributes
                0x000000000000058b       0x22 /usr/lib/gcc/arm-none-eabi/7.1.0/thumb/v7e-m/fpv4-sp/softfp/crtn.o

.comment        0x0000000000000000       0x42
 .comment       0x0000000000000000       0x21 /usr/lib/gcc/arm-none-eabi/7.1.0/thumb/v7e-m/fpv4-sp/softfp/crtbegin.o
                                         0x22 (size before relaxing)
 .comment       0x0000000000000021       0x22 /tmp/ccLK13Fy.o
 .comment       0x0000000000000021       0x22 /tmp/ccS5h8JQ.o
 .comment       0x0000000000000021       0x22 /tmp/cceF0WY8.o
 .comment       0x0000000000000021       0x22 /tmp/ccrOAjor.o
 .comment       0x0000000000000021       0x22 /tmp/ccJZSSYJ.o
 .comment       0x0000000000000021       0x22 /tmp/ccPr4GL2.o
 .comment       0x0000000000000021       0x22 /tmp/ccCrG1Jl.o
 .comment       0x0000000000000021       0x22 /tmp/ccUpQmUX.o
 .comment       0x0000000000000021       0x22 /tmp/ccDW2Ehh.o
 .comment       0x0000000000000021       0x22 /tmp/ccRG7WSA.o
 .comment       0x0000000000000021       0x22 /tmp/ccm6qzPU.o
 .comment       0x0000000000000021       0x22 /tmp/ccFoTqZe.o
 .comment       0x0000000000000021       0x22 /tmp/ccLYQGFz.o
 .comment       0x0000000000000021       0x22 /tmp/cc0owNFU.o
 .comment       0x0000000000000021       0x21 /usr/lib/gcc/arm-none-eabi/7.1.0/../../../../arm-none-eabi/lib/thumb/v7e-m/fpv4-sp/softfp/libg.a(lib_a-atexit.o)
                                         0x22 (size before relaxing)
 .comment       0x0000000000000042       0x22 /usr/lib/gcc/arm-none-eabi/7.1.0/../../../../arm-none-eabi/lib/thumb/v7e-m/fpv4-sp/softfp/libg.a(lib_a-exit.o)
 .comment       0x0000000000000042       0x22 /usr/lib/gcc/arm-none-eabi/7.1.0/../../../../arm-none-eabi/lib/thumb/v7e-m/fpv4-sp/softfp/libg.a(lib_a-fini.o)
 .comment       0x0000000000000042       0x22 /usr/lib/gcc/arm-none-eabi/7.1.0/../../../../arm-none-eabi/lib/thumb/v7e-m/fpv4-sp/softfp/libg.a(lib_a-impure.o)
 .comment       0x0000000000000042       0x22 /usr/lib/gcc/arm-none-eabi/7.1.0/../../../../arm-none-eabi/lib/thumb/v7e-m/fpv4-sp/softfp/libg.a(lib_a-init.o)
 .comment       0x0000000000000042       0x22 /usr/lib/gcc/arm-none-eabi/7.1.0/../../../../arm-none-eabi/lib/thumb/v7e-m/fpv4-sp/softfp/libg.a(lib_a-memset.o)
 .comment       0x0000000000000042       0x22 /usr/lib/gcc/arm-none-eabi/7.1.0/../../../../arm-none-eabi/lib/thumb/v7e-m/fpv4-sp/softfp/libg.a(lib_a-__atexit.o)
 .comment       0x0000000000000042       0x22 /usr/lib/gcc/arm-none-eabi/7.1.0/../../../../arm-none-eabi/lib/thumb/v7e-m/fpv4-sp/softfp/libg.a(lib_a-__call_atexit.o)
 .comment       0x0000000000000042       0x22 /usr/lib/gcc/arm-none-eabi/7.1.0/../../../../arm-none-eabi/lib/thumb/v7e-m/fpv4-sp/softfp/libnosys.a(_exit.o)
 .comment       0x0000000000000042       0x22 /usr/lib/gcc/arm-none-eabi/7.1.0/thumb/v7e-m/fpv4-sp/softfp/crtend.o

.debug_line     0x0000000000000000     0x2461
 .debug_line    0x0000000000000000       0x84 /usr/lib/gcc/arm-none-eabi/7.1.0/../../../../arm-none-eabi/lib/thumb/v7e-m/fpv4-sp/softfp/crt0.o
 .debug_line    0x0000000000000084      0x186 /tmp/ccLK13Fy.o
 .debug_line    0x000000000000020a      0x158 /tmp/ccS5h8JQ.o
 .debug_line    0x0000000000000362      0x149 /tmp/cceF0WY8.o
 .debug_line    0x00000000000004ab       0xe5 /tmp/ccrOAjor.o
 .debug_line    0x0000000000000590       0xef /tmp/ccJZSSYJ.o
 .debug_line    0x000000000000067f      0x1a8 /tmp/ccPr4GL2.o
 .debug_line    0x0000000000000827      0x129 /tmp/ccCrG1Jl.o
 .debug_line    0x0000000000000950       0x72 /tmp/cc53ilJE.o
 .debug_line    0x00000000000009c2      0x144 /tmp/ccUpQmUX.o
 .debug_line    0x0000000000000b06      0x177 /tmp/ccDW2Ehh.o
 .debug_line    0x0000000000000c7d      0x1d5 /tmp/ccRG7WSA.o
 .debug_line    0x0000000000000e52      0x2e1 /tmp/ccm6qzPU.o
 .debug_line    0x0000000000001133      0x14d /tmp/ccFoTqZe.o
 .debug_line    0x0000000000001280      0x50c /tmp/ccLYQGFz.o
 .debug_line    0x000000000000178c      0x284 /tmp/cc0owNFU.o
 .debug_line    0x0000000000001a10      0x147 /usr/lib/gcc/arm-none-eabi/7.1.0/../../../../arm-none-eabi/lib/thumb/v7e-m/fpv4-sp/softfp/libg.a(lib_a-atexit.o)
 .debug_line    0x0000000000001b57      0x158 /usr/lib/gcc/arm-none-eabi/7.1.0/../../../../arm-none-eabi/lib/thumb/v7e-m/fpv4-sp/softfp/libg.a(lib_a-exit.o)
 .debug_line    0x0000000000001caf       0xa5 /usr/lib/gcc/arm-none-eabi/7.1.0/../../../../arm-none-eabi/lib/thumb/v7e-m/fpv4-sp/softfp/libg.a(lib_a-fini.o)
 .debug_line    0x0000000000001d54       0xe7 /usr/lib/gcc/arm-none-eabi/7.1.0/../../../../arm-none-eabi/lib/thumb/v7e-m/fpv4-sp/softfp/libg.a(lib_a-impure.o)
 .debug_line    0x0000000000001e3b       0xbf /usr/lib/gcc/arm-none-eabi/7.1.0/../../../../arm-none-eabi/lib/thumb/v7e-m/fpv4-sp/softfp/libg.a(lib_a-init.o)
 .debug_line    0x0000000000001efa      0x1de /usr/lib/gcc/arm-none-eabi/7.1.0/../../../../arm-none-eabi/lib/thumb/v7e-m/fpv4-sp/softfp/libg.a(lib_a-memset.o)
 .debug_line    0x00000000000020d8      0x17a /usr/lib/gcc/arm-none-eabi/7.1.0/../../../../arm-none-eabi/lib/thumb/v7e-m/fpv4-sp/softfp/libg.a(lib_a-__atexit.o)
 .debug_line    0x0000000000002252      0x1ae /usr/lib/gcc/arm-none-eabi/7.1.0/../../../../arm-none-eabi/lib/thumb/v7e-m/fpv4-sp/softfp/libg.a(lib_a-__call_atexit.o)
 .debug_line    0x0000000000002400       0x61 /usr/lib/gcc/arm-none-eabi/7.1.0/../../../../arm-none-eabi/lib/thumb/v7e-m/fpv4-sp/softfp/libnosys.a(_exit.o)

.debug_info     0x0000000000000000     0xb804
 .debug_info    0x0000000000000000       0xb8 /usr/lib/gcc/arm-none-eabi/7.1.0/../../../../arm-none-eabi/lib/thumb/v7e-m/fpv4-sp/softfp/crt0.o
 .debug_info    0x00000000000000b8      0x95e /tmp/ccLK13Fy.o
 .debug_info    0x0000000000000a16      0x813 /tmp/ccS5h8JQ.o
 .debug_info    0x0000000000001229      0x6d5 /tmp/cceF0WY8.o
 .debug_info    0x00000000000018fe      0x11d /tmp/ccrOAjor.o
 .debug_info    0x0000000000001a1b      0x18e /tmp/ccJZSSYJ.o
 .debug_info    0x0000000000001ba9      0x935 /tmp/ccPr4GL2.o
 .debug_info    0x00000000000024de      0x5c6 /tmp/ccCrG1Jl.o
 .debug_info    0x0000000000002aa4       0x90 /tmp/cc53ilJE.o
 .debug_info    0x0000000000002b34      0x54b /tmp/ccUpQmUX.o
 .debug_info    0x000000000000307f      0x356 /tmp/ccDW2Ehh.o
 .debug_info    0x00000000000033d5      0x852 /tmp/ccRG7WSA.o
 .debug_info    0x0000000000003c27      0xd93 /tmp/ccm6qzPU.o
 .debug_info    0x00000000000049ba      0x2e3 /tmp/ccFoTqZe.o
 .debug_info    0x0000000000004c9d     0x2105 /tmp/ccLYQGFz.o
 .debug_info    0x0000000000006da2      0xb9f /tmp/cc0owNFU.o
 .debug_info    0x0000000000007941      0x90c /usr/lib/gcc/arm-none-eabi/7.1.0/../../../../arm-none-eabi/lib/thumb/v7e-m/fpv4-sp/softfp/libg.a(lib_a-atexit.o)
 .debug_info    0x000000000000824d      0x941 /usr/lib/gcc/arm-none-eabi/7.1.0/../../../../arm-none-eabi/lib/thumb/v7e-m/fpv4-sp/softfp/libg.a(lib_a-exit.o)
 .debug_info    0x0000000000008b8e       0xf3 /usr/lib/gcc/arm-none-eabi/7.1.0/../../../../arm-none-eabi/lib/thumb/v7e-m/fpv4-sp/softfp/libg.a(lib_a-fini.o)
 .debug_info    0x0000000000008c81      0x8a9 /usr/lib/gcc/arm-none-eabi/7.1.0/../../../../arm-none-eabi/lib/thumb/v7e-m/fpv4-sp/softfp/libg.a(lib_a-impure.o)
 .debug_info    0x000000000000952a      0x109 /usr/lib/gcc/arm-none-eabi/7.1.0/../../../../arm-none-eabi/lib/thumb/v7e-m/fpv4-sp/softfp/libg.a(lib_a-init.o)
 .debug_info    0x0000000000009633      0xe22 /usr/lib/gcc/arm-none-eabi/7.1.0/../../../../arm-none-eabi/lib/thumb/v7e-m/fpv4-sp/softfp/libg.a(lib_a-memset.o)
 .debug_info    0x000000000000a455      0x955 /usr/lib/gcc/arm-none-eabi/7.1.0/../../../../arm-none-eabi/lib/thumb/v7e-m/fpv4-sp/softfp/libg.a(lib_a-__atexit.o)
 .debug_info    0x000000000000adaa      0x9c0 /usr/lib/gcc/arm-none-eabi/7.1.0/../../../../arm-none-eabi/lib/thumb/v7e-m/fpv4-sp/softfp/libg.a(lib_a-__call_atexit.o)
 .debug_info    0x000000000000b76a       0x9a /usr/lib/gcc/arm-none-eabi/7.1.0/../../../../arm-none-eabi/lib/thumb/v7e-m/fpv4-sp/softfp/libnosys.a(_exit.o)

.debug_abbrev   0x0000000000000000     0x2416
 .debug_abbrev  0x0000000000000000       0x14 /usr/lib/gcc/arm-none-eabi/7.1.0/../../../../arm-none-eabi/lib/thumb/v7e-m/fpv4-sp/softfp/crt0.o
 .debug_abbrev  0x0000000000000014      0x1b9 /tmp/ccLK13Fy.o
 .debug_abbrev  0x00000000000001cd      0x19d /tmp/ccS5h8JQ.o
 .debug_abbrev  0x000000000000036a      0x1e2 /tmp/cceF0WY8.o
 .debug_abbrev  0x000000000000054c       0xb4 /tmp/ccrOAjor.o
 .debug_abbrev  0x0000000000000600       0xa3 /tmp/ccJZSSYJ.o
 .debug_abbrev  0x00000000000006a3      0x1e0 /tmp/ccPr4GL2.o
 .debug_abbrev  0x0000000000000883      0x140 /tmp/ccCrG1Jl.o
 .debug_abbrev  0x00000000000009c3       0x12 /tmp/cc53ilJE.o
 .debug_abbrev  0x00000000000009d5      0x183 /tmp/ccUpQmUX.o
 .debug_abbrev  0x0000000000000b58      0x1de /tmp/ccDW2Ehh.o
 .debug_abbrev  0x0000000000000d36      0x1f7 /tmp/ccRG7WSA.o
 .debug_abbrev  0x0000000000000f2d      0x1f7 /tmp/ccm6qzPU.o
 .debug_abbrev  0x0000000000001124      0x174 /tmp/ccFoTqZe.o
 .debug_abbrev  0x0000000000001298      0x1d3 /tmp/ccLYQGFz.o
 .debug_abbrev  0x000000000000146b      0x1ce /tmp/cc0owNFU.o
 .debug_abbrev  0x0000000000001639      0x201 /usr/lib/gcc/arm-none-eabi/7.1.0/../../../../arm-none-eabi/lib/thumb/v7e-m/fpv4-sp/softfp/libg.a(lib_a-atexit.o)
 .debug_abbrev  0x000000000000183a      0x1f0 /usr/lib/gcc/arm-none-eabi/7.1.0/../../../../arm-none-eabi/lib/thumb/v7e-m/fpv4-sp/softfp/libg.a(lib_a-exit.o)
 .debug_abbrev  0x0000000000001a2a       0xbd /usr/lib/gcc/arm-none-eabi/7.1.0/../../../../arm-none-eabi/lib/thumb/v7e-m/fpv4-sp/softfp/libg.a(lib_a-fini.o)
 .debug_abbrev  0x0000000000001ae7      0x192 /usr/lib/gcc/arm-none-eabi/7.1.0/../../../../arm-none-eabi/lib/thumb/v7e-m/fpv4-sp/softfp/libg.a(lib_a-impure.o)
 .debug_abbrev  0x0000000000001c79       0xba /usr/lib/gcc/arm-none-eabi/7.1.0/../../../../arm-none-eabi/lib/thumb/v7e-m/fpv4-sp/softfp/libg.a(lib_a-init.o)
 .debug_abbrev  0x0000000000001d33      0x1de /usr/lib/gcc/arm-none-eabi/7.1.0/../../../../arm-none-eabi/lib/thumb/v7e-m/fpv4-sp/softfp/libg.a(lib_a-memset.o)
 .debug_abbrev  0x0000000000001f11      0x22b /usr/lib/gcc/arm-none-eabi/7.1.0/../../../../arm-none-eabi/lib/thumb/v7e-m/fpv4-sp/softfp/libg.a(lib_a-__atexit.o)
 .debug_abbrev  0x000000000000213c      0x279 /usr/lib/gcc/arm-none-eabi/7.1.0/../../../../arm-none-eabi/lib/thumb/v7e-m/fpv4-sp/softfp/libg.a(lib_a-__call_atexit.o)
 .debug_abbrev  0x00000000000023b5       0x61 /usr/lib/gcc/arm-none-eabi/7.1.0/../../../../arm-none-eabi/lib/thumb/v7e-m/fpv4-sp/softfp/libnosys.a(_exit.o)

.debug_aranges  0x0000000000000000      0x328
 .debug_aranges
                0x0000000000000000       0x20 /usr/lib/gcc/arm-none-eabi/7.1.0/../../../../arm-none-eabi/lib/thumb/v7e-m/fpv4-sp/softfp/crt0.o
 .debug_aranges
                0x0000000000000020       0x20 /tmp/ccLK13Fy.o
 .debug_aranges
                0x0000000000000040       0x20 /tmp/ccS5h8JQ.o
 .debug_aranges
                0x0000000000000060       0x20 /tmp/cceF0WY8.o
 .debug_aranges
                0x0000000000000080       0x20 /tmp/ccrOAjor.o
 .debug_aranges
                0x00000000000000a0       0x20 /tmp/ccJZSSYJ.o
 .debug_aranges
                0x00000000000000c0       0x20 /tmp/ccPr4GL2.o
 .debug_aranges
                0x00000000000000e0       0x20 /tmp/ccCrG1Jl.o
 .debug_aranges
                0x0000000000000100       0x28 /tmp/cc53ilJE.o
 .debug_aranges
                0x0000000000000128       0x20 /tmp/ccUpQmUX.o
 .debug_aranges
                0x0000000000000148       0x20 /tmp/ccDW2Ehh.o
 .debug_aranges
                0x0000000000000168       0x20 /tmp/ccRG7WSA.o
 .debug_aranges
                0x0000000000000188       0x20 /tmp/ccm6qzPU.o
 .debug_aranges
                0x00000000000001a8       0x20 /tmp/ccFoTqZe.o
 .debug_aranges
                0x00000000000001c8       0x20 /tmp/ccLYQGFz.o
 .debug_aranges
                0x00000000000001e8       0x20 /tmp/cc0owNFU.o
 .debug_aranges
                0x0000000000000208       0x20 /usr/lib/gcc/arm-none-eabi/7.1.0/../../../../arm-none-eabi/lib/thumb/v7e-m/fpv4-sp/softfp/libg.a(lib_a-atexit.o)
 .debug_aranges
                0x0000000000000228       0x20 /usr/lib/gcc/arm-none-eabi/7.1.0/../../../../arm-none-eabi/lib/thumb/v7e-m/fpv4-sp/softfp/libg.a(lib_a-exit.o)
 .debug_aranges
                0x0000000000000248       0x20 /usr/lib/gcc/arm-none-eabi/7.1.0/../../../../arm-none-eabi/lib/thumb/v7e-m/fpv4-sp/softfp/libg.a(lib_a-fini.o)
 .debug_aranges
                0x0000000000000268       0x18 /usr/lib/gcc/arm-none-eabi/7.1.0/../../../../arm-none-eabi/lib/thumb/v7e-m/fpv4-sp/softfp/libg.a(lib_a-impure.o)
 .debug_aranges
                0x0000000000000280       0x20 /usr/lib/gcc/arm-none-eabi/7.1.0/../../../../arm-none-eabi/lib/thumb/v7e-m/fpv4-sp/softfp/libg.a(lib_a-init.o)
 .debug_aranges
                0x00000000000002a0       0x20 /usr/lib/gcc/arm-none-eabi/7.1.0/../../../../arm-none-eabi/lib/thumb/v7e-m/fpv4-sp/softfp/libg.a(lib_a-memset.o)
 .debug_aranges
                0x00000000000002c0       0x20 /usr/lib/gcc/arm-none-eabi/7.1.0/../../../../arm-none-eabi/lib/thumb/v7e-m/fpv4-sp/softfp/libg.a(lib_a-__atexit.o)
 .debug_aranges
                0x00000000000002e0       0x28 /usr/lib/gcc/arm-none-eabi/7.1.0/../../../../arm-none-eabi/lib/thumb/v7e-m/fpv4-sp/softfp/libg.a(lib_a-__call_atexit.o)
 .debug_aranges
                0x0000000000000308       0x20 /usr/lib/gcc/arm-none-eabi/7.1.0/../../../../arm-none-eabi/lib/thumb/v7e-m/fpv4-sp/softfp/libnosys.a(_exit.o)

.debug_loc      0x0000000000000000     0x3a49
 .debug_loc     0x0000000000000000       0x4a /tmp/ccLK13Fy.o
 .debug_loc     0x000000000000004a       0x59 /tmp/cceF0WY8.o
 .debug_loc     0x00000000000000a3       0x1e /tmp/ccrOAjor.o
 .debug_loc     0x00000000000000c1       0x2b /tmp/ccPr4GL2.o
 .debug_loc     0x00000000000000ec      0x13e /tmp/ccCrG1Jl.o
 .debug_loc     0x000000000000022a      0x128 /tmp/ccUpQmUX.o
 .debug_loc     0x0000000000000352      0x144 /tmp/ccDW2Ehh.o
 .debug_loc     0x0000000000000496      0x3db /tmp/ccRG7WSA.o
 .debug_loc     0x0000000000000871      0xa90 /tmp/ccm6qzPU.o
 .debug_loc     0x0000000000001301       0x9b /tmp/ccFoTqZe.o
 .debug_loc     0x000000000000139c     0x18f5 /tmp/ccLYQGFz.o
 .debug_loc     0x0000000000002c91      0x7fc /tmp/cc0owNFU.o
 .debug_loc     0x000000000000348d       0x2c /usr/lib/gcc/arm-none-eabi/7.1.0/../../../../arm-none-eabi/lib/thumb/v7e-m/fpv4-sp/softfp/libg.a(lib_a-atexit.o)
 .debug_loc     0x00000000000034b9       0x1e /usr/lib/gcc/arm-none-eabi/7.1.0/../../../../arm-none-eabi/lib/thumb/v7e-m/fpv4-sp/softfp/libg.a(lib_a-exit.o)
 .debug_loc     0x00000000000034d7       0x5c /usr/lib/gcc/arm-none-eabi/7.1.0/../../../../arm-none-eabi/lib/thumb/v7e-m/fpv4-sp/softfp/libg.a(lib_a-fini.o)
 .debug_loc     0x0000000000003533       0xa2 /usr/lib/gcc/arm-none-eabi/7.1.0/../../../../arm-none-eabi/lib/thumb/v7e-m/fpv4-sp/softfp/libg.a(lib_a-init.o)
 .debug_loc     0x00000000000035d5      0x175 /usr/lib/gcc/arm-none-eabi/7.1.0/../../../../arm-none-eabi/lib/thumb/v7e-m/fpv4-sp/softfp/libg.a(lib_a-memset.o)
 .debug_loc     0x000000000000374a      0x151 /usr/lib/gcc/arm-none-eabi/7.1.0/../../../../arm-none-eabi/lib/thumb/v7e-m/fpv4-sp/softfp/libg.a(lib_a-__atexit.o)
 .debug_loc     0x000000000000389b      0x1ae /usr/lib/gcc/arm-none-eabi/7.1.0/../../../../arm-none-eabi/lib/thumb/v7e-m/fpv4-sp/softfp/libg.a(lib_a-__call_atexit.o)

.debug_str      0x0000000000000000     0x33a5
 .debug_str     0x0000000000000000      0x692 /tmp/ccLK13Fy.o
                                        0x6e8 (size before relaxing)
 .debug_str     0x0000000000000692      0x547 /tmp/ccS5h8JQ.o
                                        0x94c (size before relaxing)
 .debug_str     0x0000000000000bd9      0x108 /tmp/cceF0WY8.o
                                        0x6cb (size before relaxing)
 .debug_str     0x0000000000000ce1       0x2c /tmp/ccrOAjor.o
                                        0x1d1 (size before relaxing)
 .debug_str     0x0000000000000d0d       0xa7 /tmp/ccJZSSYJ.o
                                        0x260 (size before relaxing)
 .debug_str     0x0000000000000db4      0x19d /tmp/ccPr4GL2.o
                                        0x9d3 (size before relaxing)
 .debug_str     0x0000000000000f51      0x160 /tmp/ccCrG1Jl.o
                                        0x3c0 (size before relaxing)
 .debug_str     0x00000000000010b1       0xd5 /tmp/ccUpQmUX.o
                                        0x40a (size before relaxing)
 .debug_str     0x0000000000001186       0xb4 /tmp/ccDW2Ehh.o
                                        0x388 (size before relaxing)
 .debug_str     0x000000000000123a      0x175 /tmp/ccRG7WSA.o
                                        0x4f3 (size before relaxing)
 .debug_str     0x00000000000013af      0x59e /tmp/ccm6qzPU.o
                                        0x948 (size before relaxing)
 .debug_str     0x000000000000194d      0x143 /tmp/ccFoTqZe.o
                                        0x361 (size before relaxing)
 .debug_str     0x0000000000001a90      0x91b /tmp/ccLYQGFz.o
                                        0xe3a (size before relaxing)
 .debug_str     0x00000000000023ab      0x30a /tmp/cc0owNFU.o
                                        0x70b (size before relaxing)
 .debug_str     0x00000000000026b5      0x561 /usr/lib/gcc/arm-none-eabi/7.1.0/../../../../arm-none-eabi/lib/thumb/v7e-m/fpv4-sp/softfp/libg.a(lib_a-atexit.o)
                                        0x62c (size before relaxing)
 .debug_str     0x0000000000002c16       0x77 /usr/lib/gcc/arm-none-eabi/7.1.0/../../../../arm-none-eabi/lib/thumb/v7e-m/fpv4-sp/softfp/libg.a(lib_a-exit.o)
                                        0x62d (size before relaxing)
 .debug_str     0x0000000000002c8d       0xda /usr/lib/gcc/arm-none-eabi/7.1.0/../../../../arm-none-eabi/lib/thumb/v7e-m/fpv4-sp/softfp/libg.a(lib_a-fini.o)
                                        0x23b (size before relaxing)
 .debug_str     0x0000000000002d67       0xad /usr/lib/gcc/arm-none-eabi/7.1.0/../../../../arm-none-eabi/lib/thumb/v7e-m/fpv4-sp/softfp/libg.a(lib_a-impure.o)
                                        0x5e1 (size before relaxing)
 .debug_str     0x0000000000002e14       0x93 /usr/lib/gcc/arm-none-eabi/7.1.0/../../../../arm-none-eabi/lib/thumb/v7e-m/fpv4-sp/softfp/libg.a(lib_a-init.o)
                                        0x265 (size before relaxing)
 .debug_str     0x0000000000002ea7      0x329 /usr/lib/gcc/arm-none-eabi/7.1.0/../../../../arm-none-eabi/lib/thumb/v7e-m/fpv4-sp/softfp/libg.a(lib_a-memset.o)
                                        0x90e (size before relaxing)
 .debug_str     0x00000000000031d0       0x4c /usr/lib/gcc/arm-none-eabi/7.1.0/../../../../arm-none-eabi/lib/thumb/v7e-m/fpv4-sp/softfp/libg.a(lib_a-__atexit.o)
                                        0x646 (size before relaxing)
 .debug_str     0x000000000000321c       0x6b /usr/lib/gcc/arm-none-eabi/7.1.0/../../../../arm-none-eabi/lib/thumb/v7e-m/fpv4-sp/softfp/libg.a(lib_a-__call_atexit.o)
                                        0x657 (size before relaxing)
 .debug_str     0x0000000000003287      0x11e /usr/lib/gcc/arm-none-eabi/7.1.0/../../../../arm-none-eabi/lib/thumb/v7e-m/fpv4-sp/softfp/libnosys.a(_exit.o)
                                        0x1b4 (size before relaxing)

.debug_frame    0x0000000000000000     0x1338
 .debug_frame   0x0000000000000000       0xb0 /tmp/ccLK13Fy.o
 .debug_frame   0x00000000000000b0       0x4c /tmp/ccS5h8JQ.o
 .debug_frame   0x00000000000000fc       0x28 /tmp/cceF0WY8.o
 .debug_frame   0x0000000000000124       0x30 /tmp/ccrOAjor.o
 .debug_frame   0x0000000000000154       0xbc /tmp/ccJZSSYJ.o
 .debug_frame   0x0000000000000210       0x8c /tmp/ccPr4GL2.o
 .debug_frame   0x000000000000029c       0x48 /tmp/ccCrG1Jl.o
 .debug_frame   0x00000000000002e4       0x60 /tmp/ccUpQmUX.o
 .debug_frame   0x0000000000000344       0xa0 /tmp/ccDW2Ehh.o
 .debug_frame   0x00000000000003e4      0x120 /tmp/ccRG7WSA.o
 .debug_frame   0x0000000000000504      0x32c /tmp/ccm6qzPU.o
 .debug_frame   0x0000000000000830       0x94 /tmp/ccFoTqZe.o
 .debug_frame   0x00000000000008c4      0x6cc /tmp/ccLYQGFz.o
 .debug_frame   0x0000000000000f90      0x224 /tmp/cc0owNFU.o
 .debug_frame   0x00000000000011b4       0x20 /usr/lib/gcc/arm-none-eabi/7.1.0/../../../../arm-none-eabi/lib/thumb/v7e-m/fpv4-sp/softfp/libg.a(lib_a-atexit.o)
 .debug_frame   0x00000000000011d4       0x28 /usr/lib/gcc/arm-none-eabi/7.1.0/../../../../arm-none-eabi/lib/thumb/v7e-m/fpv4-sp/softfp/libg.a(lib_a-exit.o)
 .debug_frame   0x00000000000011fc       0x34 /usr/lib/gcc/arm-none-eabi/7.1.0/../../../../arm-none-eabi/lib/thumb/v7e-m/fpv4-sp/softfp/libg.a(lib_a-fini.o)
 .debug_frame   0x0000000000001230       0x2c /usr/lib/gcc/arm-none-eabi/7.1.0/../../../../arm-none-eabi/lib/thumb/v7e-m/fpv4-sp/softfp/libg.a(lib_a-init.o)
 .debug_frame   0x000000000000125c       0x38 /usr/lib/gcc/arm-none-eabi/7.1.0/../../../../arm-none-eabi/lib/thumb/v7e-m/fpv4-sp/softfp/libg.a(lib_a-memset.o)
 .debug_frame   0x0000000000001294       0x34 /usr/lib/gcc/arm-none-eabi/7.1.0/../../../../arm-none-eabi/lib/thumb/v7e-m/fpv4-sp/softfp/libg.a(lib_a-__atexit.o)
 .debug_frame   0x00000000000012c8       0x50 /usr/lib/gcc/arm-none-eabi/7.1.0/../../../../arm-none-eabi/lib/thumb/v7e-m/fpv4-sp/softfp/libg.a(lib_a-__call_atexit.o)
 .debug_frame   0x0000000000001318       0x20 /usr/lib/gcc/arm-none-eabi/7.1.0/../../../../arm-none-eabi/lib/thumb/v7e-m/fpv4-sp/softfp/libnosys.a(_exit.o)

.debug_ranges   0x0000000000000000       0xd0
 .debug_ranges  0x0000000000000000       0x20 /tmp/cc53ilJE.o
 .debug_ranges  0x0000000000000020       0x10 /usr/lib/gcc/arm-none-eabi/7.1.0/../../../../arm-none-eabi/lib/thumb/v7e-m/fpv4-sp/softfp/libg.a(lib_a-atexit.o)
 .debug_ranges  0x0000000000000030       0x10 /usr/lib/gcc/arm-none-eabi/7.1.0/../../../../arm-none-eabi/lib/thumb/v7e-m/fpv4-sp/softfp/libg.a(lib_a-exit.o)
 .debug_ranges  0x0000000000000040       0x10 /usr/lib/gcc/arm-none-eabi/7.1.0/../../../../arm-none-eabi/lib/thumb/v7e-m/fpv4-sp/softfp/libg.a(lib_a-fini.o)
 .debug_ranges  0x0000000000000050       0x10 /usr/lib/gcc/arm-none-eabi/7.1.0/../../../../arm-none-eabi/lib/thumb/v7e-m/fpv4-sp/softfp/libg.a(lib_a-init.o)
 .debug_ranges  0x0000000000000060       0x10 /usr/lib/gcc/arm-none-eabi/7.1.0/../../../../arm-none-eabi/lib/thumb/v7e-m/fpv4-sp/softfp/libg.a(lib_a-memset.o)
 .debug_ranges  0x0000000000000070       0x10 /usr/lib/gcc/arm-none-eabi/7.1.0/../../../../arm-none-eabi/lib/thumb/v7e-m/fpv4-sp/softfp/libg.a(lib_a-__atexit.o)
 .debug_ranges  0x0000000000000080       0x40 /usr/lib/gcc/arm-none-eabi/7.1.0/../../../../arm-none-eabi/lib/thumb/v7e-m/fpv4-sp/softfp/libg.a(lib_a-__call_atexit.o)
 .debug_ranges  0x00000000000000c0       0x10 /usr/lib/gcc/arm-none-eabi/7.1.0/../../../../arm-none-eabi/lib/thumb/v7e-m/fpv4-sp/softfp/libnosys.a(_exit.o)

Cross Reference Table

Symbol                                            File
ADC_IRQHandler                                    /tmp/cc53ilJE.o
AHBPrescTable                                     /tmp/ccCrG1Jl.o
BusFault_Handler                                  /tmp/ccJZSSYJ.o
DMA1_Stream0_IRQHandler                           /tmp/cc53ilJE.o
DMA1_Stream1_IRQHandler                           /tmp/cc53ilJE.o
DMA1_Stream2_IRQHandler                           /tmp/cc53ilJE.o
DMA1_Stream3_IRQHandler                           /tmp/cc53ilJE.o
DMA1_Stream4_IRQHandler                           /tmp/cc53ilJE.o
DMA1_Stream5_IRQHandler                           /tmp/cc53ilJE.o
DMA1_Stream6_IRQHandler                           /tmp/cc53ilJE.o
DMA1_Stream7_IRQHandler                           /tmp/cc53ilJE.o
DMA2_Stream0_IRQHandler                           /tmp/cc53ilJE.o
DMA2_Stream1_IRQHandler                           /tmp/cc53ilJE.o
DMA2_Stream2_IRQHandler                           /tmp/cc53ilJE.o
DMA2_Stream3_IRQHandler                           /tmp/cc53ilJE.o
DMA2_Stream4_IRQHandler                           /tmp/cc53ilJE.o
DMA2_Stream5_IRQHandler                           /tmp/cc53ilJE.o
DMA2_Stream6_IRQHandler                           /tmp/cc53ilJE.o
DMA2_Stream7_IRQHandler                           /tmp/cc53ilJE.o
DebugMon_Handler                                  /tmp/ccJZSSYJ.o
Default_Handler                                   /tmp/cc53ilJE.o
EXTI0_IRQHandler                                  /tmp/cc53ilJE.o
EXTI15_10_IRQHandler                              /tmp/ccPr4GL2.o
EXTI1_IRQHandler                                  /tmp/cc53ilJE.o
EXTI2_IRQHandler                                  /tmp/cc53ilJE.o
EXTI3_IRQHandler                                  /tmp/ccPr4GL2.o
EXTI4_IRQHandler                                  /tmp/cc53ilJE.o
EXTI9_5_IRQHandler                                /tmp/cc53ilJE.o
EXTI_ClearFlag                                    /tmp/ccDW2Ehh.o
EXTI_ClearITPendingBit                            /tmp/ccDW2Ehh.o
                                                  /tmp/ccPr4GL2.o
EXTI_DeInit                                       /tmp/ccDW2Ehh.o
EXTI_GenerateSWInterrupt                          /tmp/ccDW2Ehh.o
EXTI_GetFlagStatus                                /tmp/ccDW2Ehh.o
EXTI_GetITStatus                                  /tmp/ccDW2Ehh.o
                                                  /tmp/ccPr4GL2.o
EXTI_Init                                         /tmp/ccDW2Ehh.o
                                                  /tmp/ccPr4GL2.o
EXTI_StructInit                                   /tmp/ccDW2Ehh.o
FLASH_IRQHandler                                  /tmp/cc53ilJE.o
FPU_IRQHandler                                    /tmp/cc53ilJE.o
GPIO_DeInit                                       /tmp/ccRG7WSA.o
GPIO_Init                                         /tmp/ccRG7WSA.o
                                                  /tmp/ccPr4GL2.o
                                                  /tmp/ccS5h8JQ.o
                                                  /tmp/ccLK13Fy.o
GPIO_PinAFConfig                                  /tmp/ccRG7WSA.o
                                                  /tmp/ccS5h8JQ.o
                                                  /tmp/ccLK13Fy.o
GPIO_PinLockConfig                                /tmp/ccRG7WSA.o
GPIO_ReadInputData                                /tmp/ccRG7WSA.o
GPIO_ReadInputDataBit                             /tmp/ccRG7WSA.o
GPIO_ReadOutputData                               /tmp/ccRG7WSA.o
GPIO_ReadOutputDataBit                            /tmp/ccRG7WSA.o
GPIO_ResetBits                                    /tmp/ccRG7WSA.o
GPIO_SetBits                                      /tmp/ccRG7WSA.o
GPIO_StructInit                                   /tmp/ccRG7WSA.o
GPIO_ToggleBits                                   /tmp/ccRG7WSA.o
GPIO_Write                                        /tmp/ccRG7WSA.o
GPIO_WriteBit                                     /tmp/ccRG7WSA.o
HardFault_Handler                                 /tmp/ccJZSSYJ.o
I2C1_ER_IRQHandler                                /tmp/cc53ilJE.o
I2C1_EV_IRQHandler                                /tmp/cc53ilJE.o
I2C2_ER_IRQHandler                                /tmp/cc53ilJE.o
I2C2_EV_IRQHandler                                /tmp/cc53ilJE.o
I2C3_ER_IRQHandler                                /tmp/cc53ilJE.o
I2C3_EV_IRQHandler                                /tmp/cc53ilJE.o
MemManage_Handler                                 /tmp/ccJZSSYJ.o
NMI_Handler                                       /tmp/ccJZSSYJ.o
NVIC_Init                                         /tmp/ccUpQmUX.o
                                                  /tmp/ccPr4GL2.o
                                                  /tmp/ccS5h8JQ.o
NVIC_PriorityGroupConfig                          /tmp/ccUpQmUX.o
                                                  /tmp/cceF0WY8.o
NVIC_SetVectorTable                               /tmp/ccUpQmUX.o
NVIC_SystemLPConfig                               /tmp/ccUpQmUX.o
OTG_FS_IRQHandler                                 /tmp/cc53ilJE.o
OTG_FS_WKUP_IRQHandler                            /tmp/cc53ilJE.o
PVD_IRQHandler                                    /tmp/cc53ilJE.o
PendSV_Handler                                    /tmp/ccJZSSYJ.o
RCC_AHB1PeriphClockCmd                            /tmp/ccm6qzPU.o
                                                  /tmp/ccPr4GL2.o
                                                  /tmp/ccS5h8JQ.o
                                                  /tmp/ccLK13Fy.o
RCC_AHB1PeriphClockLPModeCmd                      /tmp/ccm6qzPU.o
RCC_AHB1PeriphResetCmd                            /tmp/ccm6qzPU.o
                                                  /tmp/ccRG7WSA.o
RCC_AHB2PeriphClockCmd                            /tmp/ccm6qzPU.o
RCC_AHB2PeriphClockLPModeCmd                      /tmp/ccm6qzPU.o
RCC_AHB2PeriphResetCmd                            /tmp/ccm6qzPU.o
RCC_APB1PeriphClockCmd                            /tmp/ccm6qzPU.o
RCC_APB1PeriphClockLPModeCmd                      /tmp/ccm6qzPU.o
RCC_APB1PeriphResetCmd                            /tmp/ccm6qzPU.o
                                                  /tmp/cc0owNFU.o
                                                  /tmp/ccLYQGFz.o
RCC_APB2PeriphClockCmd                            /tmp/ccm6qzPU.o
                                                  /tmp/cceF0WY8.o
                                                  /tmp/ccS5h8JQ.o
                                                  /tmp/ccLK13Fy.o
RCC_APB2PeriphClockLPModeCmd                      /tmp/ccm6qzPU.o
RCC_APB2PeriphResetCmd                            /tmp/ccm6qzPU.o
                                                  /tmp/cc0owNFU.o
                                                  /tmp/ccLYQGFz.o
                                                  /tmp/ccFoTqZe.o
RCC_AdjustHSICalibrationValue                     /tmp/ccm6qzPU.o
RCC_BackupResetCmd                                /tmp/ccm6qzPU.o
RCC_ClearFlag                                     /tmp/ccm6qzPU.o
RCC_ClearITPendingBit                             /tmp/ccm6qzPU.o
RCC_ClockSecuritySystemCmd                        /tmp/ccm6qzPU.o
RCC_DeInit                                        /tmp/ccm6qzPU.o
RCC_GetClocksFreq                                 /tmp/ccm6qzPU.o
                                                  /tmp/cc0owNFU.o
RCC_GetFlagStatus                                 /tmp/ccm6qzPU.o
RCC_GetITStatus                                   /tmp/ccm6qzPU.o
RCC_GetSYSCLKSource                               /tmp/ccm6qzPU.o
RCC_HCLKConfig                                    /tmp/ccm6qzPU.o
RCC_HSEConfig                                     /tmp/ccm6qzPU.o
RCC_HSICmd                                        /tmp/ccm6qzPU.o
RCC_I2SCLKConfig                                  /tmp/ccm6qzPU.o
RCC_IRQHandler                                    /tmp/cc53ilJE.o
RCC_ITConfig                                      /tmp/ccm6qzPU.o
RCC_LSEConfig                                     /tmp/ccm6qzPU.o
RCC_LSEModeConfig                                 /tmp/ccm6qzPU.o
RCC_LSICmd                                        /tmp/ccm6qzPU.o
RCC_LTDCCLKDivConfig                              /tmp/ccm6qzPU.o
RCC_MCO1Config                                    /tmp/ccm6qzPU.o
RCC_MCO2Config                                    /tmp/ccm6qzPU.o
RCC_PCLK1Config                                   /tmp/ccm6qzPU.o
RCC_PCLK2Config                                   /tmp/ccm6qzPU.o
RCC_PLLCmd                                        /tmp/ccm6qzPU.o
RCC_PLLConfig                                     /tmp/ccm6qzPU.o
RCC_PLLI2SCmd                                     /tmp/ccm6qzPU.o
RCC_PLLI2SConfig                                  /tmp/ccm6qzPU.o
RCC_PLLSAICmd                                     /tmp/ccm6qzPU.o
RCC_PLLSAIConfig                                  /tmp/ccm6qzPU.o
RCC_RTCCLKCmd                                     /tmp/ccm6qzPU.o
RCC_RTCCLKConfig                                  /tmp/ccm6qzPU.o
RCC_SAIPLLI2SClkDivConfig                         /tmp/ccm6qzPU.o
RCC_SAIPLLSAIClkDivConfig                         /tmp/ccm6qzPU.o
RCC_SYSCLKConfig                                  /tmp/ccm6qzPU.o
RCC_TIMCLKPresConfig                              /tmp/ccm6qzPU.o
RCC_WaitForHSEStartUp                             /tmp/ccm6qzPU.o
RTC_Alarm_IRQHandler                              /tmp/cc53ilJE.o
RTC_WKUP_IRQHandler                               /tmp/cc53ilJE.o
Reset_Handler                                     /tmp/cc53ilJE.o
SDIO_IRQHandler                                   /tmp/cc53ilJE.o
SPI1_IRQHandler                                   /tmp/cc53ilJE.o
SPI2_IRQHandler                                   /tmp/cc53ilJE.o
SPI3_IRQHandler                                   /tmp/cc53ilJE.o
SPI4_IRQHandler                                   /tmp/cc53ilJE.o
SVC_Handler                                       /tmp/ccJZSSYJ.o
SYSCFG_CompensationCellCmd                        /tmp/ccFoTqZe.o
SYSCFG_DeInit                                     /tmp/ccFoTqZe.o
SYSCFG_ETH_MediaInterfaceConfig                   /tmp/ccFoTqZe.o
SYSCFG_EXTILineConfig                             /tmp/ccFoTqZe.o
                                                  /tmp/ccPr4GL2.o
SYSCFG_GetCompensationCellStatus                  /tmp/ccFoTqZe.o
SYSCFG_MemoryRemapConfig                          /tmp/ccFoTqZe.o
SYSCFG_MemorySwappingBank                         /tmp/ccFoTqZe.o
SysTick_CLKSourceConfig                           /tmp/ccUpQmUX.o
SysTick_Handler                                   /tmp/ccJZSSYJ.o
SystemCoreClock                                   /tmp/ccCrG1Jl.o
                                                  /tmp/cceF0WY8.o
SystemCoreClockUpdate                             /tmp/ccCrG1Jl.o
SystemInit                                        /tmp/ccCrG1Jl.o
                                                  /tmp/cc53ilJE.o
TAMP_STAMP_IRQHandler                             /tmp/cc53ilJE.o
TIM1_BRK_TIM9_IRQHandler                          /tmp/cc53ilJE.o
TIM1_CC_IRQHandler                                /tmp/cc53ilJE.o
TIM1_TRG_COM_TIM11_IRQHandler                     /tmp/cc53ilJE.o
TIM1_UP_TIM10_IRQHandler                          /tmp/cc53ilJE.o
TIM2_IRQHandler                                   /tmp/cc53ilJE.o
TIM3_IRQHandler                                   /tmp/cc53ilJE.o
TIM4_IRQHandler                                   /tmp/cc53ilJE.o
TIM5_IRQHandler                                   /tmp/cc53ilJE.o
TIM_ARRPreloadConfig                              /tmp/ccLYQGFz.o
TIM_BDTRConfig                                    /tmp/ccLYQGFz.o
TIM_BDTRStructInit                                /tmp/ccLYQGFz.o
TIM_CCPreloadControl                              /tmp/ccLYQGFz.o
TIM_CCxCmd                                        /tmp/ccLYQGFz.o
TIM_CCxNCmd                                       /tmp/ccLYQGFz.o
TIM_ClearFlag                                     /tmp/ccLYQGFz.o
TIM_ClearITPendingBit                             /tmp/ccLYQGFz.o
TIM_ClearOC1Ref                                   /tmp/ccLYQGFz.o
TIM_ClearOC2Ref                                   /tmp/ccLYQGFz.o
TIM_ClearOC3Ref                                   /tmp/ccLYQGFz.o
TIM_ClearOC4Ref                                   /tmp/ccLYQGFz.o
TIM_Cmd                                           /tmp/ccLYQGFz.o
                                                  /tmp/ccLK13Fy.o
TIM_CounterModeConfig                             /tmp/ccLYQGFz.o
TIM_CtrlPWMOutputs                                /tmp/ccLYQGFz.o
                                                  /tmp/ccLK13Fy.o
TIM_DMACmd                                        /tmp/ccLYQGFz.o
TIM_DMAConfig                                     /tmp/ccLYQGFz.o
TIM_DeInit                                        /tmp/ccLYQGFz.o
TIM_ETRClockMode1Config                           /tmp/ccLYQGFz.o
TIM_ETRClockMode2Config                           /tmp/ccLYQGFz.o
TIM_ETRConfig                                     /tmp/ccLYQGFz.o
TIM_EncoderInterfaceConfig                        /tmp/ccLYQGFz.o
TIM_ForcedOC1Config                               /tmp/ccLYQGFz.o
TIM_ForcedOC2Config                               /tmp/ccLYQGFz.o
TIM_ForcedOC3Config                               /tmp/ccLYQGFz.o
TIM_ForcedOC4Config                               /tmp/ccLYQGFz.o
TIM_GenerateEvent                                 /tmp/ccLYQGFz.o
TIM_GetCapture1                                   /tmp/ccLYQGFz.o
TIM_GetCapture2                                   /tmp/ccLYQGFz.o
TIM_GetCapture3                                   /tmp/ccLYQGFz.o
TIM_GetCapture4                                   /tmp/ccLYQGFz.o
TIM_GetCounter                                    /tmp/ccLYQGFz.o
TIM_GetFlagStatus                                 /tmp/ccLYQGFz.o
TIM_GetITStatus                                   /tmp/ccLYQGFz.o
TIM_GetPrescaler                                  /tmp/ccLYQGFz.o
TIM_ICInit                                        /tmp/ccLYQGFz.o
TIM_ICStructInit                                  /tmp/ccLYQGFz.o
TIM_ITConfig                                      /tmp/ccLYQGFz.o
TIM_ITRxExternalClockConfig                       /tmp/ccLYQGFz.o
TIM_InternalClockConfig                           /tmp/ccLYQGFz.o
TIM_OC1FastConfig                                 /tmp/ccLYQGFz.o
TIM_OC1Init                                       /tmp/ccLYQGFz.o
                                                  /tmp/ccLK13Fy.o
TIM_OC1NPolarityConfig                            /tmp/ccLYQGFz.o
TIM_OC1PolarityConfig                             /tmp/ccLYQGFz.o
TIM_OC1PreloadConfig                              /tmp/ccLYQGFz.o
                                                  /tmp/ccLK13Fy.o
TIM_OC2FastConfig                                 /tmp/ccLYQGFz.o
TIM_OC2Init                                       /tmp/ccLYQGFz.o
                                                  /tmp/ccLK13Fy.o
TIM_OC2NPolarityConfig                            /tmp/ccLYQGFz.o
TIM_OC2PolarityConfig                             /tmp/ccLYQGFz.o
TIM_OC2PreloadConfig                              /tmp/ccLYQGFz.o
                                                  /tmp/ccLK13Fy.o
TIM_OC3FastConfig                                 /tmp/ccLYQGFz.o
TIM_OC3Init                                       /tmp/ccLYQGFz.o
                                                  /tmp/ccLK13Fy.o
TIM_OC3NPolarityConfig                            /tmp/ccLYQGFz.o
TIM_OC3PolarityConfig                             /tmp/ccLYQGFz.o
TIM_OC3PreloadConfig                              /tmp/ccLYQGFz.o
                                                  /tmp/ccLK13Fy.o
TIM_OC4FastConfig                                 /tmp/ccLYQGFz.o
TIM_OC4Init                                       /tmp/ccLYQGFz.o
TIM_OC4PolarityConfig                             /tmp/ccLYQGFz.o
TIM_OC4PreloadConfig                              /tmp/ccLYQGFz.o
TIM_OCStructInit                                  /tmp/ccLYQGFz.o
TIM_PWMIConfig                                    /tmp/ccLYQGFz.o
TIM_PrescalerConfig                               /tmp/ccLYQGFz.o
TIM_RemapConfig                                   /tmp/ccLYQGFz.o
TIM_SelectCCDMA                                   /tmp/ccLYQGFz.o
TIM_SelectCOM                                     /tmp/ccLYQGFz.o
TIM_SelectHallSensor                              /tmp/ccLYQGFz.o
TIM_SelectInputTrigger                            /tmp/ccLYQGFz.o
TIM_SelectMasterSlaveMode                         /tmp/ccLYQGFz.o
TIM_SelectOCxM                                    /tmp/ccLYQGFz.o
TIM_SelectOnePulseMode                            /tmp/ccLYQGFz.o
TIM_SelectOutputTrigger                           /tmp/ccLYQGFz.o
TIM_SelectSlaveMode                               /tmp/ccLYQGFz.o
TIM_SetAutoreload                                 /tmp/ccLYQGFz.o
TIM_SetClockDivision                              /tmp/ccLYQGFz.o
TIM_SetCompare1                                   /tmp/ccLYQGFz.o
                                                  /tmp/ccLK13Fy.o
TIM_SetCompare2                                   /tmp/ccLYQGFz.o
                                                  /tmp/ccLK13Fy.o
TIM_SetCompare3                                   /tmp/ccLYQGFz.o
                                                  /tmp/ccLK13Fy.o
TIM_SetCompare4                                   /tmp/ccLYQGFz.o
TIM_SetCounter                                    /tmp/ccLYQGFz.o
TIM_SetIC1Prescaler                               /tmp/ccLYQGFz.o
TIM_SetIC2Prescaler                               /tmp/ccLYQGFz.o
TIM_SetIC3Prescaler                               /tmp/ccLYQGFz.o
TIM_SetIC4Prescaler                               /tmp/ccLYQGFz.o
TIM_TIxExternalClockConfig                        /tmp/ccLYQGFz.o
TIM_TimeBaseInit                                  /tmp/ccLYQGFz.o
                                                  /tmp/ccLK13Fy.o
TIM_TimeBaseStructInit                            /tmp/ccLYQGFz.o
TIM_UpdateDisableConfig                           /tmp/ccLYQGFz.o
TIM_UpdateRequestConfig                           /tmp/ccLYQGFz.o
USART1_IRQHandler                                 /tmp/ccS5h8JQ.o
USART2_IRQHandler                                 /tmp/cc53ilJE.o
USART6_IRQHandler                                 /tmp/cc53ilJE.o
USART_ClearFlag                                   /tmp/cc0owNFU.o
USART_ClearITPendingBit                           /tmp/cc0owNFU.o
                                                  /tmp/ccS5h8JQ.o
USART_ClockInit                                   /tmp/cc0owNFU.o
USART_ClockStructInit                             /tmp/cc0owNFU.o
USART_Cmd                                         /tmp/cc0owNFU.o
                                                  /tmp/ccS5h8JQ.o
USART_DMACmd                                      /tmp/cc0owNFU.o
USART_DeInit                                      /tmp/cc0owNFU.o
USART_GetFlagStatus                               /tmp/cc0owNFU.o
                                                  /tmp/ccPr4GL2.o
USART_GetITStatus                                 /tmp/cc0owNFU.o
                                                  /tmp/ccS5h8JQ.o
USART_HalfDuplexCmd                               /tmp/cc0owNFU.o
USART_ITConfig                                    /tmp/cc0owNFU.o
                                                  /tmp/ccS5h8JQ.o
USART_Init                                        /tmp/cc0owNFU.o
                                                  /tmp/ccS5h8JQ.o
USART_IrDACmd                                     /tmp/cc0owNFU.o
USART_IrDAConfig                                  /tmp/cc0owNFU.o
USART_LINBreakDetectLengthConfig                  /tmp/cc0owNFU.o
USART_LINCmd                                      /tmp/cc0owNFU.o
USART_OneBitMethodCmd                             /tmp/cc0owNFU.o
USART_OverSampling8Cmd                            /tmp/cc0owNFU.o
USART_ReceiveData                                 /tmp/cc0owNFU.o
                                                  /tmp/ccS5h8JQ.o
USART_ReceiverWakeUpCmd                           /tmp/cc0owNFU.o
USART_SendBreak                                   /tmp/cc0owNFU.o
USART_SendData                                    /tmp/cc0owNFU.o
                                                  /tmp/ccPr4GL2.o
USART_SetAddress                                  /tmp/cc0owNFU.o
USART_SetGuardTime                                /tmp/cc0owNFU.o
USART_SetPrescaler                                /tmp/cc0owNFU.o
USART_SmartCardCmd                                /tmp/cc0owNFU.o
USART_SmartCardNACKCmd                            /tmp/cc0owNFU.o
USART_StructInit                                  /tmp/cc0owNFU.o
USART_WakeUpConfig                                /tmp/cc0owNFU.o
UsageFault_Handler                                /tmp/ccJZSSYJ.o
WWDG_IRQHandler                                   /tmp/cc53ilJE.o
_ITM_deregisterTMCloneTable                       /usr/lib/gcc/arm-none-eabi/7.1.0/thumb/v7e-m/fpv4-sp/softfp/crtbegin.o
_ITM_registerTMCloneTable                         /usr/lib/gcc/arm-none-eabi/7.1.0/thumb/v7e-m/fpv4-sp/softfp/crtbegin.o
__TMC_END__                                       /usr/lib/gcc/arm-none-eabi/7.1.0/thumb/v7e-m/fpv4-sp/softfp/crtend.o
                                                  /usr/lib/gcc/arm-none-eabi/7.1.0/thumb/v7e-m/fpv4-sp/softfp/crtbegin.o
__bss_end__                                       /usr/lib/gcc/arm-none-eabi/7.1.0/../../../../arm-none-eabi/lib/thumb/v7e-m/fpv4-sp/softfp/crt0.o
__bss_start__                                     /usr/lib/gcc/arm-none-eabi/7.1.0/../../../../arm-none-eabi/lib/thumb/v7e-m/fpv4-sp/softfp/crt0.o
__call_exitprocs                                  /usr/lib/gcc/arm-none-eabi/7.1.0/../../../../arm-none-eabi/lib/thumb/v7e-m/fpv4-sp/softfp/libg.a(lib_a-__call_atexit.o)
                                                  /usr/lib/gcc/arm-none-eabi/7.1.0/../../../../arm-none-eabi/lib/thumb/v7e-m/fpv4-sp/softfp/libg.a(lib_a-exit.o)
__deregister_frame_info                           /usr/lib/gcc/arm-none-eabi/7.1.0/thumb/v7e-m/fpv4-sp/softfp/crtbegin.o
__dso_handle                                      /usr/lib/gcc/arm-none-eabi/7.1.0/thumb/v7e-m/fpv4-sp/softfp/crtbegin.o
__fini_array_end                                  /usr/lib/gcc/arm-none-eabi/7.1.0/../../../../arm-none-eabi/lib/thumb/v7e-m/fpv4-sp/softfp/libg.a(lib_a-fini.o)
__fini_array_start                                /usr/lib/gcc/arm-none-eabi/7.1.0/../../../../arm-none-eabi/lib/thumb/v7e-m/fpv4-sp/softfp/libg.a(lib_a-fini.o)
__init_array_end                                  /usr/lib/gcc/arm-none-eabi/7.1.0/../../../../arm-none-eabi/lib/thumb/v7e-m/fpv4-sp/softfp/libg.a(lib_a-init.o)
__init_array_start                                /usr/lib/gcc/arm-none-eabi/7.1.0/../../../../arm-none-eabi/lib/thumb/v7e-m/fpv4-sp/softfp/libg.a(lib_a-init.o)
__libc_fini                                       /usr/lib/gcc/arm-none-eabi/7.1.0/../../../../arm-none-eabi/lib/thumb/v7e-m/fpv4-sp/softfp/libg.a(lib_a-__call_atexit.o)
__libc_fini_array                                 /usr/lib/gcc/arm-none-eabi/7.1.0/../../../../arm-none-eabi/lib/thumb/v7e-m/fpv4-sp/softfp/libg.a(lib_a-fini.o)
                                                  /usr/lib/gcc/arm-none-eabi/7.1.0/../../../../arm-none-eabi/lib/thumb/v7e-m/fpv4-sp/softfp/libg.a(lib_a-__call_atexit.o)
                                                  /usr/lib/gcc/arm-none-eabi/7.1.0/../../../../arm-none-eabi/lib/thumb/v7e-m/fpv4-sp/softfp/crt0.o
__libc_init_array                                 /usr/lib/gcc/arm-none-eabi/7.1.0/../../../../arm-none-eabi/lib/thumb/v7e-m/fpv4-sp/softfp/libg.a(lib_a-init.o)
                                                  /tmp/cc53ilJE.o
                                                  /usr/lib/gcc/arm-none-eabi/7.1.0/../../../../arm-none-eabi/lib/thumb/v7e-m/fpv4-sp/softfp/crt0.o
__preinit_array_end                               /usr/lib/gcc/arm-none-eabi/7.1.0/../../../../arm-none-eabi/lib/thumb/v7e-m/fpv4-sp/softfp/libg.a(lib_a-init.o)
__preinit_array_start                             /usr/lib/gcc/arm-none-eabi/7.1.0/../../../../arm-none-eabi/lib/thumb/v7e-m/fpv4-sp/softfp/libg.a(lib_a-init.o)
__register_exitproc                               /usr/lib/gcc/arm-none-eabi/7.1.0/../../../../arm-none-eabi/lib/thumb/v7e-m/fpv4-sp/softfp/libg.a(lib_a-__atexit.o)
                                                  /usr/lib/gcc/arm-none-eabi/7.1.0/../../../../arm-none-eabi/lib/thumb/v7e-m/fpv4-sp/softfp/libg.a(lib_a-atexit.o)
__register_frame_info                             /usr/lib/gcc/arm-none-eabi/7.1.0/thumb/v7e-m/fpv4-sp/softfp/crtbegin.o
__stack                                           /usr/lib/gcc/arm-none-eabi/7.1.0/../../../../arm-none-eabi/lib/thumb/v7e-m/fpv4-sp/softfp/crt0.o
_ebss                                             /tmp/cc53ilJE.o
_edata                                            /tmp/cc53ilJE.o
_estack                                           /tmp/cc53ilJE.o
_exit                                             /usr/lib/gcc/arm-none-eabi/7.1.0/../../../../arm-none-eabi/lib/thumb/v7e-m/fpv4-sp/softfp/libnosys.a(_exit.o)
                                                  /usr/lib/gcc/arm-none-eabi/7.1.0/../../../../arm-none-eabi/lib/thumb/v7e-m/fpv4-sp/softfp/libg.a(lib_a-exit.o)
_fini                                             /usr/lib/gcc/arm-none-eabi/7.1.0/thumb/v7e-m/fpv4-sp/softfp/crti.o
                                                  /usr/lib/gcc/arm-none-eabi/7.1.0/../../../../arm-none-eabi/lib/thumb/v7e-m/fpv4-sp/softfp/libg.a(lib_a-fini.o)
_global_impure_ptr                                /usr/lib/gcc/arm-none-eabi/7.1.0/../../../../arm-none-eabi/lib/thumb/v7e-m/fpv4-sp/softfp/libg.a(lib_a-impure.o)
                                                  /usr/lib/gcc/arm-none-eabi/7.1.0/../../../../arm-none-eabi/lib/thumb/v7e-m/fpv4-sp/softfp/libg.a(lib_a-__call_atexit.o)
                                                  /usr/lib/gcc/arm-none-eabi/7.1.0/../../../../arm-none-eabi/lib/thumb/v7e-m/fpv4-sp/softfp/libg.a(lib_a-__atexit.o)
                                                  /usr/lib/gcc/arm-none-eabi/7.1.0/../../../../arm-none-eabi/lib/thumb/v7e-m/fpv4-sp/softfp/libg.a(lib_a-exit.o)
_impure_ptr                                       /usr/lib/gcc/arm-none-eabi/7.1.0/../../../../arm-none-eabi/lib/thumb/v7e-m/fpv4-sp/softfp/libg.a(lib_a-impure.o)
_init                                             /usr/lib/gcc/arm-none-eabi/7.1.0/thumb/v7e-m/fpv4-sp/softfp/crti.o
                                                  /usr/lib/gcc/arm-none-eabi/7.1.0/../../../../arm-none-eabi/lib/thumb/v7e-m/fpv4-sp/softfp/libg.a(lib_a-init.o)
_mainCRTStartup                                   /usr/lib/gcc/arm-none-eabi/7.1.0/../../../../arm-none-eabi/lib/thumb/v7e-m/fpv4-sp/softfp/crt0.o
_sbss                                             /tmp/cc53ilJE.o
_sdata                                            /tmp/cc53ilJE.o
_sidata                                           /tmp/cc53ilJE.o
_start                                            /usr/lib/gcc/arm-none-eabi/7.1.0/../../../../arm-none-eabi/lib/thumb/v7e-m/fpv4-sp/softfp/crt0.o
atexit                                            /usr/lib/gcc/arm-none-eabi/7.1.0/../../../../arm-none-eabi/lib/thumb/v7e-m/fpv4-sp/softfp/libg.a(lib_a-atexit.o)
                                                  /usr/lib/gcc/arm-none-eabi/7.1.0/../../../../arm-none-eabi/lib/thumb/v7e-m/fpv4-sp/softfp/libg.a(lib_a-__call_atexit.o)
                                                  /usr/lib/gcc/arm-none-eabi/7.1.0/../../../../arm-none-eabi/lib/thumb/v7e-m/fpv4-sp/softfp/crt0.o
delay                                             /tmp/ccrOAjor.o
exit                                              /usr/lib/gcc/arm-none-eabi/7.1.0/../../../../arm-none-eabi/lib/thumb/v7e-m/fpv4-sp/softfp/libg.a(lib_a-exit.o)
                                                  /usr/lib/gcc/arm-none-eabi/7.1.0/../../../../arm-none-eabi/lib/thumb/v7e-m/fpv4-sp/softfp/crt0.o
fet_en_seq                                        /tmp/ccLK13Fy.o
free                                              /usr/lib/gcc/arm-none-eabi/7.1.0/../../../../arm-none-eabi/lib/thumb/v7e-m/fpv4-sp/softfp/libg.a(lib_a-__call_atexit.o)
g_pfnVectors                                      /tmp/cc53ilJE.o
get_time                                          /tmp/ccJZSSYJ.o
                                                  /tmp/ccrOAjor.o
hall_sensor_init                                  /tmp/ccPr4GL2.o
                                                  /tmp/cceF0WY8.o
hardware_init_hook                                /usr/lib/gcc/arm-none-eabi/7.1.0/../../../../arm-none-eabi/lib/thumb/v7e-m/fpv4-sp/softfp/crt0.o
main                                              /tmp/cceF0WY8.o
                                                  /tmp/cc53ilJE.o
                                                  /usr/lib/gcc/arm-none-eabi/7.1.0/../../../../arm-none-eabi/lib/thumb/v7e-m/fpv4-sp/softfp/crt0.o
malloc                                            /usr/lib/gcc/arm-none-eabi/7.1.0/../../../../arm-none-eabi/lib/thumb/v7e-m/fpv4-sp/softfp/libg.a(lib_a-__atexit.o)
memset                                            /usr/lib/gcc/arm-none-eabi/7.1.0/../../../../arm-none-eabi/lib/thumb/v7e-m/fpv4-sp/softfp/libg.a(lib_a-memset.o)
                                                  /usr/lib/gcc/arm-none-eabi/7.1.0/../../../../arm-none-eabi/lib/thumb/v7e-m/fpv4-sp/softfp/crt0.o
motor_commutate                                   /tmp/ccLK13Fy.o
                                                  /tmp/ccPr4GL2.o
motor_init                                        /tmp/ccLK13Fy.o
                                                  /tmp/cceF0WY8.o
motor_set_pwm                                     /tmp/ccLK13Fy.o
                                                  /tmp/cceF0WY8.o
motor_start                                       /tmp/ccLK13Fy.o
motor_stop                                        /tmp/ccLK13Fy.o
msTicks                                           /tmp/ccJZSSYJ.o
pwm_en_seq                                        /tmp/ccLK13Fy.o
pwm_val                                           /tmp/ccLK13Fy.o
software_init_hook                                /usr/lib/gcc/arm-none-eabi/7.1.0/../../../../arm-none-eabi/lib/thumb/v7e-m/fpv4-sp/softfp/crt0.o
uart_init                                         /tmp/ccS5h8JQ.o
                                                  /tmp/cceF0WY8.o
