Archive member included to satisfy reference by file (symbol)

/usr/lib/gcc/arm-none-eabi/7.1.0/thumb/v7e-m/fpv4-sp/softfp/libgcc.a(_arm_addsubdf3.o)
                              /tmp/ccTHmnWB.o (__aeabi_i2d)
/usr/lib/gcc/arm-none-eabi/7.1.0/thumb/v7e-m/fpv4-sp/softfp/libgcc.a(_arm_muldivdf3.o)
                              /tmp/ccTHmnWB.o (__aeabi_dmul)
/usr/lib/gcc/arm-none-eabi/7.1.0/thumb/v7e-m/fpv4-sp/softfp/libgcc.a(_arm_fixunsdfsi.o)
                              /tmp/ccTHmnWB.o (__aeabi_d2uiz)
/usr/lib/gcc/arm-none-eabi/7.1.0/../../../../arm-none-eabi/lib/thumb/v7e-m/fpv4-sp/softfp/libg.a(lib_a-atexit.o)
                              /usr/lib/gcc/arm-none-eabi/7.1.0/../../../../arm-none-eabi/lib/thumb/v7e-m/fpv4-sp/softfp/crt0.o (atexit)
/usr/lib/gcc/arm-none-eabi/7.1.0/../../../../arm-none-eabi/lib/thumb/v7e-m/fpv4-sp/softfp/libg.a(lib_a-exit.o)
                              /usr/lib/gcc/arm-none-eabi/7.1.0/../../../../arm-none-eabi/lib/thumb/v7e-m/fpv4-sp/softfp/crt0.o (exit)
/usr/lib/gcc/arm-none-eabi/7.1.0/../../../../arm-none-eabi/lib/thumb/v7e-m/fpv4-sp/softfp/libg.a(lib_a-fini.o)
                              /usr/lib/gcc/arm-none-eabi/7.1.0/../../../../arm-none-eabi/lib/thumb/v7e-m/fpv4-sp/softfp/crt0.o (__libc_fini_array)
/usr/lib/gcc/arm-none-eabi/7.1.0/../../../../arm-none-eabi/lib/thumb/v7e-m/fpv4-sp/softfp/libg.a(lib_a-impure.o)
                              /usr/lib/gcc/arm-none-eabi/7.1.0/../../../../arm-none-eabi/lib/thumb/v7e-m/fpv4-sp/softfp/libg.a(lib_a-exit.o) (_global_impure_ptr)
/usr/lib/gcc/arm-none-eabi/7.1.0/../../../../arm-none-eabi/lib/thumb/v7e-m/fpv4-sp/softfp/libg.a(lib_a-init.o)
                              /usr/lib/gcc/arm-none-eabi/7.1.0/../../../../arm-none-eabi/lib/thumb/v7e-m/fpv4-sp/softfp/crt0.o (__libc_init_array)
/usr/lib/gcc/arm-none-eabi/7.1.0/../../../../arm-none-eabi/lib/thumb/v7e-m/fpv4-sp/softfp/libg.a(lib_a-memset.o)
                              /usr/lib/gcc/arm-none-eabi/7.1.0/../../../../arm-none-eabi/lib/thumb/v7e-m/fpv4-sp/softfp/crt0.o (memset)
/usr/lib/gcc/arm-none-eabi/7.1.0/../../../../arm-none-eabi/lib/thumb/v7e-m/fpv4-sp/softfp/libg.a(lib_a-__atexit.o)
                              /usr/lib/gcc/arm-none-eabi/7.1.0/../../../../arm-none-eabi/lib/thumb/v7e-m/fpv4-sp/softfp/libg.a(lib_a-atexit.o) (__register_exitproc)
/usr/lib/gcc/arm-none-eabi/7.1.0/../../../../arm-none-eabi/lib/thumb/v7e-m/fpv4-sp/softfp/libg.a(lib_a-__call_atexit.o)
                              /usr/lib/gcc/arm-none-eabi/7.1.0/../../../../arm-none-eabi/lib/thumb/v7e-m/fpv4-sp/softfp/libg.a(lib_a-exit.o) (__call_exitprocs)
/usr/lib/gcc/arm-none-eabi/7.1.0/../../../../arm-none-eabi/lib/thumb/v7e-m/fpv4-sp/softfp/libnosys.a(_exit.o)
                              /usr/lib/gcc/arm-none-eabi/7.1.0/../../../../arm-none-eabi/lib/thumb/v7e-m/fpv4-sp/softfp/libg.a(lib_a-exit.o) (_exit)

Memory Configuration

Name             Origin             Length             Attributes
rom              0x0000000008000000 0x0000000000080000 xr
ram              0x0000000020000000 0x0000000000018000 xrw
*default*        0x0000000000000000 0xffffffffffffffff

Linker script and memory map

LOAD /usr/lib/gcc/arm-none-eabi/7.1.0/thumb/v7e-m/fpv4-sp/softfp/crti.o
LOAD /usr/lib/gcc/arm-none-eabi/7.1.0/thumb/v7e-m/fpv4-sp/softfp/crtbegin.o
LOAD /usr/lib/gcc/arm-none-eabi/7.1.0/../../../../arm-none-eabi/lib/thumb/v7e-m/fpv4-sp/softfp/crt0.o
LOAD /tmp/ccbrwlVV.o
LOAD /tmp/ccLQ1FQg.o
LOAD /tmp/ccTHmnWB.o
LOAD /tmp/cc6v3FeX.o
LOAD /tmp/ccxNHkFi.o
LOAD /tmp/ccYV8tcE.o
LOAD /tmp/ccnJXPVZ.o
LOAD /tmp/ccUfeNGl.o
LOAD /tmp/ccAfArCH.o
LOAD /tmp/cc7oiOR3.o
LOAD /tmp/cco0zGiq.o
LOAD /tmp/ccpYwAXM.o
LOAD /tmp/ccFGX7W9.o
LOAD /tmp/ccoDGsax.o
LOAD /tmp/ccD6BZSU.o
LOAD /tmp/ccU6neVi.o
START GROUP
LOAD /usr/lib/gcc/arm-none-eabi/7.1.0/thumb/v7e-m/fpv4-sp/softfp/libgcc.a
LOAD /usr/lib/gcc/arm-none-eabi/7.1.0/../../../../arm-none-eabi/lib/thumb/v7e-m/fpv4-sp/softfp/libg.a
LOAD /usr/lib/gcc/arm-none-eabi/7.1.0/../../../../arm-none-eabi/lib/thumb/v7e-m/fpv4-sp/softfp/libc.a
END GROUP
START GROUP
LOAD /usr/lib/gcc/arm-none-eabi/7.1.0/thumb/v7e-m/fpv4-sp/softfp/libgcc.a
LOAD /usr/lib/gcc/arm-none-eabi/7.1.0/../../../../arm-none-eabi/lib/thumb/v7e-m/fpv4-sp/softfp/libc.a
LOAD /usr/lib/gcc/arm-none-eabi/7.1.0/../../../../arm-none-eabi/lib/thumb/v7e-m/fpv4-sp/softfp/libnosys.a
END GROUP
LOAD /usr/lib/gcc/arm-none-eabi/7.1.0/thumb/v7e-m/fpv4-sp/softfp/crtend.o
LOAD /usr/lib/gcc/arm-none-eabi/7.1.0/thumb/v7e-m/fpv4-sp/softfp/crtn.o

.isr_vector     0x0000000008000000      0x194
 *(.isr_vector)
 .isr_vector    0x0000000008000000      0x194 /tmp/ccUfeNGl.o
                0x0000000008000000                g_pfnVectors
                0x0000000008000194                . = ALIGN (0x4)

.eh_frame       0x0000000008000194        0x4
 .eh_frame      0x0000000008000194        0x0 /usr/lib/gcc/arm-none-eabi/7.1.0/thumb/v7e-m/fpv4-sp/softfp/crtbegin.o
 .eh_frame      0x0000000008000194        0x4 /usr/lib/gcc/arm-none-eabi/7.1.0/thumb/v7e-m/fpv4-sp/softfp/crtend.o

.ARM.extab      0x0000000008000198        0x0
 .ARM.extab     0x0000000008000198        0x0 /usr/lib/gcc/arm-none-eabi/7.1.0/../../../../arm-none-eabi/lib/thumb/v7e-m/fpv4-sp/softfp/crt0.o

.ARM.exidx      0x0000000008000198        0x8
 .ARM.exidx     0x0000000008000198        0x8 /usr/lib/gcc/arm-none-eabi/7.1.0/../../../../arm-none-eabi/lib/thumb/v7e-m/fpv4-sp/softfp/crt0.o

.text           0x00000000080001a0     0x34a4
 *(.vectors)
 *(.text*)
 .text          0x00000000080001a0        0x0 /usr/lib/gcc/arm-none-eabi/7.1.0/thumb/v7e-m/fpv4-sp/softfp/crti.o
 .text          0x00000000080001a0       0x88 /usr/lib/gcc/arm-none-eabi/7.1.0/thumb/v7e-m/fpv4-sp/softfp/crtbegin.o
 .text          0x0000000008000228       0x68 /usr/lib/gcc/arm-none-eabi/7.1.0/../../../../arm-none-eabi/lib/thumb/v7e-m/fpv4-sp/softfp/crt0.o
                0x0000000008000228                _mainCRTStartup
                0x0000000008000228                _start
 .text          0x0000000008000290      0x430 /tmp/ccbrwlVV.o
                0x0000000008000290                ihm07_hall_pins_init
                0x00000000080002e4                ihm07_hall_interrupt_init
                0x000000000800033a                ihm07_hall_interrupt_connection_state
                0x000000000800036a                ihm07_hall_read
                0x00000000080003a0                ihm07_led_red_init
                0x00000000080003d8                ihm07_pwm_and_pins_init
                0x00000000080004bc                ihm07_l6230_pins_init
                0x0000000008000538                ihm07_pwm_duty_interrupt_init
                0x0000000008000584                ihm07_pwm_duty_interrupt_connection_state
                0x00000000080005aa                ihm07_analog_pins_init
                0x000000000800064c                ihm07_adc_single_mode_init
                0x0000000008000690                ihm07_adc_single_read_channel
 .text          0x00000000080006c0      0x184 /tmp/ccLQ1FQg.o
                0x00000000080006c0                serial_driver_init
                0x000000000800077c                serial_driver_send_byte_poll
                0x000000000800079c                serial_driver_send_buffer_poll
                0x00000000080007b4                serial_driver_syscheck
 *fill*         0x0000000008000844        0x4 
 .text          0x0000000008000848       0xb4 /tmp/ccTHmnWB.o
                0x0000000008000848                main
 .text          0x00000000080008fc       0xd4 /tmp/cc6v3FeX.o
                0x00000000080008fc                NMI_Handler
                0x00000000080008fe                HardFault_Handler
                0x0000000008000900                MemManage_Handler
                0x0000000008000902                BusFault_Handler
                0x0000000008000904                UsageFault_Handler
                0x0000000008000906                SVC_Handler
                0x0000000008000908                DebugMon_Handler
                0x000000000800090a                PendSV_Handler
                0x000000000800090c                SysTick_Handler
                0x000000000800092c                get_time
                0x0000000008000938                delay
                0x000000000800095c                EXTI15_10_IRQHandler
                0x0000000008000994                EXTI3_IRQHandler
                0x00000000080009ae                TIM1_CC_IRQHandler
 .text          0x00000000080009d0      0x218 /tmp/ccxNHkFi.o
                0x0000000008000a40                serial_init
                0x0000000008000a70                serial_encode
                0x0000000008000ab0                serial_encode_poll
                0x0000000008000abc                serial_receives_byte
                0x0000000008000acc                safe_memory_copy
                0x0000000008000bdc                serial_flush
 .text          0x0000000008000be8       0x80 /tmp/ccYV8tcE.o
                0x0000000008000c02                init_fifo
                0x0000000008000c0a                write_fifo
                0x0000000008000c3a                read_fifo
                0x0000000008000c62                flush_fifo
 .text          0x0000000008000c68      0x160 /tmp/ccnJXPVZ.o
                0x0000000008000ce0                SystemInit
                0x0000000008000d30                SystemCoreClockUpdate
 .text          0x0000000008000dc8       0x14 /tmp/ccUfeNGl.o
 .text.Reset_Handler
                0x0000000008000ddc       0x48 /tmp/ccUfeNGl.o
                0x0000000008000ddc                Reset_Handler
 .text.Default_Handler
                0x0000000008000e24        0x2 /tmp/ccUfeNGl.o
                0x0000000008000e24                RTC_Alarm_IRQHandler
                0x0000000008000e24                EXTI2_IRQHandler
                0x0000000008000e24                SPI4_IRQHandler
                0x0000000008000e24                DMA2_Stream5_IRQHandler
                0x0000000008000e24                DMA1_Stream5_IRQHandler
                0x0000000008000e24                PVD_IRQHandler
                0x0000000008000e24                SDIO_IRQHandler
                0x0000000008000e24                TAMP_STAMP_IRQHandler
                0x0000000008000e24                TIM1_UP_TIM10_IRQHandler
                0x0000000008000e24                I2C3_ER_IRQHandler
                0x0000000008000e24                EXTI0_IRQHandler
                0x0000000008000e24                I2C2_EV_IRQHandler
                0x0000000008000e24                DMA1_Stream2_IRQHandler
                0x0000000008000e24                FPU_IRQHandler
                0x0000000008000e24                DMA2_Stream2_IRQHandler
                0x0000000008000e24                SPI1_IRQHandler
                0x0000000008000e24                TIM1_BRK_TIM9_IRQHandler
                0x0000000008000e24                DMA2_Stream3_IRQHandler
                0x0000000008000e24                USART6_IRQHandler
                0x0000000008000e24                DMA2_Stream0_IRQHandler
                0x0000000008000e24                TIM4_IRQHandler
                0x0000000008000e24                I2C1_EV_IRQHandler
                0x0000000008000e24                DMA1_Stream6_IRQHandler
                0x0000000008000e24                DMA1_Stream1_IRQHandler
                0x0000000008000e24                TIM3_IRQHandler
                0x0000000008000e24                RCC_IRQHandler
                0x0000000008000e24                Default_Handler
                0x0000000008000e24                ADC_IRQHandler
                0x0000000008000e24                DMA1_Stream7_IRQHandler
                0x0000000008000e24                TIM5_IRQHandler
                0x0000000008000e24                DMA2_Stream7_IRQHandler
                0x0000000008000e24                I2C3_EV_IRQHandler
                0x0000000008000e24                EXTI9_5_IRQHandler
                0x0000000008000e24                RTC_WKUP_IRQHandler
                0x0000000008000e24                SPI2_IRQHandler
                0x0000000008000e24                DMA1_Stream0_IRQHandler
                0x0000000008000e24                EXTI4_IRQHandler
                0x0000000008000e24                WWDG_IRQHandler
                0x0000000008000e24                TIM2_IRQHandler
                0x0000000008000e24                OTG_FS_WKUP_IRQHandler
                0x0000000008000e24                TIM1_TRG_COM_TIM11_IRQHandler
                0x0000000008000e24                EXTI1_IRQHandler
                0x0000000008000e24                USART2_IRQHandler
                0x0000000008000e24                I2C2_ER_IRQHandler
                0x0000000008000e24                DMA2_Stream1_IRQHandler
                0x0000000008000e24                FLASH_IRQHandler
                0x0000000008000e24                DMA2_Stream4_IRQHandler
                0x0000000008000e24                USART1_IRQHandler
                0x0000000008000e24                OTG_FS_IRQHandler
                0x0000000008000e24                SPI3_IRQHandler
                0x0000000008000e24                DMA1_Stream4_IRQHandler
                0x0000000008000e24                I2C1_ER_IRQHandler
                0x0000000008000e24                DMA2_Stream6_IRQHandler
                0x0000000008000e24                DMA1_Stream3_IRQHandler
 *fill*         0x0000000008000e26        0x2 
 .text          0x0000000008000e28       0xc8 /tmp/ccAfArCH.o
                0x0000000008000e28                NVIC_PriorityGroupConfig
                0x0000000008000e3c                NVIC_Init
                0x0000000008000ea0                NVIC_SetVectorTable
                0x0000000008000eb4                NVIC_SystemLPConfig
                0x0000000008000ed0                SysTick_CLKSourceConfig
 .text          0x0000000008000ef0      0x3e0 /tmp/cc7oiOR3.o
                0x0000000008000ef0                ADC_DeInit
                0x0000000008000f08                ADC_Init
                0x0000000008000f58                ADC_StructInit
                0x0000000008000f6c                ADC_CommonInit
                0x0000000008000f98                ADC_CommonStructInit
                0x0000000008000fa4                ADC_Cmd
                0x0000000008000fba                ADC_AnalogWatchdogCmd
                0x0000000008000fca                ADC_AnalogWatchdogThresholdsConfig
                0x0000000008000fd0                ADC_AnalogWatchdogSingleChannelConfig
                0x0000000008000fdc                ADC_TempSensorVrefintCmd
                0x0000000008000ffc                ADC_VBATCmd
                0x000000000800101c                ADC_RegularChannelConfig
                0x00000000080010ac                ADC_SoftwareStartConv
                0x00000000080010b6                ADC_GetSoftwareStartConvStatus
                0x00000000080010c6                ADC_EOCOnEachRegularChannelCmd
                0x00000000080010dc                ADC_ContinuousModeCmd
                0x00000000080010f2                ADC_DiscModeChannelCountConfig
                0x0000000008001102                ADC_DiscModeCmd
                0x0000000008001118                ADC_GetConversionValue
                0x000000000800111e                ADC_GetMultiModeConversionValue
                0x0000000008001128                ADC_DMACmd
                0x000000000800113e                ADC_DMARequestAfterLastTransferCmd
                0x0000000008001154                ADC_MultiModeDMARequestAfterLastTransferCmd
                0x0000000008001174                ADC_InjectedChannelConfig
                0x00000000080011d2                ADC_InjectedSequencerLengthConfig
                0x00000000080011e2                ADC_SetInjectedOffset
                0x00000000080011f8                ADC_ExternalTrigInjectedConvConfig
                0x0000000008001204                ADC_ExternalTrigInjectedConvEdgeConfig
                0x0000000008001210                ADC_SoftwareStartInjectedConv
                0x000000000800121a                ADC_GetSoftwareStartInjectedConvCmdStatus
                0x000000000800122a                ADC_AutoInjectedConvCmd
                0x0000000008001240                ADC_InjectedDiscModeCmd
                0x0000000008001256                ADC_GetInjectedConversionValue
                0x0000000008001270                ADC_ITConfig
                0x000000000800128c                ADC_GetFlagStatus
                0x000000000800129a                ADC_ClearFlag
                0x00000000080012a0                ADC_GetITStatus
                0x00000000080012c6                ADC_ClearITPendingBit
 .text          0x00000000080012d0      0x108 /tmp/cco0zGiq.o
                0x00000000080012d0                EXTI_DeInit
                0x00000000080012ec                EXTI_Init
                0x000000000800137c                EXTI_StructInit
                0x000000000800138a                EXTI_GenerateSWInterrupt
                0x0000000008001398                EXTI_GetFlagStatus
                0x00000000080013ac                EXTI_ClearFlag
                0x00000000080013b8                EXTI_GetITStatus
                0x00000000080013cc                EXTI_ClearITPendingBit
 .text          0x00000000080013d8      0x278 /tmp/ccpYwAXM.o
                0x00000000080013d8                GPIO_DeInit
                0x000000000800151c                GPIO_Init
                0x00000000080015a6                GPIO_StructInit
                0x00000000080015b8                GPIO_PinLockConfig
                0x00000000080015dc                GPIO_ReadInputDataBit
                0x00000000080015ea                GPIO_ReadInputData
                0x00000000080015f0                GPIO_ReadOutputDataBit
                0x00000000080015fe                GPIO_ReadOutputData
                0x0000000008001604                GPIO_SetBits
                0x0000000008001608                GPIO_ResetBits
                0x000000000800160c                GPIO_WriteBit
                0x0000000008001616                GPIO_Write
                0x000000000800161a                GPIO_ToggleBits
                0x0000000008001622                GPIO_PinAFConfig
 .text          0x0000000008001650      0x530 /tmp/ccFGX7W9.o
                0x0000000008001650                RCC_DeInit
                0x0000000008001690                RCC_HSEConfig
                0x00000000080016a0                RCC_AdjustHSICalibrationValue
                0x00000000080016b4                RCC_HSICmd
                0x00000000080016c0                RCC_LSEConfig
                0x00000000080016e8                RCC_LSICmd
                0x00000000080016f4                RCC_PLLConfig
                0x0000000008001714                RCC_PLLCmd
                0x0000000008001720                RCC_PLLI2SConfig
                0x0000000008001734                RCC_PLLI2SCmd
                0x0000000008001740                RCC_PLLSAIConfig
                0x0000000008001758                RCC_PLLSAICmd
                0x0000000008001764                RCC_ClockSecuritySystemCmd
                0x0000000008001770                RCC_MCO1Config
                0x0000000008001784                RCC_MCO2Config
                0x0000000008001798                RCC_SYSCLKConfig
                0x00000000080017ac                RCC_GetSYSCLKSource
                0x00000000080017bc                RCC_HCLKConfig
                0x00000000080017d0                RCC_PCLK1Config
                0x00000000080017e4                RCC_PCLK2Config
                0x00000000080017f8                RCC_GetClocksFreq
                0x00000000080018ac                RCC_RTCCLKConfig
                0x00000000080018e0                RCC_RTCCLKCmd
                0x00000000080018ec                RCC_BackupResetCmd
                0x00000000080018f8                RCC_I2SCLKConfig
                0x0000000008001904                RCC_SAIPLLI2SClkDivConfig
                0x000000000800191c                RCC_SAIPLLSAIClkDivConfig
                0x0000000008001938                RCC_LTDCCLKDivConfig
                0x0000000008001950                RCC_TIMCLKPresConfig
                0x000000000800195c                RCC_AHB1PeriphClockCmd
                0x0000000008001978                RCC_AHB2PeriphClockCmd
                0x0000000008001994                RCC_APB1PeriphClockCmd
                0x00000000080019b0                RCC_APB2PeriphClockCmd
                0x00000000080019cc                RCC_AHB1PeriphResetCmd
                0x00000000080019e8                RCC_AHB2PeriphResetCmd
                0x0000000008001a04                RCC_APB1PeriphResetCmd
                0x0000000008001a20                RCC_APB2PeriphResetCmd
                0x0000000008001a3c                RCC_AHB1PeriphClockLPModeCmd
                0x0000000008001a58                RCC_AHB2PeriphClockLPModeCmd
                0x0000000008001a74                RCC_APB1PeriphClockLPModeCmd
                0x0000000008001a90                RCC_APB2PeriphClockLPModeCmd
                0x0000000008001aac                RCC_LSEModeConfig
                0x0000000008001acc                RCC_ITConfig
                0x0000000008001ae8                RCC_GetFlagStatus
                0x0000000008001b1c                RCC_WaitForHSEStartUp
                0x0000000008001b50                RCC_ClearFlag
                0x0000000008001b60                RCC_GetITStatus
                0x0000000008001b74                RCC_ClearITPendingBit
 .text          0x0000000008001b80       0x94 /tmp/ccoDGsax.o
                0x0000000008001b80                SYSCFG_DeInit
                0x0000000008001b98                SYSCFG_MemoryRemapConfig
                0x0000000008001ba4                SYSCFG_MemorySwappingBank
                0x0000000008001bb0                SYSCFG_EXTILineConfig
                0x0000000008001be4                SYSCFG_ETH_MediaInterfaceConfig
                0x0000000008001bf0                SYSCFG_CompensationCellCmd
                0x0000000008001bfc                SYSCFG_GetCompensationCellStatus
 .text          0x0000000008001c14      0xb4c /tmp/ccD6BZSU.o
                0x0000000008001cfe                TIM_DeInit
                0x0000000008001e94                TIM_TimeBaseInit
                0x0000000008001f10                TIM_TimeBaseStructInit
                0x0000000008001f22                TIM_PrescalerConfig
                0x0000000008001f28                TIM_CounterModeConfig
                0x0000000008001f36                TIM_SetCounter
                0x0000000008001f3a                TIM_SetAutoreload
                0x0000000008001f3e                TIM_GetCounter
                0x0000000008001f42                TIM_GetPrescaler
                0x0000000008001f46                TIM_UpdateDisableConfig
                0x0000000008001f60                TIM_UpdateRequestConfig
                0x0000000008001f7a                TIM_ARRPreloadConfig
                0x0000000008001f94                TIM_SelectOnePulseMode
                0x0000000008001fa8                TIM_SetClockDivision
                0x0000000008001fbc                TIM_Cmd
                0x0000000008001fd6                TIM_OC1Init
                0x0000000008002040                TIM_OC2Init
                0x00000000080020c8                TIM_OC3Init
                0x000000000800214c                TIM_OC4Init
                0x00000000080021b4                TIM_OCStructInit
                0x00000000080021c8                TIM_SelectOCxM
                0x0000000008002218                TIM_SetCompare1
                0x000000000800221c                TIM_SetCompare2
                0x0000000008002220                TIM_SetCompare3
                0x0000000008002224                TIM_SetCompare4
                0x0000000008002228                TIM_ForcedOC1Config
                0x0000000008002236                TIM_ForcedOC2Config
                0x0000000008002248                TIM_ForcedOC3Config
                0x0000000008002256                TIM_ForcedOC4Config
                0x0000000008002268                TIM_OC1PreloadConfig
                0x0000000008002276                TIM_OC2PreloadConfig
                0x0000000008002288                TIM_OC3PreloadConfig
                0x0000000008002296                TIM_OC4PreloadConfig
                0x00000000080022a8                TIM_OC1FastConfig
                0x00000000080022b6                TIM_OC2FastConfig
                0x00000000080022c8                TIM_OC3FastConfig
                0x00000000080022d6                TIM_OC4FastConfig
                0x00000000080022e8                TIM_ClearOC1Ref
                0x00000000080022f6                TIM_ClearOC2Ref
                0x0000000008002306                TIM_ClearOC3Ref
                0x0000000008002314                TIM_ClearOC4Ref
                0x0000000008002324                TIM_OC1PolarityConfig
                0x0000000008002332                TIM_OC1NPolarityConfig
                0x0000000008002340                TIM_OC2PolarityConfig
                0x0000000008002352                TIM_OC2NPolarityConfig
                0x0000000008002364                TIM_OC3PolarityConfig
                0x0000000008002376                TIM_OC3NPolarityConfig
                0x0000000008002388                TIM_OC4PolarityConfig
                0x000000000800239a                TIM_CCxCmd
                0x00000000080023bc                TIM_CCxNCmd
                0x00000000080023de                TIM_ICStructInit
                0x00000000080023ee                TIM_GetCapture1
                0x00000000080023f2                TIM_GetCapture2
                0x00000000080023f6                TIM_GetCapture3
                0x00000000080023fa                TIM_GetCapture4
                0x00000000080023fe                TIM_SetIC1Prescaler
                0x0000000008002412                TIM_SetIC2Prescaler
                0x000000000800242a                TIM_PWMIConfig
                0x0000000008002496                TIM_SetIC3Prescaler
                0x00000000080024aa                TIM_SetIC4Prescaler
                0x00000000080024c2                TIM_ICInit
                0x0000000008002524                TIM_BDTRConfig
                0x000000000800254c                TIM_BDTRStructInit
                0x000000000800255e                TIM_CtrlPWMOutputs
                0x000000000800257c                TIM_SelectCOM
                0x0000000008002596                TIM_CCPreloadControl
                0x00000000080025b0                TIM_ITConfig
                0x00000000080025c4                TIM_GenerateEvent
                0x00000000080025c8                TIM_GetFlagStatus
                0x00000000080025d6                TIM_ClearFlag
                0x00000000080025de                TIM_GetITStatus
                0x00000000080025f6                TIM_ClearITPendingBit
                0x00000000080025fe                TIM_DMAConfig
                0x0000000008002606                TIM_DMACmd
                0x000000000800261a                TIM_SelectCCDMA
                0x0000000008002634                TIM_InternalClockConfig
                0x0000000008002642                TIM_SelectInputTrigger
                0x0000000008002650                TIM_ITRxExternalClockConfig
                0x0000000008002662                TIM_TIxExternalClockConfig
                0x000000000800268e                TIM_SelectOutputTrigger
                0x00000000080026a2                TIM_SelectSlaveMode
                0x00000000080026b6                TIM_SelectMasterSlaveMode
                0x00000000080026ca                TIM_ETRConfig
                0x00000000080026e2                TIM_ETRClockMode1Config
                0x00000000080026f4                TIM_ETRClockMode2Config
                0x0000000008002706                TIM_EncoderInterfaceConfig
                0x0000000008002740                TIM_SelectHallSensor
                0x000000000800275a                TIM_RemapConfig
 .text          0x0000000008002760      0x43c /tmp/ccU6neVi.o
                0x0000000008002760                USART_DeInit
                0x000000000800285c                USART_Init
                0x000000000800292c                USART_StructInit
                0x0000000008002942                USART_ClockInit
                0x0000000008002964                USART_ClockStructInit
                0x0000000008002970                USART_Cmd
                0x000000000800298a                USART_SetPrescaler
                0x000000000800299a                USART_OverSampling8Cmd
                0x00000000080029b0                USART_OneBitMethodCmd
                0x00000000080029ca                USART_SendData
                0x00000000080029d2                USART_ReceiveData
                0x00000000080029da                USART_SetAddress
                0x00000000080029ee                USART_ReceiverWakeUpCmd
                0x0000000008002a08                USART_WakeUpConfig
                0x0000000008002a1c                USART_LINBreakDetectLengthConfig
                0x0000000008002a30                USART_LINCmd
                0x0000000008002a4a                USART_SendBreak
                0x0000000008002a54                USART_HalfDuplexCmd
                0x0000000008002a6e                USART_SetGuardTime
                0x0000000008002a7e                USART_SmartCardCmd
                0x0000000008002a98                USART_SmartCardNACKCmd
                0x0000000008002ab2                USART_IrDAConfig
                0x0000000008002ac6                USART_IrDACmd
                0x0000000008002ae0                USART_DMACmd
                0x0000000008002af4                USART_ITConfig
                0x0000000008002b2e                USART_GetFlagStatus
                0x0000000008002b3c                USART_ClearFlag
                0x0000000008002b44                USART_GetITStatus
                0x0000000008002b8a                USART_ClearITPendingBit
 .text          0x0000000008002b9c      0x378 /usr/lib/gcc/arm-none-eabi/7.1.0/thumb/v7e-m/fpv4-sp/softfp/libgcc.a(_arm_addsubdf3.o)
                0x0000000008002b9c                __aeabi_drsub
                0x0000000008002ba4                __aeabi_dsub
                0x0000000008002ba4                __subdf3
                0x0000000008002ba8                __adddf3
                0x0000000008002ba8                __aeabi_dadd
                0x0000000008002e20                __aeabi_ui2d
                0x0000000008002e20                __floatunsidf
                0x0000000008002e40                __floatsidf
                0x0000000008002e40                __aeabi_i2d
                0x0000000008002e64                __extendsfdf2
                0x0000000008002e64                __aeabi_f2d
                0x0000000008002ea8                __aeabi_ul2d
                0x0000000008002ea8                __floatundidf
                0x0000000008002eb8                __floatdidf
                0x0000000008002eb8                __aeabi_l2d
 .text          0x0000000008002f14      0x424 /usr/lib/gcc/arm-none-eabi/7.1.0/thumb/v7e-m/fpv4-sp/softfp/libgcc.a(_arm_muldivdf3.o)
                0x0000000008002f14                __aeabi_dmul
                0x0000000008002f14                __muldf3
                0x0000000008003168                __aeabi_ddiv
                0x0000000008003168                __divdf3
 .text          0x0000000008003338       0x40 /usr/lib/gcc/arm-none-eabi/7.1.0/thumb/v7e-m/fpv4-sp/softfp/libgcc.a(_arm_fixunsdfsi.o)
                0x0000000008003338                __fixunsdfsi
                0x0000000008003338                __aeabi_d2uiz
 .text          0x0000000008003378        0x0 /usr/lib/gcc/arm-none-eabi/7.1.0/../../../../arm-none-eabi/lib/thumb/v7e-m/fpv4-sp/softfp/libg.a(lib_a-atexit.o)
 .text.atexit   0x0000000008003378        0xc /usr/lib/gcc/arm-none-eabi/7.1.0/../../../../arm-none-eabi/lib/thumb/v7e-m/fpv4-sp/softfp/libg.a(lib_a-atexit.o)
                0x0000000008003378                atexit
 .text          0x0000000008003384        0x0 /usr/lib/gcc/arm-none-eabi/7.1.0/../../../../arm-none-eabi/lib/thumb/v7e-m/fpv4-sp/softfp/libg.a(lib_a-exit.o)
 .text.exit     0x0000000008003384       0x20 /usr/lib/gcc/arm-none-eabi/7.1.0/../../../../arm-none-eabi/lib/thumb/v7e-m/fpv4-sp/softfp/libg.a(lib_a-exit.o)
                0x0000000008003384                exit
 .text          0x00000000080033a4        0x0 /usr/lib/gcc/arm-none-eabi/7.1.0/../../../../arm-none-eabi/lib/thumb/v7e-m/fpv4-sp/softfp/libg.a(lib_a-fini.o)
 .text.__libc_fini_array
                0x00000000080033a4       0x34 /usr/lib/gcc/arm-none-eabi/7.1.0/../../../../arm-none-eabi/lib/thumb/v7e-m/fpv4-sp/softfp/libg.a(lib_a-fini.o)
                0x00000000080033a4                __libc_fini_array
 .text          0x00000000080033d8        0x0 /usr/lib/gcc/arm-none-eabi/7.1.0/../../../../arm-none-eabi/lib/thumb/v7e-m/fpv4-sp/softfp/libg.a(lib_a-impure.o)
 .text          0x00000000080033d8        0x0 /usr/lib/gcc/arm-none-eabi/7.1.0/../../../../arm-none-eabi/lib/thumb/v7e-m/fpv4-sp/softfp/libg.a(lib_a-init.o)
 .text.__libc_init_array
                0x00000000080033d8       0x48 /usr/lib/gcc/arm-none-eabi/7.1.0/../../../../arm-none-eabi/lib/thumb/v7e-m/fpv4-sp/softfp/libg.a(lib_a-init.o)
                0x00000000080033d8                __libc_init_array
 .text          0x0000000008003420        0x0 /usr/lib/gcc/arm-none-eabi/7.1.0/../../../../arm-none-eabi/lib/thumb/v7e-m/fpv4-sp/softfp/libg.a(lib_a-memset.o)
 .text.memset   0x0000000008003420       0x94 /usr/lib/gcc/arm-none-eabi/7.1.0/../../../../arm-none-eabi/lib/thumb/v7e-m/fpv4-sp/softfp/libg.a(lib_a-memset.o)
                0x0000000008003420                memset
 .text          0x00000000080034b4        0x0 /usr/lib/gcc/arm-none-eabi/7.1.0/../../../../arm-none-eabi/lib/thumb/v7e-m/fpv4-sp/softfp/libg.a(lib_a-__atexit.o)
 .text.__register_exitproc
                0x00000000080034b4       0xa0 /usr/lib/gcc/arm-none-eabi/7.1.0/../../../../arm-none-eabi/lib/thumb/v7e-m/fpv4-sp/softfp/libg.a(lib_a-__atexit.o)
                0x00000000080034b4                __register_exitproc
 .text          0x0000000008003554        0x0 /usr/lib/gcc/arm-none-eabi/7.1.0/../../../../arm-none-eabi/lib/thumb/v7e-m/fpv4-sp/softfp/libg.a(lib_a-__call_atexit.o)
 .text.startup.register_fini
                0x0000000008003554       0x14 /usr/lib/gcc/arm-none-eabi/7.1.0/../../../../arm-none-eabi/lib/thumb/v7e-m/fpv4-sp/softfp/libg.a(lib_a-__call_atexit.o)
 .text.__call_exitprocs
                0x0000000008003568       0xd0 /usr/lib/gcc/arm-none-eabi/7.1.0/../../../../arm-none-eabi/lib/thumb/v7e-m/fpv4-sp/softfp/libg.a(lib_a-__call_atexit.o)
                0x0000000008003568                __call_exitprocs
 .text          0x0000000008003638        0x0 /usr/lib/gcc/arm-none-eabi/7.1.0/../../../../arm-none-eabi/lib/thumb/v7e-m/fpv4-sp/softfp/libnosys.a(_exit.o)
 .text._exit    0x0000000008003638        0x4 /usr/lib/gcc/arm-none-eabi/7.1.0/../../../../arm-none-eabi/lib/thumb/v7e-m/fpv4-sp/softfp/libnosys.a(_exit.o)
                0x0000000008003638                _exit
 .text          0x000000000800363c        0x0 /usr/lib/gcc/arm-none-eabi/7.1.0/thumb/v7e-m/fpv4-sp/softfp/crtend.o
 .text          0x000000000800363c        0x0 /usr/lib/gcc/arm-none-eabi/7.1.0/thumb/v7e-m/fpv4-sp/softfp/crtn.o
                0x000000000800363c                . = ALIGN (0x4)
 *(.rodata*)
 .rodata        0x000000000800363c        0x4 /tmp/ccLQ1FQg.o
 .rodata._global_impure_ptr
                0x0000000008003640        0x4 /usr/lib/gcc/arm-none-eabi/7.1.0/../../../../arm-none-eabi/lib/thumb/v7e-m/fpv4-sp/softfp/libg.a(lib_a-impure.o)
                0x0000000008003640                _global_impure_ptr
                0x0000000008003644                . = ALIGN (0x4)

.glue_7         0x0000000008003644        0x0
 .glue_7        0x0000000008003644        0x0 linker stubs

.glue_7t        0x0000000008003644        0x0
 .glue_7t       0x0000000008003644        0x0 linker stubs

.vfp11_veneer   0x0000000008003644        0x0
 .vfp11_veneer  0x0000000008003644        0x0 linker stubs

.v4_bx          0x0000000008003644        0x0
 .v4_bx         0x0000000008003644        0x0 linker stubs

.init           0x0000000008003644        0xc
 .init          0x0000000008003644        0x4 /usr/lib/gcc/arm-none-eabi/7.1.0/thumb/v7e-m/fpv4-sp/softfp/crti.o
                0x0000000008003644                _init
 .init          0x0000000008003648        0x8 /usr/lib/gcc/arm-none-eabi/7.1.0/thumb/v7e-m/fpv4-sp/softfp/crtn.o

.fini           0x0000000008003650        0xc
 .fini          0x0000000008003650        0x4 /usr/lib/gcc/arm-none-eabi/7.1.0/thumb/v7e-m/fpv4-sp/softfp/crti.o
                0x0000000008003650                _fini
 .fini          0x0000000008003654        0x8 /usr/lib/gcc/arm-none-eabi/7.1.0/thumb/v7e-m/fpv4-sp/softfp/crtn.o

.iplt           0x000000000800365c        0x0
 .iplt          0x000000000800365c        0x0 /usr/lib/gcc/arm-none-eabi/7.1.0/thumb/v7e-m/fpv4-sp/softfp/crtbegin.o

.rel.dyn        0x000000000800365c        0x0
 .rel.iplt      0x000000000800365c        0x0 /usr/lib/gcc/arm-none-eabi/7.1.0/thumb/v7e-m/fpv4-sp/softfp/crtbegin.o
                0x000000000800365c                . = ALIGN (0x4)
                0x000000000800365c                _etext = .

.data           0x0000000020000000      0x458 load address 0x000000000800365c
                0x0000000020000000                _sdata = .
 *(.data*)
 .data          0x0000000020000000        0x0 /usr/lib/gcc/arm-none-eabi/7.1.0/thumb/v7e-m/fpv4-sp/softfp/crti.o
 .data          0x0000000020000000        0x4 /usr/lib/gcc/arm-none-eabi/7.1.0/thumb/v7e-m/fpv4-sp/softfp/crtbegin.o
                0x0000000020000000                __dso_handle
 .data          0x0000000020000004        0x0 /usr/lib/gcc/arm-none-eabi/7.1.0/../../../../arm-none-eabi/lib/thumb/v7e-m/fpv4-sp/softfp/crt0.o
 .data          0x0000000020000004        0x0 /tmp/ccbrwlVV.o
 .data          0x0000000020000004        0x0 /tmp/ccLQ1FQg.o
 .data          0x0000000020000004        0x0 /tmp/ccTHmnWB.o
 .data          0x0000000020000004        0x0 /tmp/cc6v3FeX.o
 .data          0x0000000020000004        0x0 /tmp/ccxNHkFi.o
 .data          0x0000000020000004        0x0 /tmp/ccYV8tcE.o
 .data          0x0000000020000004       0x14 /tmp/ccnJXPVZ.o
                0x0000000020000004                SystemCoreClock
                0x0000000020000008                AHBPrescTable
 .data          0x0000000020000018        0x0 /tmp/ccUfeNGl.o
 .data          0x0000000020000018        0x0 /tmp/ccAfArCH.o
 .data          0x0000000020000018        0x0 /tmp/cc7oiOR3.o
 .data          0x0000000020000018        0x0 /tmp/cco0zGiq.o
 .data          0x0000000020000018        0x0 /tmp/ccpYwAXM.o
 .data          0x0000000020000018       0x10 /tmp/ccFGX7W9.o
 .data          0x0000000020000028        0x0 /tmp/ccoDGsax.o
 .data          0x0000000020000028        0x0 /tmp/ccD6BZSU.o
 .data          0x0000000020000028        0x0 /tmp/ccU6neVi.o
 .data          0x0000000020000028        0x0 /usr/lib/gcc/arm-none-eabi/7.1.0/thumb/v7e-m/fpv4-sp/softfp/libgcc.a(_arm_addsubdf3.o)
 .data          0x0000000020000028        0x0 /usr/lib/gcc/arm-none-eabi/7.1.0/thumb/v7e-m/fpv4-sp/softfp/libgcc.a(_arm_muldivdf3.o)
 .data          0x0000000020000028        0x0 /usr/lib/gcc/arm-none-eabi/7.1.0/thumb/v7e-m/fpv4-sp/softfp/libgcc.a(_arm_fixunsdfsi.o)
 .data          0x0000000020000028        0x0 /usr/lib/gcc/arm-none-eabi/7.1.0/../../../../arm-none-eabi/lib/thumb/v7e-m/fpv4-sp/softfp/libg.a(lib_a-atexit.o)
 .data          0x0000000020000028        0x0 /usr/lib/gcc/arm-none-eabi/7.1.0/../../../../arm-none-eabi/lib/thumb/v7e-m/fpv4-sp/softfp/libg.a(lib_a-exit.o)
 .data          0x0000000020000028        0x0 /usr/lib/gcc/arm-none-eabi/7.1.0/../../../../arm-none-eabi/lib/thumb/v7e-m/fpv4-sp/softfp/libg.a(lib_a-fini.o)
 .data          0x0000000020000028        0x0 /usr/lib/gcc/arm-none-eabi/7.1.0/../../../../arm-none-eabi/lib/thumb/v7e-m/fpv4-sp/softfp/libg.a(lib_a-impure.o)
 .data._impure_ptr
                0x0000000020000028        0x4 /usr/lib/gcc/arm-none-eabi/7.1.0/../../../../arm-none-eabi/lib/thumb/v7e-m/fpv4-sp/softfp/libg.a(lib_a-impure.o)
                0x0000000020000028                _impure_ptr
 *fill*         0x000000002000002c        0x4 
 .data.impure_data
                0x0000000020000030      0x428 /usr/lib/gcc/arm-none-eabi/7.1.0/../../../../arm-none-eabi/lib/thumb/v7e-m/fpv4-sp/softfp/libg.a(lib_a-impure.o)
 .data          0x0000000020000458        0x0 /usr/lib/gcc/arm-none-eabi/7.1.0/../../../../arm-none-eabi/lib/thumb/v7e-m/fpv4-sp/softfp/libg.a(lib_a-init.o)
 .data          0x0000000020000458        0x0 /usr/lib/gcc/arm-none-eabi/7.1.0/../../../../arm-none-eabi/lib/thumb/v7e-m/fpv4-sp/softfp/libg.a(lib_a-memset.o)
 .data          0x0000000020000458        0x0 /usr/lib/gcc/arm-none-eabi/7.1.0/../../../../arm-none-eabi/lib/thumb/v7e-m/fpv4-sp/softfp/libg.a(lib_a-__atexit.o)
 .data          0x0000000020000458        0x0 /usr/lib/gcc/arm-none-eabi/7.1.0/../../../../arm-none-eabi/lib/thumb/v7e-m/fpv4-sp/softfp/libg.a(lib_a-__call_atexit.o)
 .data          0x0000000020000458        0x0 /usr/lib/gcc/arm-none-eabi/7.1.0/../../../../arm-none-eabi/lib/thumb/v7e-m/fpv4-sp/softfp/libnosys.a(_exit.o)
 .data          0x0000000020000458        0x0 /usr/lib/gcc/arm-none-eabi/7.1.0/thumb/v7e-m/fpv4-sp/softfp/crtend.o
 .data          0x0000000020000458        0x0 /usr/lib/gcc/arm-none-eabi/7.1.0/thumb/v7e-m/fpv4-sp/softfp/crtn.o
                0x0000000020000458                . = ALIGN (0x4)
                0x0000000020000458                _edata = .
                0x000000000800365c                _sidata = LOADADDR (.data)

.init_array     0x0000000020000458        0x4 load address 0x0000000008003ab4
 .init_array    0x0000000020000458        0x4 /usr/lib/gcc/arm-none-eabi/7.1.0/thumb/v7e-m/fpv4-sp/softfp/crtbegin.o

.fini_array     0x000000002000045c        0x4 load address 0x0000000008003ab8
 .fini_array    0x000000002000045c        0x4 /usr/lib/gcc/arm-none-eabi/7.1.0/thumb/v7e-m/fpv4-sp/softfp/crtbegin.o

.tm_clone_table
                0x0000000020000460        0x0 load address 0x0000000008003abc
 .tm_clone_table
                0x0000000020000460        0x0 /usr/lib/gcc/arm-none-eabi/7.1.0/thumb/v7e-m/fpv4-sp/softfp/crtbegin.o
 .tm_clone_table
                0x0000000020000460        0x0 /usr/lib/gcc/arm-none-eabi/7.1.0/thumb/v7e-m/fpv4-sp/softfp/crtend.o

.igot.plt       0x0000000020000460        0x0 load address 0x0000000008003abc
 .igot.plt      0x0000000020000460        0x0 /usr/lib/gcc/arm-none-eabi/7.1.0/thumb/v7e-m/fpv4-sp/softfp/crtbegin.o

.init_array.00000
                0x0000000020000460        0x4 load address 0x0000000008003abc
 .init_array.00000
                0x0000000020000460        0x4 /usr/lib/gcc/arm-none-eabi/7.1.0/../../../../arm-none-eabi/lib/thumb/v7e-m/fpv4-sp/softfp/libg.a(lib_a-__call_atexit.o)

.bss            0x0000000020000468       0xe0 load address 0x0000000008003ac0
                0x0000000020000468                __bss_start__ = .
                0x0000000020000468                _sbss = .
 *(.bss*)
 .bss           0x0000000020000468        0x0 /usr/lib/gcc/arm-none-eabi/7.1.0/thumb/v7e-m/fpv4-sp/softfp/crti.o
 .bss           0x0000000020000468       0x1c /usr/lib/gcc/arm-none-eabi/7.1.0/thumb/v7e-m/fpv4-sp/softfp/crtbegin.o
 .bss           0x0000000020000484        0x0 /usr/lib/gcc/arm-none-eabi/7.1.0/../../../../arm-none-eabi/lib/thumb/v7e-m/fpv4-sp/softfp/crt0.o
 .bss           0x0000000020000484        0x0 /tmp/ccbrwlVV.o
 .bss           0x0000000020000484        0x0 /tmp/ccLQ1FQg.o
 .bss           0x0000000020000484        0x0 /tmp/ccTHmnWB.o
 *fill*         0x0000000020000484        0x4 
 .bss           0x0000000020000488        0x8 /tmp/cc6v3FeX.o
                0x0000000020000488                _ms_ticks
 .bss           0x0000000020000490       0xb8 /tmp/ccxNHkFi.o
 .bss           0x0000000020000548        0x0 /tmp/ccYV8tcE.o
 .bss           0x0000000020000548        0x0 /tmp/ccnJXPVZ.o
 .bss           0x0000000020000548        0x0 /tmp/ccUfeNGl.o
 .bss           0x0000000020000548        0x0 /tmp/ccAfArCH.o
 .bss           0x0000000020000548        0x0 /tmp/cc7oiOR3.o
 .bss           0x0000000020000548        0x0 /tmp/cco0zGiq.o
 .bss           0x0000000020000548        0x0 /tmp/ccpYwAXM.o
 .bss           0x0000000020000548        0x0 /tmp/ccFGX7W9.o
 .bss           0x0000000020000548        0x0 /tmp/ccoDGsax.o
 .bss           0x0000000020000548        0x0 /tmp/ccD6BZSU.o
 .bss           0x0000000020000548        0x0 /tmp/ccU6neVi.o
 .bss           0x0000000020000548        0x0 /usr/lib/gcc/arm-none-eabi/7.1.0/thumb/v7e-m/fpv4-sp/softfp/libgcc.a(_arm_addsubdf3.o)
 .bss           0x0000000020000548        0x0 /usr/lib/gcc/arm-none-eabi/7.1.0/thumb/v7e-m/fpv4-sp/softfp/libgcc.a(_arm_muldivdf3.o)
 .bss           0x0000000020000548        0x0 /usr/lib/gcc/arm-none-eabi/7.1.0/thumb/v7e-m/fpv4-sp/softfp/libgcc.a(_arm_fixunsdfsi.o)
 .bss           0x0000000020000548        0x0 /usr/lib/gcc/arm-none-eabi/7.1.0/../../../../arm-none-eabi/lib/thumb/v7e-m/fpv4-sp/softfp/libg.a(lib_a-atexit.o)
 .bss           0x0000000020000548        0x0 /usr/lib/gcc/arm-none-eabi/7.1.0/../../../../arm-none-eabi/lib/thumb/v7e-m/fpv4-sp/softfp/libg.a(lib_a-exit.o)
 .bss           0x0000000020000548        0x0 /usr/lib/gcc/arm-none-eabi/7.1.0/../../../../arm-none-eabi/lib/thumb/v7e-m/fpv4-sp/softfp/libg.a(lib_a-fini.o)
 .bss           0x0000000020000548        0x0 /usr/lib/gcc/arm-none-eabi/7.1.0/../../../../arm-none-eabi/lib/thumb/v7e-m/fpv4-sp/softfp/libg.a(lib_a-impure.o)
 .bss           0x0000000020000548        0x0 /usr/lib/gcc/arm-none-eabi/7.1.0/../../../../arm-none-eabi/lib/thumb/v7e-m/fpv4-sp/softfp/libg.a(lib_a-init.o)
 .bss           0x0000000020000548        0x0 /usr/lib/gcc/arm-none-eabi/7.1.0/../../../../arm-none-eabi/lib/thumb/v7e-m/fpv4-sp/softfp/libg.a(lib_a-memset.o)
 .bss           0x0000000020000548        0x0 /usr/lib/gcc/arm-none-eabi/7.1.0/../../../../arm-none-eabi/lib/thumb/v7e-m/fpv4-sp/softfp/libg.a(lib_a-__atexit.o)
 .bss           0x0000000020000548        0x0 /usr/lib/gcc/arm-none-eabi/7.1.0/../../../../arm-none-eabi/lib/thumb/v7e-m/fpv4-sp/softfp/libg.a(lib_a-__call_atexit.o)
 .bss           0x0000000020000548        0x0 /usr/lib/gcc/arm-none-eabi/7.1.0/../../../../arm-none-eabi/lib/thumb/v7e-m/fpv4-sp/softfp/libnosys.a(_exit.o)
 .bss           0x0000000020000548        0x0 /usr/lib/gcc/arm-none-eabi/7.1.0/thumb/v7e-m/fpv4-sp/softfp/crtend.o
 .bss           0x0000000020000548        0x0 /usr/lib/gcc/arm-none-eabi/7.1.0/thumb/v7e-m/fpv4-sp/softfp/crtn.o
 *(COMMON)
                0x0000000020000548                . = ALIGN (0x4)
                0x0000000020000548                _ebss = .
                0x0000000020000548                __bss_end__ = .
                0x0000000020000548                . = ALIGN (0x4)
                0x0000000020000548                end = .
                0x0000000020018000                PROVIDE (_estack, (ORIGIN (ram) + LENGTH (ram)))
OUTPUT(build/buzzer.elf elf32-littlearm)

.ARM.attributes
                0x0000000000000000       0x2e
 .ARM.attributes
                0x0000000000000000       0x22 /usr/lib/gcc/arm-none-eabi/7.1.0/thumb/v7e-m/fpv4-sp/softfp/crti.o
 .ARM.attributes
                0x0000000000000022       0x32 /usr/lib/gcc/arm-none-eabi/7.1.0/thumb/v7e-m/fpv4-sp/softfp/crtbegin.o
 .ARM.attributes
                0x0000000000000054       0x20 /usr/lib/gcc/arm-none-eabi/7.1.0/../../../../arm-none-eabi/lib/thumb/v7e-m/fpv4-sp/softfp/crt0.o
 .ARM.attributes
                0x0000000000000074       0x37 /tmp/ccbrwlVV.o
 .ARM.attributes
                0x00000000000000ab       0x37 /tmp/ccLQ1FQg.o
 .ARM.attributes
                0x00000000000000e2       0x37 /tmp/ccTHmnWB.o
 .ARM.attributes
                0x0000000000000119       0x37 /tmp/cc6v3FeX.o
 .ARM.attributes
                0x0000000000000150       0x37 /tmp/ccxNHkFi.o
 .ARM.attributes
                0x0000000000000187       0x37 /tmp/ccYV8tcE.o
 .ARM.attributes
                0x00000000000001be       0x37 /tmp/ccnJXPVZ.o
 .ARM.attributes
                0x00000000000001f5       0x21 /tmp/ccUfeNGl.o
 .ARM.attributes
                0x0000000000000216       0x37 /tmp/ccAfArCH.o
 .ARM.attributes
                0x000000000000024d       0x37 /tmp/cc7oiOR3.o
 .ARM.attributes
                0x0000000000000284       0x37 /tmp/cco0zGiq.o
 .ARM.attributes
                0x00000000000002bb       0x37 /tmp/ccpYwAXM.o
 .ARM.attributes
                0x00000000000002f2       0x37 /tmp/ccFGX7W9.o
 .ARM.attributes
                0x0000000000000329       0x37 /tmp/ccoDGsax.o
 .ARM.attributes
                0x0000000000000360       0x37 /tmp/ccD6BZSU.o
 .ARM.attributes
                0x0000000000000397       0x37 /tmp/ccU6neVi.o
 .ARM.attributes
                0x00000000000003ce       0x22 /usr/lib/gcc/arm-none-eabi/7.1.0/thumb/v7e-m/fpv4-sp/softfp/libgcc.a(_arm_addsubdf3.o)
 .ARM.attributes
                0x00000000000003f0       0x22 /usr/lib/gcc/arm-none-eabi/7.1.0/thumb/v7e-m/fpv4-sp/softfp/libgcc.a(_arm_muldivdf3.o)
 .ARM.attributes
                0x0000000000000412       0x22 /usr/lib/gcc/arm-none-eabi/7.1.0/thumb/v7e-m/fpv4-sp/softfp/libgcc.a(_arm_fixunsdfsi.o)
 .ARM.attributes
                0x0000000000000434       0x32 /usr/lib/gcc/arm-none-eabi/7.1.0/../../../../arm-none-eabi/lib/thumb/v7e-m/fpv4-sp/softfp/libg.a(lib_a-atexit.o)
 .ARM.attributes
                0x0000000000000466       0x32 /usr/lib/gcc/arm-none-eabi/7.1.0/../../../../arm-none-eabi/lib/thumb/v7e-m/fpv4-sp/softfp/libg.a(lib_a-exit.o)
 .ARM.attributes
                0x0000000000000498       0x32 /usr/lib/gcc/arm-none-eabi/7.1.0/../../../../arm-none-eabi/lib/thumb/v7e-m/fpv4-sp/softfp/libg.a(lib_a-fini.o)
 .ARM.attributes
                0x00000000000004ca       0x32 /usr/lib/gcc/arm-none-eabi/7.1.0/../../../../arm-none-eabi/lib/thumb/v7e-m/fpv4-sp/softfp/libg.a(lib_a-impure.o)
 .ARM.attributes
                0x00000000000004fc       0x32 /usr/lib/gcc/arm-none-eabi/7.1.0/../../../../arm-none-eabi/lib/thumb/v7e-m/fpv4-sp/softfp/libg.a(lib_a-init.o)
 .ARM.attributes
                0x000000000000052e       0x32 /usr/lib/gcc/arm-none-eabi/7.1.0/../../../../arm-none-eabi/lib/thumb/v7e-m/fpv4-sp/softfp/libg.a(lib_a-memset.o)
 .ARM.attributes
                0x0000000000000560       0x32 /usr/lib/gcc/arm-none-eabi/7.1.0/../../../../arm-none-eabi/lib/thumb/v7e-m/fpv4-sp/softfp/libg.a(lib_a-__atexit.o)
 .ARM.attributes
                0x0000000000000592       0x32 /usr/lib/gcc/arm-none-eabi/7.1.0/../../../../arm-none-eabi/lib/thumb/v7e-m/fpv4-sp/softfp/libg.a(lib_a-__call_atexit.o)
 .ARM.attributes
                0x00000000000005c4       0x32 /usr/lib/gcc/arm-none-eabi/7.1.0/../../../../arm-none-eabi/lib/thumb/v7e-m/fpv4-sp/softfp/libnosys.a(_exit.o)
 .ARM.attributes
                0x00000000000005f6       0x32 /usr/lib/gcc/arm-none-eabi/7.1.0/thumb/v7e-m/fpv4-sp/softfp/crtend.o
 .ARM.attributes
                0x0000000000000628       0x22 /usr/lib/gcc/arm-none-eabi/7.1.0/thumb/v7e-m/fpv4-sp/softfp/crtn.o

.comment        0x0000000000000000       0x42
 .comment       0x0000000000000000       0x21 /usr/lib/gcc/arm-none-eabi/7.1.0/thumb/v7e-m/fpv4-sp/softfp/crtbegin.o
                                         0x22 (size before relaxing)
 .comment       0x0000000000000021       0x22 /tmp/ccbrwlVV.o
 .comment       0x0000000000000021       0x22 /tmp/ccLQ1FQg.o
 .comment       0x0000000000000021       0x22 /tmp/ccTHmnWB.o
 .comment       0x0000000000000021       0x22 /tmp/cc6v3FeX.o
 .comment       0x0000000000000021       0x22 /tmp/ccxNHkFi.o
 .comment       0x0000000000000021       0x22 /tmp/ccYV8tcE.o
 .comment       0x0000000000000021       0x22 /tmp/ccnJXPVZ.o
 .comment       0x0000000000000021       0x22 /tmp/ccAfArCH.o
 .comment       0x0000000000000021       0x22 /tmp/cc7oiOR3.o
 .comment       0x0000000000000021       0x22 /tmp/cco0zGiq.o
 .comment       0x0000000000000021       0x22 /tmp/ccpYwAXM.o
 .comment       0x0000000000000021       0x22 /tmp/ccFGX7W9.o
 .comment       0x0000000000000021       0x22 /tmp/ccoDGsax.o
 .comment       0x0000000000000021       0x22 /tmp/ccD6BZSU.o
 .comment       0x0000000000000021       0x22 /tmp/ccU6neVi.o
 .comment       0x0000000000000021       0x21 /usr/lib/gcc/arm-none-eabi/7.1.0/../../../../arm-none-eabi/lib/thumb/v7e-m/fpv4-sp/softfp/libg.a(lib_a-atexit.o)
                                         0x22 (size before relaxing)
 .comment       0x0000000000000042       0x22 /usr/lib/gcc/arm-none-eabi/7.1.0/../../../../arm-none-eabi/lib/thumb/v7e-m/fpv4-sp/softfp/libg.a(lib_a-exit.o)
 .comment       0x0000000000000042       0x22 /usr/lib/gcc/arm-none-eabi/7.1.0/../../../../arm-none-eabi/lib/thumb/v7e-m/fpv4-sp/softfp/libg.a(lib_a-fini.o)
 .comment       0x0000000000000042       0x22 /usr/lib/gcc/arm-none-eabi/7.1.0/../../../../arm-none-eabi/lib/thumb/v7e-m/fpv4-sp/softfp/libg.a(lib_a-impure.o)
 .comment       0x0000000000000042       0x22 /usr/lib/gcc/arm-none-eabi/7.1.0/../../../../arm-none-eabi/lib/thumb/v7e-m/fpv4-sp/softfp/libg.a(lib_a-init.o)
 .comment       0x0000000000000042       0x22 /usr/lib/gcc/arm-none-eabi/7.1.0/../../../../arm-none-eabi/lib/thumb/v7e-m/fpv4-sp/softfp/libg.a(lib_a-memset.o)
 .comment       0x0000000000000042       0x22 /usr/lib/gcc/arm-none-eabi/7.1.0/../../../../arm-none-eabi/lib/thumb/v7e-m/fpv4-sp/softfp/libg.a(lib_a-__atexit.o)
 .comment       0x0000000000000042       0x22 /usr/lib/gcc/arm-none-eabi/7.1.0/../../../../arm-none-eabi/lib/thumb/v7e-m/fpv4-sp/softfp/libg.a(lib_a-__call_atexit.o)
 .comment       0x0000000000000042       0x22 /usr/lib/gcc/arm-none-eabi/7.1.0/../../../../arm-none-eabi/lib/thumb/v7e-m/fpv4-sp/softfp/libnosys.a(_exit.o)
 .comment       0x0000000000000042       0x22 /usr/lib/gcc/arm-none-eabi/7.1.0/thumb/v7e-m/fpv4-sp/softfp/crtend.o

.debug_line     0x0000000000000000     0x2c2d
 .debug_line    0x0000000000000000       0x84 /usr/lib/gcc/arm-none-eabi/7.1.0/../../../../arm-none-eabi/lib/thumb/v7e-m/fpv4-sp/softfp/crt0.o
 .debug_line    0x0000000000000084      0x22b /tmp/ccbrwlVV.o
 .debug_line    0x00000000000002af      0x1b5 /tmp/ccLQ1FQg.o
 .debug_line    0x0000000000000464      0x186 /tmp/ccTHmnWB.o
 .debug_line    0x00000000000005ea      0x15b /tmp/cc6v3FeX.o
 .debug_line    0x0000000000000745      0x156 /tmp/ccxNHkFi.o
 .debug_line    0x000000000000089b       0xcd /tmp/ccYV8tcE.o
 .debug_line    0x0000000000000968      0x129 /tmp/ccnJXPVZ.o
 .debug_line    0x0000000000000a91       0x72 /tmp/ccUfeNGl.o
 .debug_line    0x0000000000000b03      0x144 /tmp/ccAfArCH.o
 .debug_line    0x0000000000000c47      0x2cc /tmp/cc7oiOR3.o
 .debug_line    0x0000000000000f13      0x177 /tmp/cco0zGiq.o
 .debug_line    0x000000000000108a      0x1d5 /tmp/ccpYwAXM.o
 .debug_line    0x000000000000125f      0x2e1 /tmp/ccFGX7W9.o
 .debug_line    0x0000000000001540      0x14d /tmp/ccoDGsax.o
 .debug_line    0x000000000000168d      0x50c /tmp/ccD6BZSU.o
 .debug_line    0x0000000000001b99      0x284 /tmp/ccU6neVi.o
 .debug_line    0x0000000000001e1d      0x192 /usr/lib/gcc/arm-none-eabi/7.1.0/thumb/v7e-m/fpv4-sp/softfp/libgcc.a(_arm_addsubdf3.o)
 .debug_line    0x0000000000001faf      0x1ab /usr/lib/gcc/arm-none-eabi/7.1.0/thumb/v7e-m/fpv4-sp/softfp/libgcc.a(_arm_muldivdf3.o)
 .debug_line    0x000000000000215a       0x82 /usr/lib/gcc/arm-none-eabi/7.1.0/thumb/v7e-m/fpv4-sp/softfp/libgcc.a(_arm_fixunsdfsi.o)
 .debug_line    0x00000000000021dc      0x147 /usr/lib/gcc/arm-none-eabi/7.1.0/../../../../arm-none-eabi/lib/thumb/v7e-m/fpv4-sp/softfp/libg.a(lib_a-atexit.o)
 .debug_line    0x0000000000002323      0x158 /usr/lib/gcc/arm-none-eabi/7.1.0/../../../../arm-none-eabi/lib/thumb/v7e-m/fpv4-sp/softfp/libg.a(lib_a-exit.o)
 .debug_line    0x000000000000247b       0xa5 /usr/lib/gcc/arm-none-eabi/7.1.0/../../../../arm-none-eabi/lib/thumb/v7e-m/fpv4-sp/softfp/libg.a(lib_a-fini.o)
 .debug_line    0x0000000000002520       0xe7 /usr/lib/gcc/arm-none-eabi/7.1.0/../../../../arm-none-eabi/lib/thumb/v7e-m/fpv4-sp/softfp/libg.a(lib_a-impure.o)
 .debug_line    0x0000000000002607       0xbf /usr/lib/gcc/arm-none-eabi/7.1.0/../../../../arm-none-eabi/lib/thumb/v7e-m/fpv4-sp/softfp/libg.a(lib_a-init.o)
 .debug_line    0x00000000000026c6      0x1de /usr/lib/gcc/arm-none-eabi/7.1.0/../../../../arm-none-eabi/lib/thumb/v7e-m/fpv4-sp/softfp/libg.a(lib_a-memset.o)
 .debug_line    0x00000000000028a4      0x17a /usr/lib/gcc/arm-none-eabi/7.1.0/../../../../arm-none-eabi/lib/thumb/v7e-m/fpv4-sp/softfp/libg.a(lib_a-__atexit.o)
 .debug_line    0x0000000000002a1e      0x1ae /usr/lib/gcc/arm-none-eabi/7.1.0/../../../../arm-none-eabi/lib/thumb/v7e-m/fpv4-sp/softfp/libg.a(lib_a-__call_atexit.o)
 .debug_line    0x0000000000002bcc       0x61 /usr/lib/gcc/arm-none-eabi/7.1.0/../../../../arm-none-eabi/lib/thumb/v7e-m/fpv4-sp/softfp/libnosys.a(_exit.o)

.debug_info     0x0000000000000000     0xd581
 .debug_info    0x0000000000000000       0xb8 /usr/lib/gcc/arm-none-eabi/7.1.0/../../../../arm-none-eabi/lib/thumb/v7e-m/fpv4-sp/softfp/crt0.o
 .debug_info    0x00000000000000b8     0x1261 /tmp/ccbrwlVV.o
 .debug_info    0x0000000000001319      0x92e /tmp/ccLQ1FQg.o
 .debug_info    0x0000000000001c47      0x93f /tmp/ccTHmnWB.o
 .debug_info    0x0000000000002586      0x53e /tmp/cc6v3FeX.o
 .debug_info    0x0000000000002ac4      0x677 /tmp/ccxNHkFi.o
 .debug_info    0x000000000000313b      0x218 /tmp/ccYV8tcE.o
 .debug_info    0x0000000000003353      0x5c6 /tmp/ccnJXPVZ.o
 .debug_info    0x0000000000003919       0x86 /tmp/ccUfeNGl.o
 .debug_info    0x000000000000399f      0x54b /tmp/ccAfArCH.o
 .debug_info    0x0000000000003eea      0xc8d /tmp/cc7oiOR3.o
 .debug_info    0x0000000000004b77      0x356 /tmp/cco0zGiq.o
 .debug_info    0x0000000000004ecd      0x852 /tmp/ccpYwAXM.o
 .debug_info    0x000000000000571f      0xd93 /tmp/ccFGX7W9.o
 .debug_info    0x00000000000064b2      0x2e3 /tmp/ccoDGsax.o
 .debug_info    0x0000000000006795     0x2105 /tmp/ccD6BZSU.o
 .debug_info    0x000000000000889a      0xb9f /tmp/ccU6neVi.o
 .debug_info    0x0000000000009439       0xd7 /usr/lib/gcc/arm-none-eabi/7.1.0/thumb/v7e-m/fpv4-sp/softfp/libgcc.a(_arm_addsubdf3.o)
 .debug_info    0x0000000000009510       0xd7 /usr/lib/gcc/arm-none-eabi/7.1.0/thumb/v7e-m/fpv4-sp/softfp/libgcc.a(_arm_muldivdf3.o)
 .debug_info    0x00000000000095e7       0xd7 /usr/lib/gcc/arm-none-eabi/7.1.0/thumb/v7e-m/fpv4-sp/softfp/libgcc.a(_arm_fixunsdfsi.o)
 .debug_info    0x00000000000096be      0x90c /usr/lib/gcc/arm-none-eabi/7.1.0/../../../../arm-none-eabi/lib/thumb/v7e-m/fpv4-sp/softfp/libg.a(lib_a-atexit.o)
 .debug_info    0x0000000000009fca      0x941 /usr/lib/gcc/arm-none-eabi/7.1.0/../../../../arm-none-eabi/lib/thumb/v7e-m/fpv4-sp/softfp/libg.a(lib_a-exit.o)
 .debug_info    0x000000000000a90b       0xf3 /usr/lib/gcc/arm-none-eabi/7.1.0/../../../../arm-none-eabi/lib/thumb/v7e-m/fpv4-sp/softfp/libg.a(lib_a-fini.o)
 .debug_info    0x000000000000a9fe      0x8a9 /usr/lib/gcc/arm-none-eabi/7.1.0/../../../../arm-none-eabi/lib/thumb/v7e-m/fpv4-sp/softfp/libg.a(lib_a-impure.o)
 .debug_info    0x000000000000b2a7      0x109 /usr/lib/gcc/arm-none-eabi/7.1.0/../../../../arm-none-eabi/lib/thumb/v7e-m/fpv4-sp/softfp/libg.a(lib_a-init.o)
 .debug_info    0x000000000000b3b0      0xe22 /usr/lib/gcc/arm-none-eabi/7.1.0/../../../../arm-none-eabi/lib/thumb/v7e-m/fpv4-sp/softfp/libg.a(lib_a-memset.o)
 .debug_info    0x000000000000c1d2      0x955 /usr/lib/gcc/arm-none-eabi/7.1.0/../../../../arm-none-eabi/lib/thumb/v7e-m/fpv4-sp/softfp/libg.a(lib_a-__atexit.o)
 .debug_info    0x000000000000cb27      0x9c0 /usr/lib/gcc/arm-none-eabi/7.1.0/../../../../arm-none-eabi/lib/thumb/v7e-m/fpv4-sp/softfp/libg.a(lib_a-__call_atexit.o)
 .debug_info    0x000000000000d4e7       0x9a /usr/lib/gcc/arm-none-eabi/7.1.0/../../../../arm-none-eabi/lib/thumb/v7e-m/fpv4-sp/softfp/libnosys.a(_exit.o)

.debug_abbrev   0x0000000000000000     0x27bf
 .debug_abbrev  0x0000000000000000       0x14 /usr/lib/gcc/arm-none-eabi/7.1.0/../../../../arm-none-eabi/lib/thumb/v7e-m/fpv4-sp/softfp/crt0.o
 .debug_abbrev  0x0000000000000014      0x1bf /tmp/ccbrwlVV.o
 .debug_abbrev  0x00000000000001d3      0x20a /tmp/ccLQ1FQg.o
 .debug_abbrev  0x00000000000003dd      0x1fc /tmp/ccTHmnWB.o
 .debug_abbrev  0x00000000000005d9      0x17c /tmp/cc6v3FeX.o
 .debug_abbrev  0x0000000000000755      0x17e /tmp/ccxNHkFi.o
 .debug_abbrev  0x00000000000008d3      0x135 /tmp/ccYV8tcE.o
 .debug_abbrev  0x0000000000000a08      0x140 /tmp/ccnJXPVZ.o
 .debug_abbrev  0x0000000000000b48       0x12 /tmp/ccUfeNGl.o
 .debug_abbrev  0x0000000000000b5a      0x183 /tmp/ccAfArCH.o
 .debug_abbrev  0x0000000000000cdd      0x1e8 /tmp/cc7oiOR3.o
 .debug_abbrev  0x0000000000000ec5      0x1de /tmp/cco0zGiq.o
 .debug_abbrev  0x00000000000010a3      0x1f7 /tmp/ccpYwAXM.o
 .debug_abbrev  0x000000000000129a      0x1f7 /tmp/ccFGX7W9.o
 .debug_abbrev  0x0000000000001491      0x174 /tmp/ccoDGsax.o
 .debug_abbrev  0x0000000000001605      0x1d3 /tmp/ccD6BZSU.o
 .debug_abbrev  0x00000000000017d8      0x1ce /tmp/ccU6neVi.o
 .debug_abbrev  0x00000000000019a6       0x14 /usr/lib/gcc/arm-none-eabi/7.1.0/thumb/v7e-m/fpv4-sp/softfp/libgcc.a(_arm_addsubdf3.o)
 .debug_abbrev  0x00000000000019ba       0x14 /usr/lib/gcc/arm-none-eabi/7.1.0/thumb/v7e-m/fpv4-sp/softfp/libgcc.a(_arm_muldivdf3.o)
 .debug_abbrev  0x00000000000019ce       0x14 /usr/lib/gcc/arm-none-eabi/7.1.0/thumb/v7e-m/fpv4-sp/softfp/libgcc.a(_arm_fixunsdfsi.o)
 .debug_abbrev  0x00000000000019e2      0x201 /usr/lib/gcc/arm-none-eabi/7.1.0/../../../../arm-none-eabi/lib/thumb/v7e-m/fpv4-sp/softfp/libg.a(lib_a-atexit.o)
 .debug_abbrev  0x0000000000001be3      0x1f0 /usr/lib/gcc/arm-none-eabi/7.1.0/../../../../arm-none-eabi/lib/thumb/v7e-m/fpv4-sp/softfp/libg.a(lib_a-exit.o)
 .debug_abbrev  0x0000000000001dd3       0xbd /usr/lib/gcc/arm-none-eabi/7.1.0/../../../../arm-none-eabi/lib/thumb/v7e-m/fpv4-sp/softfp/libg.a(lib_a-fini.o)
 .debug_abbrev  0x0000000000001e90      0x192 /usr/lib/gcc/arm-none-eabi/7.1.0/../../../../arm-none-eabi/lib/thumb/v7e-m/fpv4-sp/softfp/libg.a(lib_a-impure.o)
 .debug_abbrev  0x0000000000002022       0xba /usr/lib/gcc/arm-none-eabi/7.1.0/../../../../arm-none-eabi/lib/thumb/v7e-m/fpv4-sp/softfp/libg.a(lib_a-init.o)
 .debug_abbrev  0x00000000000020dc      0x1de /usr/lib/gcc/arm-none-eabi/7.1.0/../../../../arm-none-eabi/lib/thumb/v7e-m/fpv4-sp/softfp/libg.a(lib_a-memset.o)
 .debug_abbrev  0x00000000000022ba      0x22b /usr/lib/gcc/arm-none-eabi/7.1.0/../../../../arm-none-eabi/lib/thumb/v7e-m/fpv4-sp/softfp/libg.a(lib_a-__atexit.o)
 .debug_abbrev  0x00000000000024e5      0x279 /usr/lib/gcc/arm-none-eabi/7.1.0/../../../../arm-none-eabi/lib/thumb/v7e-m/fpv4-sp/softfp/libg.a(lib_a-__call_atexit.o)
 .debug_abbrev  0x000000000000275e       0x61 /usr/lib/gcc/arm-none-eabi/7.1.0/../../../../arm-none-eabi/lib/thumb/v7e-m/fpv4-sp/softfp/libnosys.a(_exit.o)

.debug_aranges  0x0000000000000000      0x3a8
 .debug_aranges
                0x0000000000000000       0x20 /usr/lib/gcc/arm-none-eabi/7.1.0/../../../../arm-none-eabi/lib/thumb/v7e-m/fpv4-sp/softfp/crt0.o
 .debug_aranges
                0x0000000000000020       0x20 /tmp/ccbrwlVV.o
 .debug_aranges
                0x0000000000000040       0x20 /tmp/ccLQ1FQg.o
 .debug_aranges
                0x0000000000000060       0x20 /tmp/ccTHmnWB.o
 .debug_aranges
                0x0000000000000080       0x20 /tmp/cc6v3FeX.o
 .debug_aranges
                0x00000000000000a0       0x20 /tmp/ccxNHkFi.o
 .debug_aranges
                0x00000000000000c0       0x20 /tmp/ccYV8tcE.o
 .debug_aranges
                0x00000000000000e0       0x20 /tmp/ccnJXPVZ.o
 .debug_aranges
                0x0000000000000100       0x28 /tmp/ccUfeNGl.o
 .debug_aranges
                0x0000000000000128       0x20 /tmp/ccAfArCH.o
 .debug_aranges
                0x0000000000000148       0x20 /tmp/cc7oiOR3.o
 .debug_aranges
                0x0000000000000168       0x20 /tmp/cco0zGiq.o
 .debug_aranges
                0x0000000000000188       0x20 /tmp/ccpYwAXM.o
 .debug_aranges
                0x00000000000001a8       0x20 /tmp/ccFGX7W9.o
 .debug_aranges
                0x00000000000001c8       0x20 /tmp/ccoDGsax.o
 .debug_aranges
                0x00000000000001e8       0x20 /tmp/ccD6BZSU.o
 .debug_aranges
                0x0000000000000208       0x20 /tmp/ccU6neVi.o
 .debug_aranges
                0x0000000000000228       0x20 /usr/lib/gcc/arm-none-eabi/7.1.0/thumb/v7e-m/fpv4-sp/softfp/libgcc.a(_arm_addsubdf3.o)
 .debug_aranges
                0x0000000000000248       0x20 /usr/lib/gcc/arm-none-eabi/7.1.0/thumb/v7e-m/fpv4-sp/softfp/libgcc.a(_arm_muldivdf3.o)
 .debug_aranges
                0x0000000000000268       0x20 /usr/lib/gcc/arm-none-eabi/7.1.0/thumb/v7e-m/fpv4-sp/softfp/libgcc.a(_arm_fixunsdfsi.o)
 .debug_aranges
                0x0000000000000288       0x20 /usr/lib/gcc/arm-none-eabi/7.1.0/../../../../arm-none-eabi/lib/thumb/v7e-m/fpv4-sp/softfp/libg.a(lib_a-atexit.o)
 .debug_aranges
                0x00000000000002a8       0x20 /usr/lib/gcc/arm-none-eabi/7.1.0/../../../../arm-none-eabi/lib/thumb/v7e-m/fpv4-sp/softfp/libg.a(lib_a-exit.o)
 .debug_aranges
                0x00000000000002c8       0x20 /usr/lib/gcc/arm-none-eabi/7.1.0/../../../../arm-none-eabi/lib/thumb/v7e-m/fpv4-sp/softfp/libg.a(lib_a-fini.o)
 .debug_aranges
                0x00000000000002e8       0x18 /usr/lib/gcc/arm-none-eabi/7.1.0/../../../../arm-none-eabi/lib/thumb/v7e-m/fpv4-sp/softfp/libg.a(lib_a-impure.o)
 .debug_aranges
                0x0000000000000300       0x20 /usr/lib/gcc/arm-none-eabi/7.1.0/../../../../arm-none-eabi/lib/thumb/v7e-m/fpv4-sp/softfp/libg.a(lib_a-init.o)
 .debug_aranges
                0x0000000000000320       0x20 /usr/lib/gcc/arm-none-eabi/7.1.0/../../../../arm-none-eabi/lib/thumb/v7e-m/fpv4-sp/softfp/libg.a(lib_a-memset.o)
 .debug_aranges
                0x0000000000000340       0x20 /usr/lib/gcc/arm-none-eabi/7.1.0/../../../../arm-none-eabi/lib/thumb/v7e-m/fpv4-sp/softfp/libg.a(lib_a-__atexit.o)
 .debug_aranges
                0x0000000000000360       0x28 /usr/lib/gcc/arm-none-eabi/7.1.0/../../../../arm-none-eabi/lib/thumb/v7e-m/fpv4-sp/softfp/libg.a(lib_a-__call_atexit.o)
 .debug_aranges
                0x0000000000000388       0x20 /usr/lib/gcc/arm-none-eabi/7.1.0/../../../../arm-none-eabi/lib/thumb/v7e-m/fpv4-sp/softfp/libnosys.a(_exit.o)

.debug_loc      0x0000000000000000     0x4982
 .debug_loc     0x0000000000000000       0xa6 /tmp/ccbrwlVV.o
 .debug_loc     0x00000000000000a6      0x233 /tmp/ccLQ1FQg.o
 .debug_loc     0x00000000000002d9       0x7c /tmp/ccTHmnWB.o
 .debug_loc     0x0000000000000355       0x18 /tmp/cc6v3FeX.o
 .debug_loc     0x000000000000036d      0x299 /tmp/ccxNHkFi.o
 .debug_loc     0x0000000000000606      0x106 /tmp/ccYV8tcE.o
 .debug_loc     0x000000000000070c      0x13e /tmp/ccnJXPVZ.o
 .debug_loc     0x000000000000084a      0x128 /tmp/ccAfArCH.o
 .debug_loc     0x0000000000000972      0x919 /tmp/cc7oiOR3.o
 .debug_loc     0x000000000000128b      0x144 /tmp/cco0zGiq.o
 .debug_loc     0x00000000000013cf      0x3db /tmp/ccpYwAXM.o
 .debug_loc     0x00000000000017aa      0xa90 /tmp/ccFGX7W9.o
 .debug_loc     0x000000000000223a       0x9b /tmp/ccoDGsax.o
 .debug_loc     0x00000000000022d5     0x18f5 /tmp/ccD6BZSU.o
 .debug_loc     0x0000000000003bca      0x7fc /tmp/ccU6neVi.o
 .debug_loc     0x00000000000043c6       0x2c /usr/lib/gcc/arm-none-eabi/7.1.0/../../../../arm-none-eabi/lib/thumb/v7e-m/fpv4-sp/softfp/libg.a(lib_a-atexit.o)
 .debug_loc     0x00000000000043f2       0x1e /usr/lib/gcc/arm-none-eabi/7.1.0/../../../../arm-none-eabi/lib/thumb/v7e-m/fpv4-sp/softfp/libg.a(lib_a-exit.o)
 .debug_loc     0x0000000000004410       0x5c /usr/lib/gcc/arm-none-eabi/7.1.0/../../../../arm-none-eabi/lib/thumb/v7e-m/fpv4-sp/softfp/libg.a(lib_a-fini.o)
 .debug_loc     0x000000000000446c       0xa2 /usr/lib/gcc/arm-none-eabi/7.1.0/../../../../arm-none-eabi/lib/thumb/v7e-m/fpv4-sp/softfp/libg.a(lib_a-init.o)
 .debug_loc     0x000000000000450e      0x175 /usr/lib/gcc/arm-none-eabi/7.1.0/../../../../arm-none-eabi/lib/thumb/v7e-m/fpv4-sp/softfp/libg.a(lib_a-memset.o)
 .debug_loc     0x0000000000004683      0x151 /usr/lib/gcc/arm-none-eabi/7.1.0/../../../../arm-none-eabi/lib/thumb/v7e-m/fpv4-sp/softfp/libg.a(lib_a-__atexit.o)
 .debug_loc     0x00000000000047d4      0x1ae /usr/lib/gcc/arm-none-eabi/7.1.0/../../../../arm-none-eabi/lib/thumb/v7e-m/fpv4-sp/softfp/libg.a(lib_a-__call_atexit.o)

.debug_str      0x0000000000000000     0x3cfa
 .debug_str     0x0000000000000000      0xe66 /tmp/ccbrwlVV.o
                                        0xed5 (size before relaxing)
 .debug_str     0x0000000000000e66      0x174 /tmp/ccLQ1FQg.o
                                        0x99b (size before relaxing)
 .debug_str     0x0000000000000fda      0x107 /tmp/ccTHmnWB.o
                                        0x7db (size before relaxing)
 .debug_str     0x00000000000010e1      0x191 /tmp/cc6v3FeX.o
                                        0x42c (size before relaxing)
 .debug_str     0x0000000000001272      0x1c8 /tmp/ccxNHkFi.o
                                        0x387 (size before relaxing)
 .debug_str     0x000000000000143a       0x1f /tmp/ccYV8tcE.o
                                        0x200 (size before relaxing)
 .debug_str     0x0000000000001459      0x160 /tmp/ccnJXPVZ.o
                                        0x3b6 (size before relaxing)
 .debug_str     0x00000000000015b9       0xce /tmp/ccAfArCH.o
                                        0x400 (size before relaxing)
 .debug_str     0x0000000000001687      0x48a /tmp/cc7oiOR3.o
                                        0x84d (size before relaxing)
 .debug_str     0x0000000000001b11       0xaa /tmp/cco0zGiq.o
                                        0x37e (size before relaxing)
 .debug_str     0x0000000000001bbb      0x175 /tmp/ccpYwAXM.o
                                        0x4e9 (size before relaxing)
 .debug_str     0x0000000000001d30      0x580 /tmp/ccFGX7W9.o
                                        0x93e (size before relaxing)
 .debug_str     0x00000000000022b0      0x143 /tmp/ccoDGsax.o
                                        0x357 (size before relaxing)
 .debug_str     0x00000000000023f3      0x8f7 /tmp/ccD6BZSU.o
                                        0xe30 (size before relaxing)
 .debug_str     0x0000000000002cea      0x33f /tmp/ccU6neVi.o
                                        0x701 (size before relaxing)
 .debug_str     0x0000000000003029      0x54e /usr/lib/gcc/arm-none-eabi/7.1.0/../../../../arm-none-eabi/lib/thumb/v7e-m/fpv4-sp/softfp/libg.a(lib_a-atexit.o)
                                        0x62c (size before relaxing)
 .debug_str     0x0000000000003577       0x72 /usr/lib/gcc/arm-none-eabi/7.1.0/../../../../arm-none-eabi/lib/thumb/v7e-m/fpv4-sp/softfp/libg.a(lib_a-exit.o)
                                        0x62d (size before relaxing)
 .debug_str     0x00000000000035e9       0xda /usr/lib/gcc/arm-none-eabi/7.1.0/../../../../arm-none-eabi/lib/thumb/v7e-m/fpv4-sp/softfp/libg.a(lib_a-fini.o)
                                        0x23b (size before relaxing)
 .debug_str     0x00000000000036c3       0xad /usr/lib/gcc/arm-none-eabi/7.1.0/../../../../arm-none-eabi/lib/thumb/v7e-m/fpv4-sp/softfp/libg.a(lib_a-impure.o)
                                        0x5e1 (size before relaxing)
 .debug_str     0x0000000000003770       0x93 /usr/lib/gcc/arm-none-eabi/7.1.0/../../../../arm-none-eabi/lib/thumb/v7e-m/fpv4-sp/softfp/libg.a(lib_a-init.o)
                                        0x265 (size before relaxing)
 .debug_str     0x0000000000003803      0x322 /usr/lib/gcc/arm-none-eabi/7.1.0/../../../../arm-none-eabi/lib/thumb/v7e-m/fpv4-sp/softfp/libg.a(lib_a-memset.o)
                                        0x90e (size before relaxing)
 .debug_str     0x0000000000003b25       0x4c /usr/lib/gcc/arm-none-eabi/7.1.0/../../../../arm-none-eabi/lib/thumb/v7e-m/fpv4-sp/softfp/libg.a(lib_a-__atexit.o)
                                        0x646 (size before relaxing)
 .debug_str     0x0000000000003b71       0x6b /usr/lib/gcc/arm-none-eabi/7.1.0/../../../../arm-none-eabi/lib/thumb/v7e-m/fpv4-sp/softfp/libg.a(lib_a-__call_atexit.o)
                                        0x657 (size before relaxing)
 .debug_str     0x0000000000003bdc      0x11e /usr/lib/gcc/arm-none-eabi/7.1.0/../../../../arm-none-eabi/lib/thumb/v7e-m/fpv4-sp/softfp/libnosys.a(_exit.o)
                                        0x1b4 (size before relaxing)

.debug_frame    0x0000000000000000     0x1994
 .debug_frame   0x0000000000000000      0x170 /tmp/ccbrwlVV.o
 .debug_frame   0x0000000000000170       0x84 /tmp/ccLQ1FQg.o
 .debug_frame   0x00000000000001f4       0x28 /tmp/ccTHmnWB.o
 .debug_frame   0x000000000000021c      0x128 /tmp/cc6v3FeX.o
 .debug_frame   0x0000000000000344      0x154 /tmp/ccxNHkFi.o
 .debug_frame   0x0000000000000498       0x6c /tmp/ccYV8tcE.o
 .debug_frame   0x0000000000000504       0x48 /tmp/ccnJXPVZ.o
 .debug_frame   0x000000000000054c       0x60 /tmp/ccAfArCH.o
 .debug_frame   0x00000000000005ac      0x2d4 /tmp/cc7oiOR3.o
 .debug_frame   0x0000000000000880       0xa0 /tmp/cco0zGiq.o
 .debug_frame   0x0000000000000920      0x120 /tmp/ccpYwAXM.o
 .debug_frame   0x0000000000000a40      0x32c /tmp/ccFGX7W9.o
 .debug_frame   0x0000000000000d6c       0x94 /tmp/ccoDGsax.o
 .debug_frame   0x0000000000000e00      0x6cc /tmp/ccD6BZSU.o
 .debug_frame   0x00000000000014cc      0x224 /tmp/ccU6neVi.o
 .debug_frame   0x00000000000016f0       0xac /usr/lib/gcc/arm-none-eabi/7.1.0/thumb/v7e-m/fpv4-sp/softfp/libgcc.a(_arm_addsubdf3.o)
 .debug_frame   0x000000000000179c       0x50 /usr/lib/gcc/arm-none-eabi/7.1.0/thumb/v7e-m/fpv4-sp/softfp/libgcc.a(_arm_muldivdf3.o)
 .debug_frame   0x00000000000017ec       0x24 /usr/lib/gcc/arm-none-eabi/7.1.0/thumb/v7e-m/fpv4-sp/softfp/libgcc.a(_arm_fixunsdfsi.o)
 .debug_frame   0x0000000000001810       0x20 /usr/lib/gcc/arm-none-eabi/7.1.0/../../../../arm-none-eabi/lib/thumb/v7e-m/fpv4-sp/softfp/libg.a(lib_a-atexit.o)
 .debug_frame   0x0000000000001830       0x28 /usr/lib/gcc/arm-none-eabi/7.1.0/../../../../arm-none-eabi/lib/thumb/v7e-m/fpv4-sp/softfp/libg.a(lib_a-exit.o)
 .debug_frame   0x0000000000001858       0x34 /usr/lib/gcc/arm-none-eabi/7.1.0/../../../../arm-none-eabi/lib/thumb/v7e-m/fpv4-sp/softfp/libg.a(lib_a-fini.o)
 .debug_frame   0x000000000000188c       0x2c /usr/lib/gcc/arm-none-eabi/7.1.0/../../../../arm-none-eabi/lib/thumb/v7e-m/fpv4-sp/softfp/libg.a(lib_a-init.o)
 .debug_frame   0x00000000000018b8       0x38 /usr/lib/gcc/arm-none-eabi/7.1.0/../../../../arm-none-eabi/lib/thumb/v7e-m/fpv4-sp/softfp/libg.a(lib_a-memset.o)
 .debug_frame   0x00000000000018f0       0x34 /usr/lib/gcc/arm-none-eabi/7.1.0/../../../../arm-none-eabi/lib/thumb/v7e-m/fpv4-sp/softfp/libg.a(lib_a-__atexit.o)
 .debug_frame   0x0000000000001924       0x50 /usr/lib/gcc/arm-none-eabi/7.1.0/../../../../arm-none-eabi/lib/thumb/v7e-m/fpv4-sp/softfp/libg.a(lib_a-__call_atexit.o)
 .debug_frame   0x0000000000001974       0x20 /usr/lib/gcc/arm-none-eabi/7.1.0/../../../../arm-none-eabi/lib/thumb/v7e-m/fpv4-sp/softfp/libnosys.a(_exit.o)

.debug_ranges   0x0000000000000000      0x160
 .debug_ranges  0x0000000000000000       0x48 /tmp/ccLQ1FQg.o
 .debug_ranges  0x0000000000000048       0x48 /tmp/ccxNHkFi.o
 .debug_ranges  0x0000000000000090       0x20 /tmp/ccUfeNGl.o
 .debug_ranges  0x00000000000000b0       0x10 /usr/lib/gcc/arm-none-eabi/7.1.0/../../../../arm-none-eabi/lib/thumb/v7e-m/fpv4-sp/softfp/libg.a(lib_a-atexit.o)
 .debug_ranges  0x00000000000000c0       0x10 /usr/lib/gcc/arm-none-eabi/7.1.0/../../../../arm-none-eabi/lib/thumb/v7e-m/fpv4-sp/softfp/libg.a(lib_a-exit.o)
 .debug_ranges  0x00000000000000d0       0x10 /usr/lib/gcc/arm-none-eabi/7.1.0/../../../../arm-none-eabi/lib/thumb/v7e-m/fpv4-sp/softfp/libg.a(lib_a-fini.o)
 .debug_ranges  0x00000000000000e0       0x10 /usr/lib/gcc/arm-none-eabi/7.1.0/../../../../arm-none-eabi/lib/thumb/v7e-m/fpv4-sp/softfp/libg.a(lib_a-init.o)
 .debug_ranges  0x00000000000000f0       0x10 /usr/lib/gcc/arm-none-eabi/7.1.0/../../../../arm-none-eabi/lib/thumb/v7e-m/fpv4-sp/softfp/libg.a(lib_a-memset.o)
 .debug_ranges  0x0000000000000100       0x10 /usr/lib/gcc/arm-none-eabi/7.1.0/../../../../arm-none-eabi/lib/thumb/v7e-m/fpv4-sp/softfp/libg.a(lib_a-__atexit.o)
 .debug_ranges  0x0000000000000110       0x40 /usr/lib/gcc/arm-none-eabi/7.1.0/../../../../arm-none-eabi/lib/thumb/v7e-m/fpv4-sp/softfp/libg.a(lib_a-__call_atexit.o)
 .debug_ranges  0x0000000000000150       0x10 /usr/lib/gcc/arm-none-eabi/7.1.0/../../../../arm-none-eabi/lib/thumb/v7e-m/fpv4-sp/softfp/libnosys.a(_exit.o)

Cross Reference Table

Symbol                                            File
ADC_AnalogWatchdogCmd                             /tmp/cc7oiOR3.o
ADC_AnalogWatchdogSingleChannelConfig             /tmp/cc7oiOR3.o
ADC_AnalogWatchdogThresholdsConfig                /tmp/cc7oiOR3.o
ADC_AutoInjectedConvCmd                           /tmp/cc7oiOR3.o
ADC_ClearFlag                                     /tmp/cc7oiOR3.o
ADC_ClearITPendingBit                             /tmp/cc7oiOR3.o
ADC_Cmd                                           /tmp/cc7oiOR3.o
                                                  /tmp/ccTHmnWB.o
ADC_CommonInit                                    /tmp/cc7oiOR3.o
                                                  /tmp/ccbrwlVV.o
ADC_CommonStructInit                              /tmp/cc7oiOR3.o
ADC_ContinuousModeCmd                             /tmp/cc7oiOR3.o
ADC_DMACmd                                        /tmp/cc7oiOR3.o
ADC_DMARequestAfterLastTransferCmd                /tmp/cc7oiOR3.o
ADC_DeInit                                        /tmp/cc7oiOR3.o
ADC_DiscModeChannelCountConfig                    /tmp/cc7oiOR3.o
ADC_DiscModeCmd                                   /tmp/cc7oiOR3.o
ADC_EOCOnEachRegularChannelCmd                    /tmp/cc7oiOR3.o
ADC_ExternalTrigInjectedConvConfig                /tmp/cc7oiOR3.o
ADC_ExternalTrigInjectedConvEdgeConfig            /tmp/cc7oiOR3.o
ADC_GetConversionValue                            /tmp/cc7oiOR3.o
                                                  /tmp/ccbrwlVV.o
ADC_GetFlagStatus                                 /tmp/cc7oiOR3.o
                                                  /tmp/ccbrwlVV.o
ADC_GetITStatus                                   /tmp/cc7oiOR3.o
ADC_GetInjectedConversionValue                    /tmp/cc7oiOR3.o
ADC_GetMultiModeConversionValue                   /tmp/cc7oiOR3.o
ADC_GetSoftwareStartConvStatus                    /tmp/cc7oiOR3.o
ADC_GetSoftwareStartInjectedConvCmdStatus         /tmp/cc7oiOR3.o
ADC_IRQHandler                                    /tmp/ccUfeNGl.o
ADC_ITConfig                                      /tmp/cc7oiOR3.o
ADC_Init                                          /tmp/cc7oiOR3.o
                                                  /tmp/ccbrwlVV.o
ADC_InjectedChannelConfig                         /tmp/cc7oiOR3.o
ADC_InjectedDiscModeCmd                           /tmp/cc7oiOR3.o
ADC_InjectedSequencerLengthConfig                 /tmp/cc7oiOR3.o
ADC_MultiModeDMARequestAfterLastTransferCmd       /tmp/cc7oiOR3.o
[...]
TIM_OC2NPolarityConfig                            /tmp/ccD6BZSU.o
TIM_OC2PolarityConfig                             /tmp/ccD6BZSU.o
TIM_OC2PreloadConfig                              /tmp/ccD6BZSU.o
                                                  /tmp/ccbrwlVV.o
TIM_OC3FastConfig                                 /tmp/ccD6BZSU.o
TIM_OC3Init                                       /tmp/ccD6BZSU.o
                                                  /tmp/ccbrwlVV.o
TIM_OC3NPolarityConfig                            /tmp/ccD6BZSU.o
TIM_OC3PolarityConfig                             /tmp/ccD6BZSU.o
TIM_OC3PreloadConfig                              /tmp/ccD6BZSU.o
                                                  /tmp/ccbrwlVV.o
TIM_OC4FastConfig                                 /tmp/ccD6BZSU.o
TIM_OC4Init                                       /tmp/ccD6BZSU.o
                                                  /tmp/ccbrwlVV.o
TIM_OC4PolarityConfig                             /tmp/ccD6BZSU.o
TIM_OC4PreloadConfig                              /tmp/ccD6BZSU.o
                                                  /tmp/ccbrwlVV.o
TIM_OCStructInit                                  /tmp/ccD6BZSU.o
TIM_PWMIConfig                                    /tmp/ccD6BZSU.o
TIM_PrescalerConfig                               /tmp/ccD6BZSU.o
TIM_RemapConfig                                   /tmp/ccD6BZSU.o
TIM_SelectCCDMA                                   /tmp/ccD6BZSU.o
TIM_SelectCOM                                     /tmp/ccD6BZSU.o
TIM_SelectHallSensor                              /tmp/ccD6BZSU.o
TIM_SelectInputTrigger                            /tmp/ccD6BZSU.o
TIM_SelectMasterSlaveMode                         /tmp/ccD6BZSU.o
TIM_SelectOCxM                                    /tmp/ccD6BZSU.o
TIM_SelectOnePulseMode                            /tmp/ccD6BZSU.o
TIM_SelectOutputTrigger                           /tmp/ccD6BZSU.o
TIM_SelectSlaveMode                               /tmp/ccD6BZSU.o
TIM_SetAutoreload                                 /tmp/ccD6BZSU.o
TIM_SetClockDivision                              /tmp/ccD6BZSU.o
TIM_SetCompare1                                   /tmp/ccD6BZSU.o
TIM_SetCompare2                                   /tmp/ccD6BZSU.o
TIM_SetCompare3                                   /tmp/ccD6BZSU.o
TIM_SetCompare4                                   /tmp/ccD6BZSU.o
TIM_SetCounter                                    /tmp/ccD6BZSU.o
TIM_SetIC1Prescaler                               /tmp/ccD6BZSU.o
TIM_SetIC2Prescaler                               /tmp/ccD6BZSU.o
TIM_SetIC3Prescaler                               /tmp/ccD6BZSU.o
TIM_SetIC4Prescaler                               /tmp/ccD6BZSU.o
TIM_TIxExternalClockConfig                        /tmp/ccD6BZSU.o
TIM_TimeBaseInit                                  /tmp/ccD6BZSU.o
                                                  /tmp/ccbrwlVV.o
TIM_TimeBaseStructInit                            /tmp/ccD6BZSU.o
TIM_UpdateDisableConfig                           /tmp/ccD6BZSU.o
TIM_UpdateRequestConfig                           /tmp/ccD6BZSU.o
USART1_IRQHandler                                 /tmp/ccUfeNGl.o
USART2_IRQHandler                                 /tmp/ccUfeNGl.o
USART6_IRQHandler                                 /tmp/ccUfeNGl.o
USART_ClearFlag                                   /tmp/ccU6neVi.o
USART_ClearITPendingBit                           /tmp/ccU6neVi.o
USART_ClockInit                                   /tmp/ccU6neVi.o
USART_ClockStructInit                             /tmp/ccU6neVi.o
USART_Cmd                                         /tmp/ccU6neVi.o
                                                  /tmp/ccLQ1FQg.o
USART_DMACmd                                      /tmp/ccU6neVi.o
USART_DeInit                                      /tmp/ccU6neVi.o
USART_GetFlagStatus                               /tmp/ccU6neVi.o
                                                  /tmp/ccLQ1FQg.o
USART_GetITStatus                                 /tmp/ccU6neVi.o
USART_HalfDuplexCmd                               /tmp/ccU6neVi.o
USART_ITConfig                                    /tmp/ccU6neVi.o
                                                  /tmp/ccLQ1FQg.o
USART_Init                                        /tmp/ccU6neVi.o
                                                  /tmp/ccLQ1FQg.o
USART_IrDACmd                                     /tmp/ccU6neVi.o
USART_IrDAConfig                                  /tmp/ccU6neVi.o
USART_LINBreakDetectLengthConfig                  /tmp/ccU6neVi.o
USART_LINCmd                                      /tmp/ccU6neVi.o
USART_OneBitMethodCmd                             /tmp/ccU6neVi.o
USART_OverSampling8Cmd                            /tmp/ccU6neVi.o
USART_ReceiveData                                 /tmp/ccU6neVi.o
USART_ReceiverWakeUpCmd                           /tmp/ccU6neVi.o
USART_SendBreak                                   /tmp/ccU6neVi.o
USART_SendData                                    /tmp/ccU6neVi.o
                                                  /tmp/ccLQ1FQg.o
USART_SetAddress                                  /tmp/ccU6neVi.o
USART_SetGuardTime                                /tmp/ccU6neVi.o
USART_SetPrescaler                                /tmp/ccU6neVi.o
USART_SmartCardCmd                                /tmp/ccU6neVi.o
USART_SmartCardNACKCmd                            /tmp/ccU6neVi.o
USART_StructInit                                  /tmp/ccU6neVi.o
USART_WakeUpConfig                                /tmp/ccU6neVi.o
UsageFault_Handler                                /tmp/cc6v3FeX.o
WWDG_IRQHandler                                   /tmp/ccUfeNGl.o
_ITM_deregisterTMCloneTable                       /usr/lib/gcc/arm-none-eabi/7.1.0/thumb/v7e-m/fpv4-sp/softfp/crtbegin.o
_ITM_registerTMCloneTable                         /usr/lib/gcc/arm-none-eabi/7.1.0/thumb/v7e-m/fpv4-sp/softfp/crtbegin.o
__TMC_END__                                       /usr/lib/gcc/arm-none-eabi/7.1.0/thumb/v7e-m/fpv4-sp/softfp/crtend.o
                                                  /usr/lib/gcc/arm-none-eabi/7.1.0/thumb/v7e-m/fpv4-sp/softfp/crtbegin.o
__adddf3                                          /usr/lib/gcc/arm-none-eabi/7.1.0/thumb/v7e-m/fpv4-sp/softfp/libgcc.a(_arm_addsubdf3.o)
__aeabi_d2uiz                                     /usr/lib/gcc/arm-none-eabi/7.1.0/thumb/v7e-m/fpv4-sp/softfp/libgcc.a(_arm_fixunsdfsi.o)
                                                  /tmp/ccTHmnWB.o
__aeabi_dadd                                      /usr/lib/gcc/arm-none-eabi/7.1.0/thumb/v7e-m/fpv4-sp/softfp/libgcc.a(_arm_addsubdf3.o)
__aeabi_ddiv                                      /usr/lib/gcc/arm-none-eabi/7.1.0/thumb/v7e-m/fpv4-sp/softfp/libgcc.a(_arm_muldivdf3.o)
__aeabi_dmul                                      /usr/lib/gcc/arm-none-eabi/7.1.0/thumb/v7e-m/fpv4-sp/softfp/libgcc.a(_arm_muldivdf3.o)
                                                  /tmp/ccTHmnWB.o
__aeabi_drsub                                     /usr/lib/gcc/arm-none-eabi/7.1.0/thumb/v7e-m/fpv4-sp/softfp/libgcc.a(_arm_addsubdf3.o)
__aeabi_dsub                                      /usr/lib/gcc/arm-none-eabi/7.1.0/thumb/v7e-m/fpv4-sp/softfp/libgcc.a(_arm_addsubdf3.o)
__aeabi_f2d                                       /usr/lib/gcc/arm-none-eabi/7.1.0/thumb/v7e-m/fpv4-sp/softfp/libgcc.a(_arm_addsubdf3.o)
__aeabi_i2d                                       /usr/lib/gcc/arm-none-eabi/7.1.0/thumb/v7e-m/fpv4-sp/softfp/libgcc.a(_arm_addsubdf3.o)
                                                  /tmp/ccTHmnWB.o
__aeabi_l2d                                       /usr/lib/gcc/arm-none-eabi/7.1.0/thumb/v7e-m/fpv4-sp/softfp/libgcc.a(_arm_addsubdf3.o)
__aeabi_ui2d                                      /usr/lib/gcc/arm-none-eabi/7.1.0/thumb/v7e-m/fpv4-sp/softfp/libgcc.a(_arm_addsubdf3.o)
__aeabi_ul2d                                      /usr/lib/gcc/arm-none-eabi/7.1.0/thumb/v7e-m/fpv4-sp/softfp/libgcc.a(_arm_addsubdf3.o)
__bss_end__                                       /usr/lib/gcc/arm-none-eabi/7.1.0/../../../../arm-none-eabi/lib/thumb/v7e-m/fpv4-sp/softfp/crt0.o
__bss_start__                                     /usr/lib/gcc/arm-none-eabi/7.1.0/../../../../arm-none-eabi/lib/thumb/v7e-m/fpv4-sp/softfp/crt0.o
__call_exitprocs                                  /usr/lib/gcc/arm-none-eabi/7.1.0/../../../../arm-none-eabi/lib/thumb/v7e-m/fpv4-sp/softfp/libg.a(lib_a-__call_atexit.o)
                                                  /usr/lib/gcc/arm-none-eabi/7.1.0/../../../../arm-none-eabi/lib/thumb/v7e-m/fpv4-sp/softfp/libg.a(lib_a-exit.o)
__deregister_frame_info                           /usr/lib/gcc/arm-none-eabi/7.1.0/thumb/v7e-m/fpv4-sp/softfp/crtbegin.o
__divdf3                                          /usr/lib/gcc/arm-none-eabi/7.1.0/thumb/v7e-m/fpv4-sp/softfp/libgcc.a(_arm_muldivdf3.o)
__dso_handle                                      /usr/lib/gcc/arm-none-eabi/7.1.0/thumb/v7e-m/fpv4-sp/softfp/crtbegin.o
__extendsfdf2                                     /usr/lib/gcc/arm-none-eabi/7.1.0/thumb/v7e-m/fpv4-sp/softfp/libgcc.a(_arm_addsubdf3.o)
__fini_array_end                                  /usr/lib/gcc/arm-none-eabi/7.1.0/../../../../arm-none-eabi/lib/thumb/v7e-m/fpv4-sp/softfp/libg.a(lib_a-fini.o)
__fini_array_start                                /usr/lib/gcc/arm-none-eabi/7.1.0/../../../../arm-none-eabi/lib/thumb/v7e-m/fpv4-sp/softfp/libg.a(lib_a-fini.o)
__fixunsdfsi                                      /usr/lib/gcc/arm-none-eabi/7.1.0/thumb/v7e-m/fpv4-sp/softfp/libgcc.a(_arm_fixunsdfsi.o)
__floatdidf                                       /usr/lib/gcc/arm-none-eabi/7.1.0/thumb/v7e-m/fpv4-sp/softfp/libgcc.a(_arm_addsubdf3.o)
__floatsidf                                       /usr/lib/gcc/arm-none-eabi/7.1.0/thumb/v7e-m/fpv4-sp/softfp/libgcc.a(_arm_addsubdf3.o)
__floatundidf                                     /usr/lib/gcc/arm-none-eabi/7.1.0/thumb/v7e-m/fpv4-sp/softfp/libgcc.a(_arm_addsubdf3.o)
__floatunsidf                                     /usr/lib/gcc/arm-none-eabi/7.1.0/thumb/v7e-m/fpv4-sp/softfp/libgcc.a(_arm_addsubdf3.o)
__init_array_end                                  /usr/lib/gcc/arm-none-eabi/7.1.0/../../../../arm-none-eabi/lib/thumb/v7e-m/fpv4-sp/softfp/libg.a(lib_a-init.o)
__init_array_start                                /usr/lib/gcc/arm-none-eabi/7.1.0/../../../../arm-none-eabi/lib/thumb/v7e-m/fpv4-sp/softfp/libg.a(lib_a-init.o)
__libc_fini                                       /usr/lib/gcc/arm-none-eabi/7.1.0/../../../../arm-none-eabi/lib/thumb/v7e-m/fpv4-sp/softfp/libg.a(lib_a-__call_atexit.o)
__libc_fini_array                                 /usr/lib/gcc/arm-none-eabi/7.1.0/../../../../arm-none-eabi/lib/thumb/v7e-m/fpv4-sp/softfp/libg.a(lib_a-fini.o)
                                                  /usr/lib/gcc/arm-none-eabi/7.1.0/../../../../arm-none-eabi/lib/thumb/v7e-m/fpv4-sp/softfp/libg.a(lib_a-__call_atexit.o)
                                                  /usr/lib/gcc/arm-none-eabi/7.1.0/../../../../arm-none-eabi/lib/thumb/v7e-m/fpv4-sp/softfp/crt0.o
__libc_init_array                                 /usr/lib/gcc/arm-none-eabi/7.1.0/../../../../arm-none-eabi/lib/thumb/v7e-m/fpv4-sp/softfp/libg.a(lib_a-init.o)
                                                  /tmp/ccUfeNGl.o
                                                  /usr/lib/gcc/arm-none-eabi/7.1.0/../../../../arm-none-eabi/lib/thumb/v7e-m/fpv4-sp/softfp/crt0.o
__muldf3                                          /usr/lib/gcc/arm-none-eabi/7.1.0/thumb/v7e-m/fpv4-sp/softfp/libgcc.a(_arm_muldivdf3.o)
__preinit_array_end                               /usr/lib/gcc/arm-none-eabi/7.1.0/../../../../arm-none-eabi/lib/thumb/v7e-m/fpv4-sp/softfp/libg.a(lib_a-init.o)
__preinit_array_start                             /usr/lib/gcc/arm-none-eabi/7.1.0/../../../../arm-none-eabi/lib/thumb/v7e-m/fpv4-sp/softfp/libg.a(lib_a-init.o)
__register_exitproc                               /usr/lib/gcc/arm-none-eabi/7.1.0/../../../../arm-none-eabi/lib/thumb/v7e-m/fpv4-sp/softfp/libg.a(lib_a-__atexit.o)
                                                  /usr/lib/gcc/arm-none-eabi/7.1.0/../../../../arm-none-eabi/lib/thumb/v7e-m/fpv4-sp/softfp/libg.a(lib_a-atexit.o)
__register_frame_info                             /usr/lib/gcc/arm-none-eabi/7.1.0/thumb/v7e-m/fpv4-sp/softfp/crtbegin.o
__stack                                           /usr/lib/gcc/arm-none-eabi/7.1.0/../../../../arm-none-eabi/lib/thumb/v7e-m/fpv4-sp/softfp/crt0.o
__subdf3                                          /usr/lib/gcc/arm-none-eabi/7.1.0/thumb/v7e-m/fpv4-sp/softfp/libgcc.a(_arm_addsubdf3.o)
_ebss                                             /tmp/ccUfeNGl.o
_edata                                            /tmp/ccUfeNGl.o
_estack                                           /tmp/ccUfeNGl.o
_exit                                             /usr/lib/gcc/arm-none-eabi/7.1.0/../../../../arm-none-eabi/lib/thumb/v7e-m/fpv4-sp/softfp/libnosys.a(_exit.o)
                                                  /usr/lib/gcc/arm-none-eabi/7.1.0/../../../../arm-none-eabi/lib/thumb/v7e-m/fpv4-sp/softfp/libg.a(lib_a-exit.o)
_fini                                             /usr/lib/gcc/arm-none-eabi/7.1.0/thumb/v7e-m/fpv4-sp/softfp/crti.o
                                                  /usr/lib/gcc/arm-none-eabi/7.1.0/../../../../arm-none-eabi/lib/thumb/v7e-m/fpv4-sp/softfp/libg.a(lib_a-fini.o)
_global_impure_ptr                                /usr/lib/gcc/arm-none-eabi/7.1.0/../../../../arm-none-eabi/lib/thumb/v7e-m/fpv4-sp/softfp/libg.a(lib_a-impure.o)
                                                  /usr/lib/gcc/arm-none-eabi/7.1.0/../../../../arm-none-eabi/lib/thumb/v7e-m/fpv4-sp/softfp/libg.a(lib_a-__call_atexit.o)
                                                  /usr/lib/gcc/arm-none-eabi/7.1.0/../../../../arm-none-eabi/lib/thumb/v7e-m/fpv4-sp/softfp/libg.a(lib_a-__atexit.o)
                                                  /usr/lib/gcc/arm-none-eabi/7.1.0/../../../../arm-none-eabi/lib/thumb/v7e-m/fpv4-sp/softfp/libg.a(lib_a-exit.o)
_impure_ptr                                       /usr/lib/gcc/arm-none-eabi/7.1.0/../../../../arm-none-eabi/lib/thumb/v7e-m/fpv4-sp/softfp/libg.a(lib_a-impure.o)
_init                                             /usr/lib/gcc/arm-none-eabi/7.1.0/thumb/v7e-m/fpv4-sp/softfp/crti.o
                                                  /usr/lib/gcc/arm-none-eabi/7.1.0/../../../../arm-none-eabi/lib/thumb/v7e-m/fpv4-sp/softfp/libg.a(lib_a-init.o)
_mainCRTStartup                                   /usr/lib/gcc/arm-none-eabi/7.1.0/../../../../arm-none-eabi/lib/thumb/v7e-m/fpv4-sp/softfp/crt0.o
_ms_ticks                                         /tmp/cc6v3FeX.o
_sbss                                             /tmp/ccUfeNGl.o
_sdata                                            /tmp/ccUfeNGl.o
_sidata                                           /tmp/ccUfeNGl.o
_start                                            /usr/lib/gcc/arm-none-eabi/7.1.0/../../../../arm-none-eabi/lib/thumb/v7e-m/fpv4-sp/softfp/crt0.o
atexit                                            /usr/lib/gcc/arm-none-eabi/7.1.0/../../../../arm-none-eabi/lib/thumb/v7e-m/fpv4-sp/softfp/libg.a(lib_a-atexit.o)
                                                  /usr/lib/gcc/arm-none-eabi/7.1.0/../../../../arm-none-eabi/lib/thumb/v7e-m/fpv4-sp/softfp/libg.a(lib_a-__call_atexit.o)
                                                  /usr/lib/gcc/arm-none-eabi/7.1.0/../../../../arm-none-eabi/lib/thumb/v7e-m/fpv4-sp/softfp/crt0.o
delay                                             /tmp/cc6v3FeX.o
                                                  /tmp/ccTHmnWB.o
exit                                              /usr/lib/gcc/arm-none-eabi/7.1.0/../../../../arm-none-eabi/lib/thumb/v7e-m/fpv4-sp/softfp/libg.a(lib_a-exit.o)
                                                  /usr/lib/gcc/arm-none-eabi/7.1.0/../../../../arm-none-eabi/lib/thumb/v7e-m/fpv4-sp/softfp/crt0.o
flush_fifo                                        /tmp/ccYV8tcE.o
free                                              /usr/lib/gcc/arm-none-eabi/7.1.0/../../../../arm-none-eabi/lib/thumb/v7e-m/fpv4-sp/softfp/libg.a(lib_a-__call_atexit.o)
g_pfnVectors                                      /tmp/ccUfeNGl.o
get_time                                          /tmp/cc6v3FeX.o
hardware_init_hook                                /usr/lib/gcc/arm-none-eabi/7.1.0/../../../../arm-none-eabi/lib/thumb/v7e-m/fpv4-sp/softfp/crt0.o
ihm07_adc_single_mode_init                        /tmp/ccbrwlVV.o
                                                  /tmp/ccTHmnWB.o
ihm07_adc_single_read_channel                     /tmp/ccbrwlVV.o
                                                  /tmp/ccTHmnWB.o
ihm07_analog_pins_init                            /tmp/ccbrwlVV.o
                                                  /tmp/ccTHmnWB.o
ihm07_hall_interrupt_connection_state             /tmp/ccbrwlVV.o
ihm07_hall_interrupt_init                         /tmp/ccbrwlVV.o
ihm07_hall_pins_init                              /tmp/ccbrwlVV.o
ihm07_hall_read                                   /tmp/ccbrwlVV.o
ihm07_hall_state_change_callback                  /tmp/cc6v3FeX.o
ihm07_l6230_pins_init                             /tmp/ccbrwlVV.o
ihm07_led_red_init                                /tmp/ccbrwlVV.o
                                                  /tmp/ccTHmnWB.o
ihm07_pwm_and_pins_init                           /tmp/ccbrwlVV.o
ihm07_pwm_duty_interrupt_callback                 /tmp/cc6v3FeX.o
ihm07_pwm_duty_interrupt_connection_state         /tmp/ccbrwlVV.o
ihm07_pwm_duty_interrupt_init                     /tmp/ccbrwlVV.o
init_fifo                                         /tmp/ccYV8tcE.o
                                                  /tmp/ccxNHkFi.o
main                                              /tmp/ccTHmnWB.o
                                                  /tmp/ccUfeNGl.o
                                                  /usr/lib/gcc/arm-none-eabi/7.1.0/../../../../arm-none-eabi/lib/thumb/v7e-m/fpv4-sp/softfp/crt0.o
malloc                                            /usr/lib/gcc/arm-none-eabi/7.1.0/../../../../arm-none-eabi/lib/thumb/v7e-m/fpv4-sp/softfp/libg.a(lib_a-__atexit.o)
memset                                            /usr/lib/gcc/arm-none-eabi/7.1.0/../../../../arm-none-eabi/lib/thumb/v7e-m/fpv4-sp/softfp/libg.a(lib_a-memset.o)
                                                  /usr/lib/gcc/arm-none-eabi/7.1.0/../../../../arm-none-eabi/lib/thumb/v7e-m/fpv4-sp/softfp/crt0.o
read_fifo                                         /tmp/ccYV8tcE.o
                                                  /tmp/ccxNHkFi.o
safe_memory_copy                                  /tmp/ccxNHkFi.o
serial_driver_init                                /tmp/ccLQ1FQg.o
                                                  /tmp/ccTHmnWB.o
serial_driver_send_buffer_poll                    /tmp/ccLQ1FQg.o
serial_driver_send_byte_poll                      /tmp/ccLQ1FQg.o
                                                  /tmp/ccTHmnWB.o
serial_driver_syscheck                            /tmp/ccLQ1FQg.o
serial_encode                                     /tmp/ccxNHkFi.o
serial_encode_poll                                /tmp/ccxNHkFi.o
serial_flush                                      /tmp/ccxNHkFi.o
serial_init                                       /tmp/ccxNHkFi.o
serial_payload_handler                            /tmp/ccxNHkFi.o
serial_receives_byte                              /tmp/ccxNHkFi.o
serial_send_byte                                  /tmp/ccxNHkFi.o
software_init_hook                                /usr/lib/gcc/arm-none-eabi/7.1.0/../../../../arm-none-eabi/lib/thumb/v7e-m/fpv4-sp/softfp/crt0.o
write_fifo                                        /tmp/ccYV8tcE.o
                                                  /tmp/ccxNHkFi.o
