Archive member included to satisfy reference by file (symbol)

/usr/lib/gcc/arm-none-eabi/7.1.0/../../../../arm-none-eabi/lib/thumb/v7e-m/fpv4-sp/softfp/libg.a(lib_a-atexit.o)
                              /usr/lib/gcc/arm-none-eabi/7.1.0/../../../../arm-none-eabi/lib/thumb/v7e-m/fpv4-sp/softfp/crt0.o (atexit)
/usr/lib/gcc/arm-none-eabi/7.1.0/../../../../arm-none-eabi/lib/thumb/v7e-m/fpv4-sp/softfp/libg.a(lib_a-exit.o)
                              /usr/lib/gcc/arm-none-eabi/7.1.0/../../../../arm-none-eabi/lib/thumb/v7e-m/fpv4-sp/softfp/crt0.o (exit)
/usr/lib/gcc/arm-none-eabi/7.1.0/../../../../arm-none-eabi/lib/thumb/v7e-m/fpv4-sp/softfp/libg.a(lib_a-fini.o)
                              /usr/lib/gcc/arm-none-eabi/7.1.0/../../../../arm-none-eabi/lib/thumb/v7e-m/fpv4-sp/softfp/crt0.o (__libc_fini_array)
/usr/lib/gcc/arm-none-eabi/7.1.0/../../../../arm-none-eabi/lib/thumb/v7e-m/fpv4-sp/softfp/libg.a(lib_a-impure.o)
                              /usr/lib/gcc/arm-none-eabi/7.1.0/../../../../arm-none-eabi/lib/thumb/v7e-m/fpv4-sp/softfp/libg.a(lib_a-exit.o) (_global_impure_ptr)
/usr/lib/gcc/arm-none-eabi/7.1.0/../../../../arm-none-eabi/lib/thumb/v7e-m/fpv4-sp/softfp/libg.a(lib_a-init.o)
                              /usr/lib/gcc/arm-none-eabi/7.1.0/../../../../arm-none-eabi/lib/thumb/v7e-m/fpv4-sp/softfp/crt0.o (__libc_init_array)
/usr/lib/gcc/arm-none-eabi/7.1.0/../../../../arm-none-eabi/lib/thumb/v7e-m/fpv4-sp/softfp/libg.a(lib_a-memset.o)
                              /usr/lib/gcc/arm-none-eabi/7.1.0/../../../../arm-none-eabi/lib/thumb/v7e-m/fpv4-sp/softfp/crt0.o (memset)
/usr/lib/gcc/arm-none-eabi/7.1.0/../../../../arm-none-eabi/lib/thumb/v7e-m/fpv4-sp/softfp/libg.a(lib_a-__atexit.o)
                              /usr/lib/gcc/arm-none-eabi/7.1.0/../../../../arm-none-eabi/lib/thumb/v7e-m/fpv4-sp/softfp/libg.a(lib_a-atexit.o) (__register_exitproc)
/usr/lib/gcc/arm-none-eabi/7.1.0/../../../../arm-none-eabi/lib/thumb/v7e-m/fpv4-sp/softfp/libg.a(lib_a-__call_atexit.o)
                              /usr/lib/gcc/arm-none-eabi/7.1.0/../../../../arm-none-eabi/lib/thumb/v7e-m/fpv4-sp/softfp/libg.a(lib_a-exit.o) (__call_exitprocs)
/usr/lib/gcc/arm-none-eabi/7.1.0/../../../../arm-none-eabi/lib/thumb/v7e-m/fpv4-sp/softfp/libnosys.a(_exit.o)
                              /usr/lib/gcc/arm-none-eabi/7.1.0/../../../../arm-none-eabi/lib/thumb/v7e-m/fpv4-sp/softfp/libg.a(lib_a-exit.o) (_exit)

Allocating common symbols
Common symbol       size              file

_u32                0x4               /tmp/cc6PhcjP.o
_i8                 0x1               /tmp/cc6PhcjP.o
_i16                0x2               /tmp/cc6PhcjP.o
_u16                0x2               /tmp/cc6PhcjP.o
_d                  0x8               /tmp/cc6PhcjP.o
_i32                0x4               /tmp/cc6PhcjP.o
_u8                 0x1               /tmp/cc6PhcjP.o
_i64                0x8               /tmp/cc6PhcjP.o
_f                  0x4               /tmp/cc6PhcjP.o
_u64                0x8               /tmp/cc6PhcjP.o

Memory Configuration

Name             Origin             Length             Attributes
rom              0x0000000008000000 0x0000000000080000 xr
ram              0x0000000020000000 0x0000000000018000 xrw
*default*        0x0000000000000000 0xffffffffffffffff

Linker script and memory map

LOAD /usr/lib/gcc/arm-none-eabi/7.1.0/thumb/v7e-m/fpv4-sp/softfp/crti.o
LOAD /usr/lib/gcc/arm-none-eabi/7.1.0/thumb/v7e-m/fpv4-sp/softfp/crtbegin.o
LOAD /usr/lib/gcc/arm-none-eabi/7.1.0/../../../../arm-none-eabi/lib/thumb/v7e-m/fpv4-sp/softfp/crt0.o
LOAD /tmp/ccr0UnS1.o
LOAD /tmp/ccgUSXSC.o
LOAD /tmp/ccce5vZd.o
LOAD /tmp/cc6PhcjP.o
LOAD /tmp/cclmmuQq.o
LOAD /tmp/ccqkQmt2.o
LOAD /tmp/ccqxi6fE.o
LOAD /tmp/ccxiEvfg.o
LOAD /tmp/ccGoVWfS.o
LOAD /tmp/ccL4Bqsu.o
LOAD /tmp/ccCsYkY6.o
LOAD /tmp/ccBqKdIJ.o
LOAD /tmp/ccX5PoHm.o
LOAD /tmp/ccgM381Z.o
LOAD /tmp/ccefzWAD.o
LOAD /tmp/ccpBmFHh.o
LOAD /tmp/cci5p37V.o
START GROUP
LOAD /usr/lib/gcc/arm-none-eabi/7.1.0/thumb/v7e-m/fpv4-sp/softfp/libgcc.a
LOAD /usr/lib/gcc/arm-none-eabi/7.1.0/../../../../arm-none-eabi/lib/thumb/v7e-m/fpv4-sp/softfp/libg.a
LOAD /usr/lib/gcc/arm-none-eabi/7.1.0/../../../../arm-none-eabi/lib/thumb/v7e-m/fpv4-sp/softfp/libc.a
END GROUP
START GROUP
LOAD /usr/lib/gcc/arm-none-eabi/7.1.0/thumb/v7e-m/fpv4-sp/softfp/libgcc.a
LOAD /usr/lib/gcc/arm-none-eabi/7.1.0/../../../../arm-none-eabi/lib/thumb/v7e-m/fpv4-sp/softfp/libc.a
LOAD /usr/lib/gcc/arm-none-eabi/7.1.0/../../../../arm-none-eabi/lib/thumb/v7e-m/fpv4-sp/softfp/libnosys.a
END GROUP
LOAD /usr/lib/gcc/arm-none-eabi/7.1.0/thumb/v7e-m/fpv4-sp/softfp/crtend.o
LOAD /usr/lib/gcc/arm-none-eabi/7.1.0/thumb/v7e-m/fpv4-sp/softfp/crtn.o

.isr_vector     0x0000000008000000      0x194
 *(.isr_vector)
 .isr_vector    0x0000000008000000      0x194 /tmp/ccGoVWfS.o
                0x0000000008000000                g_pfnVectors
                0x0000000008000194                . = ALIGN (0x4)

.eh_frame       0x0000000008000194        0x4
 .eh_frame      0x0000000008000194        0x0 /usr/lib/gcc/arm-none-eabi/7.1.0/thumb/v7e-m/fpv4-sp/softfp/crtbegin.o
 .eh_frame      0x0000000008000194        0x4 /usr/lib/gcc/arm-none-eabi/7.1.0/thumb/v7e-m/fpv4-sp/softfp/crtend.o

.ARM.extab      0x0000000008000198        0x0
 .ARM.extab     0x0000000008000198        0x0 /usr/lib/gcc/arm-none-eabi/7.1.0/../../../../arm-none-eabi/lib/thumb/v7e-m/fpv4-sp/softfp/crt0.o

.ARM.exidx      0x0000000008000198        0x8
 .ARM.exidx     0x0000000008000198        0x8 /usr/lib/gcc/arm-none-eabi/7.1.0/../../../../arm-none-eabi/lib/thumb/v7e-m/fpv4-sp/softfp/crt0.o

.text           0x00000000080001a0     0x2dc0
 *(.vectors)
 *(.text*)
 .text          0x00000000080001a0        0x0 /usr/lib/gcc/arm-none-eabi/7.1.0/thumb/v7e-m/fpv4-sp/softfp/crti.o
 .text          0x00000000080001a0       0x88 /usr/lib/gcc/arm-none-eabi/7.1.0/thumb/v7e-m/fpv4-sp/softfp/crtbegin.o
 .text          0x0000000008000228       0x68 /usr/lib/gcc/arm-none-eabi/7.1.0/../../../../arm-none-eabi/lib/thumb/v7e-m/fpv4-sp/softfp/crt0.o
                0x0000000008000228                _mainCRTStartup
                0x0000000008000228                _start
 .text          0x0000000008000290       0xf4 /tmp/ccr0UnS1.o
                0x0000000008000290                uart_init
                0x000000000800034c                uart_send_byte_poll
                0x000000000800036c                uart_send_buffer_poll
 .text          0x0000000008000384      0x430 /tmp/ccgUSXSC.o
                0x0000000008000384                ihm07_hall_pins_init
                0x00000000080003d8                ihm07_hall_interrupt_init
                0x000000000800042e                ihm07_hall_interrupt_connection_state
                0x000000000800045e                ihm07_hall_read
                0x0000000008000494                ihm07_led_red_init
                0x00000000080004cc                ihm07_pwm_and_pins_init
                0x00000000080005b0                ihm07_l6230_pins_init
                0x000000000800062c                ihm07_pwm_duty_interrupt_init
                0x0000000008000678                ihm07_pwm_duty_interrupt_connection_state
                0x000000000800069e                ihm07_analog_pins_init
                0x0000000008000740                ihm07_adc_single_mode_init
                0x0000000008000784                ihm07_adc_single_read_channel
 .text          0x00000000080007b4       0x1c /tmp/ccce5vZd.o
                0x00000000080007b4                serial_packet_handler
 .text          0x00000000080007d0      0x160 /tmp/cc6PhcjP.o
                0x00000000080007d0                test_serial_packet_encode
                0x00000000080008ac                main
                0x0000000008000928                serial_packet_print
 .text          0x0000000008000930      0x104 /tmp/cclmmuQq.o
                0x0000000008000930                NMI_Handler
                0x0000000008000932                HardFault_Handler
                0x0000000008000934                MemManage_Handler
                0x0000000008000936                BusFault_Handler
                0x0000000008000938                UsageFault_Handler
                0x000000000800093a                SVC_Handler
                0x000000000800093c                DebugMon_Handler
                0x000000000800093e                PendSV_Handler
                0x0000000008000940                SysTick_Handler
                0x0000000008000960                get_time
                0x000000000800096c                delay
                0x0000000008000990                EXTI15_10_IRQHandler
                0x00000000080009c8                EXTI3_IRQHandler
                0x00000000080009e2                TIM1_CC_IRQHandler
                0x0000000008000a04                USART1_IRQHandler
 .text          0x0000000008000a34       0x80 /tmp/ccqkQmt2.o
                0x0000000008000a4e                init_fifo
                0x0000000008000a56                write_fifo
                0x0000000008000a86                read_fifo
                0x0000000008000aae                flush_fifo
 .text          0x0000000008000ab4      0x2ac /tmp/ccqxi6fE.o
                0x0000000008000bb4                serial_packet_init
                0x0000000008000be8                serial_packet_encode
                0x0000000008000c28                serial_packet_encode_poll
                0x0000000008000c34                serial_packet_read
                0x0000000008000c44                safe_memory_copy
                0x0000000008000d54                serial_packet_flush
 .text          0x0000000008000d60      0x160 /tmp/ccxiEvfg.o
                0x0000000008000dd8                SystemInit
                0x0000000008000e28                SystemCoreClockUpdate
 .text          0x0000000008000ec0       0x14 /tmp/ccGoVWfS.o
 .text.Reset_Handler
                0x0000000008000ed4       0x48 /tmp/ccGoVWfS.o
                0x0000000008000ed4                Reset_Handler
 .text.Default_Handler
                0x0000000008000f1c        0x2 /tmp/ccGoVWfS.o
                0x0000000008000f1c                RTC_Alarm_IRQHandler
                0x0000000008000f1c                EXTI2_IRQHandler
                0x0000000008000f1c                SPI4_IRQHandler
                0x0000000008000f1c                DMA2_Stream5_IRQHandler
                0x0000000008000f1c                DMA1_Stream5_IRQHandler
                0x0000000008000f1c                PVD_IRQHandler
                0x0000000008000f1c                SDIO_IRQHandler
                0x0000000008000f1c                TAMP_STAMP_IRQHandler
                0x0000000008000f1c                TIM1_UP_TIM10_IRQHandler
                0x0000000008000f1c                I2C3_ER_IRQHandler
                0x0000000008000f1c                EXTI0_IRQHandler
                0x0000000008000f1c                I2C2_EV_IRQHandler
                0x0000000008000f1c                DMA1_Stream2_IRQHandler
                0x0000000008000f1c                FPU_IRQHandler
                0x0000000008000f1c                DMA2_Stream2_IRQHandler
                0x0000000008000f1c                SPI1_IRQHandler
                0x0000000008000f1c                TIM1_BRK_TIM9_IRQHandler
                0x0000000008000f1c                DMA2_Stream3_IRQHandler
                0x0000000008000f1c                USART6_IRQHandler
                0x0000000008000f1c                DMA2_Stream0_IRQHandler
                0x0000000008000f1c                TIM4_IRQHandler
                0x0000000008000f1c                I2C1_EV_IRQHandler
                0x0000000008000f1c                DMA1_Stream6_IRQHandler
                0x0000000008000f1c                DMA1_Stream1_IRQHandler
                0x0000000008000f1c                TIM3_IRQHandler
                0x0000000008000f1c                RCC_IRQHandler
                0x0000000008000f1c                Default_Handler
                0x0000000008000f1c                ADC_IRQHandler
                0x0000000008000f1c                DMA1_Stream7_IRQHandler
                0x0000000008000f1c                TIM5_IRQHandler
                0x0000000008000f1c                DMA2_Stream7_IRQHandler
                0x0000000008000f1c                I2C3_EV_IRQHandler
                0x0000000008000f1c                EXTI9_5_IRQHandler
                0x0000000008000f1c                RTC_WKUP_IRQHandler
                0x0000000008000f1c                SPI2_IRQHandler
                0x0000000008000f1c                DMA1_Stream0_IRQHandler
                0x0000000008000f1c                EXTI4_IRQHandler
                0x0000000008000f1c                WWDG_IRQHandler
                0x0000000008000f1c                TIM2_IRQHandler
                0x0000000008000f1c                OTG_FS_WKUP_IRQHandler
                0x0000000008000f1c                TIM1_TRG_COM_TIM11_IRQHandler
                0x0000000008000f1c                EXTI1_IRQHandler
                0x0000000008000f1c                USART2_IRQHandler
                0x0000000008000f1c                I2C2_ER_IRQHandler
                0x0000000008000f1c                DMA2_Stream1_IRQHandler
                0x0000000008000f1c                FLASH_IRQHandler
                0x0000000008000f1c                DMA2_Stream4_IRQHandler
                0x0000000008000f1c                OTG_FS_IRQHandler
                0x0000000008000f1c                SPI3_IRQHandler
                0x0000000008000f1c                DMA1_Stream4_IRQHandler
                0x0000000008000f1c                I2C1_ER_IRQHandler
                0x0000000008000f1c                DMA2_Stream6_IRQHandler
                0x0000000008000f1c                DMA1_Stream3_IRQHandler
 *fill*         0x0000000008000f1e        0x2 
 .text          0x0000000008000f20       0xc8 /tmp/ccL4Bqsu.o
                0x0000000008000f20                NVIC_PriorityGroupConfig
                0x0000000008000f34                NVIC_Init
                0x0000000008000f98                NVIC_SetVectorTable
                0x0000000008000fac                NVIC_SystemLPConfig
                0x0000000008000fc8                SysTick_CLKSourceConfig
 .text          0x0000000008000fe8      0x3e0 /tmp/ccCsYkY6.o
                0x0000000008000fe8                ADC_DeInit
                0x0000000008001000                ADC_Init
                0x0000000008001050                ADC_StructInit
                0x0000000008001064                ADC_CommonInit
                0x0000000008001090                ADC_CommonStructInit
                0x000000000800109c                ADC_Cmd
                0x00000000080010b2                ADC_AnalogWatchdogCmd
                0x00000000080010c2                ADC_AnalogWatchdogThresholdsConfig
                0x00000000080010c8                ADC_AnalogWatchdogSingleChannelConfig
                0x00000000080010d4                ADC_TempSensorVrefintCmd
                0x00000000080010f4                ADC_VBATCmd
                0x0000000008001114                ADC_RegularChannelConfig
                0x00000000080011a4                ADC_SoftwareStartConv
                0x00000000080011ae                ADC_GetSoftwareStartConvStatus
                0x00000000080011be                ADC_EOCOnEachRegularChannelCmd
                0x00000000080011d4                ADC_ContinuousModeCmd
                0x00000000080011ea                ADC_DiscModeChannelCountConfig
                0x00000000080011fa                ADC_DiscModeCmd
                0x0000000008001210                ADC_GetConversionValue
                0x0000000008001216                ADC_GetMultiModeConversionValue
                0x0000000008001220                ADC_DMACmd
                0x0000000008001236                ADC_DMARequestAfterLastTransferCmd
                0x000000000800124c                ADC_MultiModeDMARequestAfterLastTransferCmd
                0x000000000800126c                ADC_InjectedChannelConfig
                0x00000000080012ca                ADC_InjectedSequencerLengthConfig
                0x00000000080012da                ADC_SetInjectedOffset
                0x00000000080012f0                ADC_ExternalTrigInjectedConvConfig
                0x00000000080012fc                ADC_ExternalTrigInjectedConvEdgeConfig
                0x0000000008001308                ADC_SoftwareStartInjectedConv
                0x0000000008001312                ADC_GetSoftwareStartInjectedConvCmdStatus
                0x0000000008001322                ADC_AutoInjectedConvCmd
                0x0000000008001338                ADC_InjectedDiscModeCmd
                0x000000000800134e                ADC_GetInjectedConversionValue
                0x0000000008001368                ADC_ITConfig
                0x0000000008001384                ADC_GetFlagStatus
                0x0000000008001392                ADC_ClearFlag
                0x0000000008001398                ADC_GetITStatus
                0x00000000080013be                ADC_ClearITPendingBit
 .text          0x00000000080013c8      0x108 /tmp/ccBqKdIJ.o
                0x00000000080013c8                EXTI_DeInit
                0x00000000080013e4                EXTI_Init
                0x0000000008001474                EXTI_StructInit
                0x0000000008001482                EXTI_GenerateSWInterrupt
                0x0000000008001490                EXTI_GetFlagStatus
                0x00000000080014a4                EXTI_ClearFlag
                0x00000000080014b0                EXTI_GetITStatus
                0x00000000080014c4                EXTI_ClearITPendingBit
 .text          0x00000000080014d0      0x278 /tmp/ccX5PoHm.o
                0x00000000080014d0                GPIO_DeInit
                0x0000000008001614                GPIO_Init
                0x000000000800169e                GPIO_StructInit
                0x00000000080016b0                GPIO_PinLockConfig
                0x00000000080016d4                GPIO_ReadInputDataBit
                0x00000000080016e2                GPIO_ReadInputData
                0x00000000080016e8                GPIO_ReadOutputDataBit
                0x00000000080016f6                GPIO_ReadOutputData
                0x00000000080016fc                GPIO_SetBits
                0x0000000008001700                GPIO_ResetBits
                0x0000000008001704                GPIO_WriteBit
                0x000000000800170e                GPIO_Write
                0x0000000008001712                GPIO_ToggleBits
                0x000000000800171a                GPIO_PinAFConfig
 .text          0x0000000008001748      0x530 /tmp/ccgM381Z.o
                0x0000000008001748                RCC_DeInit
                0x0000000008001788                RCC_HSEConfig
                0x0000000008001798                RCC_AdjustHSICalibrationValue
                0x00000000080017ac                RCC_HSICmd
                0x00000000080017b8                RCC_LSEConfig
                0x00000000080017e0                RCC_LSICmd
                0x00000000080017ec                RCC_PLLConfig
                0x000000000800180c                RCC_PLLCmd
                0x0000000008001818                RCC_PLLI2SConfig
                0x000000000800182c                RCC_PLLI2SCmd
                0x0000000008001838                RCC_PLLSAIConfig
                0x0000000008001850                RCC_PLLSAICmd
                0x000000000800185c                RCC_ClockSecuritySystemCmd
                0x0000000008001868                RCC_MCO1Config
                0x000000000800187c                RCC_MCO2Config
                0x0000000008001890                RCC_SYSCLKConfig
                0x00000000080018a4                RCC_GetSYSCLKSource
                0x00000000080018b4                RCC_HCLKConfig
                0x00000000080018c8                RCC_PCLK1Config
                0x00000000080018dc                RCC_PCLK2Config
                0x00000000080018f0                RCC_GetClocksFreq
                0x00000000080019a4                RCC_RTCCLKConfig
                0x00000000080019d8                RCC_RTCCLKCmd
                0x00000000080019e4                RCC_BackupResetCmd
                0x00000000080019f0                RCC_I2SCLKConfig
                0x00000000080019fc                RCC_SAIPLLI2SClkDivConfig
                0x0000000008001a14                RCC_SAIPLLSAIClkDivConfig
                0x0000000008001a30                RCC_LTDCCLKDivConfig
                0x0000000008001a48                RCC_TIMCLKPresConfig
                0x0000000008001a54                RCC_AHB1PeriphClockCmd
                0x0000000008001a70                RCC_AHB2PeriphClockCmd
                0x0000000008001a8c                RCC_APB1PeriphClockCmd
                0x0000000008001aa8                RCC_APB2PeriphClockCmd
                0x0000000008001ac4                RCC_AHB1PeriphResetCmd
                0x0000000008001ae0                RCC_AHB2PeriphResetCmd
                0x0000000008001afc                RCC_APB1PeriphResetCmd
                0x0000000008001b18                RCC_APB2PeriphResetCmd
                0x0000000008001b34                RCC_AHB1PeriphClockLPModeCmd
                0x0000000008001b50                RCC_AHB2PeriphClockLPModeCmd
                0x0000000008001b6c                RCC_APB1PeriphClockLPModeCmd
                0x0000000008001b88                RCC_APB2PeriphClockLPModeCmd
                0x0000000008001ba4                RCC_LSEModeConfig
                0x0000000008001bc4                RCC_ITConfig
                0x0000000008001be0                RCC_GetFlagStatus
                0x0000000008001c14                RCC_WaitForHSEStartUp
                0x0000000008001c48                RCC_ClearFlag
                0x0000000008001c58                RCC_GetITStatus
                0x0000000008001c6c                RCC_ClearITPendingBit
 .text          0x0000000008001c78       0x94 /tmp/ccefzWAD.o
                0x0000000008001c78                SYSCFG_DeInit
                0x0000000008001c90                SYSCFG_MemoryRemapConfig
                0x0000000008001c9c                SYSCFG_MemorySwappingBank
                0x0000000008001ca8                SYSCFG_EXTILineConfig
                0x0000000008001cdc                SYSCFG_ETH_MediaInterfaceConfig
                0x0000000008001ce8                SYSCFG_CompensationCellCmd
                0x0000000008001cf4                SYSCFG_GetCompensationCellStatus
 .text          0x0000000008001d0c      0xb4c /tmp/ccpBmFHh.o
                0x0000000008001df6                TIM_DeInit
                0x0000000008001f8c                TIM_TimeBaseInit
                0x0000000008002008                TIM_TimeBaseStructInit
                0x000000000800201a                TIM_PrescalerConfig
                0x0000000008002020                TIM_CounterModeConfig
                0x000000000800202e                TIM_SetCounter
                0x0000000008002032                TIM_SetAutoreload
                0x0000000008002036                TIM_GetCounter
                0x000000000800203a                TIM_GetPrescaler
                0x000000000800203e                TIM_UpdateDisableConfig
                0x0000000008002058                TIM_UpdateRequestConfig
                0x0000000008002072                TIM_ARRPreloadConfig
                0x000000000800208c                TIM_SelectOnePulseMode
                0x00000000080020a0                TIM_SetClockDivision
                0x00000000080020b4                TIM_Cmd
                0x00000000080020ce                TIM_OC1Init
                0x0000000008002138                TIM_OC2Init
                0x00000000080021c0                TIM_OC3Init
                0x0000000008002244                TIM_OC4Init
                0x00000000080022ac                TIM_OCStructInit
                0x00000000080022c0                TIM_SelectOCxM
                0x0000000008002310                TIM_SetCompare1
                0x0000000008002314                TIM_SetCompare2
                0x0000000008002318                TIM_SetCompare3
                0x000000000800231c                TIM_SetCompare4
                0x0000000008002320                TIM_ForcedOC1Config
                0x000000000800232e                TIM_ForcedOC2Config
                0x0000000008002340                TIM_ForcedOC3Config
                0x000000000800234e                TIM_ForcedOC4Config
                0x0000000008002360                TIM_OC1PreloadConfig
                0x000000000800236e                TIM_OC2PreloadConfig
                0x0000000008002380                TIM_OC3PreloadConfig
                0x000000000800238e                TIM_OC4PreloadConfig
                0x00000000080023a0                TIM_OC1FastConfig
                0x00000000080023ae                TIM_OC2FastConfig
                0x00000000080023c0                TIM_OC3FastConfig
                0x00000000080023ce                TIM_OC4FastConfig
                0x00000000080023e0                TIM_ClearOC1Ref
                0x00000000080023ee                TIM_ClearOC2Ref
                0x00000000080023fe                TIM_ClearOC3Ref
                0x000000000800240c                TIM_ClearOC4Ref
                0x000000000800241c                TIM_OC1PolarityConfig
                0x000000000800242a                TIM_OC1NPolarityConfig
                0x0000000008002438                TIM_OC2PolarityConfig
                0x000000000800244a                TIM_OC2NPolarityConfig
                0x000000000800245c                TIM_OC3PolarityConfig
                0x000000000800246e                TIM_OC3NPolarityConfig
                0x0000000008002480                TIM_OC4PolarityConfig
                0x0000000008002492                TIM_CCxCmd
                0x00000000080024b4                TIM_CCxNCmd
                0x00000000080024d6                TIM_ICStructInit
                0x00000000080024e6                TIM_GetCapture1
                0x00000000080024ea                TIM_GetCapture2
                0x00000000080024ee                TIM_GetCapture3
                0x00000000080024f2                TIM_GetCapture4
                0x00000000080024f6                TIM_SetIC1Prescaler
                0x000000000800250a                TIM_SetIC2Prescaler
                0x0000000008002522                TIM_PWMIConfig
                0x000000000800258e                TIM_SetIC3Prescaler
                0x00000000080025a2                TIM_SetIC4Prescaler
                0x00000000080025ba                TIM_ICInit
                0x000000000800261c                TIM_BDTRConfig
                0x0000000008002644                TIM_BDTRStructInit
                0x0000000008002656                TIM_CtrlPWMOutputs
                0x0000000008002674                TIM_SelectCOM
                0x000000000800268e                TIM_CCPreloadControl
                0x00000000080026a8                TIM_ITConfig
                0x00000000080026bc                TIM_GenerateEvent
                0x00000000080026c0                TIM_GetFlagStatus
                0x00000000080026ce                TIM_ClearFlag
                0x00000000080026d6                TIM_GetITStatus
                0x00000000080026ee                TIM_ClearITPendingBit
                0x00000000080026f6                TIM_DMAConfig
                0x00000000080026fe                TIM_DMACmd
                0x0000000008002712                TIM_SelectCCDMA
                0x000000000800272c                TIM_InternalClockConfig
                0x000000000800273a                TIM_SelectInputTrigger
                0x0000000008002748                TIM_ITRxExternalClockConfig
                0x000000000800275a                TIM_TIxExternalClockConfig
                0x0000000008002786                TIM_SelectOutputTrigger
                0x000000000800279a                TIM_SelectSlaveMode
                0x00000000080027ae                TIM_SelectMasterSlaveMode
                0x00000000080027c2                TIM_ETRConfig
                0x00000000080027da                TIM_ETRClockMode1Config
                0x00000000080027ec                TIM_ETRClockMode2Config
                0x00000000080027fe                TIM_EncoderInterfaceConfig
                0x0000000008002838                TIM_SelectHallSensor
                0x0000000008002852                TIM_RemapConfig
 .text          0x0000000008002858      0x43c /tmp/cci5p37V.o
                0x0000000008002858                USART_DeInit
                0x0000000008002954                USART_Init
                0x0000000008002a24                USART_StructInit
                0x0000000008002a3a                USART_ClockInit
                0x0000000008002a5c                USART_ClockStructInit
                0x0000000008002a68                USART_Cmd
                0x0000000008002a82                USART_SetPrescaler
                0x0000000008002a92                USART_OverSampling8Cmd
                0x0000000008002aa8                USART_OneBitMethodCmd
                0x0000000008002ac2                USART_SendData
                0x0000000008002aca                USART_ReceiveData
                0x0000000008002ad2                USART_SetAddress
                0x0000000008002ae6                USART_ReceiverWakeUpCmd
                0x0000000008002b00                USART_WakeUpConfig
                0x0000000008002b14                USART_LINBreakDetectLengthConfig
                0x0000000008002b28                USART_LINCmd
                0x0000000008002b42                USART_SendBreak
                0x0000000008002b4c                USART_HalfDuplexCmd
                0x0000000008002b66                USART_SetGuardTime
                0x0000000008002b76                USART_SmartCardCmd
                0x0000000008002b90                USART_SmartCardNACKCmd
                0x0000000008002baa                USART_IrDAConfig
                0x0000000008002bbe                USART_IrDACmd
                0x0000000008002bd8                USART_DMACmd
                0x0000000008002bec                USART_ITConfig
                0x0000000008002c26                USART_GetFlagStatus
                0x0000000008002c34                USART_ClearFlag
                0x0000000008002c3c                USART_GetITStatus
                0x0000000008002c82                USART_ClearITPendingBit
 .text          0x0000000008002c94        0x0 /usr/lib/gcc/arm-none-eabi/7.1.0/../../../../arm-none-eabi/lib/thumb/v7e-m/fpv4-sp/softfp/libg.a(lib_a-atexit.o)
 .text.atexit   0x0000000008002c94        0xc /usr/lib/gcc/arm-none-eabi/7.1.0/../../../../arm-none-eabi/lib/thumb/v7e-m/fpv4-sp/softfp/libg.a(lib_a-atexit.o)
                0x0000000008002c94                atexit
 .text          0x0000000008002ca0        0x0 /usr/lib/gcc/arm-none-eabi/7.1.0/../../../../arm-none-eabi/lib/thumb/v7e-m/fpv4-sp/softfp/libg.a(lib_a-exit.o)
 .text.exit     0x0000000008002ca0       0x20 /usr/lib/gcc/arm-none-eabi/7.1.0/../../../../arm-none-eabi/lib/thumb/v7e-m/fpv4-sp/softfp/libg.a(lib_a-exit.o)
                0x0000000008002ca0                exit
 .text          0x0000000008002cc0        0x0 /usr/lib/gcc/arm-none-eabi/7.1.0/../../../../arm-none-eabi/lib/thumb/v7e-m/fpv4-sp/softfp/libg.a(lib_a-fini.o)
 .text.__libc_fini_array
                0x0000000008002cc0       0x34 /usr/lib/gcc/arm-none-eabi/7.1.0/../../../../arm-none-eabi/lib/thumb/v7e-m/fpv4-sp/softfp/libg.a(lib_a-fini.o)
                0x0000000008002cc0                __libc_fini_array
 .text          0x0000000008002cf4        0x0 /usr/lib/gcc/arm-none-eabi/7.1.0/../../../../arm-none-eabi/lib/thumb/v7e-m/fpv4-sp/softfp/libg.a(lib_a-impure.o)
 .text          0x0000000008002cf4        0x0 /usr/lib/gcc/arm-none-eabi/7.1.0/../../../../arm-none-eabi/lib/thumb/v7e-m/fpv4-sp/softfp/libg.a(lib_a-init.o)
 .text.__libc_init_array
                0x0000000008002cf4       0x48 /usr/lib/gcc/arm-none-eabi/7.1.0/../../../../arm-none-eabi/lib/thumb/v7e-m/fpv4-sp/softfp/libg.a(lib_a-init.o)
                0x0000000008002cf4                __libc_init_array
 .text          0x0000000008002d3c        0x0 /usr/lib/gcc/arm-none-eabi/7.1.0/../../../../arm-none-eabi/lib/thumb/v7e-m/fpv4-sp/softfp/libg.a(lib_a-memset.o)
 .text.memset   0x0000000008002d3c       0x94 /usr/lib/gcc/arm-none-eabi/7.1.0/../../../../arm-none-eabi/lib/thumb/v7e-m/fpv4-sp/softfp/libg.a(lib_a-memset.o)
                0x0000000008002d3c                memset
 .text          0x0000000008002dd0        0x0 /usr/lib/gcc/arm-none-eabi/7.1.0/../../../../arm-none-eabi/lib/thumb/v7e-m/fpv4-sp/softfp/libg.a(lib_a-__atexit.o)
 .text.__register_exitproc
                0x0000000008002dd0       0xa0 /usr/lib/gcc/arm-none-eabi/7.1.0/../../../../arm-none-eabi/lib/thumb/v7e-m/fpv4-sp/softfp/libg.a(lib_a-__atexit.o)
                0x0000000008002dd0                __register_exitproc
 .text          0x0000000008002e70        0x0 /usr/lib/gcc/arm-none-eabi/7.1.0/../../../../arm-none-eabi/lib/thumb/v7e-m/fpv4-sp/softfp/libg.a(lib_a-__call_atexit.o)
 .text.startup.register_fini
                0x0000000008002e70       0x14 /usr/lib/gcc/arm-none-eabi/7.1.0/../../../../arm-none-eabi/lib/thumb/v7e-m/fpv4-sp/softfp/libg.a(lib_a-__call_atexit.o)
 .text.__call_exitprocs
                0x0000000008002e84       0xd0 /usr/lib/gcc/arm-none-eabi/7.1.0/../../../../arm-none-eabi/lib/thumb/v7e-m/fpv4-sp/softfp/libg.a(lib_a-__call_atexit.o)
                0x0000000008002e84                __call_exitprocs
 .text          0x0000000008002f54        0x0 /usr/lib/gcc/arm-none-eabi/7.1.0/../../../../arm-none-eabi/lib/thumb/v7e-m/fpv4-sp/softfp/libnosys.a(_exit.o)
 .text._exit    0x0000000008002f54        0x4 /usr/lib/gcc/arm-none-eabi/7.1.0/../../../../arm-none-eabi/lib/thumb/v7e-m/fpv4-sp/softfp/libnosys.a(_exit.o)
                0x0000000008002f54                _exit
 .text          0x0000000008002f58        0x0 /usr/lib/gcc/arm-none-eabi/7.1.0/thumb/v7e-m/fpv4-sp/softfp/crtend.o
 .text          0x0000000008002f58        0x0 /usr/lib/gcc/arm-none-eabi/7.1.0/thumb/v7e-m/fpv4-sp/softfp/crtn.o
                0x0000000008002f58                . = ALIGN (0x4)
 *(.rodata*)
 .rodata        0x0000000008002f58        0x4 /tmp/ccqxi6fE.o
 .rodata._global_impure_ptr
                0x0000000008002f5c        0x4 /usr/lib/gcc/arm-none-eabi/7.1.0/../../../../arm-none-eabi/lib/thumb/v7e-m/fpv4-sp/softfp/libg.a(lib_a-impure.o)
                0x0000000008002f5c                _global_impure_ptr
                0x0000000008002f60                . = ALIGN (0x4)

.glue_7         0x0000000008002f60        0x0
 .glue_7        0x0000000008002f60        0x0 linker stubs

.glue_7t        0x0000000008002f60        0x0
 .glue_7t       0x0000000008002f60        0x0 linker stubs

.vfp11_veneer   0x0000000008002f60        0x0
 .vfp11_veneer  0x0000000008002f60        0x0 linker stubs

.v4_bx          0x0000000008002f60        0x0
 .v4_bx         0x0000000008002f60        0x0 linker stubs

.init           0x0000000008002f60        0xc
 .init          0x0000000008002f60        0x4 /usr/lib/gcc/arm-none-eabi/7.1.0/thumb/v7e-m/fpv4-sp/softfp/crti.o
                0x0000000008002f60                _init
 .init          0x0000000008002f64        0x8 /usr/lib/gcc/arm-none-eabi/7.1.0/thumb/v7e-m/fpv4-sp/softfp/crtn.o

.fini           0x0000000008002f6c        0xc
 .fini          0x0000000008002f6c        0x4 /usr/lib/gcc/arm-none-eabi/7.1.0/thumb/v7e-m/fpv4-sp/softfp/crti.o
                0x0000000008002f6c                _fini
 .fini          0x0000000008002f70        0x8 /usr/lib/gcc/arm-none-eabi/7.1.0/thumb/v7e-m/fpv4-sp/softfp/crtn.o

.iplt           0x0000000008002f78        0x0
 .iplt          0x0000000008002f78        0x0 /usr/lib/gcc/arm-none-eabi/7.1.0/thumb/v7e-m/fpv4-sp/softfp/crtbegin.o

.rel.dyn        0x0000000008002f78        0x0
 .rel.iplt      0x0000000008002f78        0x0 /usr/lib/gcc/arm-none-eabi/7.1.0/thumb/v7e-m/fpv4-sp/softfp/crtbegin.o
                0x0000000008002f78                . = ALIGN (0x4)
                0x0000000008002f78                _etext = .

.data           0x0000000020000000      0x458 load address 0x0000000008002f78
                0x0000000020000000                _sdata = .
 *(.data*)
 .data          0x0000000020000000        0x0 /usr/lib/gcc/arm-none-eabi/7.1.0/thumb/v7e-m/fpv4-sp/softfp/crti.o
 .data          0x0000000020000000        0x4 /usr/lib/gcc/arm-none-eabi/7.1.0/thumb/v7e-m/fpv4-sp/softfp/crtbegin.o
                0x0000000020000000                __dso_handle
 .data          0x0000000020000004        0x0 /usr/lib/gcc/arm-none-eabi/7.1.0/../../../../arm-none-eabi/lib/thumb/v7e-m/fpv4-sp/softfp/crt0.o
 .data          0x0000000020000004        0x0 /tmp/ccr0UnS1.o
 .data          0x0000000020000004        0x0 /tmp/ccgUSXSC.o
 .data          0x0000000020000004        0x0 /tmp/ccce5vZd.o
 .data          0x0000000020000004        0x0 /tmp/cc6PhcjP.o
 .data          0x0000000020000004        0x0 /tmp/cclmmuQq.o
 .data          0x0000000020000004        0x0 /tmp/ccqkQmt2.o
 .data          0x0000000020000004        0x0 /tmp/ccqxi6fE.o
 .data          0x0000000020000004       0x14 /tmp/ccxiEvfg.o
                0x0000000020000004                SystemCoreClock
                0x0000000020000008                AHBPrescTable
 .data          0x0000000020000018        0x0 /tmp/ccGoVWfS.o
 .data          0x0000000020000018        0x0 /tmp/ccL4Bqsu.o
 .data          0x0000000020000018        0x0 /tmp/ccCsYkY6.o
 .data          0x0000000020000018        0x0 /tmp/ccBqKdIJ.o
 .data          0x0000000020000018        0x0 /tmp/ccX5PoHm.o
 .data          0x0000000020000018       0x10 /tmp/ccgM381Z.o
 .data          0x0000000020000028        0x0 /tmp/ccefzWAD.o
 .data          0x0000000020000028        0x0 /tmp/ccpBmFHh.o
 .data          0x0000000020000028        0x0 /tmp/cci5p37V.o
 .data          0x0000000020000028        0x0 /usr/lib/gcc/arm-none-eabi/7.1.0/../../../../arm-none-eabi/lib/thumb/v7e-m/fpv4-sp/softfp/libg.a(lib_a-atexit.o)
 .data          0x0000000020000028        0x0 /usr/lib/gcc/arm-none-eabi/7.1.0/../../../../arm-none-eabi/lib/thumb/v7e-m/fpv4-sp/softfp/libg.a(lib_a-exit.o)
 .data          0x0000000020000028        0x0 /usr/lib/gcc/arm-none-eabi/7.1.0/../../../../arm-none-eabi/lib/thumb/v7e-m/fpv4-sp/softfp/libg.a(lib_a-fini.o)
 .data          0x0000000020000028        0x0 /usr/lib/gcc/arm-none-eabi/7.1.0/../../../../arm-none-eabi/lib/thumb/v7e-m/fpv4-sp/softfp/libg.a(lib_a-impure.o)
 .data._impure_ptr
                0x0000000020000028        0x4 /usr/lib/gcc/arm-none-eabi/7.1.0/../../../../arm-none-eabi/lib/thumb/v7e-m/fpv4-sp/softfp/libg.a(lib_a-impure.o)
                0x0000000020000028                _impure_ptr
 *fill*         0x000000002000002c        0x4 
 .data.impure_data
                0x0000000020000030      0x428 /usr/lib/gcc/arm-none-eabi/7.1.0/../../../../arm-none-eabi/lib/thumb/v7e-m/fpv4-sp/softfp/libg.a(lib_a-impure.o)
 .data          0x0000000020000458        0x0 /usr/lib/gcc/arm-none-eabi/7.1.0/../../../../arm-none-eabi/lib/thumb/v7e-m/fpv4-sp/softfp/libg.a(lib_a-init.o)
 .data          0x0000000020000458        0x0 /usr/lib/gcc/arm-none-eabi/7.1.0/../../../../arm-none-eabi/lib/thumb/v7e-m/fpv4-sp/softfp/libg.a(lib_a-memset.o)
 .data          0x0000000020000458        0x0 /usr/lib/gcc/arm-none-eabi/7.1.0/../../../../arm-none-eabi/lib/thumb/v7e-m/fpv4-sp/softfp/libg.a(lib_a-__atexit.o)
 .data          0x0000000020000458        0x0 /usr/lib/gcc/arm-none-eabi/7.1.0/../../../../arm-none-eabi/lib/thumb/v7e-m/fpv4-sp/softfp/libg.a(lib_a-__call_atexit.o)
 .data          0x0000000020000458        0x0 /usr/lib/gcc/arm-none-eabi/7.1.0/../../../../arm-none-eabi/lib/thumb/v7e-m/fpv4-sp/softfp/libnosys.a(_exit.o)
 .data          0x0000000020000458        0x0 /usr/lib/gcc/arm-none-eabi/7.1.0/thumb/v7e-m/fpv4-sp/softfp/crtend.o
 .data          0x0000000020000458        0x0 /usr/lib/gcc/arm-none-eabi/7.1.0/thumb/v7e-m/fpv4-sp/softfp/crtn.o
                0x0000000020000458                . = ALIGN (0x4)
                0x0000000020000458                _edata = .
                0x0000000008002f78                _sidata = LOADADDR (.data)

.init_array     0x0000000020000458        0x4 load address 0x00000000080033d0
 .init_array    0x0000000020000458        0x4 /usr/lib/gcc/arm-none-eabi/7.1.0/thumb/v7e-m/fpv4-sp/softfp/crtbegin.o

.fini_array     0x000000002000045c        0x4 load address 0x00000000080033d4
 .fini_array    0x000000002000045c        0x4 /usr/lib/gcc/arm-none-eabi/7.1.0/thumb/v7e-m/fpv4-sp/softfp/crtbegin.o

.tm_clone_table
                0x0000000020000460        0x0 load address 0x00000000080033d8
 .tm_clone_table
                0x0000000020000460        0x0 /usr/lib/gcc/arm-none-eabi/7.1.0/thumb/v7e-m/fpv4-sp/softfp/crtbegin.o
 .tm_clone_table
                0x0000000020000460        0x0 /usr/lib/gcc/arm-none-eabi/7.1.0/thumb/v7e-m/fpv4-sp/softfp/crtend.o

.igot.plt       0x0000000020000460        0x0 load address 0x00000000080033d8
 .igot.plt      0x0000000020000460        0x0 /usr/lib/gcc/arm-none-eabi/7.1.0/thumb/v7e-m/fpv4-sp/softfp/crtbegin.o

.init_array.00000
                0x0000000020000460        0x4 load address 0x00000000080033d8
 .init_array.00000
                0x0000000020000460        0x4 /usr/lib/gcc/arm-none-eabi/7.1.0/../../../../arm-none-eabi/lib/thumb/v7e-m/fpv4-sp/softfp/libg.a(lib_a-__call_atexit.o)

.bss            0x0000000020000468      0x158 load address 0x00000000080033dc
                0x0000000020000468                __bss_start__ = .
                0x0000000020000468                _sbss = .
 *(.bss*)
 .bss           0x0000000020000468        0x0 /usr/lib/gcc/arm-none-eabi/7.1.0/thumb/v7e-m/fpv4-sp/softfp/crti.o
 .bss           0x0000000020000468       0x1c /usr/lib/gcc/arm-none-eabi/7.1.0/thumb/v7e-m/fpv4-sp/softfp/crtbegin.o
 .bss           0x0000000020000484        0x0 /usr/lib/gcc/arm-none-eabi/7.1.0/../../../../arm-none-eabi/lib/thumb/v7e-m/fpv4-sp/softfp/crt0.o
 .bss           0x0000000020000484        0x0 /tmp/ccr0UnS1.o
 .bss           0x0000000020000484        0x0 /tmp/ccgUSXSC.o
 .bss           0x0000000020000484        0x0 /tmp/ccce5vZd.o
 .bss           0x0000000020000484        0x0 /tmp/cc6PhcjP.o
 *fill*         0x0000000020000484        0x4 
 .bss           0x0000000020000488        0x8 /tmp/cclmmuQq.o
                0x0000000020000488                _ms_ticks
 .bss           0x0000000020000490        0x0 /tmp/ccqkQmt2.o
 .bss           0x0000000020000490       0xf4 /tmp/ccqxi6fE.o
 .bss           0x0000000020000584        0x0 /tmp/ccxiEvfg.o
 .bss           0x0000000020000584        0x0 /tmp/ccGoVWfS.o
 .bss           0x0000000020000584        0x0 /tmp/ccL4Bqsu.o
 .bss           0x0000000020000584        0x0 /tmp/ccCsYkY6.o
 .bss           0x0000000020000584        0x0 /tmp/ccBqKdIJ.o
 .bss           0x0000000020000584        0x0 /tmp/ccX5PoHm.o
 .bss           0x0000000020000584        0x0 /tmp/ccgM381Z.o
 .bss           0x0000000020000584        0x0 /tmp/ccefzWAD.o
 .bss           0x0000000020000584        0x0 /tmp/ccpBmFHh.o
 .bss           0x0000000020000584        0x0 /tmp/cci5p37V.o
 .bss           0x0000000020000584        0x0 /usr/lib/gcc/arm-none-eabi/7.1.0/../../../../arm-none-eabi/lib/thumb/v7e-m/fpv4-sp/softfp/libg.a(lib_a-atexit.o)
 .bss           0x0000000020000584        0x0 /usr/lib/gcc/arm-none-eabi/7.1.0/../../../../arm-none-eabi/lib/thumb/v7e-m/fpv4-sp/softfp/libg.a(lib_a-exit.o)
 .bss           0x0000000020000584        0x0 /usr/lib/gcc/arm-none-eabi/7.1.0/../../../../arm-none-eabi/lib/thumb/v7e-m/fpv4-sp/softfp/libg.a(lib_a-fini.o)
 .bss           0x0000000020000584        0x0 /usr/lib/gcc/arm-none-eabi/7.1.0/../../../../arm-none-eabi/lib/thumb/v7e-m/fpv4-sp/softfp/libg.a(lib_a-impure.o)
 .bss           0x0000000020000584        0x0 /usr/lib/gcc/arm-none-eabi/7.1.0/../../../../arm-none-eabi/lib/thumb/v7e-m/fpv4-sp/softfp/libg.a(lib_a-init.o)
 .bss           0x0000000020000584        0x0 /usr/lib/gcc/arm-none-eabi/7.1.0/../../../../arm-none-eabi/lib/thumb/v7e-m/fpv4-sp/softfp/libg.a(lib_a-memset.o)
 .bss           0x0000000020000584        0x0 /usr/lib/gcc/arm-none-eabi/7.1.0/../../../../arm-none-eabi/lib/thumb/v7e-m/fpv4-sp/softfp/libg.a(lib_a-__atexit.o)
 .bss           0x0000000020000584        0x0 /usr/lib/gcc/arm-none-eabi/7.1.0/../../../../arm-none-eabi/lib/thumb/v7e-m/fpv4-sp/softfp/libg.a(lib_a-__call_atexit.o)
 .bss           0x0000000020000584        0x0 /usr/lib/gcc/arm-none-eabi/7.1.0/../../../../arm-none-eabi/lib/thumb/v7e-m/fpv4-sp/softfp/libnosys.a(_exit.o)
 .bss           0x0000000020000584        0x0 /usr/lib/gcc/arm-none-eabi/7.1.0/thumb/v7e-m/fpv4-sp/softfp/crtend.o
 .bss           0x0000000020000584        0x0 /usr/lib/gcc/arm-none-eabi/7.1.0/thumb/v7e-m/fpv4-sp/softfp/crtn.o
 *(COMMON)
 *fill*         0x0000000020000584        0x4 
 COMMON         0x0000000020000588       0x38 /tmp/cc6PhcjP.o
                0x0000000020000588                _u32
                0x000000002000058c                _i8
                0x000000002000058e                _i16
                0x0000000020000590                _u16
                0x0000000020000598                _d
                0x00000000200005a0                _i32
                0x00000000200005a4                _u8
                0x00000000200005a8                _i64
                0x00000000200005b0                _f
                0x00000000200005b8                _u64
                0x00000000200005c0                . = ALIGN (0x4)
                0x00000000200005c0                _ebss = .
                0x00000000200005c0                __bss_end__ = .
                0x00000000200005c0                . = ALIGN (0x4)
                0x00000000200005c0                end = .
                0x0000000020018000                PROVIDE (_estack, (ORIGIN (ram) + LENGTH (ram)))
OUTPUT(build/buzzer.elf elf32-littlearm)

.ARM.attributes
                0x0000000000000000       0x2e
 .ARM.attributes
                0x0000000000000000       0x22 /usr/lib/gcc/arm-none-eabi/7.1.0/thumb/v7e-m/fpv4-sp/softfp/crti.o
 .ARM.attributes
                0x0000000000000022       0x32 /usr/lib/gcc/arm-none-eabi/7.1.0/thumb/v7e-m/fpv4-sp/softfp/crtbegin.o
 .ARM.attributes
                0x0000000000000054       0x20 /usr/lib/gcc/arm-none-eabi/7.1.0/../../../../arm-none-eabi/lib/thumb/v7e-m/fpv4-sp/softfp/crt0.o
 .ARM.attributes
                0x0000000000000074       0x37 /tmp/ccr0UnS1.o
 .ARM.attributes
                0x00000000000000ab       0x37 /tmp/ccgUSXSC.o
 .ARM.attributes
                0x00000000000000e2       0x37 /tmp/ccce5vZd.o
 .ARM.attributes
                0x0000000000000119       0x37 /tmp/cc6PhcjP.o
 .ARM.attributes
                0x0000000000000150       0x37 /tmp/cclmmuQq.o
 .ARM.attributes
                0x0000000000000187       0x37 /tmp/ccqkQmt2.o
 .ARM.attributes
                0x00000000000001be       0x37 /tmp/ccqxi6fE.o
 .ARM.attributes
                0x00000000000001f5       0x37 /tmp/ccxiEvfg.o
 .ARM.attributes
                0x000000000000022c       0x21 /tmp/ccGoVWfS.o
 .ARM.attributes
                0x000000000000024d       0x37 /tmp/ccL4Bqsu.o
 .ARM.attributes
                0x0000000000000284       0x37 /tmp/ccCsYkY6.o
 .ARM.attributes
                0x00000000000002bb       0x37 /tmp/ccBqKdIJ.o
 .ARM.attributes
                0x00000000000002f2       0x37 /tmp/ccX5PoHm.o
 .ARM.attributes
                0x0000000000000329       0x37 /tmp/ccgM381Z.o
 .ARM.attributes
                0x0000000000000360       0x37 /tmp/ccefzWAD.o
 .ARM.attributes
                0x0000000000000397       0x37 /tmp/ccpBmFHh.o
 .ARM.attributes
                0x00000000000003ce       0x37 /tmp/cci5p37V.o
 .ARM.attributes
                0x0000000000000405       0x32 /usr/lib/gcc/arm-none-eabi/7.1.0/../../../../arm-none-eabi/lib/thumb/v7e-m/fpv4-sp/softfp/libg.a(lib_a-atexit.o)
 .ARM.attributes
                0x0000000000000437       0x32 /usr/lib/gcc/arm-none-eabi/7.1.0/../../../../arm-none-eabi/lib/thumb/v7e-m/fpv4-sp/softfp/libg.a(lib_a-exit.o)
 .ARM.attributes
                0x0000000000000469       0x32 /usr/lib/gcc/arm-none-eabi/7.1.0/../../../../arm-none-eabi/lib/thumb/v7e-m/fpv4-sp/softfp/libg.a(lib_a-fini.o)
 .ARM.attributes
                0x000000000000049b       0x32 /usr/lib/gcc/arm-none-eabi/7.1.0/../../../../arm-none-eabi/lib/thumb/v7e-m/fpv4-sp/softfp/libg.a(lib_a-impure.o)
 .ARM.attributes
                0x00000000000004cd       0x32 /usr/lib/gcc/arm-none-eabi/7.1.0/../../../../arm-none-eabi/lib/thumb/v7e-m/fpv4-sp/softfp/libg.a(lib_a-init.o)
 .ARM.attributes
                0x00000000000004ff       0x32 /usr/lib/gcc/arm-none-eabi/7.1.0/../../../../arm-none-eabi/lib/thumb/v7e-m/fpv4-sp/softfp/libg.a(lib_a-memset.o)
 .ARM.attributes
                0x0000000000000531       0x32 /usr/lib/gcc/arm-none-eabi/7.1.0/../../../../arm-none-eabi/lib/thumb/v7e-m/fpv4-sp/softfp/libg.a(lib_a-__atexit.o)
 .ARM.attributes
                0x0000000000000563       0x32 /usr/lib/gcc/arm-none-eabi/7.1.0/../../../../arm-none-eabi/lib/thumb/v7e-m/fpv4-sp/softfp/libg.a(lib_a-__call_atexit.o)
 .ARM.attributes
                0x0000000000000595       0x32 /usr/lib/gcc/arm-none-eabi/7.1.0/../../../../arm-none-eabi/lib/thumb/v7e-m/fpv4-sp/softfp/libnosys.a(_exit.o)
 .ARM.attributes
                0x00000000000005c7       0x32 /usr/lib/gcc/arm-none-eabi/7.1.0/thumb/v7e-m/fpv4-sp/softfp/crtend.o
 .ARM.attributes
                0x00000000000005f9       0x22 /usr/lib/gcc/arm-none-eabi/7.1.0/thumb/v7e-m/fpv4-sp/softfp/crtn.o

.comment        0x0000000000000000       0x42
 .comment       0x0000000000000000       0x21 /usr/lib/gcc/arm-none-eabi/7.1.0/thumb/v7e-m/fpv4-sp/softfp/crtbegin.o
                                         0x22 (size before relaxing)
 .comment       0x0000000000000021       0x22 /tmp/ccr0UnS1.o
 .comment       0x0000000000000021       0x22 /tmp/ccgUSXSC.o
 .comment       0x0000000000000021       0x22 /tmp/ccce5vZd.o
 .comment       0x0000000000000021       0x22 /tmp/cc6PhcjP.o
 .comment       0x0000000000000021       0x22 /tmp/cclmmuQq.o
 .comment       0x0000000000000021       0x22 /tmp/ccqkQmt2.o
 .comment       0x0000000000000021       0x22 /tmp/ccqxi6fE.o
 .comment       0x0000000000000021       0x22 /tmp/ccxiEvfg.o
 .comment       0x0000000000000021       0x22 /tmp/ccL4Bqsu.o
 .comment       0x0000000000000021       0x22 /tmp/ccCsYkY6.o
 .comment       0x0000000000000021       0x22 /tmp/ccBqKdIJ.o
 .comment       0x0000000000000021       0x22 /tmp/ccX5PoHm.o
 .comment       0x0000000000000021       0x22 /tmp/ccgM381Z.o
 .comment       0x0000000000000021       0x22 /tmp/ccefzWAD.o
 .comment       0x0000000000000021       0x22 /tmp/ccpBmFHh.o
 .comment       0x0000000000000021       0x22 /tmp/cci5p37V.o
 .comment       0x0000000000000021       0x21 /usr/lib/gcc/arm-none-eabi/7.1.0/../../../../arm-none-eabi/lib/thumb/v7e-m/fpv4-sp/softfp/libg.a(lib_a-atexit.o)
                                         0x22 (size before relaxing)
 .comment       0x0000000000000042       0x22 /usr/lib/gcc/arm-none-eabi/7.1.0/../../../../arm-none-eabi/lib/thumb/v7e-m/fpv4-sp/softfp/libg.a(lib_a-exit.o)
 .comment       0x0000000000000042       0x22 /usr/lib/gcc/arm-none-eabi/7.1.0/../../../../arm-none-eabi/lib/thumb/v7e-m/fpv4-sp/softfp/libg.a(lib_a-fini.o)
 .comment       0x0000000000000042       0x22 /usr/lib/gcc/arm-none-eabi/7.1.0/../../../../arm-none-eabi/lib/thumb/v7e-m/fpv4-sp/softfp/libg.a(lib_a-impure.o)
 .comment       0x0000000000000042       0x22 /usr/lib/gcc/arm-none-eabi/7.1.0/../../../../arm-none-eabi/lib/thumb/v7e-m/fpv4-sp/softfp/libg.a(lib_a-init.o)
 .comment       0x0000000000000042       0x22 /usr/lib/gcc/arm-none-eabi/7.1.0/../../../../arm-none-eabi/lib/thumb/v7e-m/fpv4-sp/softfp/libg.a(lib_a-memset.o)
 .comment       0x0000000000000042       0x22 /usr/lib/gcc/arm-none-eabi/7.1.0/../../../../arm-none-eabi/lib/thumb/v7e-m/fpv4-sp/softfp/libg.a(lib_a-__atexit.o)
 .comment       0x0000000000000042       0x22 /usr/lib/gcc/arm-none-eabi/7.1.0/../../../../arm-none-eabi/lib/thumb/v7e-m/fpv4-sp/softfp/libg.a(lib_a-__call_atexit.o)
 .comment       0x0000000000000042       0x22 /usr/lib/gcc/arm-none-eabi/7.1.0/../../../../arm-none-eabi/lib/thumb/v7e-m/fpv4-sp/softfp/libnosys.a(_exit.o)
 .comment       0x0000000000000042       0x22 /usr/lib/gcc/arm-none-eabi/7.1.0/thumb/v7e-m/fpv4-sp/softfp/crtend.o

.debug_line     0x0000000000000000     0x2959
 .debug_line    0x0000000000000000       0x84 /usr/lib/gcc/arm-none-eabi/7.1.0/../../../../arm-none-eabi/lib/thumb/v7e-m/fpv4-sp/softfp/crt0.o
 .debug_line    0x0000000000000084      0x16e /tmp/ccr0UnS1.o
 .debug_line    0x00000000000001f2      0x22b /tmp/ccgUSXSC.o
 .debug_line    0x000000000000041d       0xc1 /tmp/ccce5vZd.o
 .debug_line    0x00000000000004de      0x18c /tmp/cc6PhcjP.o
 .debug_line    0x000000000000066a      0x177 /tmp/cclmmuQq.o
 .debug_line    0x00000000000007e1       0xcd /tmp/ccqkQmt2.o
 .debug_line    0x00000000000008ae      0x1a5 /tmp/ccqxi6fE.o
 .debug_line    0x0000000000000a53      0x129 /tmp/ccxiEvfg.o
 .debug_line    0x0000000000000b7c       0x72 /tmp/ccGoVWfS.o
 .debug_line    0x0000000000000bee      0x144 /tmp/ccL4Bqsu.o
 .debug_line    0x0000000000000d32      0x2cc /tmp/ccCsYkY6.o
 .debug_line    0x0000000000000ffe      0x177 /tmp/ccBqKdIJ.o
 .debug_line    0x0000000000001175      0x1d5 /tmp/ccX5PoHm.o
 .debug_line    0x000000000000134a      0x2e1 /tmp/ccgM381Z.o
 .debug_line    0x000000000000162b      0x14d /tmp/ccefzWAD.o
 .debug_line    0x0000000000001778      0x50c /tmp/ccpBmFHh.o
 .debug_line    0x0000000000001c84      0x284 /tmp/cci5p37V.o
 .debug_line    0x0000000000001f08      0x147 /usr/lib/gcc/arm-none-eabi/7.1.0/../../../../arm-none-eabi/lib/thumb/v7e-m/fpv4-sp/softfp/libg.a(lib_a-atexit.o)
 .debug_line    0x000000000000204f      0x158 /usr/lib/gcc/arm-none-eabi/7.1.0/../../../../arm-none-eabi/lib/thumb/v7e-m/fpv4-sp/softfp/libg.a(lib_a-exit.o)
 .debug_line    0x00000000000021a7       0xa5 /usr/lib/gcc/arm-none-eabi/7.1.0/../../../../arm-none-eabi/lib/thumb/v7e-m/fpv4-sp/softfp/libg.a(lib_a-fini.o)
 .debug_line    0x000000000000224c       0xe7 /usr/lib/gcc/arm-none-eabi/7.1.0/../../../../arm-none-eabi/lib/thumb/v7e-m/fpv4-sp/softfp/libg.a(lib_a-impure.o)
 .debug_line    0x0000000000002333       0xbf /usr/lib/gcc/arm-none-eabi/7.1.0/../../../../arm-none-eabi/lib/thumb/v7e-m/fpv4-sp/softfp/libg.a(lib_a-init.o)
 .debug_line    0x00000000000023f2      0x1de /usr/lib/gcc/arm-none-eabi/7.1.0/../../../../arm-none-eabi/lib/thumb/v7e-m/fpv4-sp/softfp/libg.a(lib_a-memset.o)
 .debug_line    0x00000000000025d0      0x17a /usr/lib/gcc/arm-none-eabi/7.1.0/../../../../arm-none-eabi/lib/thumb/v7e-m/fpv4-sp/softfp/libg.a(lib_a-__atexit.o)
 .debug_line    0x000000000000274a      0x1ae /usr/lib/gcc/arm-none-eabi/7.1.0/../../../../arm-none-eabi/lib/thumb/v7e-m/fpv4-sp/softfp/libg.a(lib_a-__call_atexit.o)
 .debug_line    0x00000000000028f8       0x61 /usr/lib/gcc/arm-none-eabi/7.1.0/../../../../arm-none-eabi/lib/thumb/v7e-m/fpv4-sp/softfp/libnosys.a(_exit.o)

.debug_info     0x0000000000000000     0xd80e
 .debug_info    0x0000000000000000       0xb8 /usr/lib/gcc/arm-none-eabi/7.1.0/../../../../arm-none-eabi/lib/thumb/v7e-m/fpv4-sp/softfp/crt0.o
 .debug_info    0x00000000000000b8      0x848 /tmp/ccr0UnS1.o
 .debug_info    0x0000000000000900     0x1261 /tmp/ccgUSXSC.o
 .debug_info    0x0000000000001b61      0x214 /tmp/ccce5vZd.o
 .debug_info    0x0000000000001d75      0xa6f /tmp/cc6PhcjP.o
 .debug_info    0x00000000000027e4      0x6d2 /tmp/cclmmuQq.o
 .debug_info    0x0000000000002eb6      0x218 /tmp/ccqkQmt2.o
 .debug_info    0x00000000000030ce      0x78d /tmp/ccqxi6fE.o
 .debug_info    0x000000000000385b      0x5c6 /tmp/ccxiEvfg.o
 .debug_info    0x0000000000003e21       0x90 /tmp/ccGoVWfS.o
 .debug_info    0x0000000000003eb1      0x54b /tmp/ccL4Bqsu.o
 .debug_info    0x00000000000043fc      0xc8d /tmp/ccCsYkY6.o
 .debug_info    0x0000000000005089      0x356 /tmp/ccBqKdIJ.o
 .debug_info    0x00000000000053df      0x852 /tmp/ccX5PoHm.o
 .debug_info    0x0000000000005c31      0xd93 /tmp/ccgM381Z.o
 .debug_info    0x00000000000069c4      0x2e3 /tmp/ccefzWAD.o
 .debug_info    0x0000000000006ca7     0x2105 /tmp/ccpBmFHh.o
 .debug_info    0x0000000000008dac      0xb9f /tmp/cci5p37V.o
 .debug_info    0x000000000000994b      0x90c /usr/lib/gcc/arm-none-eabi/7.1.0/../../../../arm-none-eabi/lib/thumb/v7e-m/fpv4-sp/softfp/libg.a(lib_a-atexit.o)
 .debug_info    0x000000000000a257      0x941 /usr/lib/gcc/arm-none-eabi/7.1.0/../../../../arm-none-eabi/lib/thumb/v7e-m/fpv4-sp/softfp/libg.a(lib_a-exit.o)
 .debug_info    0x000000000000ab98       0xf3 /usr/lib/gcc/arm-none-eabi/7.1.0/../../../../arm-none-eabi/lib/thumb/v7e-m/fpv4-sp/softfp/libg.a(lib_a-fini.o)
 .debug_info    0x000000000000ac8b      0x8a9 /usr/lib/gcc/arm-none-eabi/7.1.0/../../../../arm-none-eabi/lib/thumb/v7e-m/fpv4-sp/softfp/libg.a(lib_a-impure.o)
 .debug_info    0x000000000000b534      0x109 /usr/lib/gcc/arm-none-eabi/7.1.0/../../../../arm-none-eabi/lib/thumb/v7e-m/fpv4-sp/softfp/libg.a(lib_a-init.o)
 .debug_info    0x000000000000b63d      0xe22 /usr/lib/gcc/arm-none-eabi/7.1.0/../../../../arm-none-eabi/lib/thumb/v7e-m/fpv4-sp/softfp/libg.a(lib_a-memset.o)
 .debug_info    0x000000000000c45f      0x955 /usr/lib/gcc/arm-none-eabi/7.1.0/../../../../arm-none-eabi/lib/thumb/v7e-m/fpv4-sp/softfp/libg.a(lib_a-__atexit.o)
 .debug_info    0x000000000000cdb4      0x9c0 /usr/lib/gcc/arm-none-eabi/7.1.0/../../../../arm-none-eabi/lib/thumb/v7e-m/fpv4-sp/softfp/libg.a(lib_a-__call_atexit.o)
 .debug_info    0x000000000000d774       0x9a /usr/lib/gcc/arm-none-eabi/7.1.0/../../../../arm-none-eabi/lib/thumb/v7e-m/fpv4-sp/softfp/libnosys.a(_exit.o)

.debug_abbrev   0x0000000000000000     0x288e
 .debug_abbrev  0x0000000000000000       0x14 /usr/lib/gcc/arm-none-eabi/7.1.0/../../../../arm-none-eabi/lib/thumb/v7e-m/fpv4-sp/softfp/crt0.o
 .debug_abbrev  0x0000000000000014      0x1cf /tmp/ccr0UnS1.o
 .debug_abbrev  0x00000000000001e3      0x1bf /tmp/ccgUSXSC.o
 .debug_abbrev  0x00000000000003a2       0xba /tmp/ccce5vZd.o
 .debug_abbrev  0x000000000000045c      0x22d /tmp/cc6PhcjP.o
 .debug_abbrev  0x0000000000000689      0x192 /tmp/cclmmuQq.o
 .debug_abbrev  0x000000000000081b      0x135 /tmp/ccqkQmt2.o
 .debug_abbrev  0x0000000000000950      0x1c3 /tmp/ccqxi6fE.o
 .debug_abbrev  0x0000000000000b13      0x140 /tmp/ccxiEvfg.o
 .debug_abbrev  0x0000000000000c53       0x12 /tmp/ccGoVWfS.o
 .debug_abbrev  0x0000000000000c65      0x183 /tmp/ccL4Bqsu.o
 .debug_abbrev  0x0000000000000de8      0x1e8 /tmp/ccCsYkY6.o
 .debug_abbrev  0x0000000000000fd0      0x1de /tmp/ccBqKdIJ.o
 .debug_abbrev  0x00000000000011ae      0x1f7 /tmp/ccX5PoHm.o
 .debug_abbrev  0x00000000000013a5      0x1f7 /tmp/ccgM381Z.o
 .debug_abbrev  0x000000000000159c      0x174 /tmp/ccefzWAD.o
 .debug_abbrev  0x0000000000001710      0x1d3 /tmp/ccpBmFHh.o
 .debug_abbrev  0x00000000000018e3      0x1ce /tmp/cci5p37V.o
 .debug_abbrev  0x0000000000001ab1      0x201 /usr/lib/gcc/arm-none-eabi/7.1.0/../../../../arm-none-eabi/lib/thumb/v7e-m/fpv4-sp/softfp/libg.a(lib_a-atexit.o)
 .debug_abbrev  0x0000000000001cb2      0x1f0 /usr/lib/gcc/arm-none-eabi/7.1.0/../../../../arm-none-eabi/lib/thumb/v7e-m/fpv4-sp/softfp/libg.a(lib_a-exit.o)
 .debug_abbrev  0x0000000000001ea2       0xbd /usr/lib/gcc/arm-none-eabi/7.1.0/../../../../arm-none-eabi/lib/thumb/v7e-m/fpv4-sp/softfp/libg.a(lib_a-fini.o)
 .debug_abbrev  0x0000000000001f5f      0x192 /usr/lib/gcc/arm-none-eabi/7.1.0/../../../../arm-none-eabi/lib/thumb/v7e-m/fpv4-sp/softfp/libg.a(lib_a-impure.o)
 .debug_abbrev  0x00000000000020f1       0xba /usr/lib/gcc/arm-none-eabi/7.1.0/../../../../arm-none-eabi/lib/thumb/v7e-m/fpv4-sp/softfp/libg.a(lib_a-init.o)
 .debug_abbrev  0x00000000000021ab      0x1de /usr/lib/gcc/arm-none-eabi/7.1.0/../../../../arm-none-eabi/lib/thumb/v7e-m/fpv4-sp/softfp/libg.a(lib_a-memset.o)
 .debug_abbrev  0x0000000000002389      0x22b /usr/lib/gcc/arm-none-eabi/7.1.0/../../../../arm-none-eabi/lib/thumb/v7e-m/fpv4-sp/softfp/libg.a(lib_a-__atexit.o)
 .debug_abbrev  0x00000000000025b4      0x279 /usr/lib/gcc/arm-none-eabi/7.1.0/../../../../arm-none-eabi/lib/thumb/v7e-m/fpv4-sp/softfp/libg.a(lib_a-__call_atexit.o)
 .debug_abbrev  0x000000000000282d       0x61 /usr/lib/gcc/arm-none-eabi/7.1.0/../../../../arm-none-eabi/lib/thumb/v7e-m/fpv4-sp/softfp/libnosys.a(_exit.o)

.debug_aranges  0x0000000000000000      0x368
 .debug_aranges
                0x0000000000000000       0x20 /usr/lib/gcc/arm-none-eabi/7.1.0/../../../../arm-none-eabi/lib/thumb/v7e-m/fpv4-sp/softfp/crt0.o
 .debug_aranges
                0x0000000000000020       0x20 /tmp/ccr0UnS1.o
 .debug_aranges
                0x0000000000000040       0x20 /tmp/ccgUSXSC.o
 .debug_aranges
                0x0000000000000060       0x20 /tmp/ccce5vZd.o
 .debug_aranges
                0x0000000000000080       0x20 /tmp/cc6PhcjP.o
 .debug_aranges
                0x00000000000000a0       0x20 /tmp/cclmmuQq.o
 .debug_aranges
                0x00000000000000c0       0x20 /tmp/ccqkQmt2.o
 .debug_aranges
                0x00000000000000e0       0x20 /tmp/ccqxi6fE.o
 .debug_aranges
                0x0000000000000100       0x20 /tmp/ccxiEvfg.o
 .debug_aranges
                0x0000000000000120       0x28 /tmp/ccGoVWfS.o
 .debug_aranges
                0x0000000000000148       0x20 /tmp/ccL4Bqsu.o
 .debug_aranges
                0x0000000000000168       0x20 /tmp/ccCsYkY6.o
 .debug_aranges
                0x0000000000000188       0x20 /tmp/ccBqKdIJ.o
 .debug_aranges
                0x00000000000001a8       0x20 /tmp/ccX5PoHm.o
 .debug_aranges
                0x00000000000001c8       0x20 /tmp/ccgM381Z.o
 .debug_aranges
                0x00000000000001e8       0x20 /tmp/ccefzWAD.o
 .debug_aranges
                0x0000000000000208       0x20 /tmp/ccpBmFHh.o
 .debug_aranges
                0x0000000000000228       0x20 /tmp/cci5p37V.o
 .debug_aranges
                0x0000000000000248       0x20 /usr/lib/gcc/arm-none-eabi/7.1.0/../../../../arm-none-eabi/lib/thumb/v7e-m/fpv4-sp/softfp/libg.a(lib_a-atexit.o)
 .debug_aranges
                0x0000000000000268       0x20 /usr/lib/gcc/arm-none-eabi/7.1.0/../../../../arm-none-eabi/lib/thumb/v7e-m/fpv4-sp/softfp/libg.a(lib_a-exit.o)
 .debug_aranges
                0x0000000000000288       0x20 /usr/lib/gcc/arm-none-eabi/7.1.0/../../../../arm-none-eabi/lib/thumb/v7e-m/fpv4-sp/softfp/libg.a(lib_a-fini.o)
 .debug_aranges
                0x00000000000002a8       0x18 /usr/lib/gcc/arm-none-eabi/7.1.0/../../../../arm-none-eabi/lib/thumb/v7e-m/fpv4-sp/softfp/libg.a(lib_a-impure.o)
 .debug_aranges
                0x00000000000002c0       0x20 /usr/lib/gcc/arm-none-eabi/7.1.0/../../../../arm-none-eabi/lib/thumb/v7e-m/fpv4-sp/softfp/libg.a(lib_a-init.o)
 .debug_aranges
                0x00000000000002e0       0x20 /usr/lib/gcc/arm-none-eabi/7.1.0/../../../../arm-none-eabi/lib/thumb/v7e-m/fpv4-sp/softfp/libg.a(lib_a-memset.o)
 .debug_aranges
                0x0000000000000300       0x20 /usr/lib/gcc/arm-none-eabi/7.1.0/../../../../arm-none-eabi/lib/thumb/v7e-m/fpv4-sp/softfp/libg.a(lib_a-__atexit.o)
 .debug_aranges
                0x0000000000000320       0x28 /usr/lib/gcc/arm-none-eabi/7.1.0/../../../../arm-none-eabi/lib/thumb/v7e-m/fpv4-sp/softfp/libg.a(lib_a-__call_atexit.o)
 .debug_aranges
                0x0000000000000348       0x20 /usr/lib/gcc/arm-none-eabi/7.1.0/../../../../arm-none-eabi/lib/thumb/v7e-m/fpv4-sp/softfp/libnosys.a(_exit.o)

.debug_loc      0x0000000000000000     0x4a01
 .debug_loc     0x0000000000000000       0x7f /tmp/ccr0UnS1.o
 .debug_loc     0x000000000000007f       0xa6 /tmp/ccgUSXSC.o
 .debug_loc     0x0000000000000125       0x6e /tmp/ccce5vZd.o
 .debug_loc     0x0000000000000193       0x7a /tmp/cc6PhcjP.o
 .debug_loc     0x000000000000020d       0x2b /tmp/cclmmuQq.o
 .debug_loc     0x0000000000000238      0x106 /tmp/ccqkQmt2.o
 .debug_loc     0x000000000000033e      0x44d /tmp/ccqxi6fE.o
 .debug_loc     0x000000000000078b      0x13e /tmp/ccxiEvfg.o
 .debug_loc     0x00000000000008c9      0x128 /tmp/ccL4Bqsu.o
 .debug_loc     0x00000000000009f1      0x919 /tmp/ccCsYkY6.o
 .debug_loc     0x000000000000130a      0x144 /tmp/ccBqKdIJ.o
 .debug_loc     0x000000000000144e      0x3db /tmp/ccX5PoHm.o
 .debug_loc     0x0000000000001829      0xa90 /tmp/ccgM381Z.o
 .debug_loc     0x00000000000022b9       0x9b /tmp/ccefzWAD.o
 .debug_loc     0x0000000000002354     0x18f5 /tmp/ccpBmFHh.o
 .debug_loc     0x0000000000003c49      0x7fc /tmp/cci5p37V.o
 .debug_loc     0x0000000000004445       0x2c /usr/lib/gcc/arm-none-eabi/7.1.0/../../../../arm-none-eabi/lib/thumb/v7e-m/fpv4-sp/softfp/libg.a(lib_a-atexit.o)
 .debug_loc     0x0000000000004471       0x1e /usr/lib/gcc/arm-none-eabi/7.1.0/../../../../arm-none-eabi/lib/thumb/v7e-m/fpv4-sp/softfp/libg.a(lib_a-exit.o)
 .debug_loc     0x000000000000448f       0x5c /usr/lib/gcc/arm-none-eabi/7.1.0/../../../../arm-none-eabi/lib/thumb/v7e-m/fpv4-sp/softfp/libg.a(lib_a-fini.o)
 .debug_loc     0x00000000000044eb       0xa2 /usr/lib/gcc/arm-none-eabi/7.1.0/../../../../arm-none-eabi/lib/thumb/v7e-m/fpv4-sp/softfp/libg.a(lib_a-init.o)
 .debug_loc     0x000000000000458d      0x175 /usr/lib/gcc/arm-none-eabi/7.1.0/../../../../arm-none-eabi/lib/thumb/v7e-m/fpv4-sp/softfp/libg.a(lib_a-memset.o)
 .debug_loc     0x0000000000004702      0x151 /usr/lib/gcc/arm-none-eabi/7.1.0/../../../../arm-none-eabi/lib/thumb/v7e-m/fpv4-sp/softfp/libg.a(lib_a-__atexit.o)
 .debug_loc     0x0000000000004853      0x1ae /usr/lib/gcc/arm-none-eabi/7.1.0/../../../../arm-none-eabi/lib/thumb/v7e-m/fpv4-sp/softfp/libg.a(lib_a-__call_atexit.o)

.debug_str      0x0000000000000000     0x3d58
 .debug_str     0x0000000000000000      0x8ec /tmp/ccr0UnS1.o
                                        0x94d (size before relaxing)
 .debug_str     0x00000000000008ec      0x6a7 /tmp/ccgUSXSC.o
                                        0xedf (size before relaxing)
 .debug_str     0x0000000000000f93       0x72 /tmp/ccce5vZd.o
                                        0x25e (size before relaxing)
 .debug_str     0x0000000000001005      0x184 /tmp/cc6PhcjP.o
                                        0x7fd (size before relaxing)
 .debug_str     0x0000000000001189      0x1e7 /tmp/cclmmuQq.o
                                        0x4c1 (size before relaxing)
 .debug_str     0x0000000000001370       0x48 /tmp/ccqkQmt2.o
                                        0x20a (size before relaxing)
 .debug_str     0x00000000000013b8      0x133 /tmp/ccqxi6fE.o
                                        0x402 (size before relaxing)
 .debug_str     0x00000000000014eb      0x160 /tmp/ccxiEvfg.o
                                        0x3c0 (size before relaxing)
 .debug_str     0x000000000000164b       0xce /tmp/ccL4Bqsu.o
                                        0x40a (size before relaxing)
 .debug_str     0x0000000000001719      0x492 /tmp/ccCsYkY6.o
                                        0x857 (size before relaxing)
 .debug_str     0x0000000000001bab       0xaa /tmp/ccBqKdIJ.o
                                        0x388 (size before relaxing)
 .debug_str     0x0000000000001c55      0x175 /tmp/ccX5PoHm.o
                                        0x4f3 (size before relaxing)
 .debug_str     0x0000000000001dca      0x580 /tmp/ccgM381Z.o
                                        0x948 (size before relaxing)
 .debug_str     0x000000000000234a      0x143 /tmp/ccefzWAD.o
                                        0x361 (size before relaxing)
 .debug_str     0x000000000000248d      0x8f7 /tmp/ccpBmFHh.o
                                        0xe3a (size before relaxing)
 .debug_str     0x0000000000002d84      0x303 /tmp/cci5p37V.o
                                        0x70b (size before relaxing)
 .debug_str     0x0000000000003087      0x54e /usr/lib/gcc/arm-none-eabi/7.1.0/../../../../arm-none-eabi/lib/thumb/v7e-m/fpv4-sp/softfp/libg.a(lib_a-atexit.o)
                                        0x62c (size before relaxing)
 .debug_str     0x00000000000035d5       0x72 /usr/lib/gcc/arm-none-eabi/7.1.0/../../../../arm-none-eabi/lib/thumb/v7e-m/fpv4-sp/softfp/libg.a(lib_a-exit.o)
                                        0x62d (size before relaxing)
 .debug_str     0x0000000000003647       0xda /usr/lib/gcc/arm-none-eabi/7.1.0/../../../../arm-none-eabi/lib/thumb/v7e-m/fpv4-sp/softfp/libg.a(lib_a-fini.o)
                                        0x23b (size before relaxing)
 .debug_str     0x0000000000003721       0xad /usr/lib/gcc/arm-none-eabi/7.1.0/../../../../arm-none-eabi/lib/thumb/v7e-m/fpv4-sp/softfp/libg.a(lib_a-impure.o)
                                        0x5e1 (size before relaxing)
 .debug_str     0x00000000000037ce       0x93 /usr/lib/gcc/arm-none-eabi/7.1.0/../../../../arm-none-eabi/lib/thumb/v7e-m/fpv4-sp/softfp/libg.a(lib_a-init.o)
                                        0x265 (size before relaxing)
 .debug_str     0x0000000000003861      0x322 /usr/lib/gcc/arm-none-eabi/7.1.0/../../../../arm-none-eabi/lib/thumb/v7e-m/fpv4-sp/softfp/libg.a(lib_a-memset.o)
                                        0x90e (size before relaxing)
 .debug_str     0x0000000000003b83       0x4c /usr/lib/gcc/arm-none-eabi/7.1.0/../../../../arm-none-eabi/lib/thumb/v7e-m/fpv4-sp/softfp/libg.a(lib_a-__atexit.o)
                                        0x646 (size before relaxing)
 .debug_str     0x0000000000003bcf       0x6b /usr/lib/gcc/arm-none-eabi/7.1.0/../../../../arm-none-eabi/lib/thumb/v7e-m/fpv4-sp/softfp/libg.a(lib_a-__call_atexit.o)
                                        0x657 (size before relaxing)
 .debug_str     0x0000000000003c3a      0x11e /usr/lib/gcc/arm-none-eabi/7.1.0/../../../../arm-none-eabi/lib/thumb/v7e-m/fpv4-sp/softfp/libnosys.a(_exit.o)
                                        0x1b4 (size before relaxing)

.debug_frame    0x0000000000000000     0x18e8
 .debug_frame   0x0000000000000000       0x68 /tmp/ccr0UnS1.o
 .debug_frame   0x0000000000000068      0x170 /tmp/ccgUSXSC.o
 .debug_frame   0x00000000000001d8       0x2c /tmp/ccce5vZd.o
 .debug_frame   0x0000000000000204       0x58 /tmp/cc6PhcjP.o
 .debug_frame   0x000000000000025c      0x140 /tmp/cclmmuQq.o
 .debug_frame   0x000000000000039c       0x6c /tmp/ccqkQmt2.o
 .debug_frame   0x0000000000000408      0x170 /tmp/ccqxi6fE.o
 .debug_frame   0x0000000000000578       0x48 /tmp/ccxiEvfg.o
 .debug_frame   0x00000000000005c0       0x60 /tmp/ccL4Bqsu.o
 .debug_frame   0x0000000000000620      0x2d4 /tmp/ccCsYkY6.o
 .debug_frame   0x00000000000008f4       0xa0 /tmp/ccBqKdIJ.o
 .debug_frame   0x0000000000000994      0x120 /tmp/ccX5PoHm.o
 .debug_frame   0x0000000000000ab4      0x32c /tmp/ccgM381Z.o
 .debug_frame   0x0000000000000de0       0x94 /tmp/ccefzWAD.o
 .debug_frame   0x0000000000000e74      0x6cc /tmp/ccpBmFHh.o
 .debug_frame   0x0000000000001540      0x224 /tmp/cci5p37V.o
 .debug_frame   0x0000000000001764       0x20 /usr/lib/gcc/arm-none-eabi/7.1.0/../../../../arm-none-eabi/lib/thumb/v7e-m/fpv4-sp/softfp/libg.a(lib_a-atexit.o)
 .debug_frame   0x0000000000001784       0x28 /usr/lib/gcc/arm-none-eabi/7.1.0/../../../../arm-none-eabi/lib/thumb/v7e-m/fpv4-sp/softfp/libg.a(lib_a-exit.o)
 .debug_frame   0x00000000000017ac       0x34 /usr/lib/gcc/arm-none-eabi/7.1.0/../../../../arm-none-eabi/lib/thumb/v7e-m/fpv4-sp/softfp/libg.a(lib_a-fini.o)
 .debug_frame   0x00000000000017e0       0x2c /usr/lib/gcc/arm-none-eabi/7.1.0/../../../../arm-none-eabi/lib/thumb/v7e-m/fpv4-sp/softfp/libg.a(lib_a-init.o)
 .debug_frame   0x000000000000180c       0x38 /usr/lib/gcc/arm-none-eabi/7.1.0/../../../../arm-none-eabi/lib/thumb/v7e-m/fpv4-sp/softfp/libg.a(lib_a-memset.o)
 .debug_frame   0x0000000000001844       0x34 /usr/lib/gcc/arm-none-eabi/7.1.0/../../../../arm-none-eabi/lib/thumb/v7e-m/fpv4-sp/softfp/libg.a(lib_a-__atexit.o)
 .debug_frame   0x0000000000001878       0x50 /usr/lib/gcc/arm-none-eabi/7.1.0/../../../../arm-none-eabi/lib/thumb/v7e-m/fpv4-sp/softfp/libg.a(lib_a-__call_atexit.o)
 .debug_frame   0x00000000000018c8       0x20 /usr/lib/gcc/arm-none-eabi/7.1.0/../../../../arm-none-eabi/lib/thumb/v7e-m/fpv4-sp/softfp/libnosys.a(_exit.o)

.debug_ranges   0x0000000000000000      0x160
 .debug_ranges  0x0000000000000000       0x90 /tmp/ccqxi6fE.o
 .debug_ranges  0x0000000000000090       0x20 /tmp/ccGoVWfS.o
 .debug_ranges  0x00000000000000b0       0x10 /usr/lib/gcc/arm-none-eabi/7.1.0/../../../../arm-none-eabi/lib/thumb/v7e-m/fpv4-sp/softfp/libg.a(lib_a-atexit.o)
 .debug_ranges  0x00000000000000c0       0x10 /usr/lib/gcc/arm-none-eabi/7.1.0/../../../../arm-none-eabi/lib/thumb/v7e-m/fpv4-sp/softfp/libg.a(lib_a-exit.o)
 .debug_ranges  0x00000000000000d0       0x10 /usr/lib/gcc/arm-none-eabi/7.1.0/../../../../arm-none-eabi/lib/thumb/v7e-m/fpv4-sp/softfp/libg.a(lib_a-fini.o)
 .debug_ranges  0x00000000000000e0       0x10 /usr/lib/gcc/arm-none-eabi/7.1.0/../../../../arm-none-eabi/lib/thumb/v7e-m/fpv4-sp/softfp/libg.a(lib_a-init.o)
 .debug_ranges  0x00000000000000f0       0x10 /usr/lib/gcc/arm-none-eabi/7.1.0/../../../../arm-none-eabi/lib/thumb/v7e-m/fpv4-sp/softfp/libg.a(lib_a-memset.o)
 .debug_ranges  0x0000000000000100       0x10 /usr/lib/gcc/arm-none-eabi/7.1.0/../../../../arm-none-eabi/lib/thumb/v7e-m/fpv4-sp/softfp/libg.a(lib_a-__atexit.o)
 .debug_ranges  0x0000000000000110       0x40 /usr/lib/gcc/arm-none-eabi/7.1.0/../../../../arm-none-eabi/lib/thumb/v7e-m/fpv4-sp/softfp/libg.a(lib_a-__call_atexit.o)
 .debug_ranges  0x0000000000000150       0x10 /usr/lib/gcc/arm-none-eabi/7.1.0/../../../../arm-none-eabi/lib/thumb/v7e-m/fpv4-sp/softfp/libnosys.a(_exit.o)

Cross Reference Table

Symbol                                            File
ADC_AnalogWatchdogCmd                             /tmp/ccCsYkY6.o
ADC_AnalogWatchdogSingleChannelConfig             /tmp/ccCsYkY6.o
ADC_AnalogWatchdogThresholdsConfig                /tmp/ccCsYkY6.o
ADC_AutoInjectedConvCmd                           /tmp/ccCsYkY6.o
ADC_ClearFlag                                     /tmp/ccCsYkY6.o
ADC_ClearITPendingBit                             /tmp/ccCsYkY6.o
ADC_Cmd                                           /tmp/ccCsYkY6.o
ADC_CommonInit                                    /tmp/ccCsYkY6.o
                                                  /tmp/ccgUSXSC.o
ADC_CommonStructInit                              /tmp/ccCsYkY6.o
ADC_ContinuousModeCmd                             /tmp/ccCsYkY6.o
ADC_DMACmd                                        /tmp/ccCsYkY6.o
ADC_DMARequestAfterLastTransferCmd                /tmp/ccCsYkY6.o
ADC_DeInit                                        /tmp/ccCsYkY6.o
ADC_DiscModeChannelCountConfig                    /tmp/ccCsYkY6.o
ADC_DiscModeCmd                                   /tmp/ccCsYkY6.o
ADC_EOCOnEachRegularChannelCmd                    /tmp/ccCsYkY6.o
ADC_ExternalTrigInjectedConvConfig                /tmp/ccCsYkY6.o
ADC_ExternalTrigInjectedConvEdgeConfig            /tmp/ccCsYkY6.o
ADC_GetConversionValue                            /tmp/ccCsYkY6.o
                                                  /tmp/ccgUSXSC.o
ADC_GetFlagStatus                                 /tmp/ccCsYkY6.o
                                                  /tmp/ccgUSXSC.o
ADC_GetITStatus                                   /tmp/ccCsYkY6.o
ADC_GetInjectedConversionValue                    /tmp/ccCsYkY6.o
ADC_GetMultiModeConversionValue                   /tmp/ccCsYkY6.o
ADC_GetSoftwareStartConvStatus                    /tmp/ccCsYkY6.o
ADC_GetSoftwareStartInjectedConvCmdStatus         /tmp/ccCsYkY6.o
ADC_IRQHandler                                    /tmp/ccGoVWfS.o
ADC_ITConfig                                      /tmp/ccCsYkY6.o
ADC_Init                                          /tmp/ccCsYkY6.o
                                                  /tmp/ccgUSXSC.o
ADC_InjectedChannelConfig                         /tmp/ccCsYkY6.o
ADC_InjectedDiscModeCmd                           /tmp/ccCsYkY6.o
ADC_InjectedSequencerLengthConfig                 /tmp/ccCsYkY6.o
ADC_MultiModeDMARequestAfterLastTransferCmd       /tmp/ccCsYkY6.o
ADC_RegularChannelConfig                          /tmp/ccCsYkY6.o
                                                  /tmp/ccgUSXSC.o
ADC_SetInjectedOffset                             /tmp/ccCsYkY6.o
ADC_SoftwareStartConv                             /tmp/ccCsYkY6.o
                                                  /tmp/ccgUSXSC.o
ADC_SoftwareStartInjectedConv                     /tmp/ccCsYkY6.o
ADC_StructInit                                    /tmp/ccCsYkY6.o
ADC_TempSensorVrefintCmd                          /tmp/ccCsYkY6.o
ADC_VBATCmd                                       /tmp/ccCsYkY6.o
AHBPrescTable                                     /tmp/ccxiEvfg.o
BusFault_Handler                                  /tmp/cclmmuQq.o
DMA1_Stream0_IRQHandler                           /tmp/ccGoVWfS.o
DMA1_Stream1_IRQHandler                           /tmp/ccGoVWfS.o
DMA1_Stream2_IRQHandler                           /tmp/ccGoVWfS.o
DMA1_Stream3_IRQHandler                           /tmp/ccGoVWfS.o
DMA1_Stream4_IRQHandler                           /tmp/ccGoVWfS.o
DMA1_Stream5_IRQHandler                           /tmp/ccGoVWfS.o
DMA1_Stream6_IRQHandler                           /tmp/ccGoVWfS.o
DMA1_Stream7_IRQHandler                           /tmp/ccGoVWfS.o
DMA2_Stream0_IRQHandler                           /tmp/ccGoVWfS.o
DMA2_Stream1_IRQHandler                           /tmp/ccGoVWfS.o
DMA2_Stream2_IRQHandler                           /tmp/ccGoVWfS.o
DMA2_Stream3_IRQHandler                           /tmp/ccGoVWfS.o
DMA2_Stream4_IRQHandler                           /tmp/ccGoVWfS.o
DMA2_Stream5_IRQHandler                           /tmp/ccGoVWfS.o
DMA2_Stream6_IRQHandler                           /tmp/ccGoVWfS.o
DMA2_Stream7_IRQHandler                           /tmp/ccGoVWfS.o
DebugMon_Handler                                  /tmp/cclmmuQq.o
Default_Handler                                   /tmp/ccGoVWfS.o
EXTI0_IRQHandler                                  /tmp/ccGoVWfS.o
EXTI15_10_IRQHandler                              /tmp/cclmmuQq.o
EXTI1_IRQHandler                                  /tmp/ccGoVWfS.o
EXTI2_IRQHandler                                  /tmp/ccGoVWfS.o
EXTI3_IRQHandler                                  /tmp/cclmmuQq.o
EXTI4_IRQHandler                                  /tmp/ccGoVWfS.o
EXTI9_5_IRQHandler                                /tmp/ccGoVWfS.o
EXTI_ClearFlag                                    /tmp/ccBqKdIJ.o
EXTI_ClearITPendingBit                            /tmp/ccBqKdIJ.o
                                                  /tmp/cclmmuQq.o
EXTI_DeInit                                       /tmp/ccBqKdIJ.o
EXTI_GenerateSWInterrupt                          /tmp/ccBqKdIJ.o
EXTI_GetFlagStatus                                /tmp/ccBqKdIJ.o
EXTI_GetITStatus                                  /tmp/ccBqKdIJ.o
                                                  /tmp/cclmmuQq.o
EXTI_Init                                         /tmp/ccBqKdIJ.o
                                                  /tmp/ccgUSXSC.o
EXTI_StructInit                                   /tmp/ccBqKdIJ.o
FLASH_IRQHandler                                  /tmp/ccGoVWfS.o
FPU_IRQHandler                                    /tmp/ccGoVWfS.o
GPIO_DeInit                                       /tmp/ccX5PoHm.o
[...]
TIM_ForcedOC2Config                               /tmp/ccpBmFHh.o
TIM_ForcedOC3Config                               /tmp/ccpBmFHh.o
TIM_ForcedOC4Config                               /tmp/ccpBmFHh.o
TIM_GenerateEvent                                 /tmp/ccpBmFHh.o
TIM_GetCapture1                                   /tmp/ccpBmFHh.o
TIM_GetCapture2                                   /tmp/ccpBmFHh.o
TIM_GetCapture3                                   /tmp/ccpBmFHh.o
TIM_GetCapture4                                   /tmp/ccpBmFHh.o
TIM_GetCounter                                    /tmp/ccpBmFHh.o
TIM_GetFlagStatus                                 /tmp/ccpBmFHh.o
TIM_GetITStatus                                   /tmp/ccpBmFHh.o
                                                  /tmp/cclmmuQq.o
TIM_GetPrescaler                                  /tmp/ccpBmFHh.o
TIM_ICInit                                        /tmp/ccpBmFHh.o
TIM_ICStructInit                                  /tmp/ccpBmFHh.o
TIM_ITConfig                                      /tmp/ccpBmFHh.o
                                                  /tmp/ccgUSXSC.o
TIM_ITRxExternalClockConfig                       /tmp/ccpBmFHh.o
TIM_InternalClockConfig                           /tmp/ccpBmFHh.o
TIM_OC1FastConfig                                 /tmp/ccpBmFHh.o
TIM_OC1Init                                       /tmp/ccpBmFHh.o
                                                  /tmp/ccgUSXSC.o
TIM_OC1NPolarityConfig                            /tmp/ccpBmFHh.o
TIM_OC1PolarityConfig                             /tmp/ccpBmFHh.o
TIM_OC1PreloadConfig                              /tmp/ccpBmFHh.o
                                                  /tmp/ccgUSXSC.o
TIM_OC2FastConfig                                 /tmp/ccpBmFHh.o
TIM_OC2Init                                       /tmp/ccpBmFHh.o
                                                  /tmp/ccgUSXSC.o
TIM_OC2NPolarityConfig                            /tmp/ccpBmFHh.o
TIM_OC2PolarityConfig                             /tmp/ccpBmFHh.o
TIM_OC2PreloadConfig                              /tmp/ccpBmFHh.o
                                                  /tmp/ccgUSXSC.o
TIM_OC3FastConfig                                 /tmp/ccpBmFHh.o
TIM_OC3Init                                       /tmp/ccpBmFHh.o
                                                  /tmp/ccgUSXSC.o
TIM_OC3NPolarityConfig                            /tmp/ccpBmFHh.o
TIM_OC3PolarityConfig                             /tmp/ccpBmFHh.o
TIM_OC3PreloadConfig                              /tmp/ccpBmFHh.o
                                                  /tmp/ccgUSXSC.o
TIM_OC4FastConfig                                 /tmp/ccpBmFHh.o
TIM_OC4Init                                       /tmp/ccpBmFHh.o
                                                  /tmp/ccgUSXSC.o
TIM_OC4PolarityConfig                             /tmp/ccpBmFHh.o
TIM_OC4PreloadConfig                              /tmp/ccpBmFHh.o
                                                  /tmp/ccgUSXSC.o
TIM_OCStructInit                                  /tmp/ccpBmFHh.o
TIM_PWMIConfig                                    /tmp/ccpBmFHh.o
TIM_PrescalerConfig                               /tmp/ccpBmFHh.o
TIM_RemapConfig                                   /tmp/ccpBmFHh.o
TIM_SelectCCDMA                                   /tmp/ccpBmFHh.o
TIM_SelectCOM                                     /tmp/ccpBmFHh.o
TIM_SelectHallSensor                              /tmp/ccpBmFHh.o
TIM_SelectInputTrigger                            /tmp/ccpBmFHh.o
TIM_SelectMasterSlaveMode                         /tmp/ccpBmFHh.o
TIM_SelectOCxM                                    /tmp/ccpBmFHh.o
TIM_SelectOnePulseMode                            /tmp/ccpBmFHh.o
TIM_SelectOutputTrigger                           /tmp/ccpBmFHh.o
TIM_SelectSlaveMode                               /tmp/ccpBmFHh.o
TIM_SetAutoreload                                 /tmp/ccpBmFHh.o
TIM_SetClockDivision                              /tmp/ccpBmFHh.o
TIM_SetCompare1                                   /tmp/ccpBmFHh.o
TIM_SetCompare2                                   /tmp/ccpBmFHh.o
TIM_SetCompare3                                   /tmp/ccpBmFHh.o
TIM_SetCompare4                                   /tmp/ccpBmFHh.o
TIM_SetCounter                                    /tmp/ccpBmFHh.o
TIM_SetIC1Prescaler                               /tmp/ccpBmFHh.o
TIM_SetIC2Prescaler                               /tmp/ccpBmFHh.o
TIM_SetIC3Prescaler                               /tmp/ccpBmFHh.o
TIM_SetIC4Prescaler                               /tmp/ccpBmFHh.o
TIM_TIxExternalClockConfig                        /tmp/ccpBmFHh.o
TIM_TimeBaseInit                                  /tmp/ccpBmFHh.o
                                                  /tmp/ccgUSXSC.o
TIM_TimeBaseStructInit                            /tmp/ccpBmFHh.o
TIM_UpdateDisableConfig                           /tmp/ccpBmFHh.o
TIM_UpdateRequestConfig                           /tmp/ccpBmFHh.o
USART1_IRQHandler                                 /tmp/cclmmuQq.o
USART2_IRQHandler                                 /tmp/ccGoVWfS.o
USART6_IRQHandler                                 /tmp/ccGoVWfS.o
USART_ClearFlag                                   /tmp/cci5p37V.o
USART_ClearITPendingBit                           /tmp/cci5p37V.o
                                                  /tmp/cclmmuQq.o
USART_ClockInit                                   /tmp/cci5p37V.o
USART_ClockStructInit                             /tmp/cci5p37V.o
USART_Cmd                                         /tmp/cci5p37V.o
                                                  /tmp/ccr0UnS1.o
USART_DMACmd                                      /tmp/cci5p37V.o
USART_DeInit                                      /tmp/cci5p37V.o
USART_GetFlagStatus                               /tmp/cci5p37V.o
                                                  /tmp/ccr0UnS1.o
USART_GetITStatus                                 /tmp/cci5p37V.o
                                                  /tmp/cclmmuQq.o
USART_HalfDuplexCmd                               /tmp/cci5p37V.o
USART_ITConfig                                    /tmp/cci5p37V.o
                                                  /tmp/ccr0UnS1.o
USART_Init                                        /tmp/cci5p37V.o
                                                  /tmp/ccr0UnS1.o
USART_IrDACmd                                     /tmp/cci5p37V.o
USART_IrDAConfig                                  /tmp/cci5p37V.o
USART_LINBreakDetectLengthConfig                  /tmp/cci5p37V.o
USART_LINCmd                                      /tmp/cci5p37V.o
USART_OneBitMethodCmd                             /tmp/cci5p37V.o
USART_OverSampling8Cmd                            /tmp/cci5p37V.o
USART_ReceiveData                                 /tmp/cci5p37V.o
                                                  /tmp/cclmmuQq.o
USART_ReceiverWakeUpCmd                           /tmp/cci5p37V.o
USART_SendBreak                                   /tmp/cci5p37V.o
USART_SendData                                    /tmp/cci5p37V.o
                                                  /tmp/ccr0UnS1.o
USART_SetAddress                                  /tmp/cci5p37V.o
USART_SetGuardTime                                /tmp/cci5p37V.o
USART_SetPrescaler                                /tmp/cci5p37V.o
USART_SmartCardCmd                                /tmp/cci5p37V.o
USART_SmartCardNACKCmd                            /tmp/cci5p37V.o
USART_StructInit                                  /tmp/cci5p37V.o
USART_WakeUpConfig                                /tmp/cci5p37V.o
UsageFault_Handler                                /tmp/cclmmuQq.o
WWDG_IRQHandler                                   /tmp/ccGoVWfS.o
_ITM_deregisterTMCloneTable                       /usr/lib/gcc/arm-none-eabi/7.1.0/thumb/v7e-m/fpv4-sp/softfp/crtbegin.o
_ITM_registerTMCloneTable                         /usr/lib/gcc/arm-none-eabi/7.1.0/thumb/v7e-m/fpv4-sp/softfp/crtbegin.o
__TMC_END__                                       /usr/lib/gcc/arm-none-eabi/7.1.0/thumb/v7e-m/fpv4-sp/softfp/crtend.o
                                                  /usr/lib/gcc/arm-none-eabi/7.1.0/thumb/v7e-m/fpv4-sp/softfp/crtbegin.o
__bss_end__                                       /usr/lib/gcc/arm-none-eabi/7.1.0/../../../../arm-none-eabi/lib/thumb/v7e-m/fpv4-sp/softfp/crt0.o
__bss_start__                                     /usr/lib/gcc/arm-none-eabi/7.1.0/../../../../arm-none-eabi/lib/thumb/v7e-m/fpv4-sp/softfp/crt0.o
__call_exitprocs                                  /usr/lib/gcc/arm-none-eabi/7.1.0/../../../../arm-none-eabi/lib/thumb/v7e-m/fpv4-sp/softfp/libg.a(lib_a-__call_atexit.o)
                                                  /usr/lib/gcc/arm-none-eabi/7.1.0/../../../../arm-none-eabi/lib/thumb/v7e-m/fpv4-sp/softfp/libg.a(lib_a-exit.o)
__deregister_frame_info                           /usr/lib/gcc/arm-none-eabi/7.1.0/thumb/v7e-m/fpv4-sp/softfp/crtbegin.o
__dso_handle                                      /usr/lib/gcc/arm-none-eabi/7.1.0/thumb/v7e-m/fpv4-sp/softfp/crtbegin.o
__fini_array_end                                  /usr/lib/gcc/arm-none-eabi/7.1.0/../../../../arm-none-eabi/lib/thumb/v7e-m/fpv4-sp/softfp/libg.a(lib_a-fini.o)
__fini_array_start                                /usr/lib/gcc/arm-none-eabi/7.1.0/../../../../arm-none-eabi/lib/thumb/v7e-m/fpv4-sp/softfp/libg.a(lib_a-fini.o)
__init_array_end                                  /usr/lib/gcc/arm-none-eabi/7.1.0/../../../../arm-none-eabi/lib/thumb/v7e-m/fpv4-sp/softfp/libg.a(lib_a-init.o)
__init_array_start                                /usr/lib/gcc/arm-none-eabi/7.1.0/../../../../arm-none-eabi/lib/thumb/v7e-m/fpv4-sp/softfp/libg.a(lib_a-init.o)
__libc_fini                                       /usr/lib/gcc/arm-none-eabi/7.1.0/../../../../arm-none-eabi/lib/thumb/v7e-m/fpv4-sp/softfp/libg.a(lib_a-__call_atexit.o)
__libc_fini_array                                 /usr/lib/gcc/arm-none-eabi/7.1.0/../../../../arm-none-eabi/lib/thumb/v7e-m/fpv4-sp/softfp/libg.a(lib_a-fini.o)
                                                  /usr/lib/gcc/arm-none-eabi/7.1.0/../../../../arm-none-eabi/lib/thumb/v7e-m/fpv4-sp/softfp/libg.a(lib_a-__call_atexit.o)
                                                  /usr/lib/gcc/arm-none-eabi/7.1.0/../../../../arm-none-eabi/lib/thumb/v7e-m/fpv4-sp/softfp/crt0.o
__libc_init_array                                 /usr/lib/gcc/arm-none-eabi/7.1.0/../../../../arm-none-eabi/lib/thumb/v7e-m/fpv4-sp/softfp/libg.a(lib_a-init.o)
                                                  /tmp/ccGoVWfS.o
                                                  /usr/lib/gcc/arm-none-eabi/7.1.0/../../../../arm-none-eabi/lib/thumb/v7e-m/fpv4-sp/softfp/crt0.o
__preinit_array_end                               /usr/lib/gcc/arm-none-eabi/7.1.0/../../../../arm-none-eabi/lib/thumb/v7e-m/fpv4-sp/softfp/libg.a(lib_a-init.o)
__preinit_array_start                             /usr/lib/gcc/arm-none-eabi/7.1.0/../../../../arm-none-eabi/lib/thumb/v7e-m/fpv4-sp/softfp/libg.a(lib_a-init.o)
__register_exitproc                               /usr/lib/gcc/arm-none-eabi/7.1.0/../../../../arm-none-eabi/lib/thumb/v7e-m/fpv4-sp/softfp/libg.a(lib_a-__atexit.o)
                                                  /usr/lib/gcc/arm-none-eabi/7.1.0/../../../../arm-none-eabi/lib/thumb/v7e-m/fpv4-sp/softfp/libg.a(lib_a-atexit.o)
__register_frame_info                             /usr/lib/gcc/arm-none-eabi/7.1.0/thumb/v7e-m/fpv4-sp/softfp/crtbegin.o
__stack                                           /usr/lib/gcc/arm-none-eabi/7.1.0/../../../../arm-none-eabi/lib/thumb/v7e-m/fpv4-sp/softfp/crt0.o
_d                                                /tmp/cc6PhcjP.o
_ebss                                             /tmp/ccGoVWfS.o
_edata                                            /tmp/ccGoVWfS.o
_estack                                           /tmp/ccGoVWfS.o
_exit                                             /usr/lib/gcc/arm-none-eabi/7.1.0/../../../../arm-none-eabi/lib/thumb/v7e-m/fpv4-sp/softfp/libnosys.a(_exit.o)
                                                  /usr/lib/gcc/arm-none-eabi/7.1.0/../../../../arm-none-eabi/lib/thumb/v7e-m/fpv4-sp/softfp/libg.a(lib_a-exit.o)
_f                                                /tmp/cc6PhcjP.o
_fini                                             /usr/lib/gcc/arm-none-eabi/7.1.0/thumb/v7e-m/fpv4-sp/softfp/crti.o
                                                  /usr/lib/gcc/arm-none-eabi/7.1.0/../../../../arm-none-eabi/lib/thumb/v7e-m/fpv4-sp/softfp/libg.a(lib_a-fini.o)
_global_impure_ptr                                /usr/lib/gcc/arm-none-eabi/7.1.0/../../../../arm-none-eabi/lib/thumb/v7e-m/fpv4-sp/softfp/libg.a(lib_a-impure.o)
                                                  /usr/lib/gcc/arm-none-eabi/7.1.0/../../../../arm-none-eabi/lib/thumb/v7e-m/fpv4-sp/softfp/libg.a(lib_a-__call_atexit.o)
                                                  /usr/lib/gcc/arm-none-eabi/7.1.0/../../../../arm-none-eabi/lib/thumb/v7e-m/fpv4-sp/softfp/libg.a(lib_a-__atexit.o)
                                                  /usr/lib/gcc/arm-none-eabi/7.1.0/../../../../arm-none-eabi/lib/thumb/v7e-m/fpv4-sp/softfp/libg.a(lib_a-exit.o)
_i16                                              /tmp/cc6PhcjP.o
_i32                                              /tmp/cc6PhcjP.o
_i64                                              /tmp/cc6PhcjP.o
_i8                                               /tmp/cc6PhcjP.o
_impure_ptr                                       /usr/lib/gcc/arm-none-eabi/7.1.0/../../../../arm-none-eabi/lib/thumb/v7e-m/fpv4-sp/softfp/libg.a(lib_a-impure.o)
_init                                             /usr/lib/gcc/arm-none-eabi/7.1.0/thumb/v7e-m/fpv4-sp/softfp/crti.o
                                                  /usr/lib/gcc/arm-none-eabi/7.1.0/../../../../arm-none-eabi/lib/thumb/v7e-m/fpv4-sp/softfp/libg.a(lib_a-init.o)
_mainCRTStartup                                   /usr/lib/gcc/arm-none-eabi/7.1.0/../../../../arm-none-eabi/lib/thumb/v7e-m/fpv4-sp/softfp/crt0.o
_ms_ticks                                         /tmp/cclmmuQq.o
_sbss                                             /tmp/ccGoVWfS.o
_sdata                                            /tmp/ccGoVWfS.o
_sidata                                           /tmp/ccGoVWfS.o
_start                                            /usr/lib/gcc/arm-none-eabi/7.1.0/../../../../arm-none-eabi/lib/thumb/v7e-m/fpv4-sp/softfp/crt0.o
_u16                                              /tmp/cc6PhcjP.o
_u32                                              /tmp/cc6PhcjP.o
_u64                                              /tmp/cc6PhcjP.o
_u8                                               /tmp/cc6PhcjP.o
atexit                                            /usr/lib/gcc/arm-none-eabi/7.1.0/../../../../arm-none-eabi/lib/thumb/v7e-m/fpv4-sp/softfp/libg.a(lib_a-atexit.o)
                                                  /usr/lib/gcc/arm-none-eabi/7.1.0/../../../../arm-none-eabi/lib/thumb/v7e-m/fpv4-sp/softfp/libg.a(lib_a-__call_atexit.o)
                                                  /usr/lib/gcc/arm-none-eabi/7.1.0/../../../../arm-none-eabi/lib/thumb/v7e-m/fpv4-sp/softfp/crt0.o
delay                                             /tmp/cclmmuQq.o
                                                  /tmp/cc6PhcjP.o
exit                                              /usr/lib/gcc/arm-none-eabi/7.1.0/../../../../arm-none-eabi/lib/thumb/v7e-m/fpv4-sp/softfp/libg.a(lib_a-exit.o)
                                                  /usr/lib/gcc/arm-none-eabi/7.1.0/../../../../arm-none-eabi/lib/thumb/v7e-m/fpv4-sp/softfp/crt0.o
flush_fifo                                        /tmp/ccqkQmt2.o
free                                              /usr/lib/gcc/arm-none-eabi/7.1.0/../../../../arm-none-eabi/lib/thumb/v7e-m/fpv4-sp/softfp/libg.a(lib_a-__call_atexit.o)
g_pfnVectors                                      /tmp/ccGoVWfS.o
get_time                                          /tmp/cclmmuQq.o
hardware_init_hook                                /usr/lib/gcc/arm-none-eabi/7.1.0/../../../../arm-none-eabi/lib/thumb/v7e-m/fpv4-sp/softfp/crt0.o
ihm07_adc_single_mode_init                        /tmp/ccgUSXSC.o
ihm07_adc_single_read_channel                     /tmp/ccgUSXSC.o
ihm07_analog_pins_init                            /tmp/ccgUSXSC.o
ihm07_hall_interrupt_connection_state             /tmp/ccgUSXSC.o
ihm07_hall_interrupt_init                         /tmp/ccgUSXSC.o
ihm07_hall_pins_init                              /tmp/ccgUSXSC.o
ihm07_hall_read                                   /tmp/ccgUSXSC.o
ihm07_hall_state_change_callback                  /tmp/cclmmuQq.o
ihm07_l6230_pins_init                             /tmp/ccgUSXSC.o
ihm07_led_red_init                                /tmp/ccgUSXSC.o
                                                  /tmp/cc6PhcjP.o
ihm07_pwm_and_pins_init                           /tmp/ccgUSXSC.o
ihm07_pwm_duty_interrupt_callback                 /tmp/cclmmuQq.o
ihm07_pwm_duty_interrupt_connection_state         /tmp/ccgUSXSC.o
ihm07_pwm_duty_interrupt_init                     /tmp/ccgUSXSC.o
init_fifo                                         /tmp/ccqkQmt2.o
                                                  /tmp/ccqxi6fE.o
main                                              /tmp/cc6PhcjP.o
                                                  /tmp/ccGoVWfS.o
                                                  /usr/lib/gcc/arm-none-eabi/7.1.0/../../../../arm-none-eabi/lib/thumb/v7e-m/fpv4-sp/softfp/crt0.o
malloc                                            /usr/lib/gcc/arm-none-eabi/7.1.0/../../../../arm-none-eabi/lib/thumb/v7e-m/fpv4-sp/softfp/libg.a(lib_a-__atexit.o)
memset                                            /usr/lib/gcc/arm-none-eabi/7.1.0/../../../../arm-none-eabi/lib/thumb/v7e-m/fpv4-sp/softfp/libg.a(lib_a-memset.o)
                                                  /usr/lib/gcc/arm-none-eabi/7.1.0/../../../../arm-none-eabi/lib/thumb/v7e-m/fpv4-sp/softfp/crt0.o
read_fifo                                         /tmp/ccqkQmt2.o
                                                  /tmp/ccqxi6fE.o
safe_memory_copy                                  /tmp/ccqxi6fE.o
                                                  /tmp/ccce5vZd.o
serial_packet_encode                              /tmp/ccqxi6fE.o
serial_packet_encode_poll                         /tmp/ccqxi6fE.o
                                                  /tmp/cc6PhcjP.o
serial_packet_flush                               /tmp/ccqxi6fE.o
                                                  /tmp/cc6PhcjP.o
serial_packet_handler                             /tmp/ccce5vZd.o
                                                  /tmp/ccqxi6fE.o
serial_packet_init                                /tmp/ccqxi6fE.o
                                                  /tmp/cc6PhcjP.o
serial_packet_print                               /tmp/cc6PhcjP.o
                                                  /tmp/ccqxi6fE.o
serial_packet_read                                /tmp/ccqxi6fE.o
                                                  /tmp/cclmmuQq.o
software_init_hook                                /usr/lib/gcc/arm-none-eabi/7.1.0/../../../../arm-none-eabi/lib/thumb/v7e-m/fpv4-sp/softfp/crt0.o
test_serial_packet_encode                         /tmp/cc6PhcjP.o
uart_init                                         /tmp/ccr0UnS1.o
                                                  /tmp/cc6PhcjP.o
uart_send_buffer_poll                             /tmp/ccr0UnS1.o
uart_send_byte_poll                               /tmp/ccr0UnS1.o
                                                  /tmp/cc6PhcjP.o
write_fifo                                        /tmp/ccqkQmt2.o
                                                  /tmp/ccqxi6fE.o
