Archive member included to satisfy reference by file (symbol)

/usr/lib/gcc/arm-none-eabi/7.1.0/../../../../arm-none-eabi/lib/thumb/v7e-m/fpv4-sp/softfp/libg.a(lib_a-atexit.o)
                              /usr/lib/gcc/arm-none-eabi/7.1.0/../../../../arm-none-eabi/lib/thumb/v7e-m/fpv4-sp/softfp/crt0.o (atexit)
/usr/lib/gcc/arm-none-eabi/7.1.0/../../../../arm-none-eabi/lib/thumb/v7e-m/fpv4-sp/softfp/libg.a(lib_a-exit.o)
                              /usr/lib/gcc/arm-none-eabi/7.1.0/../../../../arm-none-eabi/lib/thumb/v7e-m/fpv4-sp/softfp/crt0.o (exit)
/usr/lib/gcc/arm-none-eabi/7.1.0/../../../../arm-none-eabi/lib/thumb/v7e-m/fpv4-sp/softfp/libg.a(lib_a-fini.o)
                              /usr/lib/gcc/arm-none-eabi/7.1.0/../../../../arm-none-eabi/lib/thumb/v7e-m/fpv4-sp/softfp/crt0.o (__libc_fini_array)
/usr/lib/gcc/arm-none-eabi/7.1.0/../../../../arm-none-eabi/lib/thumb/v7e-m/fpv4-sp/softfp/libg.a(lib_a-impure.o)
                              /usr/lib/gcc/arm-none-eabi/7.1.0/../../../../arm-none-eabi/lib/thumb/v7e-m/fpv4-sp/softfp/libg.a(lib_a-exit.o) (_global_impure_ptr)
/usr/lib/gcc/arm-none-eabi/7.1.0/../../../../arm-none-eabi/lib/thumb/v7e-m/fpv4-sp/softfp/libg.a(lib_a-init.o)
                              /usr/lib/gcc/arm-none-eabi/7.1.0/../../../../arm-none-eabi/lib/thumb/v7e-m/fpv4-sp/softfp/crt0.o (__libc_init_array)
/usr/lib/gcc/arm-none-eabi/7.1.0/../../../../arm-none-eabi/lib/thumb/v7e-m/fpv4-sp/softfp/libg.a(lib_a-memset.o)
                              /usr/lib/gcc/arm-none-eabi/7.1.0/../../../../arm-none-eabi/lib/thumb/v7e-m/fpv4-sp/softfp/crt0.o (memset)
/usr/lib/gcc/arm-none-eabi/7.1.0/../../../../arm-none-eabi/lib/thumb/v7e-m/fpv4-sp/softfp/libg.a(lib_a-__atexit.o)
                              /usr/lib/gcc/arm-none-eabi/7.1.0/../../../../arm-none-eabi/lib/thumb/v7e-m/fpv4-sp/softfp/libg.a(lib_a-atexit.o) (__register_exitproc)
/usr/lib/gcc/arm-none-eabi/7.1.0/../../../../arm-none-eabi/lib/thumb/v7e-m/fpv4-sp/softfp/libg.a(lib_a-__call_atexit.o)
                              /usr/lib/gcc/arm-none-eabi/7.1.0/../../../../arm-none-eabi/lib/thumb/v7e-m/fpv4-sp/softfp/libg.a(lib_a-exit.o) (__call_exitprocs)
/usr/lib/gcc/arm-none-eabi/7.1.0/../../../../arm-none-eabi/lib/thumb/v7e-m/fpv4-sp/softfp/libnosys.a(_exit.o)
                              /usr/lib/gcc/arm-none-eabi/7.1.0/../../../../arm-none-eabi/lib/thumb/v7e-m/fpv4-sp/softfp/libg.a(lib_a-exit.o) (_exit)

Memory Configuration

Name             Origin             Length             Attributes
rom              0x0000000008000000 0x0000000000080000 xr
ram              0x0000000020000000 0x0000000000018000 xrw
*default*        0x0000000000000000 0xffffffffffffffff

Linker script and memory map

LOAD /usr/lib/gcc/arm-none-eabi/7.1.0/thumb/v7e-m/fpv4-sp/softfp/crti.o
LOAD /usr/lib/gcc/arm-none-eabi/7.1.0/thumb/v7e-m/fpv4-sp/softfp/crtbegin.o
LOAD /usr/lib/gcc/arm-none-eabi/7.1.0/../../../../arm-none-eabi/lib/thumb/v7e-m/fpv4-sp/softfp/crt0.o
LOAD /tmp/ccXoSPV5.o
LOAD /tmp/ccYexLaU.o
LOAD /tmp/ccRqSMAI.o
LOAD /tmp/ccxBOhex.o
LOAD /tmp/ccXolb0l.o
LOAD /tmp/cct0FdRa.o
LOAD /tmp/ccT5lmVZ.o
LOAD /tmp/ccvWmu0O.o
LOAD /tmp/ccChaXgE.o
LOAD /tmp/cc0s7kQt.o
LOAD /tmp/ccXiCTCj.o
LOAD /tmp/cc9e0qF9.o
LOAD /tmp/ccApen3Z.o
LOAD /tmp/ccVMg0EQ.o
LOAD /tmp/cc14j4PH.o
LOAD /tmp/ccJ8zjqz.o
START GROUP
LOAD /usr/lib/gcc/arm-none-eabi/7.1.0/thumb/v7e-m/fpv4-sp/softfp/libgcc.a
LOAD /usr/lib/gcc/arm-none-eabi/7.1.0/../../../../arm-none-eabi/lib/thumb/v7e-m/fpv4-sp/softfp/libg.a
LOAD /usr/lib/gcc/arm-none-eabi/7.1.0/../../../../arm-none-eabi/lib/thumb/v7e-m/fpv4-sp/softfp/libc.a
END GROUP
START GROUP
LOAD /usr/lib/gcc/arm-none-eabi/7.1.0/thumb/v7e-m/fpv4-sp/softfp/libgcc.a
LOAD /usr/lib/gcc/arm-none-eabi/7.1.0/../../../../arm-none-eabi/lib/thumb/v7e-m/fpv4-sp/softfp/libc.a
LOAD /usr/lib/gcc/arm-none-eabi/7.1.0/../../../../arm-none-eabi/lib/thumb/v7e-m/fpv4-sp/softfp/libnosys.a
END GROUP
LOAD /usr/lib/gcc/arm-none-eabi/7.1.0/thumb/v7e-m/fpv4-sp/softfp/crtend.o
LOAD /usr/lib/gcc/arm-none-eabi/7.1.0/thumb/v7e-m/fpv4-sp/softfp/crtn.o

.isr_vector     0x0000000008000000      0x194
 *(.isr_vector)
 .isr_vector    0x0000000008000000      0x194 /tmp/ccvWmu0O.o
                0x0000000008000000                g_pfnVectors
                0x0000000008000194                . = ALIGN (0x4)

.eh_frame       0x0000000008000194        0x4
 .eh_frame      0x0000000008000194        0x0 /usr/lib/gcc/arm-none-eabi/7.1.0/thumb/v7e-m/fpv4-sp/softfp/crtbegin.o
 .eh_frame      0x0000000008000194        0x4 /usr/lib/gcc/arm-none-eabi/7.1.0/thumb/v7e-m/fpv4-sp/softfp/crtend.o

.ARM.extab      0x0000000008000198        0x0
 .ARM.extab     0x0000000008000198        0x0 /usr/lib/gcc/arm-none-eabi/7.1.0/../../../../arm-none-eabi/lib/thumb/v7e-m/fpv4-sp/softfp/crt0.o

.ARM.exidx      0x0000000008000198        0x8
 .ARM.exidx     0x0000000008000198        0x8 /usr/lib/gcc/arm-none-eabi/7.1.0/../../../../arm-none-eabi/lib/thumb/v7e-m/fpv4-sp/softfp/crt0.o

.text           0x00000000080001a0     0x2944
 *(.vectors)
 *(.text*)
 .text          0x00000000080001a0        0x0 /usr/lib/gcc/arm-none-eabi/7.1.0/thumb/v7e-m/fpv4-sp/softfp/crti.o
 .text          0x00000000080001a0       0x88 /usr/lib/gcc/arm-none-eabi/7.1.0/thumb/v7e-m/fpv4-sp/softfp/crtbegin.o
 .text          0x0000000008000228       0x68 /usr/lib/gcc/arm-none-eabi/7.1.0/../../../../arm-none-eabi/lib/thumb/v7e-m/fpv4-sp/softfp/crt0.o
                0x0000000008000228                _mainCRTStartup
                0x0000000008000228                _start
 .text          0x0000000008000290      0x110 /tmp/ccXoSPV5.o
                0x0000000008000290                ihm07_hall_pins_init
                0x00000000080002e4                ihm07_hall_interrupt_init
                0x000000000800033a                ihm07_hall_interrupt_connection_state
                0x000000000800036a                ihm07_hall_read
 .text          0x00000000080003a0      0x184 /tmp/ccYexLaU.o
                0x00000000080003a0                serial_driver_init
                0x000000000800045c                serial_driver_send_byte_poll
                0x000000000800047c                serial_driver_send_buffer_poll
                0x0000000008000494                serial_driver_syscheck
 .text          0x0000000008000524       0x74 /tmp/ccRqSMAI.o
                0x0000000008000524                main
                0x0000000008000588                ihm07_hall_state_change_callback
 .text          0x0000000008000598       0xb4 /tmp/ccxBOhex.o
                0x0000000008000598                NMI_Handler
                0x000000000800059a                HardFault_Handler
                0x000000000800059c                MemManage_Handler
                0x000000000800059e                BusFault_Handler
                0x00000000080005a0                UsageFault_Handler
                0x00000000080005a2                SVC_Handler
                0x00000000080005a4                DebugMon_Handler
                0x00000000080005a6                PendSV_Handler
                0x00000000080005a8                SysTick_Handler
                0x00000000080005c8                get_time
                0x00000000080005d4                delay
                0x00000000080005f8                EXTI15_10_IRQHandler
                0x0000000008000630                EXTI3_IRQHandler
 .text          0x000000000800064c      0x218 /tmp/ccXolb0l.o
                0x00000000080006bc                serial_init
                0x00000000080006ec                serial_encode
                0x000000000800072c                serial_encode_poll
                0x0000000008000738                serial_receives_byte
                0x0000000008000748                safe_memory_copy
                0x0000000008000858                serial_flush
 .text          0x0000000008000864       0x80 /tmp/cct0FdRa.o
                0x000000000800087e                init_fifo
                0x0000000008000886                write_fifo
                0x00000000080008b6                read_fifo
                0x00000000080008de                flush_fifo
 .text          0x00000000080008e4      0x160 /tmp/ccT5lmVZ.o
                0x000000000800095c                SystemInit
                0x00000000080009ac                SystemCoreClockUpdate
 .text          0x0000000008000a44       0x14 /tmp/ccvWmu0O.o
 .text.Reset_Handler
                0x0000000008000a58       0x48 /tmp/ccvWmu0O.o
                0x0000000008000a58                Reset_Handler
 .text.Default_Handler
                0x0000000008000aa0        0x2 /tmp/ccvWmu0O.o
                0x0000000008000aa0                RTC_Alarm_IRQHandler
                0x0000000008000aa0                EXTI2_IRQHandler
                0x0000000008000aa0                SPI4_IRQHandler
                0x0000000008000aa0                TIM1_CC_IRQHandler
                0x0000000008000aa0                DMA2_Stream5_IRQHandler
                0x0000000008000aa0                DMA1_Stream5_IRQHandler
                0x0000000008000aa0                PVD_IRQHandler
                0x0000000008000aa0                SDIO_IRQHandler
                0x0000000008000aa0                TAMP_STAMP_IRQHandler
                0x0000000008000aa0                TIM1_UP_TIM10_IRQHandler
                0x0000000008000aa0                I2C3_ER_IRQHandler
                0x0000000008000aa0                EXTI0_IRQHandler
                0x0000000008000aa0                I2C2_EV_IRQHandler
                0x0000000008000aa0                DMA1_Stream2_IRQHandler
                0x0000000008000aa0                FPU_IRQHandler
                0x0000000008000aa0                DMA2_Stream2_IRQHandler
                0x0000000008000aa0                SPI1_IRQHandler
                0x0000000008000aa0                TIM1_BRK_TIM9_IRQHandler
                0x0000000008000aa0                DMA2_Stream3_IRQHandler
                0x0000000008000aa0                USART6_IRQHandler
                0x0000000008000aa0                DMA2_Stream0_IRQHandler
                0x0000000008000aa0                TIM4_IRQHandler
                0x0000000008000aa0                I2C1_EV_IRQHandler
                0x0000000008000aa0                DMA1_Stream6_IRQHandler
                0x0000000008000aa0                DMA1_Stream1_IRQHandler
                0x0000000008000aa0                TIM3_IRQHandler
                0x0000000008000aa0                RCC_IRQHandler
                0x0000000008000aa0                Default_Handler
                0x0000000008000aa0                ADC_IRQHandler
                0x0000000008000aa0                DMA1_Stream7_IRQHandler
                0x0000000008000aa0                TIM5_IRQHandler
                0x0000000008000aa0                DMA2_Stream7_IRQHandler
                0x0000000008000aa0                I2C3_EV_IRQHandler
                0x0000000008000aa0                EXTI9_5_IRQHandler
                0x0000000008000aa0                RTC_WKUP_IRQHandler
                0x0000000008000aa0                SPI2_IRQHandler
                0x0000000008000aa0                DMA1_Stream0_IRQHandler
                0x0000000008000aa0                EXTI4_IRQHandler
                0x0000000008000aa0                WWDG_IRQHandler
                0x0000000008000aa0                TIM2_IRQHandler
                0x0000000008000aa0                OTG_FS_WKUP_IRQHandler
                0x0000000008000aa0                TIM1_TRG_COM_TIM11_IRQHandler
                0x0000000008000aa0                EXTI1_IRQHandler
                0x0000000008000aa0                USART2_IRQHandler
                0x0000000008000aa0                I2C2_ER_IRQHandler
                0x0000000008000aa0                DMA2_Stream1_IRQHandler
                0x0000000008000aa0                FLASH_IRQHandler
                0x0000000008000aa0                DMA2_Stream4_IRQHandler
                0x0000000008000aa0                USART1_IRQHandler
                0x0000000008000aa0                OTG_FS_IRQHandler
                0x0000000008000aa0                SPI3_IRQHandler
                0x0000000008000aa0                DMA1_Stream4_IRQHandler
                0x0000000008000aa0                I2C1_ER_IRQHandler
                0x0000000008000aa0                DMA2_Stream6_IRQHandler
                0x0000000008000aa0                DMA1_Stream3_IRQHandler
 *fill*         0x0000000008000aa2        0x2 
 .text          0x0000000008000aa4       0xc8 /tmp/ccChaXgE.o
                0x0000000008000aa4                NVIC_PriorityGroupConfig
                0x0000000008000ab8                NVIC_Init
                0x0000000008000b1c                NVIC_SetVectorTable
                0x0000000008000b30                NVIC_SystemLPConfig
                0x0000000008000b4c                SysTick_CLKSourceConfig
 .text          0x0000000008000b6c      0x3e0 /tmp/cc0s7kQt.o
                0x0000000008000b6c                ADC_DeInit
                0x0000000008000b84                ADC_Init
                0x0000000008000bd4                ADC_StructInit
                0x0000000008000be8                ADC_CommonInit
                0x0000000008000c14                ADC_CommonStructInit
                0x0000000008000c20                ADC_Cmd
                0x0000000008000c36                ADC_AnalogWatchdogCmd
                0x0000000008000c46                ADC_AnalogWatchdogThresholdsConfig
                0x0000000008000c4c                ADC_AnalogWatchdogSingleChannelConfig
                0x0000000008000c58                ADC_TempSensorVrefintCmd
                0x0000000008000c78                ADC_VBATCmd
                0x0000000008000c98                ADC_RegularChannelConfig
                0x0000000008000d28                ADC_SoftwareStartConv
                0x0000000008000d32                ADC_GetSoftwareStartConvStatus
                0x0000000008000d42                ADC_EOCOnEachRegularChannelCmd
                0x0000000008000d58                ADC_ContinuousModeCmd
                0x0000000008000d6e                ADC_DiscModeChannelCountConfig
                0x0000000008000d7e                ADC_DiscModeCmd
                0x0000000008000d94                ADC_GetConversionValue
                0x0000000008000d9a                ADC_GetMultiModeConversionValue
                0x0000000008000da4                ADC_DMACmd
                0x0000000008000dba                ADC_DMARequestAfterLastTransferCmd
                0x0000000008000dd0                ADC_MultiModeDMARequestAfterLastTransferCmd
                0x0000000008000df0                ADC_InjectedChannelConfig
                0x0000000008000e4e                ADC_InjectedSequencerLengthConfig
                0x0000000008000e5e                ADC_SetInjectedOffset
                0x0000000008000e74                ADC_ExternalTrigInjectedConvConfig
                0x0000000008000e80                ADC_ExternalTrigInjectedConvEdgeConfig
                0x0000000008000e8c                ADC_SoftwareStartInjectedConv
                0x0000000008000e96                ADC_GetSoftwareStartInjectedConvCmdStatus
                0x0000000008000ea6                ADC_AutoInjectedConvCmd
                0x0000000008000ebc                ADC_InjectedDiscModeCmd
                0x0000000008000ed2                ADC_GetInjectedConversionValue
                0x0000000008000eec                ADC_ITConfig
                0x0000000008000f08                ADC_GetFlagStatus
                0x0000000008000f16                ADC_ClearFlag
                0x0000000008000f1c                ADC_GetITStatus
                0x0000000008000f42                ADC_ClearITPendingBit
 .text          0x0000000008000f4c      0x108 /tmp/ccXiCTCj.o
                0x0000000008000f4c                EXTI_DeInit
                0x0000000008000f68                EXTI_Init
                0x0000000008000ff8                EXTI_StructInit
                0x0000000008001006                EXTI_GenerateSWInterrupt
                0x0000000008001014                EXTI_GetFlagStatus
                0x0000000008001028                EXTI_ClearFlag
                0x0000000008001034                EXTI_GetITStatus
                0x0000000008001048                EXTI_ClearITPendingBit
 .text          0x0000000008001054      0x278 /tmp/cc9e0qF9.o
                0x0000000008001054                GPIO_DeInit
                0x0000000008001198                GPIO_Init
                0x0000000008001222                GPIO_StructInit
                0x0000000008001234                GPIO_PinLockConfig
                0x0000000008001258                GPIO_ReadInputDataBit
                0x0000000008001266                GPIO_ReadInputData
                0x000000000800126c                GPIO_ReadOutputDataBit
                0x000000000800127a                GPIO_ReadOutputData
                0x0000000008001280                GPIO_SetBits
                0x0000000008001284                GPIO_ResetBits
                0x0000000008001288                GPIO_WriteBit
                0x0000000008001292                GPIO_Write
                0x0000000008001296                GPIO_ToggleBits
                0x000000000800129e                GPIO_PinAFConfig
 .text          0x00000000080012cc      0x530 /tmp/ccApen3Z.o
                0x00000000080012cc                RCC_DeInit
                0x000000000800130c                RCC_HSEConfig
                0x000000000800131c                RCC_AdjustHSICalibrationValue
                0x0000000008001330                RCC_HSICmd
                0x000000000800133c                RCC_LSEConfig
                0x0000000008001364                RCC_LSICmd
                0x0000000008001370                RCC_PLLConfig
                0x0000000008001390                RCC_PLLCmd
                0x000000000800139c                RCC_PLLI2SConfig
                0x00000000080013b0                RCC_PLLI2SCmd
                0x00000000080013bc                RCC_PLLSAIConfig
                0x00000000080013d4                RCC_PLLSAICmd
                0x00000000080013e0                RCC_ClockSecuritySystemCmd
                0x00000000080013ec                RCC_MCO1Config
                0x0000000008001400                RCC_MCO2Config
                0x0000000008001414                RCC_SYSCLKConfig
                0x0000000008001428                RCC_GetSYSCLKSource
                0x0000000008001438                RCC_HCLKConfig
                0x000000000800144c                RCC_PCLK1Config
                0x0000000008001460                RCC_PCLK2Config
                0x0000000008001474                RCC_GetClocksFreq
                0x0000000008001528                RCC_RTCCLKConfig
                0x000000000800155c                RCC_RTCCLKCmd
                0x0000000008001568                RCC_BackupResetCmd
                0x0000000008001574                RCC_I2SCLKConfig
                0x0000000008001580                RCC_SAIPLLI2SClkDivConfig
                0x0000000008001598                RCC_SAIPLLSAIClkDivConfig
                0x00000000080015b4                RCC_LTDCCLKDivConfig
                0x00000000080015cc                RCC_TIMCLKPresConfig
                0x00000000080015d8                RCC_AHB1PeriphClockCmd
                0x00000000080015f4                RCC_AHB2PeriphClockCmd
                0x0000000008001610                RCC_APB1PeriphClockCmd
                0x000000000800162c                RCC_APB2PeriphClockCmd
                0x0000000008001648                RCC_AHB1PeriphResetCmd
                0x0000000008001664                RCC_AHB2PeriphResetCmd
                0x0000000008001680                RCC_APB1PeriphResetCmd
                0x000000000800169c                RCC_APB2PeriphResetCmd
                0x00000000080016b8                RCC_AHB1PeriphClockLPModeCmd
                0x00000000080016d4                RCC_AHB2PeriphClockLPModeCmd
                0x00000000080016f0                RCC_APB1PeriphClockLPModeCmd
                0x000000000800170c                RCC_APB2PeriphClockLPModeCmd
                0x0000000008001728                RCC_LSEModeConfig
                0x0000000008001748                RCC_ITConfig
                0x0000000008001764                RCC_GetFlagStatus
                0x0000000008001798                RCC_WaitForHSEStartUp
                0x00000000080017cc                RCC_ClearFlag
                0x00000000080017dc                RCC_GetITStatus
                0x00000000080017f0                RCC_ClearITPendingBit
 .text          0x00000000080017fc       0x94 /tmp/ccVMg0EQ.o
                0x00000000080017fc                SYSCFG_DeInit
                0x0000000008001814                SYSCFG_MemoryRemapConfig
                0x0000000008001820                SYSCFG_MemorySwappingBank
                0x000000000800182c                SYSCFG_EXTILineConfig
                0x0000000008001860                SYSCFG_ETH_MediaInterfaceConfig
                0x000000000800186c                SYSCFG_CompensationCellCmd
                0x0000000008001878                SYSCFG_GetCompensationCellStatus
 .text          0x0000000008001890      0xb4c /tmp/cc14j4PH.o
                0x000000000800197a                TIM_DeInit
                0x0000000008001b10                TIM_TimeBaseInit
                0x0000000008001b8c                TIM_TimeBaseStructInit
                0x0000000008001b9e                TIM_PrescalerConfig
                0x0000000008001ba4                TIM_CounterModeConfig
                0x0000000008001bb2                TIM_SetCounter
                0x0000000008001bb6                TIM_SetAutoreload
                0x0000000008001bba                TIM_GetCounter
                0x0000000008001bbe                TIM_GetPrescaler
                0x0000000008001bc2                TIM_UpdateDisableConfig
                0x0000000008001bdc                TIM_UpdateRequestConfig
                0x0000000008001bf6                TIM_ARRPreloadConfig
                0x0000000008001c10                TIM_SelectOnePulseMode
                0x0000000008001c24                TIM_SetClockDivision
                0x0000000008001c38                TIM_Cmd
                0x0000000008001c52                TIM_OC1Init
                0x0000000008001cbc                TIM_OC2Init
                0x0000000008001d44                TIM_OC3Init
                0x0000000008001dc8                TIM_OC4Init
                0x0000000008001e30                TIM_OCStructInit
                0x0000000008001e44                TIM_SelectOCxM
                0x0000000008001e94                TIM_SetCompare1
                0x0000000008001e98                TIM_SetCompare2
                0x0000000008001e9c                TIM_SetCompare3
                0x0000000008001ea0                TIM_SetCompare4
                0x0000000008001ea4                TIM_ForcedOC1Config
                0x0000000008001eb2                TIM_ForcedOC2Config
                0x0000000008001ec4                TIM_ForcedOC3Config
                0x0000000008001ed2                TIM_ForcedOC4Config
                0x0000000008001ee4                TIM_OC1PreloadConfig
                0x0000000008001ef2                TIM_OC2PreloadConfig
                0x0000000008001f04                TIM_OC3PreloadConfig
                0x0000000008001f12                TIM_OC4PreloadConfig
                0x0000000008001f24                TIM_OC1FastConfig
                0x0000000008001f32                TIM_OC2FastConfig
                0x0000000008001f44                TIM_OC3FastConfig
                0x0000000008001f52                TIM_OC4FastConfig
                0x0000000008001f64                TIM_ClearOC1Ref
                0x0000000008001f72                TIM_ClearOC2Ref
                0x0000000008001f82                TIM_ClearOC3Ref
                0x0000000008001f90                TIM_ClearOC4Ref
                0x0000000008001fa0                TIM_OC1PolarityConfig
                0x0000000008001fae                TIM_OC1NPolarityConfig
                0x0000000008001fbc                TIM_OC2PolarityConfig
                0x0000000008001fce                TIM_OC2NPolarityConfig
                0x0000000008001fe0                TIM_OC3PolarityConfig
                0x0000000008001ff2                TIM_OC3NPolarityConfig
                0x0000000008002004                TIM_OC4PolarityConfig
                0x0000000008002016                TIM_CCxCmd
                0x0000000008002038                TIM_CCxNCmd
                0x000000000800205a                TIM_ICStructInit
                0x000000000800206a                TIM_GetCapture1
                0x000000000800206e                TIM_GetCapture2
                0x0000000008002072                TIM_GetCapture3
                0x0000000008002076                TIM_GetCapture4
                0x000000000800207a                TIM_SetIC1Prescaler
                0x000000000800208e                TIM_SetIC2Prescaler
                0x00000000080020a6                TIM_PWMIConfig
                0x0000000008002112                TIM_SetIC3Prescaler
                0x0000000008002126                TIM_SetIC4Prescaler
                0x000000000800213e                TIM_ICInit
                0x00000000080021a0                TIM_BDTRConfig
                0x00000000080021c8                TIM_BDTRStructInit
                0x00000000080021da                TIM_CtrlPWMOutputs
                0x00000000080021f8                TIM_SelectCOM
                0x0000000008002212                TIM_CCPreloadControl
                0x000000000800222c                TIM_ITConfig
                0x0000000008002240                TIM_GenerateEvent
                0x0000000008002244                TIM_GetFlagStatus
                0x0000000008002252                TIM_ClearFlag
                0x000000000800225a                TIM_GetITStatus
                0x0000000008002272                TIM_ClearITPendingBit
                0x000000000800227a                TIM_DMAConfig
                0x0000000008002282                TIM_DMACmd
                0x0000000008002296                TIM_SelectCCDMA
                0x00000000080022b0                TIM_InternalClockConfig
                0x00000000080022be                TIM_SelectInputTrigger
                0x00000000080022cc                TIM_ITRxExternalClockConfig
                0x00000000080022de                TIM_TIxExternalClockConfig
                0x000000000800230a                TIM_SelectOutputTrigger
                0x000000000800231e                TIM_SelectSlaveMode
                0x0000000008002332                TIM_SelectMasterSlaveMode
                0x0000000008002346                TIM_ETRConfig
                0x000000000800235e                TIM_ETRClockMode1Config
                0x0000000008002370                TIM_ETRClockMode2Config
                0x0000000008002382                TIM_EncoderInterfaceConfig
                0x00000000080023bc                TIM_SelectHallSensor
                0x00000000080023d6                TIM_RemapConfig
 .text          0x00000000080023dc      0x43c /tmp/ccJ8zjqz.o
                0x00000000080023dc                USART_DeInit
                0x00000000080024d8                USART_Init
                0x00000000080025a8                USART_StructInit
                0x00000000080025be                USART_ClockInit
                0x00000000080025e0                USART_ClockStructInit
                0x00000000080025ec                USART_Cmd
                0x0000000008002606                USART_SetPrescaler
                0x0000000008002616                USART_OverSampling8Cmd
                0x000000000800262c                USART_OneBitMethodCmd
                0x0000000008002646                USART_SendData
                0x000000000800264e                USART_ReceiveData
                0x0000000008002656                USART_SetAddress
                0x000000000800266a                USART_ReceiverWakeUpCmd
                0x0000000008002684                USART_WakeUpConfig
                0x0000000008002698                USART_LINBreakDetectLengthConfig
                0x00000000080026ac                USART_LINCmd
                0x00000000080026c6                USART_SendBreak
                0x00000000080026d0                USART_HalfDuplexCmd
                0x00000000080026ea                USART_SetGuardTime
                0x00000000080026fa                USART_SmartCardCmd
                0x0000000008002714                USART_SmartCardNACKCmd
                0x000000000800272e                USART_IrDAConfig
                0x0000000008002742                USART_IrDACmd
                0x000000000800275c                USART_DMACmd
                0x0000000008002770                USART_ITConfig
                0x00000000080027aa                USART_GetFlagStatus
                0x00000000080027b8                USART_ClearFlag
                0x00000000080027c0                USART_GetITStatus
                0x0000000008002806                USART_ClearITPendingBit
 .text          0x0000000008002818        0x0 /usr/lib/gcc/arm-none-eabi/7.1.0/../../../../arm-none-eabi/lib/thumb/v7e-m/fpv4-sp/softfp/libg.a(lib_a-atexit.o)
 .text.atexit   0x0000000008002818        0xc /usr/lib/gcc/arm-none-eabi/7.1.0/../../../../arm-none-eabi/lib/thumb/v7e-m/fpv4-sp/softfp/libg.a(lib_a-atexit.o)
                0x0000000008002818                atexit
 .text          0x0000000008002824        0x0 /usr/lib/gcc/arm-none-eabi/7.1.0/../../../../arm-none-eabi/lib/thumb/v7e-m/fpv4-sp/softfp/libg.a(lib_a-exit.o)
 .text.exit     0x0000000008002824       0x20 /usr/lib/gcc/arm-none-eabi/7.1.0/../../../../arm-none-eabi/lib/thumb/v7e-m/fpv4-sp/softfp/libg.a(lib_a-exit.o)
                0x0000000008002824                exit
 .text          0x0000000008002844        0x0 /usr/lib/gcc/arm-none-eabi/7.1.0/../../../../arm-none-eabi/lib/thumb/v7e-m/fpv4-sp/softfp/libg.a(lib_a-fini.o)
 .text.__libc_fini_array
                0x0000000008002844       0x34 /usr/lib/gcc/arm-none-eabi/7.1.0/../../../../arm-none-eabi/lib/thumb/v7e-m/fpv4-sp/softfp/libg.a(lib_a-fini.o)
                0x0000000008002844                __libc_fini_array
 .text          0x0000000008002878        0x0 /usr/lib/gcc/arm-none-eabi/7.1.0/../../../../arm-none-eabi/lib/thumb/v7e-m/fpv4-sp/softfp/libg.a(lib_a-impure.o)
 .text          0x0000000008002878        0x0 /usr/lib/gcc/arm-none-eabi/7.1.0/../../../../arm-none-eabi/lib/thumb/v7e-m/fpv4-sp/softfp/libg.a(lib_a-init.o)
 .text.__libc_init_array
                0x0000000008002878       0x48 /usr/lib/gcc/arm-none-eabi/7.1.0/../../../../arm-none-eabi/lib/thumb/v7e-m/fpv4-sp/softfp/libg.a(lib_a-init.o)
                0x0000000008002878                __libc_init_array
 .text          0x00000000080028c0        0x0 /usr/lib/gcc/arm-none-eabi/7.1.0/../../../../arm-none-eabi/lib/thumb/v7e-m/fpv4-sp/softfp/libg.a(lib_a-memset.o)
 .text.memset   0x00000000080028c0       0x94 /usr/lib/gcc/arm-none-eabi/7.1.0/../../../../arm-none-eabi/lib/thumb/v7e-m/fpv4-sp/softfp/libg.a(lib_a-memset.o)
                0x00000000080028c0                memset
 .text          0x0000000008002954        0x0 /usr/lib/gcc/arm-none-eabi/7.1.0/../../../../arm-none-eabi/lib/thumb/v7e-m/fpv4-sp/softfp/libg.a(lib_a-__atexit.o)
 .text.__register_exitproc
                0x0000000008002954       0xa0 /usr/lib/gcc/arm-none-eabi/7.1.0/../../../../arm-none-eabi/lib/thumb/v7e-m/fpv4-sp/softfp/libg.a(lib_a-__atexit.o)
                0x0000000008002954                __register_exitproc
 .text          0x00000000080029f4        0x0 /usr/lib/gcc/arm-none-eabi/7.1.0/../../../../arm-none-eabi/lib/thumb/v7e-m/fpv4-sp/softfp/libg.a(lib_a-__call_atexit.o)
 .text.startup.register_fini
                0x00000000080029f4       0x14 /usr/lib/gcc/arm-none-eabi/7.1.0/../../../../arm-none-eabi/lib/thumb/v7e-m/fpv4-sp/softfp/libg.a(lib_a-__call_atexit.o)
 .text.__call_exitprocs
                0x0000000008002a08       0xd0 /usr/lib/gcc/arm-none-eabi/7.1.0/../../../../arm-none-eabi/lib/thumb/v7e-m/fpv4-sp/softfp/libg.a(lib_a-__call_atexit.o)
                0x0000000008002a08                __call_exitprocs
 .text          0x0000000008002ad8        0x0 /usr/lib/gcc/arm-none-eabi/7.1.0/../../../../arm-none-eabi/lib/thumb/v7e-m/fpv4-sp/softfp/libnosys.a(_exit.o)
 .text._exit    0x0000000008002ad8        0x4 /usr/lib/gcc/arm-none-eabi/7.1.0/../../../../arm-none-eabi/lib/thumb/v7e-m/fpv4-sp/softfp/libnosys.a(_exit.o)
                0x0000000008002ad8                _exit
 .text          0x0000000008002adc        0x0 /usr/lib/gcc/arm-none-eabi/7.1.0/thumb/v7e-m/fpv4-sp/softfp/crtend.o
 .text          0x0000000008002adc        0x0 /usr/lib/gcc/arm-none-eabi/7.1.0/thumb/v7e-m/fpv4-sp/softfp/crtn.o
                0x0000000008002adc                . = ALIGN (0x4)
 *(.rodata*)
 .rodata        0x0000000008002adc        0x4 /tmp/ccYexLaU.o
 .rodata._global_impure_ptr
                0x0000000008002ae0        0x4 /usr/lib/gcc/arm-none-eabi/7.1.0/../../../../arm-none-eabi/lib/thumb/v7e-m/fpv4-sp/softfp/libg.a(lib_a-impure.o)
                0x0000000008002ae0                _global_impure_ptr
                0x0000000008002ae4                . = ALIGN (0x4)

.glue_7         0x0000000008002ae4        0x0
 .glue_7        0x0000000008002ae4        0x0 linker stubs

.glue_7t        0x0000000008002ae4        0x0
 .glue_7t       0x0000000008002ae4        0x0 linker stubs

.vfp11_veneer   0x0000000008002ae4        0x0
 .vfp11_veneer  0x0000000008002ae4        0x0 linker stubs

.v4_bx          0x0000000008002ae4        0x0
 .v4_bx         0x0000000008002ae4        0x0 linker stubs

.init           0x0000000008002ae4        0xc
 .init          0x0000000008002ae4        0x4 /usr/lib/gcc/arm-none-eabi/7.1.0/thumb/v7e-m/fpv4-sp/softfp/crti.o
                0x0000000008002ae4                _init
 .init          0x0000000008002ae8        0x8 /usr/lib/gcc/arm-none-eabi/7.1.0/thumb/v7e-m/fpv4-sp/softfp/crtn.o

.fini           0x0000000008002af0        0xc
 .fini          0x0000000008002af0        0x4 /usr/lib/gcc/arm-none-eabi/7.1.0/thumb/v7e-m/fpv4-sp/softfp/crti.o
                0x0000000008002af0                _fini
 .fini          0x0000000008002af4        0x8 /usr/lib/gcc/arm-none-eabi/7.1.0/thumb/v7e-m/fpv4-sp/softfp/crtn.o

.iplt           0x0000000008002afc        0x0
 .iplt          0x0000000008002afc        0x0 /usr/lib/gcc/arm-none-eabi/7.1.0/thumb/v7e-m/fpv4-sp/softfp/crtbegin.o

.rel.dyn        0x0000000008002afc        0x0
 .rel.iplt      0x0000000008002afc        0x0 /usr/lib/gcc/arm-none-eabi/7.1.0/thumb/v7e-m/fpv4-sp/softfp/crtbegin.o
                0x0000000008002afc                . = ALIGN (0x4)
                0x0000000008002afc                _etext = .

.data           0x0000000020000000      0x458 load address 0x0000000008002afc
                0x0000000020000000                _sdata = .
 *(.data*)
 .data          0x0000000020000000        0x0 /usr/lib/gcc/arm-none-eabi/7.1.0/thumb/v7e-m/fpv4-sp/softfp/crti.o
 .data          0x0000000020000000        0x4 /usr/lib/gcc/arm-none-eabi/7.1.0/thumb/v7e-m/fpv4-sp/softfp/crtbegin.o
                0x0000000020000000                __dso_handle
 .data          0x0000000020000004        0x0 /usr/lib/gcc/arm-none-eabi/7.1.0/../../../../arm-none-eabi/lib/thumb/v7e-m/fpv4-sp/softfp/crt0.o
 .data          0x0000000020000004        0x0 /tmp/ccXoSPV5.o
 .data          0x0000000020000004        0x0 /tmp/ccYexLaU.o
 .data          0x0000000020000004        0x0 /tmp/ccRqSMAI.o
 .data          0x0000000020000004        0x0 /tmp/ccxBOhex.o
 .data          0x0000000020000004        0x0 /tmp/ccXolb0l.o
 .data          0x0000000020000004        0x0 /tmp/cct0FdRa.o
 .data          0x0000000020000004       0x14 /tmp/ccT5lmVZ.o
                0x0000000020000004                SystemCoreClock
                0x0000000020000008                AHBPrescTable
 .data          0x0000000020000018        0x0 /tmp/ccvWmu0O.o
 .data          0x0000000020000018        0x0 /tmp/ccChaXgE.o
 .data          0x0000000020000018        0x0 /tmp/cc0s7kQt.o
 .data          0x0000000020000018        0x0 /tmp/ccXiCTCj.o
 .data          0x0000000020000018        0x0 /tmp/cc9e0qF9.o
 .data          0x0000000020000018       0x10 /tmp/ccApen3Z.o
 .data          0x0000000020000028        0x0 /tmp/ccVMg0EQ.o
 .data          0x0000000020000028        0x0 /tmp/cc14j4PH.o
 .data          0x0000000020000028        0x0 /tmp/ccJ8zjqz.o
 .data          0x0000000020000028        0x0 /usr/lib/gcc/arm-none-eabi/7.1.0/../../../../arm-none-eabi/lib/thumb/v7e-m/fpv4-sp/softfp/libg.a(lib_a-atexit.o)
 .data          0x0000000020000028        0x0 /usr/lib/gcc/arm-none-eabi/7.1.0/../../../../arm-none-eabi/lib/thumb/v7e-m/fpv4-sp/softfp/libg.a(lib_a-exit.o)
 .data          0x0000000020000028        0x0 /usr/lib/gcc/arm-none-eabi/7.1.0/../../../../arm-none-eabi/lib/thumb/v7e-m/fpv4-sp/softfp/libg.a(lib_a-fini.o)
 .data          0x0000000020000028        0x0 /usr/lib/gcc/arm-none-eabi/7.1.0/../../../../arm-none-eabi/lib/thumb/v7e-m/fpv4-sp/softfp/libg.a(lib_a-impure.o)
 .data._impure_ptr
                0x0000000020000028        0x4 /usr/lib/gcc/arm-none-eabi/7.1.0/../../../../arm-none-eabi/lib/thumb/v7e-m/fpv4-sp/softfp/libg.a(lib_a-impure.o)
                0x0000000020000028                _impure_ptr
 *fill*         0x000000002000002c        0x4 
 .data.impure_data
                0x0000000020000030      0x428 /usr/lib/gcc/arm-none-eabi/7.1.0/../../../../arm-none-eabi/lib/thumb/v7e-m/fpv4-sp/softfp/libg.a(lib_a-impure.o)
 .data          0x0000000020000458        0x0 /usr/lib/gcc/arm-none-eabi/7.1.0/../../../../arm-none-eabi/lib/thumb/v7e-m/fpv4-sp/softfp/libg.a(lib_a-init.o)
 .data          0x0000000020000458        0x0 /usr/lib/gcc/arm-none-eabi/7.1.0/../../../../arm-none-eabi/lib/thumb/v7e-m/fpv4-sp/softfp/libg.a(lib_a-memset.o)
 .data          0x0000000020000458        0x0 /usr/lib/gcc/arm-none-eabi/7.1.0/../../../../arm-none-eabi/lib/thumb/v7e-m/fpv4-sp/softfp/libg.a(lib_a-__atexit.o)
 .data          0x0000000020000458        0x0 /usr/lib/gcc/arm-none-eabi/7.1.0/../../../../arm-none-eabi/lib/thumb/v7e-m/fpv4-sp/softfp/libg.a(lib_a-__call_atexit.o)
 .data          0x0000000020000458        0x0 /usr/lib/gcc/arm-none-eabi/7.1.0/../../../../arm-none-eabi/lib/thumb/v7e-m/fpv4-sp/softfp/libnosys.a(_exit.o)
 .data          0x0000000020000458        0x0 /usr/lib/gcc/arm-none-eabi/7.1.0/thumb/v7e-m/fpv4-sp/softfp/crtend.o
 .data          0x0000000020000458        0x0 /usr/lib/gcc/arm-none-eabi/7.1.0/thumb/v7e-m/fpv4-sp/softfp/crtn.o
                0x0000000020000458                . = ALIGN (0x4)
                0x0000000020000458                _edata = .
                0x0000000008002afc                _sidata = LOADADDR (.data)

.init_array     0x0000000020000458        0x4 load address 0x0000000008002f54
 .init_array    0x0000000020000458        0x4 /usr/lib/gcc/arm-none-eabi/7.1.0/thumb/v7e-m/fpv4-sp/softfp/crtbegin.o

.fini_array     0x000000002000045c        0x4 load address 0x0000000008002f58
 .fini_array    0x000000002000045c        0x4 /usr/lib/gcc/arm-none-eabi/7.1.0/thumb/v7e-m/fpv4-sp/softfp/crtbegin.o

.tm_clone_table
                0x0000000020000460        0x0 load address 0x0000000008002f5c
 .tm_clone_table
                0x0000000020000460        0x0 /usr/lib/gcc/arm-none-eabi/7.1.0/thumb/v7e-m/fpv4-sp/softfp/crtbegin.o
 .tm_clone_table
                0x0000000020000460        0x0 /usr/lib/gcc/arm-none-eabi/7.1.0/thumb/v7e-m/fpv4-sp/softfp/crtend.o

.igot.plt       0x0000000020000460        0x0 load address 0x0000000008002f5c
 .igot.plt      0x0000000020000460        0x0 /usr/lib/gcc/arm-none-eabi/7.1.0/thumb/v7e-m/fpv4-sp/softfp/crtbegin.o

.init_array.00000
                0x0000000020000460        0x4 load address 0x0000000008002f5c
 .init_array.00000
                0x0000000020000460        0x4 /usr/lib/gcc/arm-none-eabi/7.1.0/../../../../arm-none-eabi/lib/thumb/v7e-m/fpv4-sp/softfp/libg.a(lib_a-__call_atexit.o)

.bss            0x0000000020000468       0xe0 load address 0x0000000008002f60
                0x0000000020000468                __bss_start__ = .
                0x0000000020000468                _sbss = .
 *(.bss*)
 .bss           0x0000000020000468        0x0 /usr/lib/gcc/arm-none-eabi/7.1.0/thumb/v7e-m/fpv4-sp/softfp/crti.o
 .bss           0x0000000020000468       0x1c /usr/lib/gcc/arm-none-eabi/7.1.0/thumb/v7e-m/fpv4-sp/softfp/crtbegin.o
 .bss           0x0000000020000484        0x0 /usr/lib/gcc/arm-none-eabi/7.1.0/../../../../arm-none-eabi/lib/thumb/v7e-m/fpv4-sp/softfp/crt0.o
 .bss           0x0000000020000484        0x0 /tmp/ccXoSPV5.o
 .bss           0x0000000020000484        0x0 /tmp/ccYexLaU.o
 .bss           0x0000000020000484        0x0 /tmp/ccRqSMAI.o
 *fill*         0x0000000020000484        0x4 
 .bss           0x0000000020000488        0x8 /tmp/ccxBOhex.o
                0x0000000020000488                _ms_ticks
 .bss           0x0000000020000490       0xb8 /tmp/ccXolb0l.o
 .bss           0x0000000020000548        0x0 /tmp/cct0FdRa.o
 .bss           0x0000000020000548        0x0 /tmp/ccT5lmVZ.o
 .bss           0x0000000020000548        0x0 /tmp/ccvWmu0O.o
 .bss           0x0000000020000548        0x0 /tmp/ccChaXgE.o
 .bss           0x0000000020000548        0x0 /tmp/cc0s7kQt.o
 .bss           0x0000000020000548        0x0 /tmp/ccXiCTCj.o
 .bss           0x0000000020000548        0x0 /tmp/cc9e0qF9.o
 .bss           0x0000000020000548        0x0 /tmp/ccApen3Z.o
 .bss           0x0000000020000548        0x0 /tmp/ccVMg0EQ.o
 .bss           0x0000000020000548        0x0 /tmp/cc14j4PH.o
 .bss           0x0000000020000548        0x0 /tmp/ccJ8zjqz.o
 .bss           0x0000000020000548        0x0 /usr/lib/gcc/arm-none-eabi/7.1.0/../../../../arm-none-eabi/lib/thumb/v7e-m/fpv4-sp/softfp/libg.a(lib_a-atexit.o)
 .bss           0x0000000020000548        0x0 /usr/lib/gcc/arm-none-eabi/7.1.0/../../../../arm-none-eabi/lib/thumb/v7e-m/fpv4-sp/softfp/libg.a(lib_a-exit.o)
 .bss           0x0000000020000548        0x0 /usr/lib/gcc/arm-none-eabi/7.1.0/../../../../arm-none-eabi/lib/thumb/v7e-m/fpv4-sp/softfp/libg.a(lib_a-fini.o)
 .bss           0x0000000020000548        0x0 /usr/lib/gcc/arm-none-eabi/7.1.0/../../../../arm-none-eabi/lib/thumb/v7e-m/fpv4-sp/softfp/libg.a(lib_a-impure.o)
 .bss           0x0000000020000548        0x0 /usr/lib/gcc/arm-none-eabi/7.1.0/../../../../arm-none-eabi/lib/thumb/v7e-m/fpv4-sp/softfp/libg.a(lib_a-init.o)
 .bss           0x0000000020000548        0x0 /usr/lib/gcc/arm-none-eabi/7.1.0/../../../../arm-none-eabi/lib/thumb/v7e-m/fpv4-sp/softfp/libg.a(lib_a-memset.o)
 .bss           0x0000000020000548        0x0 /usr/lib/gcc/arm-none-eabi/7.1.0/../../../../arm-none-eabi/lib/thumb/v7e-m/fpv4-sp/softfp/libg.a(lib_a-__atexit.o)
 .bss           0x0000000020000548        0x0 /usr/lib/gcc/arm-none-eabi/7.1.0/../../../../arm-none-eabi/lib/thumb/v7e-m/fpv4-sp/softfp/libg.a(lib_a-__call_atexit.o)
 .bss           0x0000000020000548        0x0 /usr/lib/gcc/arm-none-eabi/7.1.0/../../../../arm-none-eabi/lib/thumb/v7e-m/fpv4-sp/softfp/libnosys.a(_exit.o)
 .bss           0x0000000020000548        0x0 /usr/lib/gcc/arm-none-eabi/7.1.0/thumb/v7e-m/fpv4-sp/softfp/crtend.o
 .bss           0x0000000020000548        0x0 /usr/lib/gcc/arm-none-eabi/7.1.0/thumb/v7e-m/fpv4-sp/softfp/crtn.o
 *(COMMON)
                0x0000000020000548                . = ALIGN (0x4)
                0x0000000020000548                _ebss = .
                0x0000000020000548                __bss_end__ = .
                0x0000000020000548                . = ALIGN (0x4)
                0x0000000020000548                end = .
                0x0000000020018000                PROVIDE (_estack, (ORIGIN (ram) + LENGTH (ram)))
OUTPUT(build/buzzer.elf elf32-littlearm)

.ARM.attributes
                0x0000000000000000       0x2e
 .ARM.attributes
                0x0000000000000000       0x22 /usr/lib/gcc/arm-none-eabi/7.1.0/thumb/v7e-m/fpv4-sp/softfp/crti.o
 .ARM.attributes
                0x0000000000000022       0x32 /usr/lib/gcc/arm-none-eabi/7.1.0/thumb/v7e-m/fpv4-sp/softfp/crtbegin.o
 .ARM.attributes
                0x0000000000000054       0x20 /usr/lib/gcc/arm-none-eabi/7.1.0/../../../../arm-none-eabi/lib/thumb/v7e-m/fpv4-sp/softfp/crt0.o
 .ARM.attributes
                0x0000000000000074       0x37 /tmp/ccXoSPV5.o
 .ARM.attributes
                0x00000000000000ab       0x37 /tmp/ccYexLaU.o
 .ARM.attributes
                0x00000000000000e2       0x37 /tmp/ccRqSMAI.o
 .ARM.attributes
                0x0000000000000119       0x37 /tmp/ccxBOhex.o
 .ARM.attributes
                0x0000000000000150       0x37 /tmp/ccXolb0l.o
 .ARM.attributes
                0x0000000000000187       0x37 /tmp/cct0FdRa.o
 .ARM.attributes
                0x00000000000001be       0x37 /tmp/ccT5lmVZ.o
 .ARM.attributes
                0x00000000000001f5       0x21 /tmp/ccvWmu0O.o
 .ARM.attributes
                0x0000000000000216       0x37 /tmp/ccChaXgE.o
 .ARM.attributes
                0x000000000000024d       0x37 /tmp/cc0s7kQt.o
 .ARM.attributes
                0x0000000000000284       0x37 /tmp/ccXiCTCj.o
 .ARM.attributes
                0x00000000000002bb       0x37 /tmp/cc9e0qF9.o
 .ARM.attributes
                0x00000000000002f2       0x37 /tmp/ccApen3Z.o
 .ARM.attributes
                0x0000000000000329       0x37 /tmp/ccVMg0EQ.o
 .ARM.attributes
                0x0000000000000360       0x37 /tmp/cc14j4PH.o
 .ARM.attributes
                0x0000000000000397       0x37 /tmp/ccJ8zjqz.o
 .ARM.attributes
                0x00000000000003ce       0x32 /usr/lib/gcc/arm-none-eabi/7.1.0/../../../../arm-none-eabi/lib/thumb/v7e-m/fpv4-sp/softfp/libg.a(lib_a-atexit.o)
 .ARM.attributes
                0x0000000000000400       0x32 /usr/lib/gcc/arm-none-eabi/7.1.0/../../../../arm-none-eabi/lib/thumb/v7e-m/fpv4-sp/softfp/libg.a(lib_a-exit.o)
 .ARM.attributes
                0x0000000000000432       0x32 /usr/lib/gcc/arm-none-eabi/7.1.0/../../../../arm-none-eabi/lib/thumb/v7e-m/fpv4-sp/softfp/libg.a(lib_a-fini.o)
 .ARM.attributes
                0x0000000000000464       0x32 /usr/lib/gcc/arm-none-eabi/7.1.0/../../../../arm-none-eabi/lib/thumb/v7e-m/fpv4-sp/softfp/libg.a(lib_a-impure.o)
 .ARM.attributes
                0x0000000000000496       0x32 /usr/lib/gcc/arm-none-eabi/7.1.0/../../../../arm-none-eabi/lib/thumb/v7e-m/fpv4-sp/softfp/libg.a(lib_a-init.o)
 .ARM.attributes
                0x00000000000004c8       0x32 /usr/lib/gcc/arm-none-eabi/7.1.0/../../../../arm-none-eabi/lib/thumb/v7e-m/fpv4-sp/softfp/libg.a(lib_a-memset.o)
 .ARM.attributes
                0x00000000000004fa       0x32 /usr/lib/gcc/arm-none-eabi/7.1.0/../../../../arm-none-eabi/lib/thumb/v7e-m/fpv4-sp/softfp/libg.a(lib_a-__atexit.o)
 .ARM.attributes
                0x000000000000052c       0x32 /usr/lib/gcc/arm-none-eabi/7.1.0/../../../../arm-none-eabi/lib/thumb/v7e-m/fpv4-sp/softfp/libg.a(lib_a-__call_atexit.o)
 .ARM.attributes
                0x000000000000055e       0x32 /usr/lib/gcc/arm-none-eabi/7.1.0/../../../../arm-none-eabi/lib/thumb/v7e-m/fpv4-sp/softfp/libnosys.a(_exit.o)
 .ARM.attributes
                0x0000000000000590       0x32 /usr/lib/gcc/arm-none-eabi/7.1.0/thumb/v7e-m/fpv4-sp/softfp/crtend.o
 .ARM.attributes
                0x00000000000005c2       0x22 /usr/lib/gcc/arm-none-eabi/7.1.0/thumb/v7e-m/fpv4-sp/softfp/crtn.o

.comment        0x0000000000000000       0x42
 .comment       0x0000000000000000       0x21 /usr/lib/gcc/arm-none-eabi/7.1.0/thumb/v7e-m/fpv4-sp/softfp/crtbegin.o
                                         0x22 (size before relaxing)
 .comment       0x0000000000000021       0x22 /tmp/ccXoSPV5.o
 .comment       0x0000000000000021       0x22 /tmp/ccYexLaU.o
 .comment       0x0000000000000021       0x22 /tmp/ccRqSMAI.o
 .comment       0x0000000000000021       0x22 /tmp/ccxBOhex.o
 .comment       0x0000000000000021       0x22 /tmp/ccXolb0l.o
 .comment       0x0000000000000021       0x22 /tmp/cct0FdRa.o
 .comment       0x0000000000000021       0x22 /tmp/ccT5lmVZ.o
 .comment       0x0000000000000021       0x22 /tmp/ccChaXgE.o
 .comment       0x0000000000000021       0x22 /tmp/cc0s7kQt.o
 .comment       0x0000000000000021       0x22 /tmp/ccXiCTCj.o
 .comment       0x0000000000000021       0x22 /tmp/cc9e0qF9.o
 .comment       0x0000000000000021       0x22 /tmp/ccApen3Z.o
 .comment       0x0000000000000021       0x22 /tmp/ccVMg0EQ.o
 .comment       0x0000000000000021       0x22 /tmp/cc14j4PH.o
 .comment       0x0000000000000021       0x22 /tmp/ccJ8zjqz.o
 .comment       0x0000000000000021       0x21 /usr/lib/gcc/arm-none-eabi/7.1.0/../../../../arm-none-eabi/lib/thumb/v7e-m/fpv4-sp/softfp/libg.a(lib_a-atexit.o)
                                         0x22 (size before relaxing)
 .comment       0x0000000000000042       0x22 /usr/lib/gcc/arm-none-eabi/7.1.0/../../../../arm-none-eabi/lib/thumb/v7e-m/fpv4-sp/softfp/libg.a(lib_a-exit.o)
 .comment       0x0000000000000042       0x22 /usr/lib/gcc/arm-none-eabi/7.1.0/../../../../arm-none-eabi/lib/thumb/v7e-m/fpv4-sp/softfp/libg.a(lib_a-fini.o)
 .comment       0x0000000000000042       0x22 /usr/lib/gcc/arm-none-eabi/7.1.0/../../../../arm-none-eabi/lib/thumb/v7e-m/fpv4-sp/softfp/libg.a(lib_a-impure.o)
 .comment       0x0000000000000042       0x22 /usr/lib/gcc/arm-none-eabi/7.1.0/../../../../arm-none-eabi/lib/thumb/v7e-m/fpv4-sp/softfp/libg.a(lib_a-init.o)
 .comment       0x0000000000000042       0x22 /usr/lib/gcc/arm-none-eabi/7.1.0/../../../../arm-none-eabi/lib/thumb/v7e-m/fpv4-sp/softfp/libg.a(lib_a-memset.o)
 .comment       0x0000000000000042       0x22 /usr/lib/gcc/arm-none-eabi/7.1.0/../../../../arm-none-eabi/lib/thumb/v7e-m/fpv4-sp/softfp/libg.a(lib_a-__atexit.o)
 .comment       0x0000000000000042       0x22 /usr/lib/gcc/arm-none-eabi/7.1.0/../../../../arm-none-eabi/lib/thumb/v7e-m/fpv4-sp/softfp/libg.a(lib_a-__call_atexit.o)
 .comment       0x0000000000000042       0x22 /usr/lib/gcc/arm-none-eabi/7.1.0/../../../../arm-none-eabi/lib/thumb/v7e-m/fpv4-sp/softfp/libnosys.a(_exit.o)
 .comment       0x0000000000000042       0x22 /usr/lib/gcc/arm-none-eabi/7.1.0/thumb/v7e-m/fpv4-sp/softfp/crtend.o

.debug_line     0x0000000000000000     0x2775
 .debug_line    0x0000000000000000       0x84 /usr/lib/gcc/arm-none-eabi/7.1.0/../../../../arm-none-eabi/lib/thumb/v7e-m/fpv4-sp/softfp/crt0.o
 .debug_line    0x0000000000000084      0x17f /tmp/ccXoSPV5.o
 .debug_line    0x0000000000000203      0x1b5 /tmp/ccYexLaU.o
 .debug_line    0x00000000000003b8      0x152 /tmp/ccRqSMAI.o
 .debug_line    0x000000000000050a      0x142 /tmp/ccxBOhex.o
 .debug_line    0x000000000000064c      0x156 /tmp/ccXolb0l.o
 .debug_line    0x00000000000007a2       0xcd /tmp/cct0FdRa.o
 .debug_line    0x000000000000086f      0x129 /tmp/ccT5lmVZ.o
 .debug_line    0x0000000000000998       0x72 /tmp/ccvWmu0O.o
 .debug_line    0x0000000000000a0a      0x144 /tmp/ccChaXgE.o
 .debug_line    0x0000000000000b4e      0x2cc /tmp/cc0s7kQt.o
 .debug_line    0x0000000000000e1a      0x177 /tmp/ccXiCTCj.o
 .debug_line    0x0000000000000f91      0x1d5 /tmp/cc9e0qF9.o
 .debug_line    0x0000000000001166      0x2e1 /tmp/ccApen3Z.o
 .debug_line    0x0000000000001447      0x14d /tmp/ccVMg0EQ.o
 .debug_line    0x0000000000001594      0x50c /tmp/cc14j4PH.o
 .debug_line    0x0000000000001aa0      0x284 /tmp/ccJ8zjqz.o
 .debug_line    0x0000000000001d24      0x147 /usr/lib/gcc/arm-none-eabi/7.1.0/../../../../arm-none-eabi/lib/thumb/v7e-m/fpv4-sp/softfp/libg.a(lib_a-atexit.o)
 .debug_line    0x0000000000001e6b      0x158 /usr/lib/gcc/arm-none-eabi/7.1.0/../../../../arm-none-eabi/lib/thumb/v7e-m/fpv4-sp/softfp/libg.a(lib_a-exit.o)
 .debug_line    0x0000000000001fc3       0xa5 /usr/lib/gcc/arm-none-eabi/7.1.0/../../../../arm-none-eabi/lib/thumb/v7e-m/fpv4-sp/softfp/libg.a(lib_a-fini.o)
 .debug_line    0x0000000000002068       0xe7 /usr/lib/gcc/arm-none-eabi/7.1.0/../../../../arm-none-eabi/lib/thumb/v7e-m/fpv4-sp/softfp/libg.a(lib_a-impure.o)
 .debug_line    0x000000000000214f       0xbf /usr/lib/gcc/arm-none-eabi/7.1.0/../../../../arm-none-eabi/lib/thumb/v7e-m/fpv4-sp/softfp/libg.a(lib_a-init.o)
 .debug_line    0x000000000000220e      0x1de /usr/lib/gcc/arm-none-eabi/7.1.0/../../../../arm-none-eabi/lib/thumb/v7e-m/fpv4-sp/softfp/libg.a(lib_a-memset.o)
 .debug_line    0x00000000000023ec      0x17a /usr/lib/gcc/arm-none-eabi/7.1.0/../../../../arm-none-eabi/lib/thumb/v7e-m/fpv4-sp/softfp/libg.a(lib_a-__atexit.o)
 .debug_line    0x0000000000002566      0x1ae /usr/lib/gcc/arm-none-eabi/7.1.0/../../../../arm-none-eabi/lib/thumb/v7e-m/fpv4-sp/softfp/libg.a(lib_a-__call_atexit.o)
 .debug_line    0x0000000000002714       0x61 /usr/lib/gcc/arm-none-eabi/7.1.0/../../../../arm-none-eabi/lib/thumb/v7e-m/fpv4-sp/softfp/libnosys.a(_exit.o)

.debug_info     0x0000000000000000     0xc2fd
 .debug_info    0x0000000000000000       0xb8 /usr/lib/gcc/arm-none-eabi/7.1.0/../../../../arm-none-eabi/lib/thumb/v7e-m/fpv4-sp/softfp/crt0.o
 .debug_info    0x00000000000000b8      0x712 /tmp/ccXoSPV5.o
 .debug_info    0x00000000000007ca      0x92e /tmp/ccYexLaU.o
 .debug_info    0x00000000000010f8      0x711 /tmp/ccRqSMAI.o
 .debug_info    0x0000000000001809      0x2bc /tmp/ccxBOhex.o
 .debug_info    0x0000000000001ac5      0x677 /tmp/ccXolb0l.o
 .debug_info    0x000000000000213c      0x218 /tmp/cct0FdRa.o
 .debug_info    0x0000000000002354      0x5c6 /tmp/ccT5lmVZ.o
 .debug_info    0x000000000000291a       0x86 /tmp/ccvWmu0O.o
 .debug_info    0x00000000000029a0      0x54b /tmp/ccChaXgE.o
 .debug_info    0x0000000000002eeb      0xc8d /tmp/cc0s7kQt.o
 .debug_info    0x0000000000003b78      0x356 /tmp/ccXiCTCj.o
 .debug_info    0x0000000000003ece      0x852 /tmp/cc9e0qF9.o
 .debug_info    0x0000000000004720      0xd93 /tmp/ccApen3Z.o
 .debug_info    0x00000000000054b3      0x2e3 /tmp/ccVMg0EQ.o
 .debug_info    0x0000000000005796     0x2105 /tmp/cc14j4PH.o
 .debug_info    0x000000000000789b      0xb9f /tmp/ccJ8zjqz.o
 .debug_info    0x000000000000843a      0x90c /usr/lib/gcc/arm-none-eabi/7.1.0/../../../../arm-none-eabi/lib/thumb/v7e-m/fpv4-sp/softfp/libg.a(lib_a-atexit.o)
 .debug_info    0x0000000000008d46      0x941 /usr/lib/gcc/arm-none-eabi/7.1.0/../../../../arm-none-eabi/lib/thumb/v7e-m/fpv4-sp/softfp/libg.a(lib_a-exit.o)
 .debug_info    0x0000000000009687       0xf3 /usr/lib/gcc/arm-none-eabi/7.1.0/../../../../arm-none-eabi/lib/thumb/v7e-m/fpv4-sp/softfp/libg.a(lib_a-fini.o)
 .debug_info    0x000000000000977a      0x8a9 /usr/lib/gcc/arm-none-eabi/7.1.0/../../../../arm-none-eabi/lib/thumb/v7e-m/fpv4-sp/softfp/libg.a(lib_a-impure.o)
 .debug_info    0x000000000000a023      0x109 /usr/lib/gcc/arm-none-eabi/7.1.0/../../../../arm-none-eabi/lib/thumb/v7e-m/fpv4-sp/softfp/libg.a(lib_a-init.o)
 .debug_info    0x000000000000a12c      0xe22 /usr/lib/gcc/arm-none-eabi/7.1.0/../../../../arm-none-eabi/lib/thumb/v7e-m/fpv4-sp/softfp/libg.a(lib_a-memset.o)
 .debug_info    0x000000000000af4e      0x955 /usr/lib/gcc/arm-none-eabi/7.1.0/../../../../arm-none-eabi/lib/thumb/v7e-m/fpv4-sp/softfp/libg.a(lib_a-__atexit.o)
 .debug_info    0x000000000000b8a3      0x9c0 /usr/lib/gcc/arm-none-eabi/7.1.0/../../../../arm-none-eabi/lib/thumb/v7e-m/fpv4-sp/softfp/libg.a(lib_a-__call_atexit.o)
 .debug_info    0x000000000000c263       0x9a /usr/lib/gcc/arm-none-eabi/7.1.0/../../../../arm-none-eabi/lib/thumb/v7e-m/fpv4-sp/softfp/libnosys.a(_exit.o)

.debug_abbrev   0x0000000000000000     0x2731
 .debug_abbrev  0x0000000000000000       0x14 /usr/lib/gcc/arm-none-eabi/7.1.0/../../../../arm-none-eabi/lib/thumb/v7e-m/fpv4-sp/softfp/crt0.o
 .debug_abbrev  0x0000000000000014      0x1b6 /tmp/ccXoSPV5.o
 .debug_abbrev  0x00000000000001ca      0x20a /tmp/ccYexLaU.o
 .debug_abbrev  0x00000000000003d4      0x1fc /tmp/ccRqSMAI.o
 .debug_abbrev  0x00000000000005d0      0x133 /tmp/ccxBOhex.o
 .debug_abbrev  0x0000000000000703      0x17e /tmp/ccXolb0l.o
 .debug_abbrev  0x0000000000000881      0x135 /tmp/cct0FdRa.o
 .debug_abbrev  0x00000000000009b6      0x140 /tmp/ccT5lmVZ.o
 .debug_abbrev  0x0000000000000af6       0x12 /tmp/ccvWmu0O.o
 .debug_abbrev  0x0000000000000b08      0x183 /tmp/ccChaXgE.o
 .debug_abbrev  0x0000000000000c8b      0x1e8 /tmp/cc0s7kQt.o
 .debug_abbrev  0x0000000000000e73      0x1de /tmp/ccXiCTCj.o
 .debug_abbrev  0x0000000000001051      0x1f7 /tmp/cc9e0qF9.o
 .debug_abbrev  0x0000000000001248      0x1f7 /tmp/ccApen3Z.o
 .debug_abbrev  0x000000000000143f      0x174 /tmp/ccVMg0EQ.o
 .debug_abbrev  0x00000000000015b3      0x1d3 /tmp/cc14j4PH.o
 .debug_abbrev  0x0000000000001786      0x1ce /tmp/ccJ8zjqz.o
 .debug_abbrev  0x0000000000001954      0x201 /usr/lib/gcc/arm-none-eabi/7.1.0/../../../../arm-none-eabi/lib/thumb/v7e-m/fpv4-sp/softfp/libg.a(lib_a-atexit.o)
 .debug_abbrev  0x0000000000001b55      0x1f0 /usr/lib/gcc/arm-none-eabi/7.1.0/../../../../arm-none-eabi/lib/thumb/v7e-m/fpv4-sp/softfp/libg.a(lib_a-exit.o)
 .debug_abbrev  0x0000000000001d45       0xbd /usr/lib/gcc/arm-none-eabi/7.1.0/../../../../arm-none-eabi/lib/thumb/v7e-m/fpv4-sp/softfp/libg.a(lib_a-fini.o)
 .debug_abbrev  0x0000000000001e02      0x192 /usr/lib/gcc/arm-none-eabi/7.1.0/../../../../arm-none-eabi/lib/thumb/v7e-m/fpv4-sp/softfp/libg.a(lib_a-impure.o)
 .debug_abbrev  0x0000000000001f94       0xba /usr/lib/gcc/arm-none-eabi/7.1.0/../../../../arm-none-eabi/lib/thumb/v7e-m/fpv4-sp/softfp/libg.a(lib_a-init.o)
 .debug_abbrev  0x000000000000204e      0x1de /usr/lib/gcc/arm-none-eabi/7.1.0/../../../../arm-none-eabi/lib/thumb/v7e-m/fpv4-sp/softfp/libg.a(lib_a-memset.o)
 .debug_abbrev  0x000000000000222c      0x22b /usr/lib/gcc/arm-none-eabi/7.1.0/../../../../arm-none-eabi/lib/thumb/v7e-m/fpv4-sp/softfp/libg.a(lib_a-__atexit.o)
 .debug_abbrev  0x0000000000002457      0x279 /usr/lib/gcc/arm-none-eabi/7.1.0/../../../../arm-none-eabi/lib/thumb/v7e-m/fpv4-sp/softfp/libg.a(lib_a-__call_atexit.o)
 .debug_abbrev  0x00000000000026d0       0x61 /usr/lib/gcc/arm-none-eabi/7.1.0/../../../../arm-none-eabi/lib/thumb/v7e-m/fpv4-sp/softfp/libnosys.a(_exit.o)

.debug_aranges  0x0000000000000000      0x348
 .debug_aranges
                0x0000000000000000       0x20 /usr/lib/gcc/arm-none-eabi/7.1.0/../../../../arm-none-eabi/lib/thumb/v7e-m/fpv4-sp/softfp/crt0.o
 .debug_aranges
                0x0000000000000020       0x20 /tmp/ccXoSPV5.o
 .debug_aranges
                0x0000000000000040       0x20 /tmp/ccYexLaU.o
 .debug_aranges
                0x0000000000000060       0x20 /tmp/ccRqSMAI.o
 .debug_aranges
                0x0000000000000080       0x20 /tmp/ccxBOhex.o
 .debug_aranges
                0x00000000000000a0       0x20 /tmp/ccXolb0l.o
 .debug_aranges
                0x00000000000000c0       0x20 /tmp/cct0FdRa.o
 .debug_aranges
                0x00000000000000e0       0x20 /tmp/ccT5lmVZ.o
 .debug_aranges
                0x0000000000000100       0x28 /tmp/ccvWmu0O.o
 .debug_aranges
                0x0000000000000128       0x20 /tmp/ccChaXgE.o
 .debug_aranges
                0x0000000000000148       0x20 /tmp/cc0s7kQt.o
 .debug_aranges
                0x0000000000000168       0x20 /tmp/ccXiCTCj.o
 .debug_aranges
                0x0000000000000188       0x20 /tmp/cc9e0qF9.o
 .debug_aranges
                0x00000000000001a8       0x20 /tmp/ccApen3Z.o
 .debug_aranges
                0x00000000000001c8       0x20 /tmp/ccVMg0EQ.o
 .debug_aranges
                0x00000000000001e8       0x20 /tmp/cc14j4PH.o
 .debug_aranges
                0x0000000000000208       0x20 /tmp/ccJ8zjqz.o
 .debug_aranges
                0x0000000000000228       0x20 /usr/lib/gcc/arm-none-eabi/7.1.0/../../../../arm-none-eabi/lib/thumb/v7e-m/fpv4-sp/softfp/libg.a(lib_a-atexit.o)
 .debug_aranges
                0x0000000000000248       0x20 /usr/lib/gcc/arm-none-eabi/7.1.0/../../../../arm-none-eabi/lib/thumb/v7e-m/fpv4-sp/softfp/libg.a(lib_a-exit.o)
 .debug_aranges
                0x0000000000000268       0x20 /usr/lib/gcc/arm-none-eabi/7.1.0/../../../../arm-none-eabi/lib/thumb/v7e-m/fpv4-sp/softfp/libg.a(lib_a-fini.o)
 .debug_aranges
                0x0000000000000288       0x18 /usr/lib/gcc/arm-none-eabi/7.1.0/../../../../arm-none-eabi/lib/thumb/v7e-m/fpv4-sp/softfp/libg.a(lib_a-impure.o)
 .debug_aranges
                0x00000000000002a0       0x20 /usr/lib/gcc/arm-none-eabi/7.1.0/../../../../arm-none-eabi/lib/thumb/v7e-m/fpv4-sp/softfp/libg.a(lib_a-init.o)
 .debug_aranges
                0x00000000000002c0       0x20 /usr/lib/gcc/arm-none-eabi/7.1.0/../../../../arm-none-eabi/lib/thumb/v7e-m/fpv4-sp/softfp/libg.a(lib_a-memset.o)
 .debug_aranges
                0x00000000000002e0       0x20 /usr/lib/gcc/arm-none-eabi/7.1.0/../../../../arm-none-eabi/lib/thumb/v7e-m/fpv4-sp/softfp/libg.a(lib_a-__atexit.o)
 .debug_aranges
                0x0000000000000300       0x28 /usr/lib/gcc/arm-none-eabi/7.1.0/../../../../arm-none-eabi/lib/thumb/v7e-m/fpv4-sp/softfp/libg.a(lib_a-__call_atexit.o)
 .debug_aranges
                0x0000000000000328       0x20 /usr/lib/gcc/arm-none-eabi/7.1.0/../../../../arm-none-eabi/lib/thumb/v7e-m/fpv4-sp/softfp/libnosys.a(_exit.o)

.debug_loc      0x0000000000000000     0x4911
 .debug_loc     0x0000000000000000       0x58 /tmp/ccXoSPV5.o
 .debug_loc     0x0000000000000058      0x233 /tmp/ccYexLaU.o
 .debug_loc     0x000000000000028b       0x59 /tmp/ccRqSMAI.o
 .debug_loc     0x00000000000002e4       0x18 /tmp/ccxBOhex.o
 .debug_loc     0x00000000000002fc      0x299 /tmp/ccXolb0l.o
 .debug_loc     0x0000000000000595      0x106 /tmp/cct0FdRa.o
 .debug_loc     0x000000000000069b      0x13e /tmp/ccT5lmVZ.o
 .debug_loc     0x00000000000007d9      0x128 /tmp/ccChaXgE.o
 .debug_loc     0x0000000000000901      0x919 /tmp/cc0s7kQt.o
 .debug_loc     0x000000000000121a      0x144 /tmp/ccXiCTCj.o
 .debug_loc     0x000000000000135e      0x3db /tmp/cc9e0qF9.o
 .debug_loc     0x0000000000001739      0xa90 /tmp/ccApen3Z.o
 .debug_loc     0x00000000000021c9       0x9b /tmp/ccVMg0EQ.o
 .debug_loc     0x0000000000002264     0x18f5 /tmp/cc14j4PH.o
 .debug_loc     0x0000000000003b59      0x7fc /tmp/ccJ8zjqz.o
 .debug_loc     0x0000000000004355       0x2c /usr/lib/gcc/arm-none-eabi/7.1.0/../../../../arm-none-eabi/lib/thumb/v7e-m/fpv4-sp/softfp/libg.a(lib_a-atexit.o)
 .debug_loc     0x0000000000004381       0x1e /usr/lib/gcc/arm-none-eabi/7.1.0/../../../../arm-none-eabi/lib/thumb/v7e-m/fpv4-sp/softfp/libg.a(lib_a-exit.o)
 .debug_loc     0x000000000000439f       0x5c /usr/lib/gcc/arm-none-eabi/7.1.0/../../../../arm-none-eabi/lib/thumb/v7e-m/fpv4-sp/softfp/libg.a(lib_a-fini.o)
 .debug_loc     0x00000000000043fb       0xa2 /usr/lib/gcc/arm-none-eabi/7.1.0/../../../../arm-none-eabi/lib/thumb/v7e-m/fpv4-sp/softfp/libg.a(lib_a-init.o)
 .debug_loc     0x000000000000449d      0x175 /usr/lib/gcc/arm-none-eabi/7.1.0/../../../../arm-none-eabi/lib/thumb/v7e-m/fpv4-sp/softfp/libg.a(lib_a-memset.o)
 .debug_loc     0x0000000000004612      0x151 /usr/lib/gcc/arm-none-eabi/7.1.0/../../../../arm-none-eabi/lib/thumb/v7e-m/fpv4-sp/softfp/libg.a(lib_a-__atexit.o)
 .debug_loc     0x0000000000004763      0x1ae /usr/lib/gcc/arm-none-eabi/7.1.0/../../../../arm-none-eabi/lib/thumb/v7e-m/fpv4-sp/softfp/libg.a(lib_a-__call_atexit.o)

.debug_str      0x0000000000000000     0x3b90
 .debug_str     0x0000000000000000      0x8d0 /tmp/ccXoSPV5.o
                                        0x931 (size before relaxing)
 .debug_str     0x00000000000008d0      0x1e2 /tmp/ccYexLaU.o
                                        0x99b (size before relaxing)
 .debug_str     0x0000000000000ab2      0x112 /tmp/ccRqSMAI.o
                                        0x743 (size before relaxing)
 .debug_str     0x0000000000000bc4      0x11b /tmp/ccxBOhex.o
                                        0x2dd (size before relaxing)
 .debug_str     0x0000000000000cdf      0x1c8 /tmp/ccXolb0l.o
                                        0x387 (size before relaxing)
 .debug_str     0x0000000000000ea7       0x1f /tmp/cct0FdRa.o
                                        0x200 (size before relaxing)
 .debug_str     0x0000000000000ec6      0x160 /tmp/ccT5lmVZ.o
                                        0x3b6 (size before relaxing)
 .debug_str     0x0000000000001026       0xce /tmp/ccChaXgE.o
                                        0x400 (size before relaxing)
 .debug_str     0x00000000000010f4      0x645 /tmp/cc0s7kQt.o
                                        0x84d (size before relaxing)
 .debug_str     0x0000000000001739       0xaa /tmp/ccXiCTCj.o
                                        0x37e (size before relaxing)
 .debug_str     0x00000000000017e3      0x175 /tmp/cc9e0qF9.o
                                        0x4e9 (size before relaxing)
 .debug_str     0x0000000000001958      0x580 /tmp/ccApen3Z.o
                                        0x93e (size before relaxing)
 .debug_str     0x0000000000001ed8      0x143 /tmp/ccVMg0EQ.o
                                        0x357 (size before relaxing)
 .debug_str     0x000000000000201b      0xb65 /tmp/cc14j4PH.o
                                        0xe30 (size before relaxing)
 .debug_str     0x0000000000002b80      0x33f /tmp/ccJ8zjqz.o
                                        0x701 (size before relaxing)
 .debug_str     0x0000000000002ebf      0x54e /usr/lib/gcc/arm-none-eabi/7.1.0/../../../../arm-none-eabi/lib/thumb/v7e-m/fpv4-sp/softfp/libg.a(lib_a-atexit.o)
                                        0x62c (size before relaxing)
 .debug_str     0x000000000000340d       0x72 /usr/lib/gcc/arm-none-eabi/7.1.0/../../../../arm-none-eabi/lib/thumb/v7e-m/fpv4-sp/softfp/libg.a(lib_a-exit.o)
                                        0x62d (size before relaxing)
 .debug_str     0x000000000000347f       0xda /usr/lib/gcc/arm-none-eabi/7.1.0/../../../../arm-none-eabi/lib/thumb/v7e-m/fpv4-sp/softfp/libg.a(lib_a-fini.o)
                                        0x23b (size before relaxing)
 .debug_str     0x0000000000003559       0xad /usr/lib/gcc/arm-none-eabi/7.1.0/../../../../arm-none-eabi/lib/thumb/v7e-m/fpv4-sp/softfp/libg.a(lib_a-impure.o)
                                        0x5e1 (size before relaxing)
 .debug_str     0x0000000000003606       0x93 /usr/lib/gcc/arm-none-eabi/7.1.0/../../../../arm-none-eabi/lib/thumb/v7e-m/fpv4-sp/softfp/libg.a(lib_a-init.o)
                                        0x265 (size before relaxing)
 .debug_str     0x0000000000003699      0x322 /usr/lib/gcc/arm-none-eabi/7.1.0/../../../../arm-none-eabi/lib/thumb/v7e-m/fpv4-sp/softfp/libg.a(lib_a-memset.o)
                                        0x90e (size before relaxing)
 .debug_str     0x00000000000039bb       0x4c /usr/lib/gcc/arm-none-eabi/7.1.0/../../../../arm-none-eabi/lib/thumb/v7e-m/fpv4-sp/softfp/libg.a(lib_a-__atexit.o)
                                        0x646 (size before relaxing)
 .debug_str     0x0000000000003a07       0x6b /usr/lib/gcc/arm-none-eabi/7.1.0/../../../../arm-none-eabi/lib/thumb/v7e-m/fpv4-sp/softfp/libg.a(lib_a-__call_atexit.o)
                                        0x657 (size before relaxing)
 .debug_str     0x0000000000003a72      0x11e /usr/lib/gcc/arm-none-eabi/7.1.0/../../../../arm-none-eabi/lib/thumb/v7e-m/fpv4-sp/softfp/libnosys.a(_exit.o)
                                        0x1b4 (size before relaxing)

.debug_frame    0x0000000000000000     0x1778
 .debug_frame   0x0000000000000000       0x74 /tmp/ccXoSPV5.o
 .debug_frame   0x0000000000000074       0x84 /tmp/ccYexLaU.o
 .debug_frame   0x00000000000000f8       0x40 /tmp/ccRqSMAI.o
 .debug_frame   0x0000000000000138      0x110 /tmp/ccxBOhex.o
 .debug_frame   0x0000000000000248      0x154 /tmp/ccXolb0l.o
 .debug_frame   0x000000000000039c       0x6c /tmp/cct0FdRa.o
 .debug_frame   0x0000000000000408       0x48 /tmp/ccT5lmVZ.o
 .debug_frame   0x0000000000000450       0x60 /tmp/ccChaXgE.o
 .debug_frame   0x00000000000004b0      0x2d4 /tmp/cc0s7kQt.o
 .debug_frame   0x0000000000000784       0xa0 /tmp/ccXiCTCj.o
 .debug_frame   0x0000000000000824      0x120 /tmp/cc9e0qF9.o
 .debug_frame   0x0000000000000944      0x32c /tmp/ccApen3Z.o
 .debug_frame   0x0000000000000c70       0x94 /tmp/ccVMg0EQ.o
 .debug_frame   0x0000000000000d04      0x6cc /tmp/cc14j4PH.o
 .debug_frame   0x00000000000013d0      0x224 /tmp/ccJ8zjqz.o
 .debug_frame   0x00000000000015f4       0x20 /usr/lib/gcc/arm-none-eabi/7.1.0/../../../../arm-none-eabi/lib/thumb/v7e-m/fpv4-sp/softfp/libg.a(lib_a-atexit.o)
 .debug_frame   0x0000000000001614       0x28 /usr/lib/gcc/arm-none-eabi/7.1.0/../../../../arm-none-eabi/lib/thumb/v7e-m/fpv4-sp/softfp/libg.a(lib_a-exit.o)
 .debug_frame   0x000000000000163c       0x34 /usr/lib/gcc/arm-none-eabi/7.1.0/../../../../arm-none-eabi/lib/thumb/v7e-m/fpv4-sp/softfp/libg.a(lib_a-fini.o)
 .debug_frame   0x0000000000001670       0x2c /usr/lib/gcc/arm-none-eabi/7.1.0/../../../../arm-none-eabi/lib/thumb/v7e-m/fpv4-sp/softfp/libg.a(lib_a-init.o)
 .debug_frame   0x000000000000169c       0x38 /usr/lib/gcc/arm-none-eabi/7.1.0/../../../../arm-none-eabi/lib/thumb/v7e-m/fpv4-sp/softfp/libg.a(lib_a-memset.o)
 .debug_frame   0x00000000000016d4       0x34 /usr/lib/gcc/arm-none-eabi/7.1.0/../../../../arm-none-eabi/lib/thumb/v7e-m/fpv4-sp/softfp/libg.a(lib_a-__atexit.o)
 .debug_frame   0x0000000000001708       0x50 /usr/lib/gcc/arm-none-eabi/7.1.0/../../../../arm-none-eabi/lib/thumb/v7e-m/fpv4-sp/softfp/libg.a(lib_a-__call_atexit.o)
 .debug_frame   0x0000000000001758       0x20 /usr/lib/gcc/arm-none-eabi/7.1.0/../../../../arm-none-eabi/lib/thumb/v7e-m/fpv4-sp/softfp/libnosys.a(_exit.o)

.debug_ranges   0x0000000000000000      0x160
 .debug_ranges  0x0000000000000000       0x48 /tmp/ccYexLaU.o
 .debug_ranges  0x0000000000000048       0x48 /tmp/ccXolb0l.o
 .debug_ranges  0x0000000000000090       0x20 /tmp/ccvWmu0O.o
 .debug_ranges  0x00000000000000b0       0x10 /usr/lib/gcc/arm-none-eabi/7.1.0/../../../../arm-none-eabi/lib/thumb/v7e-m/fpv4-sp/softfp/libg.a(lib_a-atexit.o)
 .debug_ranges  0x00000000000000c0       0x10 /usr/lib/gcc/arm-none-eabi/7.1.0/../../../../arm-none-eabi/lib/thumb/v7e-m/fpv4-sp/softfp/libg.a(lib_a-exit.o)
 .debug_ranges  0x00000000000000d0       0x10 /usr/lib/gcc/arm-none-eabi/7.1.0/../../../../arm-none-eabi/lib/thumb/v7e-m/fpv4-sp/softfp/libg.a(lib_a-fini.o)
 .debug_ranges  0x00000000000000e0       0x10 /usr/lib/gcc/arm-none-eabi/7.1.0/../../../../arm-none-eabi/lib/thumb/v7e-m/fpv4-sp/softfp/libg.a(lib_a-init.o)
 .debug_ranges  0x00000000000000f0       0x10 /usr/lib/gcc/arm-none-eabi/7.1.0/../../../../arm-none-eabi/lib/thumb/v7e-m/fpv4-sp/softfp/libg.a(lib_a-memset.o)
 .debug_ranges  0x0000000000000100       0x10 /usr/lib/gcc/arm-none-eabi/7.1.0/../../../../arm-none-eabi/lib/thumb/v7e-m/fpv4-sp/softfp/libg.a(lib_a-__atexit.o)
 .debug_ranges  0x0000000000000110       0x40 /usr/lib/gcc/arm-none-eabi/7.1.0/../../../../arm-none-eabi/lib/thumb/v7e-m/fpv4-sp/softfp/libg.a(lib_a-__call_atexit.o)
 .debug_ranges  0x0000000000000150       0x10 /usr/lib/gcc/arm-none-eabi/7.1.0/../../../../arm-none-eabi/lib/thumb/v7e-m/fpv4-sp/softfp/libnosys.a(_exit.o)

Cross Reference Table

Symbol                                            File
ADC_AnalogWatchdogCmd                             /tmp/cc0s7kQt.o
ADC_AnalogWatchdogSingleChannelConfig             /tmp/cc0s7kQt.o
ADC_AnalogWatchdogThresholdsConfig                /tmp/cc0s7kQt.o
ADC_AutoInjectedConvCmd                           /tmp/cc0s7kQt.o
ADC_ClearFlag                                     /tmp/cc0s7kQt.o
ADC_ClearITPendingBit                             /tmp/cc0s7kQt.o
ADC_Cmd                                           /tmp/cc0s7kQt.o
ADC_CommonInit                                    /tmp/cc0s7kQt.o
ADC_CommonStructInit                              /tmp/cc0s7kQt.o
ADC_ContinuousModeCmd                             /tmp/cc0s7kQt.o
ADC_DMACmd                                        /tmp/cc0s7kQt.o
ADC_DMARequestAfterLastTransferCmd                /tmp/cc0s7kQt.o
ADC_DeInit                                        /tmp/cc0s7kQt.o
ADC_DiscModeChannelCountConfig                    /tmp/cc0s7kQt.o
ADC_DiscModeCmd                                   /tmp/cc0s7kQt.o
ADC_EOCOnEachRegularChannelCmd                    /tmp/cc0s7kQt.o
ADC_ExternalTrigInjectedConvConfig                /tmp/cc0s7kQt.o
ADC_ExternalTrigInjectedConvEdgeConfig            /tmp/cc0s7kQt.o
ADC_GetConversionValue                            /tmp/cc0s7kQt.o
ADC_GetFlagStatus                                 /tmp/cc0s7kQt.o
ADC_GetITStatus                                   /tmp/cc0s7kQt.o
ADC_GetInjectedConversionValue                    /tmp/cc0s7kQt.o
ADC_GetMultiModeConversionValue                   /tmp/cc0s7kQt.o
ADC_GetSoftwareStartConvStatus                    /tmp/cc0s7kQt.o
ADC_GetSoftwareStartInjectedConvCmdStatus         /tmp/cc0s7kQt.o
ADC_IRQHandler                                    /tmp/ccvWmu0O.o
ADC_ITConfig                                      /tmp/cc0s7kQt.o
ADC_Init                                          /tmp/cc0s7kQt.o
ADC_InjectedChannelConfig                         /tmp/cc0s7kQt.o
ADC_InjectedDiscModeCmd                           /tmp/cc0s7kQt.o
ADC_InjectedSequencerLengthConfig                 /tmp/cc0s7kQt.o
ADC_MultiModeDMARequestAfterLastTransferCmd       /tmp/cc0s7kQt.o
ADC_RegularChannelConfig                          /tmp/cc0s7kQt.o
ADC_SetInjectedOffset                             /tmp/cc0s7kQt.o
ADC_SoftwareStartConv                             /tmp/cc0s7kQt.o
ADC_SoftwareStartInjectedConv                     /tmp/cc0s7kQt.o
ADC_StructInit                                    /tmp/cc0s7kQt.o
ADC_TempSensorVrefintCmd                          /tmp/cc0s7kQt.o
ADC_VBATCmd                                       /tmp/cc0s7kQt.o
AHBPrescTable                                     /tmp/ccT5lmVZ.o
BusFault_Handler                                  /tmp/ccxBOhex.o
DMA1_Stream0_IRQHandler                           /tmp/ccvWmu0O.o
DMA1_Stream1_IRQHandler                           /tmp/ccvWmu0O.o
DMA1_Stream2_IRQHandler                           /tmp/ccvWmu0O.o
DMA1_Stream3_IRQHandler                           /tmp/ccvWmu0O.o
DMA1_Stream4_IRQHandler                           /tmp/ccvWmu0O.o
DMA1_Stream5_IRQHandler                           /tmp/ccvWmu0O.o
DMA1_Stream6_IRQHandler                           /tmp/ccvWmu0O.o
DMA1_Stream7_IRQHandler                           /tmp/ccvWmu0O.o
DMA2_Stream0_IRQHandler                           /tmp/ccvWmu0O.o
DMA2_Stream1_IRQHandler                           /tmp/ccvWmu0O.o
DMA2_Stream2_IRQHandler                           /tmp/ccvWmu0O.o
DMA2_Stream3_IRQHandler                           /tmp/ccvWmu0O.o
DMA2_Stream4_IRQHandler                           /tmp/ccvWmu0O.o
DMA2_Stream5_IRQHandler                           /tmp/ccvWmu0O.o
DMA2_Stream6_IRQHandler                           /tmp/ccvWmu0O.o
DMA2_Stream7_IRQHandler                           /tmp/ccvWmu0O.o
DebugMon_Handler                                  /tmp/ccxBOhex.o
Default_Handler                                   /tmp/ccvWmu0O.o
EXTI0_IRQHandler                                  /tmp/ccvWmu0O.o
EXTI15_10_IRQHandler                              /tmp/ccxBOhex.o
EXTI1_IRQHandler                                  /tmp/ccvWmu0O.o
EXTI2_IRQHandler                                  /tmp/ccvWmu0O.o
EXTI3_IRQHandler                                  /tmp/ccxBOhex.o
EXTI4_IRQHandler                                  /tmp/ccvWmu0O.o
EXTI9_5_IRQHandler                                /tmp/ccvWmu0O.o
EXTI_ClearFlag                                    /tmp/ccXiCTCj.o
EXTI_ClearITPendingBit                            /tmp/ccXiCTCj.o
                                                  /tmp/ccxBOhex.o
EXTI_DeInit                                       /tmp/ccXiCTCj.o
EXTI_GenerateSWInterrupt                          /tmp/ccXiCTCj.o
EXTI_GetFlagStatus                                /tmp/ccXiCTCj.o
EXTI_GetITStatus                                  /tmp/ccXiCTCj.o
                                                  /tmp/ccxBOhex.o
EXTI_Init                                         /tmp/ccXiCTCj.o
                                                  /tmp/ccXoSPV5.o
EXTI_StructInit                                   /tmp/ccXiCTCj.o
FLASH_IRQHandler                                  /tmp/ccvWmu0O.o
FPU_IRQHandler                                    /tmp/ccvWmu0O.o
GPIO_DeInit                                       /tmp/cc9e0qF9.o
GPIO_Init                                         /tmp/cc9e0qF9.o
                                                  /tmp/ccYexLaU.o
                                                  /tmp/ccXoSPV5.o
GPIO_PinAFConfig                                  /tmp/cc9e0qF9.o
                                                  /tmp/ccYexLaU.o
GPIO_PinLockConfig                                /tmp/cc9e0qF9.o
GPIO_ReadInputData                                /tmp/cc9e0qF9.o
GPIO_ReadInputDataBit                             /tmp/cc9e0qF9.o
GPIO_ReadOutputData                               /tmp/cc9e0qF9.o
GPIO_ReadOutputDataBit                            /tmp/cc9e0qF9.o
GPIO_ResetBits                                    /tmp/cc9e0qF9.o
GPIO_SetBits                                      /tmp/cc9e0qF9.o
GPIO_StructInit                                   /tmp/cc9e0qF9.o
GPIO_ToggleBits                                   /tmp/cc9e0qF9.o
GPIO_Write                                        /tmp/cc9e0qF9.o
GPIO_WriteBit                                     /tmp/cc9e0qF9.o
HardFault_Handler                                 /tmp/ccxBOhex.o
I2C1_ER_IRQHandler                                /tmp/ccvWmu0O.o
I2C1_EV_IRQHandler                                /tmp/ccvWmu0O.o
I2C2_ER_IRQHandler                                /tmp/ccvWmu0O.o
I2C2_EV_IRQHandler                                /tmp/ccvWmu0O.o
I2C3_ER_IRQHandler                                /tmp/ccvWmu0O.o
I2C3_EV_IRQHandler                                /tmp/ccvWmu0O.o
MemManage_Handler                                 /tmp/ccxBOhex.o
NMI_Handler                                       /tmp/ccxBOhex.o
NVIC_Init                                         /tmp/ccChaXgE.o
                                                  /tmp/ccYexLaU.o
                                                  /tmp/ccXoSPV5.o
NVIC_PriorityGroupConfig                          /tmp/ccChaXgE.o
                                                  /tmp/ccRqSMAI.o
NVIC_SetVectorTable                               /tmp/ccChaXgE.o
NVIC_SystemLPConfig                               /tmp/ccChaXgE.o
OTG_FS_IRQHandler                                 /tmp/ccvWmu0O.o
OTG_FS_WKUP_IRQHandler                            /tmp/ccvWmu0O.o
PVD_IRQHandler                                    /tmp/ccvWmu0O.o
PendSV_Handler                                    /tmp/ccxBOhex.o
RCC_AHB1PeriphClockCmd                            /tmp/ccApen3Z.o
                                                  /tmp/ccYexLaU.o
                                                  /tmp/ccXoSPV5.o
RCC_AHB1PeriphClockLPModeCmd                      /tmp/ccApen3Z.o
RCC_AHB1PeriphResetCmd                            /tmp/ccApen3Z.o
                                                  /tmp/cc9e0qF9.o
RCC_AHB2PeriphClockCmd                            /tmp/ccApen3Z.o
RCC_AHB2PeriphClockLPModeCmd                      /tmp/ccApen3Z.o
RCC_AHB2PeriphResetCmd                            /tmp/ccApen3Z.o
RCC_APB1PeriphClockCmd                            /tmp/ccApen3Z.o
RCC_APB1PeriphClockLPModeCmd                      /tmp/ccApen3Z.o
RCC_APB1PeriphResetCmd                            /tmp/ccApen3Z.o
[...]
SystemCoreClock                                   /tmp/ccT5lmVZ.o
                                                  /tmp/ccRqSMAI.o
SystemCoreClockUpdate                             /tmp/ccT5lmVZ.o
SystemInit                                        /tmp/ccT5lmVZ.o
                                                  /tmp/ccvWmu0O.o
TAMP_STAMP_IRQHandler                             /tmp/ccvWmu0O.o
TIM1_BRK_TIM9_IRQHandler                          /tmp/ccvWmu0O.o
TIM1_CC_IRQHandler                                /tmp/ccvWmu0O.o
TIM1_TRG_COM_TIM11_IRQHandler                     /tmp/ccvWmu0O.o
TIM1_UP_TIM10_IRQHandler                          /tmp/ccvWmu0O.o
TIM2_IRQHandler                                   /tmp/ccvWmu0O.o
TIM3_IRQHandler                                   /tmp/ccvWmu0O.o
TIM4_IRQHandler                                   /tmp/ccvWmu0O.o
TIM5_IRQHandler                                   /tmp/ccvWmu0O.o
TIM_ARRPreloadConfig                              /tmp/cc14j4PH.o
TIM_BDTRConfig                                    /tmp/cc14j4PH.o
TIM_BDTRStructInit                                /tmp/cc14j4PH.o
TIM_CCPreloadControl                              /tmp/cc14j4PH.o
TIM_CCxCmd                                        /tmp/cc14j4PH.o
TIM_CCxNCmd                                       /tmp/cc14j4PH.o
TIM_ClearFlag                                     /tmp/cc14j4PH.o
TIM_ClearITPendingBit                             /tmp/cc14j4PH.o
TIM_ClearOC1Ref                                   /tmp/cc14j4PH.o
TIM_ClearOC2Ref                                   /tmp/cc14j4PH.o
TIM_ClearOC3Ref                                   /tmp/cc14j4PH.o
TIM_ClearOC4Ref                                   /tmp/cc14j4PH.o
TIM_Cmd                                           /tmp/cc14j4PH.o
TIM_CounterModeConfig                             /tmp/cc14j4PH.o
TIM_CtrlPWMOutputs                                /tmp/cc14j4PH.o
TIM_DMACmd                                        /tmp/cc14j4PH.o
TIM_DMAConfig                                     /tmp/cc14j4PH.o
TIM_DeInit                                        /tmp/cc14j4PH.o
TIM_ETRClockMode1Config                           /tmp/cc14j4PH.o
TIM_ETRClockMode2Config                           /tmp/cc14j4PH.o
TIM_ETRConfig                                     /tmp/cc14j4PH.o
TIM_EncoderInterfaceConfig                        /tmp/cc14j4PH.o
TIM_ForcedOC1Config                               /tmp/cc14j4PH.o
TIM_ForcedOC2Config                               /tmp/cc14j4PH.o
TIM_ForcedOC3Config                               /tmp/cc14j4PH.o
TIM_ForcedOC4Config                               /tmp/cc14j4PH.o
TIM_GenerateEvent                                 /tmp/cc14j4PH.o
TIM_GetCapture1                                   /tmp/cc14j4PH.o
TIM_GetCapture2                                   /tmp/cc14j4PH.o
TIM_GetCapture3                                   /tmp/cc14j4PH.o
TIM_GetCapture4                                   /tmp/cc14j4PH.o
TIM_GetCounter                                    /tmp/cc14j4PH.o
TIM_GetFlagStatus                                 /tmp/cc14j4PH.o
TIM_GetITStatus                                   /tmp/cc14j4PH.o
TIM_GetPrescaler                                  /tmp/cc14j4PH.o
TIM_ICInit                                        /tmp/cc14j4PH.o
TIM_ICStructInit                                  /tmp/cc14j4PH.o
TIM_ITConfig                                      /tmp/cc14j4PH.o
TIM_ITRxExternalClockConfig                       /tmp/cc14j4PH.o
TIM_InternalClockConfig                           /tmp/cc14j4PH.o
TIM_OC1FastConfig                                 /tmp/cc14j4PH.o
TIM_OC1Init                                       /tmp/cc14j4PH.o
TIM_OC1NPolarityConfig                            /tmp/cc14j4PH.o
TIM_OC1PolarityConfig                             /tmp/cc14j4PH.o
TIM_OC1PreloadConfig                              /tmp/cc14j4PH.o
TIM_OC2FastConfig                                 /tmp/cc14j4PH.o
TIM_OC2Init                                       /tmp/cc14j4PH.o
TIM_OC2NPolarityConfig                            /tmp/cc14j4PH.o
TIM_OC2PolarityConfig                             /tmp/cc14j4PH.o
TIM_OC2PreloadConfig                              /tmp/cc14j4PH.o
TIM_OC3FastConfig                                 /tmp/cc14j4PH.o
TIM_OC3Init                                       /tmp/cc14j4PH.o
TIM_OC3NPolarityConfig                            /tmp/cc14j4PH.o
TIM_OC3PolarityConfig                             /tmp/cc14j4PH.o
TIM_OC3PreloadConfig                              /tmp/cc14j4PH.o
TIM_OC4FastConfig                                 /tmp/cc14j4PH.o
TIM_OC4Init                                       /tmp/cc14j4PH.o
TIM_OC4PolarityConfig                             /tmp/cc14j4PH.o
TIM_OC4PreloadConfig                              /tmp/cc14j4PH.o
TIM_OCStructInit                                  /tmp/cc14j4PH.o
TIM_PWMIConfig                                    /tmp/cc14j4PH.o
TIM_PrescalerConfig                               /tmp/cc14j4PH.o
TIM_RemapConfig                                   /tmp/cc14j4PH.o
TIM_SelectCCDMA                                   /tmp/cc14j4PH.o
TIM_SelectCOM                                     /tmp/cc14j4PH.o
TIM_SelectHallSensor                              /tmp/cc14j4PH.o
TIM_SelectInputTrigger                            /tmp/cc14j4PH.o
TIM_SelectMasterSlaveMode                         /tmp/cc14j4PH.o
TIM_SelectOCxM                                    /tmp/cc14j4PH.o
TIM_SelectOnePulseMode                            /tmp/cc14j4PH.o
TIM_SelectOutputTrigger                           /tmp/cc14j4PH.o
TIM_SelectSlaveMode                               /tmp/cc14j4PH.o
TIM_SetAutoreload                                 /tmp/cc14j4PH.o
TIM_SetClockDivision                              /tmp/cc14j4PH.o
TIM_SetCompare1                                   /tmp/cc14j4PH.o
TIM_SetCompare2                                   /tmp/cc14j4PH.o
TIM_SetCompare3                                   /tmp/cc14j4PH.o
TIM_SetCompare4                                   /tmp/cc14j4PH.o
TIM_SetCounter                                    /tmp/cc14j4PH.o
TIM_SetIC1Prescaler                               /tmp/cc14j4PH.o
TIM_SetIC2Prescaler                               /tmp/cc14j4PH.o
TIM_SetIC3Prescaler                               /tmp/cc14j4PH.o
TIM_SetIC4Prescaler                               /tmp/cc14j4PH.o
TIM_TIxExternalClockConfig                        /tmp/cc14j4PH.o
TIM_TimeBaseInit                                  /tmp/cc14j4PH.o
TIM_TimeBaseStructInit                            /tmp/cc14j4PH.o
TIM_UpdateDisableConfig                           /tmp/cc14j4PH.o
TIM_UpdateRequestConfig                           /tmp/cc14j4PH.o
USART1_IRQHandler                                 /tmp/ccvWmu0O.o
USART2_IRQHandler                                 /tmp/ccvWmu0O.o
USART6_IRQHandler                                 /tmp/ccvWmu0O.o
USART_ClearFlag                                   /tmp/ccJ8zjqz.o
USART_ClearITPendingBit                           /tmp/ccJ8zjqz.o
USART_ClockInit                                   /tmp/ccJ8zjqz.o
USART_ClockStructInit                             /tmp/ccJ8zjqz.o
USART_Cmd                                         /tmp/ccJ8zjqz.o
                                                  /tmp/ccYexLaU.o
USART_DMACmd                                      /tmp/ccJ8zjqz.o
USART_DeInit                                      /tmp/ccJ8zjqz.o
USART_GetFlagStatus                               /tmp/ccJ8zjqz.o
                                                  /tmp/ccYexLaU.o
USART_GetITStatus                                 /tmp/ccJ8zjqz.o
USART_HalfDuplexCmd                               /tmp/ccJ8zjqz.o
USART_ITConfig                                    /tmp/ccJ8zjqz.o
                                                  /tmp/ccYexLaU.o
USART_Init                                        /tmp/ccJ8zjqz.o
                                                  /tmp/ccYexLaU.o
USART_IrDACmd                                     /tmp/ccJ8zjqz.o
USART_IrDAConfig                                  /tmp/ccJ8zjqz.o
USART_LINBreakDetectLengthConfig                  /tmp/ccJ8zjqz.o
USART_LINCmd                                      /tmp/ccJ8zjqz.o
USART_OneBitMethodCmd                             /tmp/ccJ8zjqz.o
USART_OverSampling8Cmd                            /tmp/ccJ8zjqz.o
USART_ReceiveData                                 /tmp/ccJ8zjqz.o
USART_ReceiverWakeUpCmd                           /tmp/ccJ8zjqz.o
USART_SendBreak                                   /tmp/ccJ8zjqz.o
USART_SendData                                    /tmp/ccJ8zjqz.o
                                                  /tmp/ccYexLaU.o
USART_SetAddress                                  /tmp/ccJ8zjqz.o
USART_SetGuardTime                                /tmp/ccJ8zjqz.o
USART_SetPrescaler                                /tmp/ccJ8zjqz.o
USART_SmartCardCmd                                /tmp/ccJ8zjqz.o
USART_SmartCardNACKCmd                            /tmp/ccJ8zjqz.o
USART_StructInit                                  /tmp/ccJ8zjqz.o
USART_WakeUpConfig                                /tmp/ccJ8zjqz.o
UsageFault_Handler                                /tmp/ccxBOhex.o
WWDG_IRQHandler                                   /tmp/ccvWmu0O.o
_ITM_deregisterTMCloneTable                       /usr/lib/gcc/arm-none-eabi/7.1.0/thumb/v7e-m/fpv4-sp/softfp/crtbegin.o
_ITM_registerTMCloneTable                         /usr/lib/gcc/arm-none-eabi/7.1.0/thumb/v7e-m/fpv4-sp/softfp/crtbegin.o
__TMC_END__                                       /usr/lib/gcc/arm-none-eabi/7.1.0/thumb/v7e-m/fpv4-sp/softfp/crtend.o
                                                  /usr/lib/gcc/arm-none-eabi/7.1.0/thumb/v7e-m/fpv4-sp/softfp/crtbegin.o
__bss_end__                                       /usr/lib/gcc/arm-none-eabi/7.1.0/../../../../arm-none-eabi/lib/thumb/v7e-m/fpv4-sp/softfp/crt0.o
__bss_start__                                     /usr/lib/gcc/arm-none-eabi/7.1.0/../../../../arm-none-eabi/lib/thumb/v7e-m/fpv4-sp/softfp/crt0.o
__call_exitprocs                                  /usr/lib/gcc/arm-none-eabi/7.1.0/../../../../arm-none-eabi/lib/thumb/v7e-m/fpv4-sp/softfp/libg.a(lib_a-__call_atexit.o)
                                                  /usr/lib/gcc/arm-none-eabi/7.1.0/../../../../arm-none-eabi/lib/thumb/v7e-m/fpv4-sp/softfp/libg.a(lib_a-exit.o)
__deregister_frame_info                           /usr/lib/gcc/arm-none-eabi/7.1.0/thumb/v7e-m/fpv4-sp/softfp/crtbegin.o
__dso_handle                                      /usr/lib/gcc/arm-none-eabi/7.1.0/thumb/v7e-m/fpv4-sp/softfp/crtbegin.o
__fini_array_end                                  /usr/lib/gcc/arm-none-eabi/7.1.0/../../../../arm-none-eabi/lib/thumb/v7e-m/fpv4-sp/softfp/libg.a(lib_a-fini.o)
__fini_array_start                                /usr/lib/gcc/arm-none-eabi/7.1.0/../../../../arm-none-eabi/lib/thumb/v7e-m/fpv4-sp/softfp/libg.a(lib_a-fini.o)
__init_array_end                                  /usr/lib/gcc/arm-none-eabi/7.1.0/../../../../arm-none-eabi/lib/thumb/v7e-m/fpv4-sp/softfp/libg.a(lib_a-init.o)
__init_array_start                                /usr/lib/gcc/arm-none-eabi/7.1.0/../../../../arm-none-eabi/lib/thumb/v7e-m/fpv4-sp/softfp/libg.a(lib_a-init.o)
__libc_fini                                       /usr/lib/gcc/arm-none-eabi/7.1.0/../../../../arm-none-eabi/lib/thumb/v7e-m/fpv4-sp/softfp/libg.a(lib_a-__call_atexit.o)
__libc_fini_array                                 /usr/lib/gcc/arm-none-eabi/7.1.0/../../../../arm-none-eabi/lib/thumb/v7e-m/fpv4-sp/softfp/libg.a(lib_a-fini.o)
                                                  /usr/lib/gcc/arm-none-eabi/7.1.0/../../../../arm-none-eabi/lib/thumb/v7e-m/fpv4-sp/softfp/libg.a(lib_a-__call_atexit.o)
                                                  /usr/lib/gcc/arm-none-eabi/7.1.0/../../../../arm-none-eabi/lib/thumb/v7e-m/fpv4-sp/softfp/crt0.o
__libc_init_array                                 /usr/lib/gcc/arm-none-eabi/7.1.0/../../../../arm-none-eabi/lib/thumb/v7e-m/fpv4-sp/softfp/libg.a(lib_a-init.o)
                                                  /tmp/ccvWmu0O.o
                                                  /usr/lib/gcc/arm-none-eabi/7.1.0/../../../../arm-none-eabi/lib/thumb/v7e-m/fpv4-sp/softfp/crt0.o
__preinit_array_end                               /usr/lib/gcc/arm-none-eabi/7.1.0/../../../../arm-none-eabi/lib/thumb/v7e-m/fpv4-sp/softfp/libg.a(lib_a-init.o)
__preinit_array_start                             /usr/lib/gcc/arm-none-eabi/7.1.0/../../../../arm-none-eabi/lib/thumb/v7e-m/fpv4-sp/softfp/libg.a(lib_a-init.o)
__register_exitproc                               /usr/lib/gcc/arm-none-eabi/7.1.0/../../../../arm-none-eabi/lib/thumb/v7e-m/fpv4-sp/softfp/libg.a(lib_a-__atexit.o)
                                                  /usr/lib/gcc/arm-none-eabi/7.1.0/../../../../arm-none-eabi/lib/thumb/v7e-m/fpv4-sp/softfp/libg.a(lib_a-atexit.o)
__register_frame_info                             /usr/lib/gcc/arm-none-eabi/7.1.0/thumb/v7e-m/fpv4-sp/softfp/crtbegin.o
__stack                                           /usr/lib/gcc/arm-none-eabi/7.1.0/../../../../arm-none-eabi/lib/thumb/v7e-m/fpv4-sp/softfp/crt0.o
_ebss                                             /tmp/ccvWmu0O.o
_edata                                            /tmp/ccvWmu0O.o
_estack                                           /tmp/ccvWmu0O.o
_exit                                             /usr/lib/gcc/arm-none-eabi/7.1.0/../../../../arm-none-eabi/lib/thumb/v7e-m/fpv4-sp/softfp/libnosys.a(_exit.o)
                                                  /usr/lib/gcc/arm-none-eabi/7.1.0/../../../../arm-none-eabi/lib/thumb/v7e-m/fpv4-sp/softfp/libg.a(lib_a-exit.o)
_fini                                             /usr/lib/gcc/arm-none-eabi/7.1.0/thumb/v7e-m/fpv4-sp/softfp/crti.o
                                                  /usr/lib/gcc/arm-none-eabi/7.1.0/../../../../arm-none-eabi/lib/thumb/v7e-m/fpv4-sp/softfp/libg.a(lib_a-fini.o)
_global_impure_ptr                                /usr/lib/gcc/arm-none-eabi/7.1.0/../../../../arm-none-eabi/lib/thumb/v7e-m/fpv4-sp/softfp/libg.a(lib_a-impure.o)
                                                  /usr/lib/gcc/arm-none-eabi/7.1.0/../../../../arm-none-eabi/lib/thumb/v7e-m/fpv4-sp/softfp/libg.a(lib_a-__call_atexit.o)
                                                  /usr/lib/gcc/arm-none-eabi/7.1.0/../../../../arm-none-eabi/lib/thumb/v7e-m/fpv4-sp/softfp/libg.a(lib_a-__atexit.o)
                                                  /usr/lib/gcc/arm-none-eabi/7.1.0/../../../../arm-none-eabi/lib/thumb/v7e-m/fpv4-sp/softfp/libg.a(lib_a-exit.o)
_impure_ptr                                       /usr/lib/gcc/arm-none-eabi/7.1.0/../../../../arm-none-eabi/lib/thumb/v7e-m/fpv4-sp/softfp/libg.a(lib_a-impure.o)
_init                                             /usr/lib/gcc/arm-none-eabi/7.1.0/thumb/v7e-m/fpv4-sp/softfp/crti.o
                                                  /usr/lib/gcc/arm-none-eabi/7.1.0/../../../../arm-none-eabi/lib/thumb/v7e-m/fpv4-sp/softfp/libg.a(lib_a-init.o)
_mainCRTStartup                                   /usr/lib/gcc/arm-none-eabi/7.1.0/../../../../arm-none-eabi/lib/thumb/v7e-m/fpv4-sp/softfp/crt0.o
_ms_ticks                                         /tmp/ccxBOhex.o
_sbss                                             /tmp/ccvWmu0O.o
_sdata                                            /tmp/ccvWmu0O.o
_sidata                                           /tmp/ccvWmu0O.o
_start                                            /usr/lib/gcc/arm-none-eabi/7.1.0/../../../../arm-none-eabi/lib/thumb/v7e-m/fpv4-sp/softfp/crt0.o
atexit                                            /usr/lib/gcc/arm-none-eabi/7.1.0/../../../../arm-none-eabi/lib/thumb/v7e-m/fpv4-sp/softfp/libg.a(lib_a-atexit.o)
                                                  /usr/lib/gcc/arm-none-eabi/7.1.0/../../../../arm-none-eabi/lib/thumb/v7e-m/fpv4-sp/softfp/libg.a(lib_a-__call_atexit.o)
                                                  /usr/lib/gcc/arm-none-eabi/7.1.0/../../../../arm-none-eabi/lib/thumb/v7e-m/fpv4-sp/softfp/crt0.o
delay                                             /tmp/ccxBOhex.o
exit                                              /usr/lib/gcc/arm-none-eabi/7.1.0/../../../../arm-none-eabi/lib/thumb/v7e-m/fpv4-sp/softfp/libg.a(lib_a-exit.o)
                                                  /usr/lib/gcc/arm-none-eabi/7.1.0/../../../../arm-none-eabi/lib/thumb/v7e-m/fpv4-sp/softfp/crt0.o
flush_fifo                                        /tmp/cct0FdRa.o
free                                              /usr/lib/gcc/arm-none-eabi/7.1.0/../../../../arm-none-eabi/lib/thumb/v7e-m/fpv4-sp/softfp/libg.a(lib_a-__call_atexit.o)
g_pfnVectors                                      /tmp/ccvWmu0O.o
get_time                                          /tmp/ccxBOhex.o
hardware_init_hook                                /usr/lib/gcc/arm-none-eabi/7.1.0/../../../../arm-none-eabi/lib/thumb/v7e-m/fpv4-sp/softfp/crt0.o
ihm07_hall_interrupt_connection_state             /tmp/ccXoSPV5.o
                                                  /tmp/ccRqSMAI.o
ihm07_hall_interrupt_init                         /tmp/ccXoSPV5.o
                                                  /tmp/ccRqSMAI.o
ihm07_hall_pins_init                              /tmp/ccXoSPV5.o
                                                  /tmp/ccRqSMAI.o
ihm07_hall_read                                   /tmp/ccXoSPV5.o
                                                  /tmp/ccRqSMAI.o
ihm07_hall_state_change_callback                  /tmp/ccRqSMAI.o
                                                  /tmp/ccxBOhex.o
init_fifo                                         /tmp/cct0FdRa.o
                                                  /tmp/ccXolb0l.o
main                                              /tmp/ccRqSMAI.o
                                                  /tmp/ccvWmu0O.o
                                                  /usr/lib/gcc/arm-none-eabi/7.1.0/../../../../arm-none-eabi/lib/thumb/v7e-m/fpv4-sp/softfp/crt0.o
malloc                                            /usr/lib/gcc/arm-none-eabi/7.1.0/../../../../arm-none-eabi/lib/thumb/v7e-m/fpv4-sp/softfp/libg.a(lib_a-__atexit.o)
memset                                            /usr/lib/gcc/arm-none-eabi/7.1.0/../../../../arm-none-eabi/lib/thumb/v7e-m/fpv4-sp/softfp/libg.a(lib_a-memset.o)
                                                  /usr/lib/gcc/arm-none-eabi/7.1.0/../../../../arm-none-eabi/lib/thumb/v7e-m/fpv4-sp/softfp/crt0.o
read_fifo                                         /tmp/cct0FdRa.o
                                                  /tmp/ccXolb0l.o
safe_memory_copy                                  /tmp/ccXolb0l.o
serial_driver_init                                /tmp/ccYexLaU.o
                                                  /tmp/ccRqSMAI.o
serial_driver_send_buffer_poll                    /tmp/ccYexLaU.o
serial_driver_send_byte_poll                      /tmp/ccYexLaU.o
                                                  /tmp/ccRqSMAI.o
serial_driver_syscheck                            /tmp/ccYexLaU.o
serial_encode                                     /tmp/ccXolb0l.o
serial_encode_poll                                /tmp/ccXolb0l.o
serial_flush                                      /tmp/ccXolb0l.o
serial_init                                       /tmp/ccXolb0l.o
serial_payload_handler                            /tmp/ccXolb0l.o
serial_receives_byte                              /tmp/ccXolb0l.o
serial_send_byte                                  /tmp/ccXolb0l.o
software_init_hook                                /usr/lib/gcc/arm-none-eabi/7.1.0/../../../../arm-none-eabi/lib/thumb/v7e-m/fpv4-sp/softfp/crt0.o
write_fifo                                        /tmp/cct0FdRa.o
                                                  /tmp/ccXolb0l.o
