Archive member included to satisfy reference by file (symbol)

/usr/lib/gcc/arm-none-eabi/7.1.0/../../../../arm-none-eabi/lib/thumb/v7e-m/fpv4-sp/softfp/libg.a(lib_a-atexit.o)
                              /usr/lib/gcc/arm-none-eabi/7.1.0/../../../../arm-none-eabi/lib/thumb/v7e-m/fpv4-sp/softfp/crt0.o (atexit)
/usr/lib/gcc/arm-none-eabi/7.1.0/../../../../arm-none-eabi/lib/thumb/v7e-m/fpv4-sp/softfp/libg.a(lib_a-exit.o)
                              /usr/lib/gcc/arm-none-eabi/7.1.0/../../../../arm-none-eabi/lib/thumb/v7e-m/fpv4-sp/softfp/crt0.o (exit)
/usr/lib/gcc/arm-none-eabi/7.1.0/../../../../arm-none-eabi/lib/thumb/v7e-m/fpv4-sp/softfp/libg.a(lib_a-fini.o)
                              /usr/lib/gcc/arm-none-eabi/7.1.0/../../../../arm-none-eabi/lib/thumb/v7e-m/fpv4-sp/softfp/crt0.o (__libc_fini_array)
/usr/lib/gcc/arm-none-eabi/7.1.0/../../../../arm-none-eabi/lib/thumb/v7e-m/fpv4-sp/softfp/libg.a(lib_a-impure.o)
                              /usr/lib/gcc/arm-none-eabi/7.1.0/../../../../arm-none-eabi/lib/thumb/v7e-m/fpv4-sp/softfp/libg.a(lib_a-exit.o) (_global_impure_ptr)
/usr/lib/gcc/arm-none-eabi/7.1.0/../../../../arm-none-eabi/lib/thumb/v7e-m/fpv4-sp/softfp/libg.a(lib_a-init.o)
                              /usr/lib/gcc/arm-none-eabi/7.1.0/../../../../arm-none-eabi/lib/thumb/v7e-m/fpv4-sp/softfp/crt0.o (__libc_init_array)
/usr/lib/gcc/arm-none-eabi/7.1.0/../../../../arm-none-eabi/lib/thumb/v7e-m/fpv4-sp/softfp/libg.a(lib_a-memset.o)
                              /usr/lib/gcc/arm-none-eabi/7.1.0/../../../../arm-none-eabi/lib/thumb/v7e-m/fpv4-sp/softfp/crt0.o (memset)
/usr/lib/gcc/arm-none-eabi/7.1.0/../../../../arm-none-eabi/lib/thumb/v7e-m/fpv4-sp/softfp/libg.a(lib_a-__atexit.o)
                              /usr/lib/gcc/arm-none-eabi/7.1.0/../../../../arm-none-eabi/lib/thumb/v7e-m/fpv4-sp/softfp/libg.a(lib_a-atexit.o) (__register_exitproc)
/usr/lib/gcc/arm-none-eabi/7.1.0/../../../../arm-none-eabi/lib/thumb/v7e-m/fpv4-sp/softfp/libg.a(lib_a-__call_atexit.o)
                              /usr/lib/gcc/arm-none-eabi/7.1.0/../../../../arm-none-eabi/lib/thumb/v7e-m/fpv4-sp/softfp/libg.a(lib_a-exit.o) (__call_exitprocs)
/usr/lib/gcc/arm-none-eabi/7.1.0/../../../../arm-none-eabi/lib/thumb/v7e-m/fpv4-sp/softfp/libnosys.a(_exit.o)
                              /usr/lib/gcc/arm-none-eabi/7.1.0/../../../../arm-none-eabi/lib/thumb/v7e-m/fpv4-sp/softfp/libg.a(lib_a-exit.o) (_exit)

Memory Configuration

Name             Origin             Length             Attributes
rom              0x0000000008000000 0x0000000000080000 xr
ram              0x0000000020000000 0x0000000000018000 xrw
*default*        0x0000000000000000 0xffffffffffffffff

Linker script and memory map

LOAD /usr/lib/gcc/arm-none-eabi/7.1.0/thumb/v7e-m/fpv4-sp/softfp/crti.o
LOAD /usr/lib/gcc/arm-none-eabi/7.1.0/thumb/v7e-m/fpv4-sp/softfp/crtbegin.o
LOAD /usr/lib/gcc/arm-none-eabi/7.1.0/../../../../arm-none-eabi/lib/thumb/v7e-m/fpv4-sp/softfp/crt0.o
LOAD /tmp/ccNucjoI.o
LOAD /tmp/ccpx8Usv.o
LOAD /tmp/cc89vjJi.o
LOAD /tmp/ccvcYec6.o
LOAD /tmp/cc1pL7MT.o
LOAD /tmp/ccMdyYsH.o
LOAD /tmp/ccty0Lkv.o
LOAD /tmp/ccdq8ydj.o
LOAD /tmp/ccwyF0h7.o
LOAD /tmp/ccUTZ3FV.o
LOAD /tmp/cceYyQgK.o
LOAD /tmp/cc5ATS5y.o
LOAD /tmp/ccdpLygo.o
LOAD /tmp/ccGy8pDd.o
LOAD /tmp/ccnFley3.o
LOAD /tmp/cczOM2MT.o
START GROUP
LOAD /usr/lib/gcc/arm-none-eabi/7.1.0/thumb/v7e-m/fpv4-sp/softfp/libgcc.a
LOAD /usr/lib/gcc/arm-none-eabi/7.1.0/../../../../arm-none-eabi/lib/thumb/v7e-m/fpv4-sp/softfp/libg.a
LOAD /usr/lib/gcc/arm-none-eabi/7.1.0/../../../../arm-none-eabi/lib/thumb/v7e-m/fpv4-sp/softfp/libc.a
END GROUP
START GROUP
LOAD /usr/lib/gcc/arm-none-eabi/7.1.0/thumb/v7e-m/fpv4-sp/softfp/libgcc.a
LOAD /usr/lib/gcc/arm-none-eabi/7.1.0/../../../../arm-none-eabi/lib/thumb/v7e-m/fpv4-sp/softfp/libc.a
LOAD /usr/lib/gcc/arm-none-eabi/7.1.0/../../../../arm-none-eabi/lib/thumb/v7e-m/fpv4-sp/softfp/libnosys.a
END GROUP
LOAD /usr/lib/gcc/arm-none-eabi/7.1.0/thumb/v7e-m/fpv4-sp/softfp/crtend.o
LOAD /usr/lib/gcc/arm-none-eabi/7.1.0/thumb/v7e-m/fpv4-sp/softfp/crtn.o

.isr_vector     0x0000000008000000      0x194
 *(.isr_vector)
 .isr_vector    0x0000000008000000      0x194 /tmp/ccdq8ydj.o
                0x0000000008000000                g_pfnVectors
                0x0000000008000194                . = ALIGN (0x4)

.eh_frame       0x0000000008000194        0x4
 .eh_frame      0x0000000008000194        0x0 /usr/lib/gcc/arm-none-eabi/7.1.0/thumb/v7e-m/fpv4-sp/softfp/crtbegin.o
 .eh_frame      0x0000000008000194        0x4 /usr/lib/gcc/arm-none-eabi/7.1.0/thumb/v7e-m/fpv4-sp/softfp/crtend.o

.ARM.extab      0x0000000008000198        0x0
 .ARM.extab     0x0000000008000198        0x0 /usr/lib/gcc/arm-none-eabi/7.1.0/../../../../arm-none-eabi/lib/thumb/v7e-m/fpv4-sp/softfp/crt0.o

.ARM.exidx      0x0000000008000198        0x8
 .ARM.exidx     0x0000000008000198        0x8 /usr/lib/gcc/arm-none-eabi/7.1.0/../../../../arm-none-eabi/lib/thumb/v7e-m/fpv4-sp/softfp/crt0.o

.text           0x00000000080001a0     0x2974
 *(.vectors)
 *(.text*)
 .text          0x00000000080001a0        0x0 /usr/lib/gcc/arm-none-eabi/7.1.0/thumb/v7e-m/fpv4-sp/softfp/crti.o
 .text          0x00000000080001a0       0x88 /usr/lib/gcc/arm-none-eabi/7.1.0/thumb/v7e-m/fpv4-sp/softfp/crtbegin.o
 .text          0x0000000008000228       0x68 /usr/lib/gcc/arm-none-eabi/7.1.0/../../../../arm-none-eabi/lib/thumb/v7e-m/fpv4-sp/softfp/crt0.o
                0x0000000008000228                _mainCRTStartup
                0x0000000008000228                _start
 .text          0x0000000008000290      0x148 /tmp/ccNucjoI.o
                0x0000000008000290                ihm07_hall_pins_init
                0x00000000080002e4                ihm07_hall_interrupt_init
                0x000000000800033a                ihm07_hall_interrupt_connection_state
                0x000000000800036a                ihm07_hall_read
                0x00000000080003a0                ihm07_led_red_init
 .text          0x00000000080003d8      0x184 /tmp/ccpx8Usv.o
                0x00000000080003d8                serial_driver_init
                0x0000000008000494                serial_driver_send_byte_poll
                0x00000000080004b4                serial_driver_send_buffer_poll
                0x00000000080004cc                serial_driver_syscheck
 .text          0x000000000800055c       0x6c /tmp/cc89vjJi.o
                0x000000000800055c                main
 .text          0x00000000080005c8       0xb4 /tmp/ccvcYec6.o
                0x00000000080005c8                NMI_Handler
                0x00000000080005ca                HardFault_Handler
                0x00000000080005cc                MemManage_Handler
                0x00000000080005ce                BusFault_Handler
                0x00000000080005d0                UsageFault_Handler
                0x00000000080005d2                SVC_Handler
                0x00000000080005d4                DebugMon_Handler
                0x00000000080005d6                PendSV_Handler
                0x00000000080005d8                SysTick_Handler
                0x00000000080005f8                get_time
                0x0000000008000604                delay
                0x0000000008000628                EXTI15_10_IRQHandler
                0x0000000008000660                EXTI3_IRQHandler
 .text          0x000000000800067c      0x218 /tmp/cc1pL7MT.o
                0x00000000080006ec                serial_init
                0x000000000800071c                serial_encode
                0x000000000800075c                serial_encode_poll
                0x0000000008000768                serial_receives_byte
                0x0000000008000778                safe_memory_copy
                0x0000000008000888                serial_flush
 .text          0x0000000008000894       0x80 /tmp/ccMdyYsH.o
                0x00000000080008ae                init_fifo
                0x00000000080008b6                write_fifo
                0x00000000080008e6                read_fifo
                0x000000000800090e                flush_fifo
 .text          0x0000000008000914      0x160 /tmp/ccty0Lkv.o
                0x000000000800098c                SystemInit
                0x00000000080009dc                SystemCoreClockUpdate
 .text          0x0000000008000a74       0x14 /tmp/ccdq8ydj.o
 .text.Reset_Handler
                0x0000000008000a88       0x48 /tmp/ccdq8ydj.o
                0x0000000008000a88                Reset_Handler
 .text.Default_Handler
                0x0000000008000ad0        0x2 /tmp/ccdq8ydj.o
                0x0000000008000ad0                RTC_Alarm_IRQHandler
                0x0000000008000ad0                EXTI2_IRQHandler
                0x0000000008000ad0                SPI4_IRQHandler
                0x0000000008000ad0                TIM1_CC_IRQHandler
                0x0000000008000ad0                DMA2_Stream5_IRQHandler
                0x0000000008000ad0                DMA1_Stream5_IRQHandler
                0x0000000008000ad0                PVD_IRQHandler
                0x0000000008000ad0                SDIO_IRQHandler
                0x0000000008000ad0                TAMP_STAMP_IRQHandler
                0x0000000008000ad0                TIM1_UP_TIM10_IRQHandler
                0x0000000008000ad0                I2C3_ER_IRQHandler
                0x0000000008000ad0                EXTI0_IRQHandler
                0x0000000008000ad0                I2C2_EV_IRQHandler
                0x0000000008000ad0                DMA1_Stream2_IRQHandler
                0x0000000008000ad0                FPU_IRQHandler
                0x0000000008000ad0                DMA2_Stream2_IRQHandler
                0x0000000008000ad0                SPI1_IRQHandler
                0x0000000008000ad0                TIM1_BRK_TIM9_IRQHandler
                0x0000000008000ad0                DMA2_Stream3_IRQHandler
                0x0000000008000ad0                USART6_IRQHandler
                0x0000000008000ad0                DMA2_Stream0_IRQHandler
                0x0000000008000ad0                TIM4_IRQHandler
                0x0000000008000ad0                I2C1_EV_IRQHandler
                0x0000000008000ad0                DMA1_Stream6_IRQHandler
                0x0000000008000ad0                DMA1_Stream1_IRQHandler
                0x0000000008000ad0                TIM3_IRQHandler
                0x0000000008000ad0                RCC_IRQHandler
                0x0000000008000ad0                Default_Handler
                0x0000000008000ad0                ADC_IRQHandler
                0x0000000008000ad0                DMA1_Stream7_IRQHandler
                0x0000000008000ad0                TIM5_IRQHandler
                0x0000000008000ad0                DMA2_Stream7_IRQHandler
                0x0000000008000ad0                I2C3_EV_IRQHandler
                0x0000000008000ad0                EXTI9_5_IRQHandler
                0x0000000008000ad0                RTC_WKUP_IRQHandler
                0x0000000008000ad0                SPI2_IRQHandler
                0x0000000008000ad0                DMA1_Stream0_IRQHandler
                0x0000000008000ad0                EXTI4_IRQHandler
                0x0000000008000ad0                WWDG_IRQHandler
                0x0000000008000ad0                TIM2_IRQHandler
                0x0000000008000ad0                OTG_FS_WKUP_IRQHandler
                0x0000000008000ad0                TIM1_TRG_COM_TIM11_IRQHandler
                0x0000000008000ad0                EXTI1_IRQHandler
                0x0000000008000ad0                USART2_IRQHandler
                0x0000000008000ad0                I2C2_ER_IRQHandler
                0x0000000008000ad0                DMA2_Stream1_IRQHandler
                0x0000000008000ad0                FLASH_IRQHandler
                0x0000000008000ad0                DMA2_Stream4_IRQHandler
                0x0000000008000ad0                USART1_IRQHandler
                0x0000000008000ad0                OTG_FS_IRQHandler
                0x0000000008000ad0                SPI3_IRQHandler
                0x0000000008000ad0                DMA1_Stream4_IRQHandler
                0x0000000008000ad0                I2C1_ER_IRQHandler
                0x0000000008000ad0                DMA2_Stream6_IRQHandler
                0x0000000008000ad0                DMA1_Stream3_IRQHandler
 *fill*         0x0000000008000ad2        0x2 
 .text          0x0000000008000ad4       0xc8 /tmp/ccwyF0h7.o
                0x0000000008000ad4                NVIC_PriorityGroupConfig
                0x0000000008000ae8                NVIC_Init
                0x0000000008000b4c                NVIC_SetVectorTable
                0x0000000008000b60                NVIC_SystemLPConfig
                0x0000000008000b7c                SysTick_CLKSourceConfig
 .text          0x0000000008000b9c      0x3e0 /tmp/ccUTZ3FV.o
                0x0000000008000b9c                ADC_DeInit
                0x0000000008000bb4                ADC_Init
                0x0000000008000c04                ADC_StructInit
                0x0000000008000c18                ADC_CommonInit
                0x0000000008000c44                ADC_CommonStructInit
                0x0000000008000c50                ADC_Cmd
                0x0000000008000c66                ADC_AnalogWatchdogCmd
                0x0000000008000c76                ADC_AnalogWatchdogThresholdsConfig
                0x0000000008000c7c                ADC_AnalogWatchdogSingleChannelConfig
                0x0000000008000c88                ADC_TempSensorVrefintCmd
                0x0000000008000ca8                ADC_VBATCmd
                0x0000000008000cc8                ADC_RegularChannelConfig
                0x0000000008000d58                ADC_SoftwareStartConv
                0x0000000008000d62                ADC_GetSoftwareStartConvStatus
                0x0000000008000d72                ADC_EOCOnEachRegularChannelCmd
                0x0000000008000d88                ADC_ContinuousModeCmd
                0x0000000008000d9e                ADC_DiscModeChannelCountConfig
                0x0000000008000dae                ADC_DiscModeCmd
                0x0000000008000dc4                ADC_GetConversionValue
                0x0000000008000dca                ADC_GetMultiModeConversionValue
                0x0000000008000dd4                ADC_DMACmd
                0x0000000008000dea                ADC_DMARequestAfterLastTransferCmd
                0x0000000008000e00                ADC_MultiModeDMARequestAfterLastTransferCmd
                0x0000000008000e20                ADC_InjectedChannelConfig
                0x0000000008000e7e                ADC_InjectedSequencerLengthConfig
                0x0000000008000e8e                ADC_SetInjectedOffset
                0x0000000008000ea4                ADC_ExternalTrigInjectedConvConfig
                0x0000000008000eb0                ADC_ExternalTrigInjectedConvEdgeConfig
                0x0000000008000ebc                ADC_SoftwareStartInjectedConv
                0x0000000008000ec6                ADC_GetSoftwareStartInjectedConvCmdStatus
                0x0000000008000ed6                ADC_AutoInjectedConvCmd
                0x0000000008000eec                ADC_InjectedDiscModeCmd
                0x0000000008000f02                ADC_GetInjectedConversionValue
                0x0000000008000f1c                ADC_ITConfig
                0x0000000008000f38                ADC_GetFlagStatus
                0x0000000008000f46                ADC_ClearFlag
                0x0000000008000f4c                ADC_GetITStatus
                0x0000000008000f72                ADC_ClearITPendingBit
 .text          0x0000000008000f7c      0x108 /tmp/cceYyQgK.o
                0x0000000008000f7c                EXTI_DeInit
                0x0000000008000f98                EXTI_Init
                0x0000000008001028                EXTI_StructInit
                0x0000000008001036                EXTI_GenerateSWInterrupt
                0x0000000008001044                EXTI_GetFlagStatus
                0x0000000008001058                EXTI_ClearFlag
                0x0000000008001064                EXTI_GetITStatus
                0x0000000008001078                EXTI_ClearITPendingBit
 .text          0x0000000008001084      0x278 /tmp/cc5ATS5y.o
                0x0000000008001084                GPIO_DeInit
                0x00000000080011c8                GPIO_Init
                0x0000000008001252                GPIO_StructInit
                0x0000000008001264                GPIO_PinLockConfig
                0x0000000008001288                GPIO_ReadInputDataBit
                0x0000000008001296                GPIO_ReadInputData
                0x000000000800129c                GPIO_ReadOutputDataBit
                0x00000000080012aa                GPIO_ReadOutputData
                0x00000000080012b0                GPIO_SetBits
                0x00000000080012b4                GPIO_ResetBits
                0x00000000080012b8                GPIO_WriteBit
                0x00000000080012c2                GPIO_Write
                0x00000000080012c6                GPIO_ToggleBits
                0x00000000080012ce                GPIO_PinAFConfig
 .text          0x00000000080012fc      0x530 /tmp/ccdpLygo.o
                0x00000000080012fc                RCC_DeInit
                0x000000000800133c                RCC_HSEConfig
                0x000000000800134c                RCC_AdjustHSICalibrationValue
                0x0000000008001360                RCC_HSICmd
                0x000000000800136c                RCC_LSEConfig
                0x0000000008001394                RCC_LSICmd
                0x00000000080013a0                RCC_PLLConfig
                0x00000000080013c0                RCC_PLLCmd
                0x00000000080013cc                RCC_PLLI2SConfig
                0x00000000080013e0                RCC_PLLI2SCmd
                0x00000000080013ec                RCC_PLLSAIConfig
                0x0000000008001404                RCC_PLLSAICmd
                0x0000000008001410                RCC_ClockSecuritySystemCmd
                0x000000000800141c                RCC_MCO1Config
                0x0000000008001430                RCC_MCO2Config
                0x0000000008001444                RCC_SYSCLKConfig
                0x0000000008001458                RCC_GetSYSCLKSource
                0x0000000008001468                RCC_HCLKConfig
                0x000000000800147c                RCC_PCLK1Config
                0x0000000008001490                RCC_PCLK2Config
                0x00000000080014a4                RCC_GetClocksFreq
                0x0000000008001558                RCC_RTCCLKConfig
                0x000000000800158c                RCC_RTCCLKCmd
                0x0000000008001598                RCC_BackupResetCmd
                0x00000000080015a4                RCC_I2SCLKConfig
                0x00000000080015b0                RCC_SAIPLLI2SClkDivConfig
                0x00000000080015c8                RCC_SAIPLLSAIClkDivConfig
                0x00000000080015e4                RCC_LTDCCLKDivConfig
                0x00000000080015fc                RCC_TIMCLKPresConfig
                0x0000000008001608                RCC_AHB1PeriphClockCmd
                0x0000000008001624                RCC_AHB2PeriphClockCmd
                0x0000000008001640                RCC_APB1PeriphClockCmd
                0x000000000800165c                RCC_APB2PeriphClockCmd
                0x0000000008001678                RCC_AHB1PeriphResetCmd
                0x0000000008001694                RCC_AHB2PeriphResetCmd
                0x00000000080016b0                RCC_APB1PeriphResetCmd
                0x00000000080016cc                RCC_APB2PeriphResetCmd
                0x00000000080016e8                RCC_AHB1PeriphClockLPModeCmd
                0x0000000008001704                RCC_AHB2PeriphClockLPModeCmd
                0x0000000008001720                RCC_APB1PeriphClockLPModeCmd
                0x000000000800173c                RCC_APB2PeriphClockLPModeCmd
                0x0000000008001758                RCC_LSEModeConfig
                0x0000000008001778                RCC_ITConfig
                0x0000000008001794                RCC_GetFlagStatus
                0x00000000080017c8                RCC_WaitForHSEStartUp
                0x00000000080017fc                RCC_ClearFlag
                0x000000000800180c                RCC_GetITStatus
                0x0000000008001820                RCC_ClearITPendingBit
 .text          0x000000000800182c       0x94 /tmp/ccGy8pDd.o
                0x000000000800182c                SYSCFG_DeInit
                0x0000000008001844                SYSCFG_MemoryRemapConfig
                0x0000000008001850                SYSCFG_MemorySwappingBank
                0x000000000800185c                SYSCFG_EXTILineConfig
                0x0000000008001890                SYSCFG_ETH_MediaInterfaceConfig
                0x000000000800189c                SYSCFG_CompensationCellCmd
                0x00000000080018a8                SYSCFG_GetCompensationCellStatus
 .text          0x00000000080018c0      0xb4c /tmp/ccnFley3.o
                0x00000000080019aa                TIM_DeInit
                0x0000000008001b40                TIM_TimeBaseInit
                0x0000000008001bbc                TIM_TimeBaseStructInit
                0x0000000008001bce                TIM_PrescalerConfig
                0x0000000008001bd4                TIM_CounterModeConfig
                0x0000000008001be2                TIM_SetCounter
                0x0000000008001be6                TIM_SetAutoreload
                0x0000000008001bea                TIM_GetCounter
                0x0000000008001bee                TIM_GetPrescaler
                0x0000000008001bf2                TIM_UpdateDisableConfig
                0x0000000008001c0c                TIM_UpdateRequestConfig
                0x0000000008001c26                TIM_ARRPreloadConfig
                0x0000000008001c40                TIM_SelectOnePulseMode
                0x0000000008001c54                TIM_SetClockDivision
                0x0000000008001c68                TIM_Cmd
                0x0000000008001c82                TIM_OC1Init
                0x0000000008001cec                TIM_OC2Init
                0x0000000008001d74                TIM_OC3Init
                0x0000000008001df8                TIM_OC4Init
                0x0000000008001e60                TIM_OCStructInit
                0x0000000008001e74                TIM_SelectOCxM
                0x0000000008001ec4                TIM_SetCompare1
                0x0000000008001ec8                TIM_SetCompare2
                0x0000000008001ecc                TIM_SetCompare3
                0x0000000008001ed0                TIM_SetCompare4
                0x0000000008001ed4                TIM_ForcedOC1Config
                0x0000000008001ee2                TIM_ForcedOC2Config
                0x0000000008001ef4                TIM_ForcedOC3Config
                0x0000000008001f02                TIM_ForcedOC4Config
                0x0000000008001f14                TIM_OC1PreloadConfig
                0x0000000008001f22                TIM_OC2PreloadConfig
                0x0000000008001f34                TIM_OC3PreloadConfig
                0x0000000008001f42                TIM_OC4PreloadConfig
                0x0000000008001f54                TIM_OC1FastConfig
                0x0000000008001f62                TIM_OC2FastConfig
                0x0000000008001f74                TIM_OC3FastConfig
                0x0000000008001f82                TIM_OC4FastConfig
                0x0000000008001f94                TIM_ClearOC1Ref
                0x0000000008001fa2                TIM_ClearOC2Ref
                0x0000000008001fb2                TIM_ClearOC3Ref
                0x0000000008001fc0                TIM_ClearOC4Ref
                0x0000000008001fd0                TIM_OC1PolarityConfig
                0x0000000008001fde                TIM_OC1NPolarityConfig
                0x0000000008001fec                TIM_OC2PolarityConfig
                0x0000000008001ffe                TIM_OC2NPolarityConfig
                0x0000000008002010                TIM_OC3PolarityConfig
                0x0000000008002022                TIM_OC3NPolarityConfig
                0x0000000008002034                TIM_OC4PolarityConfig
                0x0000000008002046                TIM_CCxCmd
                0x0000000008002068                TIM_CCxNCmd
                0x000000000800208a                TIM_ICStructInit
                0x000000000800209a                TIM_GetCapture1
                0x000000000800209e                TIM_GetCapture2
                0x00000000080020a2                TIM_GetCapture3
                0x00000000080020a6                TIM_GetCapture4
                0x00000000080020aa                TIM_SetIC1Prescaler
                0x00000000080020be                TIM_SetIC2Prescaler
                0x00000000080020d6                TIM_PWMIConfig
                0x0000000008002142                TIM_SetIC3Prescaler
                0x0000000008002156                TIM_SetIC4Prescaler
                0x000000000800216e                TIM_ICInit
                0x00000000080021d0                TIM_BDTRConfig
                0x00000000080021f8                TIM_BDTRStructInit
                0x000000000800220a                TIM_CtrlPWMOutputs
                0x0000000008002228                TIM_SelectCOM
                0x0000000008002242                TIM_CCPreloadControl
                0x000000000800225c                TIM_ITConfig
                0x0000000008002270                TIM_GenerateEvent
                0x0000000008002274                TIM_GetFlagStatus
                0x0000000008002282                TIM_ClearFlag
                0x000000000800228a                TIM_GetITStatus
                0x00000000080022a2                TIM_ClearITPendingBit
                0x00000000080022aa                TIM_DMAConfig
                0x00000000080022b2                TIM_DMACmd
                0x00000000080022c6                TIM_SelectCCDMA
                0x00000000080022e0                TIM_InternalClockConfig
                0x00000000080022ee                TIM_SelectInputTrigger
                0x00000000080022fc                TIM_ITRxExternalClockConfig
                0x000000000800230e                TIM_TIxExternalClockConfig
                0x000000000800233a                TIM_SelectOutputTrigger
                0x000000000800234e                TIM_SelectSlaveMode
                0x0000000008002362                TIM_SelectMasterSlaveMode
                0x0000000008002376                TIM_ETRConfig
                0x000000000800238e                TIM_ETRClockMode1Config
                0x00000000080023a0                TIM_ETRClockMode2Config
                0x00000000080023b2                TIM_EncoderInterfaceConfig
                0x00000000080023ec                TIM_SelectHallSensor
                0x0000000008002406                TIM_RemapConfig
 .text          0x000000000800240c      0x43c /tmp/cczOM2MT.o
                0x000000000800240c                USART_DeInit
                0x0000000008002508                USART_Init
                0x00000000080025d8                USART_StructInit
                0x00000000080025ee                USART_ClockInit
                0x0000000008002610                USART_ClockStructInit
                0x000000000800261c                USART_Cmd
                0x0000000008002636                USART_SetPrescaler
                0x0000000008002646                USART_OverSampling8Cmd
                0x000000000800265c                USART_OneBitMethodCmd
                0x0000000008002676                USART_SendData
                0x000000000800267e                USART_ReceiveData
                0x0000000008002686                USART_SetAddress
                0x000000000800269a                USART_ReceiverWakeUpCmd
                0x00000000080026b4                USART_WakeUpConfig
                0x00000000080026c8                USART_LINBreakDetectLengthConfig
                0x00000000080026dc                USART_LINCmd
                0x00000000080026f6                USART_SendBreak
                0x0000000008002700                USART_HalfDuplexCmd
                0x000000000800271a                USART_SetGuardTime
                0x000000000800272a                USART_SmartCardCmd
                0x0000000008002744                USART_SmartCardNACKCmd
                0x000000000800275e                USART_IrDAConfig
                0x0000000008002772                USART_IrDACmd
                0x000000000800278c                USART_DMACmd
                0x00000000080027a0                USART_ITConfig
                0x00000000080027da                USART_GetFlagStatus
                0x00000000080027e8                USART_ClearFlag
                0x00000000080027f0                USART_GetITStatus
                0x0000000008002836                USART_ClearITPendingBit
 .text          0x0000000008002848        0x0 /usr/lib/gcc/arm-none-eabi/7.1.0/../../../../arm-none-eabi/lib/thumb/v7e-m/fpv4-sp/softfp/libg.a(lib_a-atexit.o)
 .text.atexit   0x0000000008002848        0xc /usr/lib/gcc/arm-none-eabi/7.1.0/../../../../arm-none-eabi/lib/thumb/v7e-m/fpv4-sp/softfp/libg.a(lib_a-atexit.o)
                0x0000000008002848                atexit
 .text          0x0000000008002854        0x0 /usr/lib/gcc/arm-none-eabi/7.1.0/../../../../arm-none-eabi/lib/thumb/v7e-m/fpv4-sp/softfp/libg.a(lib_a-exit.o)
 .text.exit     0x0000000008002854       0x20 /usr/lib/gcc/arm-none-eabi/7.1.0/../../../../arm-none-eabi/lib/thumb/v7e-m/fpv4-sp/softfp/libg.a(lib_a-exit.o)
                0x0000000008002854                exit
 .text          0x0000000008002874        0x0 /usr/lib/gcc/arm-none-eabi/7.1.0/../../../../arm-none-eabi/lib/thumb/v7e-m/fpv4-sp/softfp/libg.a(lib_a-fini.o)
 .text.__libc_fini_array
                0x0000000008002874       0x34 /usr/lib/gcc/arm-none-eabi/7.1.0/../../../../arm-none-eabi/lib/thumb/v7e-m/fpv4-sp/softfp/libg.a(lib_a-fini.o)
                0x0000000008002874                __libc_fini_array
 .text          0x00000000080028a8        0x0 /usr/lib/gcc/arm-none-eabi/7.1.0/../../../../arm-none-eabi/lib/thumb/v7e-m/fpv4-sp/softfp/libg.a(lib_a-impure.o)
 .text          0x00000000080028a8        0x0 /usr/lib/gcc/arm-none-eabi/7.1.0/../../../../arm-none-eabi/lib/thumb/v7e-m/fpv4-sp/softfp/libg.a(lib_a-init.o)
 .text.__libc_init_array
                0x00000000080028a8       0x48 /usr/lib/gcc/arm-none-eabi/7.1.0/../../../../arm-none-eabi/lib/thumb/v7e-m/fpv4-sp/softfp/libg.a(lib_a-init.o)
                0x00000000080028a8                __libc_init_array
 .text          0x00000000080028f0        0x0 /usr/lib/gcc/arm-none-eabi/7.1.0/../../../../arm-none-eabi/lib/thumb/v7e-m/fpv4-sp/softfp/libg.a(lib_a-memset.o)
 .text.memset   0x00000000080028f0       0x94 /usr/lib/gcc/arm-none-eabi/7.1.0/../../../../arm-none-eabi/lib/thumb/v7e-m/fpv4-sp/softfp/libg.a(lib_a-memset.o)
                0x00000000080028f0                memset
 .text          0x0000000008002984        0x0 /usr/lib/gcc/arm-none-eabi/7.1.0/../../../../arm-none-eabi/lib/thumb/v7e-m/fpv4-sp/softfp/libg.a(lib_a-__atexit.o)
 .text.__register_exitproc
                0x0000000008002984       0xa0 /usr/lib/gcc/arm-none-eabi/7.1.0/../../../../arm-none-eabi/lib/thumb/v7e-m/fpv4-sp/softfp/libg.a(lib_a-__atexit.o)
                0x0000000008002984                __register_exitproc
 .text          0x0000000008002a24        0x0 /usr/lib/gcc/arm-none-eabi/7.1.0/../../../../arm-none-eabi/lib/thumb/v7e-m/fpv4-sp/softfp/libg.a(lib_a-__call_atexit.o)
 .text.startup.register_fini
                0x0000000008002a24       0x14 /usr/lib/gcc/arm-none-eabi/7.1.0/../../../../arm-none-eabi/lib/thumb/v7e-m/fpv4-sp/softfp/libg.a(lib_a-__call_atexit.o)
 .text.__call_exitprocs
                0x0000000008002a38       0xd0 /usr/lib/gcc/arm-none-eabi/7.1.0/../../../../arm-none-eabi/lib/thumb/v7e-m/fpv4-sp/softfp/libg.a(lib_a-__call_atexit.o)
                0x0000000008002a38                __call_exitprocs
 .text          0x0000000008002b08        0x0 /usr/lib/gcc/arm-none-eabi/7.1.0/../../../../arm-none-eabi/lib/thumb/v7e-m/fpv4-sp/softfp/libnosys.a(_exit.o)
 .text._exit    0x0000000008002b08        0x4 /usr/lib/gcc/arm-none-eabi/7.1.0/../../../../arm-none-eabi/lib/thumb/v7e-m/fpv4-sp/softfp/libnosys.a(_exit.o)
                0x0000000008002b08                _exit
 .text          0x0000000008002b0c        0x0 /usr/lib/gcc/arm-none-eabi/7.1.0/thumb/v7e-m/fpv4-sp/softfp/crtend.o
 .text          0x0000000008002b0c        0x0 /usr/lib/gcc/arm-none-eabi/7.1.0/thumb/v7e-m/fpv4-sp/softfp/crtn.o
                0x0000000008002b0c                . = ALIGN (0x4)
 *(.rodata*)
 .rodata        0x0000000008002b0c        0x4 /tmp/ccpx8Usv.o
 .rodata._global_impure_ptr
                0x0000000008002b10        0x4 /usr/lib/gcc/arm-none-eabi/7.1.0/../../../../arm-none-eabi/lib/thumb/v7e-m/fpv4-sp/softfp/libg.a(lib_a-impure.o)
                0x0000000008002b10                _global_impure_ptr
                0x0000000008002b14                . = ALIGN (0x4)

.glue_7         0x0000000008002b14        0x0
 .glue_7        0x0000000008002b14        0x0 linker stubs

.glue_7t        0x0000000008002b14        0x0
 .glue_7t       0x0000000008002b14        0x0 linker stubs

.vfp11_veneer   0x0000000008002b14        0x0
 .vfp11_veneer  0x0000000008002b14        0x0 linker stubs

.v4_bx          0x0000000008002b14        0x0
 .v4_bx         0x0000000008002b14        0x0 linker stubs

.init           0x0000000008002b14        0xc
 .init          0x0000000008002b14        0x4 /usr/lib/gcc/arm-none-eabi/7.1.0/thumb/v7e-m/fpv4-sp/softfp/crti.o
                0x0000000008002b14                _init
 .init          0x0000000008002b18        0x8 /usr/lib/gcc/arm-none-eabi/7.1.0/thumb/v7e-m/fpv4-sp/softfp/crtn.o

.fini           0x0000000008002b20        0xc
 .fini          0x0000000008002b20        0x4 /usr/lib/gcc/arm-none-eabi/7.1.0/thumb/v7e-m/fpv4-sp/softfp/crti.o
                0x0000000008002b20                _fini
 .fini          0x0000000008002b24        0x8 /usr/lib/gcc/arm-none-eabi/7.1.0/thumb/v7e-m/fpv4-sp/softfp/crtn.o

.iplt           0x0000000008002b2c        0x0
 .iplt          0x0000000008002b2c        0x0 /usr/lib/gcc/arm-none-eabi/7.1.0/thumb/v7e-m/fpv4-sp/softfp/crtbegin.o

.rel.dyn        0x0000000008002b2c        0x0
 .rel.iplt      0x0000000008002b2c        0x0 /usr/lib/gcc/arm-none-eabi/7.1.0/thumb/v7e-m/fpv4-sp/softfp/crtbegin.o
                0x0000000008002b2c                . = ALIGN (0x4)
                0x0000000008002b2c                _etext = .

.data           0x0000000020000000      0x458 load address 0x0000000008002b2c
                0x0000000020000000                _sdata = .
 *(.data*)
 .data          0x0000000020000000        0x0 /usr/lib/gcc/arm-none-eabi/7.1.0/thumb/v7e-m/fpv4-sp/softfp/crti.o
 .data          0x0000000020000000        0x4 /usr/lib/gcc/arm-none-eabi/7.1.0/thumb/v7e-m/fpv4-sp/softfp/crtbegin.o
                0x0000000020000000                __dso_handle
 .data          0x0000000020000004        0x0 /usr/lib/gcc/arm-none-eabi/7.1.0/../../../../arm-none-eabi/lib/thumb/v7e-m/fpv4-sp/softfp/crt0.o
 .data          0x0000000020000004        0x0 /tmp/ccNucjoI.o
 .data          0x0000000020000004        0x0 /tmp/ccpx8Usv.o
 .data          0x0000000020000004        0x0 /tmp/cc89vjJi.o
 .data          0x0000000020000004        0x0 /tmp/ccvcYec6.o
 .data          0x0000000020000004        0x0 /tmp/cc1pL7MT.o
 .data          0x0000000020000004        0x0 /tmp/ccMdyYsH.o
 .data          0x0000000020000004       0x14 /tmp/ccty0Lkv.o
                0x0000000020000004                SystemCoreClock
                0x0000000020000008                AHBPrescTable
 .data          0x0000000020000018        0x0 /tmp/ccdq8ydj.o
 .data          0x0000000020000018        0x0 /tmp/ccwyF0h7.o
 .data          0x0000000020000018        0x0 /tmp/ccUTZ3FV.o
 .data          0x0000000020000018        0x0 /tmp/cceYyQgK.o
 .data          0x0000000020000018        0x0 /tmp/cc5ATS5y.o
 .data          0x0000000020000018       0x10 /tmp/ccdpLygo.o
 .data          0x0000000020000028        0x0 /tmp/ccGy8pDd.o
 .data          0x0000000020000028        0x0 /tmp/ccnFley3.o
 .data          0x0000000020000028        0x0 /tmp/cczOM2MT.o
 .data          0x0000000020000028        0x0 /usr/lib/gcc/arm-none-eabi/7.1.0/../../../../arm-none-eabi/lib/thumb/v7e-m/fpv4-sp/softfp/libg.a(lib_a-atexit.o)
 .data          0x0000000020000028        0x0 /usr/lib/gcc/arm-none-eabi/7.1.0/../../../../arm-none-eabi/lib/thumb/v7e-m/fpv4-sp/softfp/libg.a(lib_a-exit.o)
 .data          0x0000000020000028        0x0 /usr/lib/gcc/arm-none-eabi/7.1.0/../../../../arm-none-eabi/lib/thumb/v7e-m/fpv4-sp/softfp/libg.a(lib_a-fini.o)
 .data          0x0000000020000028        0x0 /usr/lib/gcc/arm-none-eabi/7.1.0/../../../../arm-none-eabi/lib/thumb/v7e-m/fpv4-sp/softfp/libg.a(lib_a-impure.o)
 .data._impure_ptr
                0x0000000020000028        0x4 /usr/lib/gcc/arm-none-eabi/7.1.0/../../../../arm-none-eabi/lib/thumb/v7e-m/fpv4-sp/softfp/libg.a(lib_a-impure.o)
                0x0000000020000028                _impure_ptr
 *fill*         0x000000002000002c        0x4 
 .data.impure_data
                0x0000000020000030      0x428 /usr/lib/gcc/arm-none-eabi/7.1.0/../../../../arm-none-eabi/lib/thumb/v7e-m/fpv4-sp/softfp/libg.a(lib_a-impure.o)
 .data          0x0000000020000458        0x0 /usr/lib/gcc/arm-none-eabi/7.1.0/../../../../arm-none-eabi/lib/thumb/v7e-m/fpv4-sp/softfp/libg.a(lib_a-init.o)
 .data          0x0000000020000458        0x0 /usr/lib/gcc/arm-none-eabi/7.1.0/../../../../arm-none-eabi/lib/thumb/v7e-m/fpv4-sp/softfp/libg.a(lib_a-memset.o)
 .data          0x0000000020000458        0x0 /usr/lib/gcc/arm-none-eabi/7.1.0/../../../../arm-none-eabi/lib/thumb/v7e-m/fpv4-sp/softfp/libg.a(lib_a-__atexit.o)
 .data          0x0000000020000458        0x0 /usr/lib/gcc/arm-none-eabi/7.1.0/../../../../arm-none-eabi/lib/thumb/v7e-m/fpv4-sp/softfp/libg.a(lib_a-__call_atexit.o)
 .data          0x0000000020000458        0x0 /usr/lib/gcc/arm-none-eabi/7.1.0/../../../../arm-none-eabi/lib/thumb/v7e-m/fpv4-sp/softfp/libnosys.a(_exit.o)
 .data          0x0000000020000458        0x0 /usr/lib/gcc/arm-none-eabi/7.1.0/thumb/v7e-m/fpv4-sp/softfp/crtend.o
 .data          0x0000000020000458        0x0 /usr/lib/gcc/arm-none-eabi/7.1.0/thumb/v7e-m/fpv4-sp/softfp/crtn.o
                0x0000000020000458                . = ALIGN (0x4)
                0x0000000020000458                _edata = .
                0x0000000008002b2c                _sidata = LOADADDR (.data)

.init_array     0x0000000020000458        0x4 load address 0x0000000008002f84
 .init_array    0x0000000020000458        0x4 /usr/lib/gcc/arm-none-eabi/7.1.0/thumb/v7e-m/fpv4-sp/softfp/crtbegin.o

.fini_array     0x000000002000045c        0x4 load address 0x0000000008002f88
 .fini_array    0x000000002000045c        0x4 /usr/lib/gcc/arm-none-eabi/7.1.0/thumb/v7e-m/fpv4-sp/softfp/crtbegin.o

.tm_clone_table
                0x0000000020000460        0x0 load address 0x0000000008002f8c
 .tm_clone_table
                0x0000000020000460        0x0 /usr/lib/gcc/arm-none-eabi/7.1.0/thumb/v7e-m/fpv4-sp/softfp/crtbegin.o
 .tm_clone_table
                0x0000000020000460        0x0 /usr/lib/gcc/arm-none-eabi/7.1.0/thumb/v7e-m/fpv4-sp/softfp/crtend.o

.igot.plt       0x0000000020000460        0x0 load address 0x0000000008002f8c
 .igot.plt      0x0000000020000460        0x0 /usr/lib/gcc/arm-none-eabi/7.1.0/thumb/v7e-m/fpv4-sp/softfp/crtbegin.o

.init_array.00000
                0x0000000020000460        0x4 load address 0x0000000008002f8c
 .init_array.00000
                0x0000000020000460        0x4 /usr/lib/gcc/arm-none-eabi/7.1.0/../../../../arm-none-eabi/lib/thumb/v7e-m/fpv4-sp/softfp/libg.a(lib_a-__call_atexit.o)

.bss            0x0000000020000468       0xe0 load address 0x0000000008002f90
                0x0000000020000468                __bss_start__ = .
                0x0000000020000468                _sbss = .
 *(.bss*)
 .bss           0x0000000020000468        0x0 /usr/lib/gcc/arm-none-eabi/7.1.0/thumb/v7e-m/fpv4-sp/softfp/crti.o
 .bss           0x0000000020000468       0x1c /usr/lib/gcc/arm-none-eabi/7.1.0/thumb/v7e-m/fpv4-sp/softfp/crtbegin.o
 .bss           0x0000000020000484        0x0 /usr/lib/gcc/arm-none-eabi/7.1.0/../../../../arm-none-eabi/lib/thumb/v7e-m/fpv4-sp/softfp/crt0.o
 .bss           0x0000000020000484        0x0 /tmp/ccNucjoI.o
 .bss           0x0000000020000484        0x0 /tmp/ccpx8Usv.o
 .bss           0x0000000020000484        0x0 /tmp/cc89vjJi.o
 *fill*         0x0000000020000484        0x4 
 .bss           0x0000000020000488        0x8 /tmp/ccvcYec6.o
                0x0000000020000488                _ms_ticks
 .bss           0x0000000020000490       0xb8 /tmp/cc1pL7MT.o
 .bss           0x0000000020000548        0x0 /tmp/ccMdyYsH.o
 .bss           0x0000000020000548        0x0 /tmp/ccty0Lkv.o
 .bss           0x0000000020000548        0x0 /tmp/ccdq8ydj.o
 .bss           0x0000000020000548        0x0 /tmp/ccwyF0h7.o
 .bss           0x0000000020000548        0x0 /tmp/ccUTZ3FV.o
 .bss           0x0000000020000548        0x0 /tmp/cceYyQgK.o
 .bss           0x0000000020000548        0x0 /tmp/cc5ATS5y.o
 .bss           0x0000000020000548        0x0 /tmp/ccdpLygo.o
 .bss           0x0000000020000548        0x0 /tmp/ccGy8pDd.o
 .bss           0x0000000020000548        0x0 /tmp/ccnFley3.o
 .bss           0x0000000020000548        0x0 /tmp/cczOM2MT.o
 .bss           0x0000000020000548        0x0 /usr/lib/gcc/arm-none-eabi/7.1.0/../../../../arm-none-eabi/lib/thumb/v7e-m/fpv4-sp/softfp/libg.a(lib_a-atexit.o)
 .bss           0x0000000020000548        0x0 /usr/lib/gcc/arm-none-eabi/7.1.0/../../../../arm-none-eabi/lib/thumb/v7e-m/fpv4-sp/softfp/libg.a(lib_a-exit.o)
 .bss           0x0000000020000548        0x0 /usr/lib/gcc/arm-none-eabi/7.1.0/../../../../arm-none-eabi/lib/thumb/v7e-m/fpv4-sp/softfp/libg.a(lib_a-fini.o)
 .bss           0x0000000020000548        0x0 /usr/lib/gcc/arm-none-eabi/7.1.0/../../../../arm-none-eabi/lib/thumb/v7e-m/fpv4-sp/softfp/libg.a(lib_a-impure.o)
 .bss           0x0000000020000548        0x0 /usr/lib/gcc/arm-none-eabi/7.1.0/../../../../arm-none-eabi/lib/thumb/v7e-m/fpv4-sp/softfp/libg.a(lib_a-init.o)
 .bss           0x0000000020000548        0x0 /usr/lib/gcc/arm-none-eabi/7.1.0/../../../../arm-none-eabi/lib/thumb/v7e-m/fpv4-sp/softfp/libg.a(lib_a-memset.o)
 .bss           0x0000000020000548        0x0 /usr/lib/gcc/arm-none-eabi/7.1.0/../../../../arm-none-eabi/lib/thumb/v7e-m/fpv4-sp/softfp/libg.a(lib_a-__atexit.o)
 .bss           0x0000000020000548        0x0 /usr/lib/gcc/arm-none-eabi/7.1.0/../../../../arm-none-eabi/lib/thumb/v7e-m/fpv4-sp/softfp/libg.a(lib_a-__call_atexit.o)
 .bss           0x0000000020000548        0x0 /usr/lib/gcc/arm-none-eabi/7.1.0/../../../../arm-none-eabi/lib/thumb/v7e-m/fpv4-sp/softfp/libnosys.a(_exit.o)
 .bss           0x0000000020000548        0x0 /usr/lib/gcc/arm-none-eabi/7.1.0/thumb/v7e-m/fpv4-sp/softfp/crtend.o
 .bss           0x0000000020000548        0x0 /usr/lib/gcc/arm-none-eabi/7.1.0/thumb/v7e-m/fpv4-sp/softfp/crtn.o
 *(COMMON)
                0x0000000020000548                . = ALIGN (0x4)
                0x0000000020000548                _ebss = .
                0x0000000020000548                __bss_end__ = .
                0x0000000020000548                . = ALIGN (0x4)
                0x0000000020000548                end = .
                0x0000000020018000                PROVIDE (_estack, (ORIGIN (ram) + LENGTH (ram)))
OUTPUT(build/buzzer.elf elf32-littlearm)

.ARM.attributes
                0x0000000000000000       0x2e
 .ARM.attributes
                0x0000000000000000       0x22 /usr/lib/gcc/arm-none-eabi/7.1.0/thumb/v7e-m/fpv4-sp/softfp/crti.o
 .ARM.attributes
                0x0000000000000022       0x32 /usr/lib/gcc/arm-none-eabi/7.1.0/thumb/v7e-m/fpv4-sp/softfp/crtbegin.o
 .ARM.attributes
                0x0000000000000054       0x20 /usr/lib/gcc/arm-none-eabi/7.1.0/../../../../arm-none-eabi/lib/thumb/v7e-m/fpv4-sp/softfp/crt0.o
 .ARM.attributes
                0x0000000000000074       0x37 /tmp/ccNucjoI.o
 .ARM.attributes
                0x00000000000000ab       0x37 /tmp/ccpx8Usv.o
 .ARM.attributes
                0x00000000000000e2       0x37 /tmp/cc89vjJi.o
 .ARM.attributes
                0x0000000000000119       0x37 /tmp/ccvcYec6.o
 .ARM.attributes
                0x0000000000000150       0x37 /tmp/cc1pL7MT.o
 .ARM.attributes
                0x0000000000000187       0x37 /tmp/ccMdyYsH.o
 .ARM.attributes
                0x00000000000001be       0x37 /tmp/ccty0Lkv.o
 .ARM.attributes
                0x00000000000001f5       0x21 /tmp/ccdq8ydj.o
 .ARM.attributes
                0x0000000000000216       0x37 /tmp/ccwyF0h7.o
 .ARM.attributes
                0x000000000000024d       0x37 /tmp/ccUTZ3FV.o
 .ARM.attributes
                0x0000000000000284       0x37 /tmp/cceYyQgK.o
 .ARM.attributes
                0x00000000000002bb       0x37 /tmp/cc5ATS5y.o
 .ARM.attributes
                0x00000000000002f2       0x37 /tmp/ccdpLygo.o
 .ARM.attributes
                0x0000000000000329       0x37 /tmp/ccGy8pDd.o
 .ARM.attributes
                0x0000000000000360       0x37 /tmp/ccnFley3.o
 .ARM.attributes
                0x0000000000000397       0x37 /tmp/cczOM2MT.o
 .ARM.attributes
                0x00000000000003ce       0x32 /usr/lib/gcc/arm-none-eabi/7.1.0/../../../../arm-none-eabi/lib/thumb/v7e-m/fpv4-sp/softfp/libg.a(lib_a-atexit.o)
 .ARM.attributes
                0x0000000000000400       0x32 /usr/lib/gcc/arm-none-eabi/7.1.0/../../../../arm-none-eabi/lib/thumb/v7e-m/fpv4-sp/softfp/libg.a(lib_a-exit.o)
 .ARM.attributes
                0x0000000000000432       0x32 /usr/lib/gcc/arm-none-eabi/7.1.0/../../../../arm-none-eabi/lib/thumb/v7e-m/fpv4-sp/softfp/libg.a(lib_a-fini.o)
 .ARM.attributes
                0x0000000000000464       0x32 /usr/lib/gcc/arm-none-eabi/7.1.0/../../../../arm-none-eabi/lib/thumb/v7e-m/fpv4-sp/softfp/libg.a(lib_a-impure.o)
 .ARM.attributes
                0x0000000000000496       0x32 /usr/lib/gcc/arm-none-eabi/7.1.0/../../../../arm-none-eabi/lib/thumb/v7e-m/fpv4-sp/softfp/libg.a(lib_a-init.o)
 .ARM.attributes
                0x00000000000004c8       0x32 /usr/lib/gcc/arm-none-eabi/7.1.0/../../../../arm-none-eabi/lib/thumb/v7e-m/fpv4-sp/softfp/libg.a(lib_a-memset.o)
 .ARM.attributes
                0x00000000000004fa       0x32 /usr/lib/gcc/arm-none-eabi/7.1.0/../../../../arm-none-eabi/lib/thumb/v7e-m/fpv4-sp/softfp/libg.a(lib_a-__atexit.o)
 .ARM.attributes
                0x000000000000052c       0x32 /usr/lib/gcc/arm-none-eabi/7.1.0/../../../../arm-none-eabi/lib/thumb/v7e-m/fpv4-sp/softfp/libg.a(lib_a-__call_atexit.o)
 .ARM.attributes
                0x000000000000055e       0x32 /usr/lib/gcc/arm-none-eabi/7.1.0/../../../../arm-none-eabi/lib/thumb/v7e-m/fpv4-sp/softfp/libnosys.a(_exit.o)
 .ARM.attributes
                0x0000000000000590       0x32 /usr/lib/gcc/arm-none-eabi/7.1.0/thumb/v7e-m/fpv4-sp/softfp/crtend.o
 .ARM.attributes
                0x00000000000005c2       0x22 /usr/lib/gcc/arm-none-eabi/7.1.0/thumb/v7e-m/fpv4-sp/softfp/crtn.o

.comment        0x0000000000000000       0x42
 .comment       0x0000000000000000       0x21 /usr/lib/gcc/arm-none-eabi/7.1.0/thumb/v7e-m/fpv4-sp/softfp/crtbegin.o
                                         0x22 (size before relaxing)
 .comment       0x0000000000000021       0x22 /tmp/ccNucjoI.o
 .comment       0x0000000000000021       0x22 /tmp/ccpx8Usv.o
 .comment       0x0000000000000021       0x22 /tmp/cc89vjJi.o
 .comment       0x0000000000000021       0x22 /tmp/ccvcYec6.o
 .comment       0x0000000000000021       0x22 /tmp/cc1pL7MT.o
 .comment       0x0000000000000021       0x22 /tmp/ccMdyYsH.o
 .comment       0x0000000000000021       0x22 /tmp/ccty0Lkv.o
 .comment       0x0000000000000021       0x22 /tmp/ccwyF0h7.o
 .comment       0x0000000000000021       0x22 /tmp/ccUTZ3FV.o
 .comment       0x0000000000000021       0x22 /tmp/cceYyQgK.o
 .comment       0x0000000000000021       0x22 /tmp/cc5ATS5y.o
 .comment       0x0000000000000021       0x22 /tmp/ccdpLygo.o
 .comment       0x0000000000000021       0x22 /tmp/ccGy8pDd.o
 .comment       0x0000000000000021       0x22 /tmp/ccnFley3.o
 .comment       0x0000000000000021       0x22 /tmp/cczOM2MT.o
 .comment       0x0000000000000021       0x21 /usr/lib/gcc/arm-none-eabi/7.1.0/../../../../arm-none-eabi/lib/thumb/v7e-m/fpv4-sp/softfp/libg.a(lib_a-atexit.o)
                                         0x22 (size before relaxing)
 .comment       0x0000000000000042       0x22 /usr/lib/gcc/arm-none-eabi/7.1.0/../../../../arm-none-eabi/lib/thumb/v7e-m/fpv4-sp/softfp/libg.a(lib_a-exit.o)
 .comment       0x0000000000000042       0x22 /usr/lib/gcc/arm-none-eabi/7.1.0/../../../../arm-none-eabi/lib/thumb/v7e-m/fpv4-sp/softfp/libg.a(lib_a-fini.o)
 .comment       0x0000000000000042       0x22 /usr/lib/gcc/arm-none-eabi/7.1.0/../../../../arm-none-eabi/lib/thumb/v7e-m/fpv4-sp/softfp/libg.a(lib_a-impure.o)
 .comment       0x0000000000000042       0x22 /usr/lib/gcc/arm-none-eabi/7.1.0/../../../../arm-none-eabi/lib/thumb/v7e-m/fpv4-sp/softfp/libg.a(lib_a-init.o)
 .comment       0x0000000000000042       0x22 /usr/lib/gcc/arm-none-eabi/7.1.0/../../../../arm-none-eabi/lib/thumb/v7e-m/fpv4-sp/softfp/libg.a(lib_a-memset.o)
 .comment       0x0000000000000042       0x22 /usr/lib/gcc/arm-none-eabi/7.1.0/../../../../arm-none-eabi/lib/thumb/v7e-m/fpv4-sp/softfp/libg.a(lib_a-__atexit.o)
 .comment       0x0000000000000042       0x22 /usr/lib/gcc/arm-none-eabi/7.1.0/../../../../arm-none-eabi/lib/thumb/v7e-m/fpv4-sp/softfp/libg.a(lib_a-__call_atexit.o)
 .comment       0x0000000000000042       0x22 /usr/lib/gcc/arm-none-eabi/7.1.0/../../../../arm-none-eabi/lib/thumb/v7e-m/fpv4-sp/softfp/libnosys.a(_exit.o)
 .comment       0x0000000000000042       0x22 /usr/lib/gcc/arm-none-eabi/7.1.0/thumb/v7e-m/fpv4-sp/softfp/crtend.o

.debug_line     0x0000000000000000     0x278f
 .debug_line    0x0000000000000000       0x84 /usr/lib/gcc/arm-none-eabi/7.1.0/../../../../arm-none-eabi/lib/thumb/v7e-m/fpv4-sp/softfp/crt0.o
 .debug_line    0x0000000000000084      0x18a /tmp/ccNucjoI.o
 .debug_line    0x000000000000020e      0x1b5 /tmp/ccpx8Usv.o
 .debug_line    0x00000000000003c3      0x161 /tmp/cc89vjJi.o
 .debug_line    0x0000000000000524      0x142 /tmp/ccvcYec6.o
 .debug_line    0x0000000000000666      0x156 /tmp/cc1pL7MT.o
 .debug_line    0x00000000000007bc       0xcd /tmp/ccMdyYsH.o
 .debug_line    0x0000000000000889      0x129 /tmp/ccty0Lkv.o
 .debug_line    0x00000000000009b2       0x72 /tmp/ccdq8ydj.o
 .debug_line    0x0000000000000a24      0x144 /tmp/ccwyF0h7.o
 .debug_line    0x0000000000000b68      0x2cc /tmp/ccUTZ3FV.o
 .debug_line    0x0000000000000e34      0x177 /tmp/cceYyQgK.o
 .debug_line    0x0000000000000fab      0x1d5 /tmp/cc5ATS5y.o
 .debug_line    0x0000000000001180      0x2e1 /tmp/ccdpLygo.o
 .debug_line    0x0000000000001461      0x14d /tmp/ccGy8pDd.o
 .debug_line    0x00000000000015ae      0x50c /tmp/ccnFley3.o
 .debug_line    0x0000000000001aba      0x284 /tmp/cczOM2MT.o
 .debug_line    0x0000000000001d3e      0x147 /usr/lib/gcc/arm-none-eabi/7.1.0/../../../../arm-none-eabi/lib/thumb/v7e-m/fpv4-sp/softfp/libg.a(lib_a-atexit.o)
 .debug_line    0x0000000000001e85      0x158 /usr/lib/gcc/arm-none-eabi/7.1.0/../../../../arm-none-eabi/lib/thumb/v7e-m/fpv4-sp/softfp/libg.a(lib_a-exit.o)
 .debug_line    0x0000000000001fdd       0xa5 /usr/lib/gcc/arm-none-eabi/7.1.0/../../../../arm-none-eabi/lib/thumb/v7e-m/fpv4-sp/softfp/libg.a(lib_a-fini.o)
 .debug_line    0x0000000000002082       0xe7 /usr/lib/gcc/arm-none-eabi/7.1.0/../../../../arm-none-eabi/lib/thumb/v7e-m/fpv4-sp/softfp/libg.a(lib_a-impure.o)
 .debug_line    0x0000000000002169       0xbf /usr/lib/gcc/arm-none-eabi/7.1.0/../../../../arm-none-eabi/lib/thumb/v7e-m/fpv4-sp/softfp/libg.a(lib_a-init.o)
 .debug_line    0x0000000000002228      0x1de /usr/lib/gcc/arm-none-eabi/7.1.0/../../../../arm-none-eabi/lib/thumb/v7e-m/fpv4-sp/softfp/libg.a(lib_a-memset.o)
 .debug_line    0x0000000000002406      0x17a /usr/lib/gcc/arm-none-eabi/7.1.0/../../../../arm-none-eabi/lib/thumb/v7e-m/fpv4-sp/softfp/libg.a(lib_a-__atexit.o)
 .debug_line    0x0000000000002580      0x1ae /usr/lib/gcc/arm-none-eabi/7.1.0/../../../../arm-none-eabi/lib/thumb/v7e-m/fpv4-sp/softfp/libg.a(lib_a-__call_atexit.o)
 .debug_line    0x000000000000272e       0x61 /usr/lib/gcc/arm-none-eabi/7.1.0/../../../../arm-none-eabi/lib/thumb/v7e-m/fpv4-sp/softfp/libnosys.a(_exit.o)

.debug_info     0x0000000000000000     0xc3c9
 .debug_info    0x0000000000000000       0xb8 /usr/lib/gcc/arm-none-eabi/7.1.0/../../../../arm-none-eabi/lib/thumb/v7e-m/fpv4-sp/softfp/crt0.o
 .debug_info    0x00000000000000b8      0x767 /tmp/ccNucjoI.o
 .debug_info    0x000000000000081f      0x92e /tmp/ccpx8Usv.o
 .debug_info    0x000000000000114d      0x788 /tmp/cc89vjJi.o
 .debug_info    0x00000000000018d5      0x2bc /tmp/ccvcYec6.o
 .debug_info    0x0000000000001b91      0x677 /tmp/cc1pL7MT.o
 .debug_info    0x0000000000002208      0x218 /tmp/ccMdyYsH.o
 .debug_info    0x0000000000002420      0x5c6 /tmp/ccty0Lkv.o
 .debug_info    0x00000000000029e6       0x86 /tmp/ccdq8ydj.o
 .debug_info    0x0000000000002a6c      0x54b /tmp/ccwyF0h7.o
 .debug_info    0x0000000000002fb7      0xc8d /tmp/ccUTZ3FV.o
 .debug_info    0x0000000000003c44      0x356 /tmp/cceYyQgK.o
 .debug_info    0x0000000000003f9a      0x852 /tmp/cc5ATS5y.o
 .debug_info    0x00000000000047ec      0xd93 /tmp/ccdpLygo.o
 .debug_info    0x000000000000557f      0x2e3 /tmp/ccGy8pDd.o
 .debug_info    0x0000000000005862     0x2105 /tmp/ccnFley3.o
 .debug_info    0x0000000000007967      0xb9f /tmp/cczOM2MT.o
 .debug_info    0x0000000000008506      0x90c /usr/lib/gcc/arm-none-eabi/7.1.0/../../../../arm-none-eabi/lib/thumb/v7e-m/fpv4-sp/softfp/libg.a(lib_a-atexit.o)
 .debug_info    0x0000000000008e12      0x941 /usr/lib/gcc/arm-none-eabi/7.1.0/../../../../arm-none-eabi/lib/thumb/v7e-m/fpv4-sp/softfp/libg.a(lib_a-exit.o)
 .debug_info    0x0000000000009753       0xf3 /usr/lib/gcc/arm-none-eabi/7.1.0/../../../../arm-none-eabi/lib/thumb/v7e-m/fpv4-sp/softfp/libg.a(lib_a-fini.o)
 .debug_info    0x0000000000009846      0x8a9 /usr/lib/gcc/arm-none-eabi/7.1.0/../../../../arm-none-eabi/lib/thumb/v7e-m/fpv4-sp/softfp/libg.a(lib_a-impure.o)
 .debug_info    0x000000000000a0ef      0x109 /usr/lib/gcc/arm-none-eabi/7.1.0/../../../../arm-none-eabi/lib/thumb/v7e-m/fpv4-sp/softfp/libg.a(lib_a-init.o)
 .debug_info    0x000000000000a1f8      0xe22 /usr/lib/gcc/arm-none-eabi/7.1.0/../../../../arm-none-eabi/lib/thumb/v7e-m/fpv4-sp/softfp/libg.a(lib_a-memset.o)
 .debug_info    0x000000000000b01a      0x955 /usr/lib/gcc/arm-none-eabi/7.1.0/../../../../arm-none-eabi/lib/thumb/v7e-m/fpv4-sp/softfp/libg.a(lib_a-__atexit.o)
 .debug_info    0x000000000000b96f      0x9c0 /usr/lib/gcc/arm-none-eabi/7.1.0/../../../../arm-none-eabi/lib/thumb/v7e-m/fpv4-sp/softfp/libg.a(lib_a-__call_atexit.o)
 .debug_info    0x000000000000c32f       0x9a /usr/lib/gcc/arm-none-eabi/7.1.0/../../../../arm-none-eabi/lib/thumb/v7e-m/fpv4-sp/softfp/libnosys.a(_exit.o)

.debug_abbrev   0x0000000000000000     0x2717
 .debug_abbrev  0x0000000000000000       0x14 /usr/lib/gcc/arm-none-eabi/7.1.0/../../../../arm-none-eabi/lib/thumb/v7e-m/fpv4-sp/softfp/crt0.o
 .debug_abbrev  0x0000000000000014      0x1b6 /tmp/ccNucjoI.o
 .debug_abbrev  0x00000000000001ca      0x20a /tmp/ccpx8Usv.o
 .debug_abbrev  0x00000000000003d4      0x1e2 /tmp/cc89vjJi.o
 .debug_abbrev  0x00000000000005b6      0x133 /tmp/ccvcYec6.o
 .debug_abbrev  0x00000000000006e9      0x17e /tmp/cc1pL7MT.o
 .debug_abbrev  0x0000000000000867      0x135 /tmp/ccMdyYsH.o
 .debug_abbrev  0x000000000000099c      0x140 /tmp/ccty0Lkv.o
 .debug_abbrev  0x0000000000000adc       0x12 /tmp/ccdq8ydj.o
 .debug_abbrev  0x0000000000000aee      0x183 /tmp/ccwyF0h7.o
 .debug_abbrev  0x0000000000000c71      0x1e8 /tmp/ccUTZ3FV.o
 .debug_abbrev  0x0000000000000e59      0x1de /tmp/cceYyQgK.o
 .debug_abbrev  0x0000000000001037      0x1f7 /tmp/cc5ATS5y.o
 .debug_abbrev  0x000000000000122e      0x1f7 /tmp/ccdpLygo.o
 .debug_abbrev  0x0000000000001425      0x174 /tmp/ccGy8pDd.o
 .debug_abbrev  0x0000000000001599      0x1d3 /tmp/ccnFley3.o
 .debug_abbrev  0x000000000000176c      0x1ce /tmp/cczOM2MT.o
 .debug_abbrev  0x000000000000193a      0x201 /usr/lib/gcc/arm-none-eabi/7.1.0/../../../../arm-none-eabi/lib/thumb/v7e-m/fpv4-sp/softfp/libg.a(lib_a-atexit.o)
 .debug_abbrev  0x0000000000001b3b      0x1f0 /usr/lib/gcc/arm-none-eabi/7.1.0/../../../../arm-none-eabi/lib/thumb/v7e-m/fpv4-sp/softfp/libg.a(lib_a-exit.o)
 .debug_abbrev  0x0000000000001d2b       0xbd /usr/lib/gcc/arm-none-eabi/7.1.0/../../../../arm-none-eabi/lib/thumb/v7e-m/fpv4-sp/softfp/libg.a(lib_a-fini.o)
 .debug_abbrev  0x0000000000001de8      0x192 /usr/lib/gcc/arm-none-eabi/7.1.0/../../../../arm-none-eabi/lib/thumb/v7e-m/fpv4-sp/softfp/libg.a(lib_a-impure.o)
 .debug_abbrev  0x0000000000001f7a       0xba /usr/lib/gcc/arm-none-eabi/7.1.0/../../../../arm-none-eabi/lib/thumb/v7e-m/fpv4-sp/softfp/libg.a(lib_a-init.o)
 .debug_abbrev  0x0000000000002034      0x1de /usr/lib/gcc/arm-none-eabi/7.1.0/../../../../arm-none-eabi/lib/thumb/v7e-m/fpv4-sp/softfp/libg.a(lib_a-memset.o)
 .debug_abbrev  0x0000000000002212      0x22b /usr/lib/gcc/arm-none-eabi/7.1.0/../../../../arm-none-eabi/lib/thumb/v7e-m/fpv4-sp/softfp/libg.a(lib_a-__atexit.o)
 .debug_abbrev  0x000000000000243d      0x279 /usr/lib/gcc/arm-none-eabi/7.1.0/../../../../arm-none-eabi/lib/thumb/v7e-m/fpv4-sp/softfp/libg.a(lib_a-__call_atexit.o)
 .debug_abbrev  0x00000000000026b6       0x61 /usr/lib/gcc/arm-none-eabi/7.1.0/../../../../arm-none-eabi/lib/thumb/v7e-m/fpv4-sp/softfp/libnosys.a(_exit.o)

.debug_aranges  0x0000000000000000      0x348
 .debug_aranges
                0x0000000000000000       0x20 /usr/lib/gcc/arm-none-eabi/7.1.0/../../../../arm-none-eabi/lib/thumb/v7e-m/fpv4-sp/softfp/crt0.o
 .debug_aranges
                0x0000000000000020       0x20 /tmp/ccNucjoI.o
 .debug_aranges
                0x0000000000000040       0x20 /tmp/ccpx8Usv.o
 .debug_aranges
                0x0000000000000060       0x20 /tmp/cc89vjJi.o
 .debug_aranges
                0x0000000000000080       0x20 /tmp/ccvcYec6.o
 .debug_aranges
                0x00000000000000a0       0x20 /tmp/cc1pL7MT.o
 .debug_aranges
                0x00000000000000c0       0x20 /tmp/ccMdyYsH.o
 .debug_aranges
                0x00000000000000e0       0x20 /tmp/ccty0Lkv.o
 .debug_aranges
                0x0000000000000100       0x28 /tmp/ccdq8ydj.o
 .debug_aranges
                0x0000000000000128       0x20 /tmp/ccwyF0h7.o
 .debug_aranges
                0x0000000000000148       0x20 /tmp/ccUTZ3FV.o
 .debug_aranges
                0x0000000000000168       0x20 /tmp/cceYyQgK.o
 .debug_aranges
                0x0000000000000188       0x20 /tmp/cc5ATS5y.o
 .debug_aranges
                0x00000000000001a8       0x20 /tmp/ccdpLygo.o
 .debug_aranges
                0x00000000000001c8       0x20 /tmp/ccGy8pDd.o
 .debug_aranges
                0x00000000000001e8       0x20 /tmp/ccnFley3.o
 .debug_aranges
                0x0000000000000208       0x20 /tmp/cczOM2MT.o
 .debug_aranges
                0x0000000000000228       0x20 /usr/lib/gcc/arm-none-eabi/7.1.0/../../../../arm-none-eabi/lib/thumb/v7e-m/fpv4-sp/softfp/libg.a(lib_a-atexit.o)
 .debug_aranges
                0x0000000000000248       0x20 /usr/lib/gcc/arm-none-eabi/7.1.0/../../../../arm-none-eabi/lib/thumb/v7e-m/fpv4-sp/softfp/libg.a(lib_a-exit.o)
 .debug_aranges
                0x0000000000000268       0x20 /usr/lib/gcc/arm-none-eabi/7.1.0/../../../../arm-none-eabi/lib/thumb/v7e-m/fpv4-sp/softfp/libg.a(lib_a-fini.o)
 .debug_aranges
                0x0000000000000288       0x18 /usr/lib/gcc/arm-none-eabi/7.1.0/../../../../arm-none-eabi/lib/thumb/v7e-m/fpv4-sp/softfp/libg.a(lib_a-impure.o)
 .debug_aranges
                0x00000000000002a0       0x20 /usr/lib/gcc/arm-none-eabi/7.1.0/../../../../arm-none-eabi/lib/thumb/v7e-m/fpv4-sp/softfp/libg.a(lib_a-init.o)
 .debug_aranges
                0x00000000000002c0       0x20 /usr/lib/gcc/arm-none-eabi/7.1.0/../../../../arm-none-eabi/lib/thumb/v7e-m/fpv4-sp/softfp/libg.a(lib_a-memset.o)
 .debug_aranges
                0x00000000000002e0       0x20 /usr/lib/gcc/arm-none-eabi/7.1.0/../../../../arm-none-eabi/lib/thumb/v7e-m/fpv4-sp/softfp/libg.a(lib_a-__atexit.o)
 .debug_aranges
                0x0000000000000300       0x28 /usr/lib/gcc/arm-none-eabi/7.1.0/../../../../arm-none-eabi/lib/thumb/v7e-m/fpv4-sp/softfp/libg.a(lib_a-__call_atexit.o)
 .debug_aranges
                0x0000000000000328       0x20 /usr/lib/gcc/arm-none-eabi/7.1.0/../../../../arm-none-eabi/lib/thumb/v7e-m/fpv4-sp/softfp/libnosys.a(_exit.o)

.debug_loc      0x0000000000000000     0x4911
 .debug_loc     0x0000000000000000       0x58 /tmp/ccNucjoI.o
 .debug_loc     0x0000000000000058      0x233 /tmp/ccpx8Usv.o
 .debug_loc     0x000000000000028b       0x59 /tmp/cc89vjJi.o
 .debug_loc     0x00000000000002e4       0x18 /tmp/ccvcYec6.o
 .debug_loc     0x00000000000002fc      0x299 /tmp/cc1pL7MT.o
 .debug_loc     0x0000000000000595      0x106 /tmp/ccMdyYsH.o
 .debug_loc     0x000000000000069b      0x13e /tmp/ccty0Lkv.o
 .debug_loc     0x00000000000007d9      0x128 /tmp/ccwyF0h7.o
 .debug_loc     0x0000000000000901      0x919 /tmp/ccUTZ3FV.o
 .debug_loc     0x000000000000121a      0x144 /tmp/cceYyQgK.o
 .debug_loc     0x000000000000135e      0x3db /tmp/cc5ATS5y.o
 .debug_loc     0x0000000000001739      0xa90 /tmp/ccdpLygo.o
 .debug_loc     0x00000000000021c9       0x9b /tmp/ccGy8pDd.o
 .debug_loc     0x0000000000002264     0x18f5 /tmp/ccnFley3.o
 .debug_loc     0x0000000000003b59      0x7fc /tmp/cczOM2MT.o
 .debug_loc     0x0000000000004355       0x2c /usr/lib/gcc/arm-none-eabi/7.1.0/../../../../arm-none-eabi/lib/thumb/v7e-m/fpv4-sp/softfp/libg.a(lib_a-atexit.o)
 .debug_loc     0x0000000000004381       0x1e /usr/lib/gcc/arm-none-eabi/7.1.0/../../../../arm-none-eabi/lib/thumb/v7e-m/fpv4-sp/softfp/libg.a(lib_a-exit.o)
 .debug_loc     0x000000000000439f       0x5c /usr/lib/gcc/arm-none-eabi/7.1.0/../../../../arm-none-eabi/lib/thumb/v7e-m/fpv4-sp/softfp/libg.a(lib_a-fini.o)
 .debug_loc     0x00000000000043fb       0xa2 /usr/lib/gcc/arm-none-eabi/7.1.0/../../../../arm-none-eabi/lib/thumb/v7e-m/fpv4-sp/softfp/libg.a(lib_a-init.o)
 .debug_loc     0x000000000000449d      0x175 /usr/lib/gcc/arm-none-eabi/7.1.0/../../../../arm-none-eabi/lib/thumb/v7e-m/fpv4-sp/softfp/libg.a(lib_a-memset.o)
 .debug_loc     0x0000000000004612      0x151 /usr/lib/gcc/arm-none-eabi/7.1.0/../../../../arm-none-eabi/lib/thumb/v7e-m/fpv4-sp/softfp/libg.a(lib_a-__atexit.o)
 .debug_loc     0x0000000000004763      0x1ae /usr/lib/gcc/arm-none-eabi/7.1.0/../../../../arm-none-eabi/lib/thumb/v7e-m/fpv4-sp/softfp/libg.a(lib_a-__call_atexit.o)

.debug_str      0x0000000000000000     0x3ba3
 .debug_str     0x0000000000000000      0x8e3 /tmp/ccNucjoI.o
                                        0x944 (size before relaxing)
 .debug_str     0x00000000000008e3      0x1e2 /tmp/ccpx8Usv.o
                                        0x99b (size before relaxing)
 .debug_str     0x0000000000000ac5       0xf7 /tmp/cc89vjJi.o
                                        0x706 (size before relaxing)
 .debug_str     0x0000000000000bbc      0x136 /tmp/ccvcYec6.o
                                        0x2dd (size before relaxing)
 .debug_str     0x0000000000000cf2      0x1c8 /tmp/cc1pL7MT.o
                                        0x387 (size before relaxing)
 .debug_str     0x0000000000000eba       0x1f /tmp/ccMdyYsH.o
                                        0x200 (size before relaxing)
 .debug_str     0x0000000000000ed9      0x160 /tmp/ccty0Lkv.o
                                        0x3b6 (size before relaxing)
 .debug_str     0x0000000000001039       0xce /tmp/ccwyF0h7.o
                                        0x400 (size before relaxing)
 .debug_str     0x0000000000001107      0x645 /tmp/ccUTZ3FV.o
                                        0x84d (size before relaxing)
 .debug_str     0x000000000000174c       0xaa /tmp/cceYyQgK.o
                                        0x37e (size before relaxing)
 .debug_str     0x00000000000017f6      0x175 /tmp/cc5ATS5y.o
                                        0x4e9 (size before relaxing)
 .debug_str     0x000000000000196b      0x580 /tmp/ccdpLygo.o
                                        0x93e (size before relaxing)
 .debug_str     0x0000000000001eeb      0x143 /tmp/ccGy8pDd.o
                                        0x357 (size before relaxing)
 .debug_str     0x000000000000202e      0xb65 /tmp/ccnFley3.o
                                        0xe30 (size before relaxing)
 .debug_str     0x0000000000002b93      0x33f /tmp/cczOM2MT.o
                                        0x701 (size before relaxing)
 .debug_str     0x0000000000002ed2      0x54e /usr/lib/gcc/arm-none-eabi/7.1.0/../../../../arm-none-eabi/lib/thumb/v7e-m/fpv4-sp/softfp/libg.a(lib_a-atexit.o)
                                        0x62c (size before relaxing)
 .debug_str     0x0000000000003420       0x72 /usr/lib/gcc/arm-none-eabi/7.1.0/../../../../arm-none-eabi/lib/thumb/v7e-m/fpv4-sp/softfp/libg.a(lib_a-exit.o)
                                        0x62d (size before relaxing)
 .debug_str     0x0000000000003492       0xda /usr/lib/gcc/arm-none-eabi/7.1.0/../../../../arm-none-eabi/lib/thumb/v7e-m/fpv4-sp/softfp/libg.a(lib_a-fini.o)
                                        0x23b (size before relaxing)
 .debug_str     0x000000000000356c       0xad /usr/lib/gcc/arm-none-eabi/7.1.0/../../../../arm-none-eabi/lib/thumb/v7e-m/fpv4-sp/softfp/libg.a(lib_a-impure.o)
                                        0x5e1 (size before relaxing)
 .debug_str     0x0000000000003619       0x93 /usr/lib/gcc/arm-none-eabi/7.1.0/../../../../arm-none-eabi/lib/thumb/v7e-m/fpv4-sp/softfp/libg.a(lib_a-init.o)
                                        0x265 (size before relaxing)
 .debug_str     0x00000000000036ac      0x322 /usr/lib/gcc/arm-none-eabi/7.1.0/../../../../arm-none-eabi/lib/thumb/v7e-m/fpv4-sp/softfp/libg.a(lib_a-memset.o)
                                        0x90e (size before relaxing)
 .debug_str     0x00000000000039ce       0x4c /usr/lib/gcc/arm-none-eabi/7.1.0/../../../../arm-none-eabi/lib/thumb/v7e-m/fpv4-sp/softfp/libg.a(lib_a-__atexit.o)
                                        0x646 (size before relaxing)
 .debug_str     0x0000000000003a1a       0x6b /usr/lib/gcc/arm-none-eabi/7.1.0/../../../../arm-none-eabi/lib/thumb/v7e-m/fpv4-sp/softfp/libg.a(lib_a-__call_atexit.o)
                                        0x657 (size before relaxing)
 .debug_str     0x0000000000003a85      0x11e /usr/lib/gcc/arm-none-eabi/7.1.0/../../../../arm-none-eabi/lib/thumb/v7e-m/fpv4-sp/softfp/libnosys.a(_exit.o)
                                        0x1b4 (size before relaxing)

.debug_frame    0x0000000000000000     0x177c
 .debug_frame   0x0000000000000000       0x90 /tmp/ccNucjoI.o
 .debug_frame   0x0000000000000090       0x84 /tmp/ccpx8Usv.o
 .debug_frame   0x0000000000000114       0x28 /tmp/cc89vjJi.o
 .debug_frame   0x000000000000013c      0x110 /tmp/ccvcYec6.o
 .debug_frame   0x000000000000024c      0x154 /tmp/cc1pL7MT.o
 .debug_frame   0x00000000000003a0       0x6c /tmp/ccMdyYsH.o
 .debug_frame   0x000000000000040c       0x48 /tmp/ccty0Lkv.o
 .debug_frame   0x0000000000000454       0x60 /tmp/ccwyF0h7.o
 .debug_frame   0x00000000000004b4      0x2d4 /tmp/ccUTZ3FV.o
 .debug_frame   0x0000000000000788       0xa0 /tmp/cceYyQgK.o
 .debug_frame   0x0000000000000828      0x120 /tmp/cc5ATS5y.o
 .debug_frame   0x0000000000000948      0x32c /tmp/ccdpLygo.o
 .debug_frame   0x0000000000000c74       0x94 /tmp/ccGy8pDd.o
 .debug_frame   0x0000000000000d08      0x6cc /tmp/ccnFley3.o
 .debug_frame   0x00000000000013d4      0x224 /tmp/cczOM2MT.o
 .debug_frame   0x00000000000015f8       0x20 /usr/lib/gcc/arm-none-eabi/7.1.0/../../../../arm-none-eabi/lib/thumb/v7e-m/fpv4-sp/softfp/libg.a(lib_a-atexit.o)
 .debug_frame   0x0000000000001618       0x28 /usr/lib/gcc/arm-none-eabi/7.1.0/../../../../arm-none-eabi/lib/thumb/v7e-m/fpv4-sp/softfp/libg.a(lib_a-exit.o)
 .debug_frame   0x0000000000001640       0x34 /usr/lib/gcc/arm-none-eabi/7.1.0/../../../../arm-none-eabi/lib/thumb/v7e-m/fpv4-sp/softfp/libg.a(lib_a-fini.o)
 .debug_frame   0x0000000000001674       0x2c /usr/lib/gcc/arm-none-eabi/7.1.0/../../../../arm-none-eabi/lib/thumb/v7e-m/fpv4-sp/softfp/libg.a(lib_a-init.o)
 .debug_frame   0x00000000000016a0       0x38 /usr/lib/gcc/arm-none-eabi/7.1.0/../../../../arm-none-eabi/lib/thumb/v7e-m/fpv4-sp/softfp/libg.a(lib_a-memset.o)
 .debug_frame   0x00000000000016d8       0x34 /usr/lib/gcc/arm-none-eabi/7.1.0/../../../../arm-none-eabi/lib/thumb/v7e-m/fpv4-sp/softfp/libg.a(lib_a-__atexit.o)
 .debug_frame   0x000000000000170c       0x50 /usr/lib/gcc/arm-none-eabi/7.1.0/../../../../arm-none-eabi/lib/thumb/v7e-m/fpv4-sp/softfp/libg.a(lib_a-__call_atexit.o)
 .debug_frame   0x000000000000175c       0x20 /usr/lib/gcc/arm-none-eabi/7.1.0/../../../../arm-none-eabi/lib/thumb/v7e-m/fpv4-sp/softfp/libnosys.a(_exit.o)

.debug_ranges   0x0000000000000000      0x160
 .debug_ranges  0x0000000000000000       0x48 /tmp/ccpx8Usv.o
 .debug_ranges  0x0000000000000048       0x48 /tmp/cc1pL7MT.o
 .debug_ranges  0x0000000000000090       0x20 /tmp/ccdq8ydj.o
 .debug_ranges  0x00000000000000b0       0x10 /usr/lib/gcc/arm-none-eabi/7.1.0/../../../../arm-none-eabi/lib/thumb/v7e-m/fpv4-sp/softfp/libg.a(lib_a-atexit.o)
 .debug_ranges  0x00000000000000c0       0x10 /usr/lib/gcc/arm-none-eabi/7.1.0/../../../../arm-none-eabi/lib/thumb/v7e-m/fpv4-sp/softfp/libg.a(lib_a-exit.o)
 .debug_ranges  0x00000000000000d0       0x10 /usr/lib/gcc/arm-none-eabi/7.1.0/../../../../arm-none-eabi/lib/thumb/v7e-m/fpv4-sp/softfp/libg.a(lib_a-fini.o)
 .debug_ranges  0x00000000000000e0       0x10 /usr/lib/gcc/arm-none-eabi/7.1.0/../../../../arm-none-eabi/lib/thumb/v7e-m/fpv4-sp/softfp/libg.a(lib_a-init.o)
 .debug_ranges  0x00000000000000f0       0x10 /usr/lib/gcc/arm-none-eabi/7.1.0/../../../../arm-none-eabi/lib/thumb/v7e-m/fpv4-sp/softfp/libg.a(lib_a-memset.o)
 .debug_ranges  0x0000000000000100       0x10 /usr/lib/gcc/arm-none-eabi/7.1.0/../../../../arm-none-eabi/lib/thumb/v7e-m/fpv4-sp/softfp/libg.a(lib_a-__atexit.o)
 .debug_ranges  0x0000000000000110       0x40 /usr/lib/gcc/arm-none-eabi/7.1.0/../../../../arm-none-eabi/lib/thumb/v7e-m/fpv4-sp/softfp/libg.a(lib_a-__call_atexit.o)
 .debug_ranges  0x0000000000000150       0x10 /usr/lib/gcc/arm-none-eabi/7.1.0/../../../../arm-none-eabi/lib/thumb/v7e-m/fpv4-sp/softfp/libnosys.a(_exit.o)

Cross Reference Table

Symbol                                            File
ADC_AnalogWatchdogCmd                             /tmp/ccUTZ3FV.o
ADC_AnalogWatchdogSingleChannelConfig             /tmp/ccUTZ3FV.o
ADC_AnalogWatchdogThresholdsConfig                /tmp/ccUTZ3FV.o
ADC_AutoInjectedConvCmd                           /tmp/ccUTZ3FV.o
ADC_ClearFlag                                     /tmp/ccUTZ3FV.o
ADC_ClearITPendingBit                             /tmp/ccUTZ3FV.o
ADC_Cmd                                           /tmp/ccUTZ3FV.o
ADC_CommonInit                                    /tmp/ccUTZ3FV.o
ADC_CommonStructInit                              /tmp/ccUTZ3FV.o
ADC_ContinuousModeCmd                             /tmp/ccUTZ3FV.o
ADC_DMACmd                                        /tmp/ccUTZ3FV.o
ADC_DMARequestAfterLastTransferCmd                /tmp/ccUTZ3FV.o
ADC_DeInit                                        /tmp/ccUTZ3FV.o
ADC_DiscModeChannelCountConfig                    /tmp/ccUTZ3FV.o
ADC_DiscModeCmd                                   /tmp/ccUTZ3FV.o
ADC_EOCOnEachRegularChannelCmd                    /tmp/ccUTZ3FV.o
ADC_ExternalTrigInjectedConvConfig                /tmp/ccUTZ3FV.o
ADC_ExternalTrigInjectedConvEdgeConfig            /tmp/ccUTZ3FV.o
ADC_GetConversionValue                            /tmp/ccUTZ3FV.o
ADC_GetFlagStatus                                 /tmp/ccUTZ3FV.o
ADC_GetITStatus                                   /tmp/ccUTZ3FV.o
ADC_GetInjectedConversionValue                    /tmp/ccUTZ3FV.o
ADC_GetMultiModeConversionValue                   /tmp/ccUTZ3FV.o
ADC_GetSoftwareStartConvStatus                    /tmp/ccUTZ3FV.o
ADC_GetSoftwareStartInjectedConvCmdStatus         /tmp/ccUTZ3FV.o
ADC_IRQHandler                                    /tmp/ccdq8ydj.o
ADC_ITConfig                                      /tmp/ccUTZ3FV.o
ADC_Init                                          /tmp/ccUTZ3FV.o
ADC_InjectedChannelConfig                         /tmp/ccUTZ3FV.o
ADC_InjectedDiscModeCmd                           /tmp/ccUTZ3FV.o
ADC_InjectedSequencerLengthConfig                 /tmp/ccUTZ3FV.o
ADC_MultiModeDMARequestAfterLastTransferCmd       /tmp/ccUTZ3FV.o
ADC_RegularChannelConfig                          /tmp/ccUTZ3FV.o
ADC_SetInjectedOffset                             /tmp/ccUTZ3FV.o
ADC_SoftwareStartConv                             /tmp/ccUTZ3FV.o
ADC_SoftwareStartInjectedConv                     /tmp/ccUTZ3FV.o
ADC_StructInit                                    /tmp/ccUTZ3FV.o
ADC_TempSensorVrefintCmd                          /tmp/ccUTZ3FV.o
ADC_VBATCmd                                       /tmp/ccUTZ3FV.o
AHBPrescTable                                     /tmp/ccty0Lkv.o
BusFault_Handler                                  /tmp/ccvcYec6.o
DMA1_Stream0_IRQHandler                           /tmp/ccdq8ydj.o
DMA1_Stream1_IRQHandler                           /tmp/ccdq8ydj.o
DMA1_Stream2_IRQHandler                           /tmp/ccdq8ydj.o
DMA1_Stream3_IRQHandler                           /tmp/ccdq8ydj.o
DMA1_Stream4_IRQHandler                           /tmp/ccdq8ydj.o
DMA1_Stream5_IRQHandler                           /tmp/ccdq8ydj.o
DMA1_Stream6_IRQHandler                           /tmp/ccdq8ydj.o
DMA1_Stream7_IRQHandler                           /tmp/ccdq8ydj.o
DMA2_Stream0_IRQHandler                           /tmp/ccdq8ydj.o
DMA2_Stream1_IRQHandler                           /tmp/ccdq8ydj.o
DMA2_Stream2_IRQHandler                           /tmp/ccdq8ydj.o
DMA2_Stream3_IRQHandler                           /tmp/ccdq8ydj.o
DMA2_Stream4_IRQHandler                           /tmp/ccdq8ydj.o
DMA2_Stream5_IRQHandler                           /tmp/ccdq8ydj.o
DMA2_Stream6_IRQHandler                           /tmp/ccdq8ydj.o
DMA2_Stream7_IRQHandler                           /tmp/ccdq8ydj.o
DebugMon_Handler                                  /tmp/ccvcYec6.o
Default_Handler                                   /tmp/ccdq8ydj.o
EXTI0_IRQHandler                                  /tmp/ccdq8ydj.o
EXTI15_10_IRQHandler                              /tmp/ccvcYec6.o
EXTI1_IRQHandler                                  /tmp/ccdq8ydj.o
EXTI2_IRQHandler                                  /tmp/ccdq8ydj.o
EXTI3_IRQHandler                                  /tmp/ccvcYec6.o
EXTI4_IRQHandler                                  /tmp/ccdq8ydj.o
EXTI9_5_IRQHandler                                /tmp/ccdq8ydj.o
EXTI_ClearFlag                                    /tmp/cceYyQgK.o
EXTI_ClearITPendingBit                            /tmp/cceYyQgK.o
                                                  /tmp/ccvcYec6.o
EXTI_DeInit                                       /tmp/cceYyQgK.o
EXTI_GenerateSWInterrupt                          /tmp/cceYyQgK.o
EXTI_GetFlagStatus                                /tmp/cceYyQgK.o
EXTI_GetITStatus                                  /tmp/cceYyQgK.o
                                                  /tmp/ccvcYec6.o
EXTI_Init                                         /tmp/cceYyQgK.o
                                                  /tmp/ccNucjoI.o
EXTI_StructInit                                   /tmp/cceYyQgK.o
FLASH_IRQHandler                                  /tmp/ccdq8ydj.o
FPU_IRQHandler                                    /tmp/ccdq8ydj.o
GPIO_DeInit                                       /tmp/cc5ATS5y.o
GPIO_Init                                         /tmp/cc5ATS5y.o
                                                  /tmp/ccpx8Usv.o
                                                  /tmp/ccNucjoI.o
GPIO_PinAFConfig                                  /tmp/cc5ATS5y.o
                                                  /tmp/ccpx8Usv.o
GPIO_PinLockConfig                                /tmp/cc5ATS5y.o
GPIO_ReadInputData                                /tmp/cc5ATS5y.o
GPIO_ReadInputDataBit                             /tmp/cc5ATS5y.o
GPIO_ReadOutputData                               /tmp/cc5ATS5y.o
GPIO_ReadOutputDataBit                            /tmp/cc5ATS5y.o
GPIO_ResetBits                                    /tmp/cc5ATS5y.o
GPIO_SetBits                                      /tmp/cc5ATS5y.o
GPIO_StructInit                                   /tmp/cc5ATS5y.o
GPIO_ToggleBits                                   /tmp/cc5ATS5y.o
GPIO_Write                                        /tmp/cc5ATS5y.o
GPIO_WriteBit                                     /tmp/cc5ATS5y.o
HardFault_Handler                                 /tmp/ccvcYec6.o
I2C1_ER_IRQHandler                                /tmp/ccdq8ydj.o
I2C1_EV_IRQHandler                                /tmp/ccdq8ydj.o
I2C2_ER_IRQHandler                                /tmp/ccdq8ydj.o
I2C2_EV_IRQHandler                                /tmp/ccdq8ydj.o
I2C3_ER_IRQHandler                                /tmp/ccdq8ydj.o
I2C3_EV_IRQHandler                                /tmp/ccdq8ydj.o
MemManage_Handler                                 /tmp/ccvcYec6.o
NMI_Handler                                       /tmp/ccvcYec6.o
NVIC_Init                                         /tmp/ccwyF0h7.o
                                                  /tmp/ccpx8Usv.o
                                                  /tmp/ccNucjoI.o
NVIC_PriorityGroupConfig                          /tmp/ccwyF0h7.o
                                                  /tmp/cc89vjJi.o
NVIC_SetVectorTable                               /tmp/ccwyF0h7.o
NVIC_SystemLPConfig                               /tmp/ccwyF0h7.o
OTG_FS_IRQHandler                                 /tmp/ccdq8ydj.o
OTG_FS_WKUP_IRQHandler                            /tmp/ccdq8ydj.o
PVD_IRQHandler                                    /tmp/ccdq8ydj.o
PendSV_Handler                                    /tmp/ccvcYec6.o
RCC_AHB1PeriphClockCmd                            /tmp/ccdpLygo.o
                                                  /tmp/ccpx8Usv.o
                                                  /tmp/ccNucjoI.o
RCC_AHB1PeriphClockLPModeCmd                      /tmp/ccdpLygo.o
RCC_AHB1PeriphResetCmd                            /tmp/ccdpLygo.o
                                                  /tmp/cc5ATS5y.o
RCC_AHB2PeriphClockCmd                            /tmp/ccdpLygo.o
RCC_AHB2PeriphClockLPModeCmd                      /tmp/ccdpLygo.o
RCC_AHB2PeriphResetCmd                            /tmp/ccdpLygo.o
RCC_APB1PeriphClockCmd                            /tmp/ccdpLygo.o
RCC_APB1PeriphClockLPModeCmd                      /tmp/ccdpLygo.o
RCC_APB1PeriphResetCmd                            /tmp/ccdpLygo.o
[...]
SYSCFG_MemorySwappingBank                         /tmp/ccGy8pDd.o
SysTick_CLKSourceConfig                           /tmp/ccwyF0h7.o
SysTick_Handler                                   /tmp/ccvcYec6.o
SystemCoreClock                                   /tmp/ccty0Lkv.o
                                                  /tmp/cc89vjJi.o
SystemCoreClockUpdate                             /tmp/ccty0Lkv.o
SystemInit                                        /tmp/ccty0Lkv.o
                                                  /tmp/ccdq8ydj.o
TAMP_STAMP_IRQHandler                             /tmp/ccdq8ydj.o
TIM1_BRK_TIM9_IRQHandler                          /tmp/ccdq8ydj.o
TIM1_CC_IRQHandler                                /tmp/ccdq8ydj.o
TIM1_TRG_COM_TIM11_IRQHandler                     /tmp/ccdq8ydj.o
TIM1_UP_TIM10_IRQHandler                          /tmp/ccdq8ydj.o
TIM2_IRQHandler                                   /tmp/ccdq8ydj.o
TIM3_IRQHandler                                   /tmp/ccdq8ydj.o
TIM4_IRQHandler                                   /tmp/ccdq8ydj.o
TIM5_IRQHandler                                   /tmp/ccdq8ydj.o
TIM_ARRPreloadConfig                              /tmp/ccnFley3.o
TIM_BDTRConfig                                    /tmp/ccnFley3.o
TIM_BDTRStructInit                                /tmp/ccnFley3.o
TIM_CCPreloadControl                              /tmp/ccnFley3.o
TIM_CCxCmd                                        /tmp/ccnFley3.o
TIM_CCxNCmd                                       /tmp/ccnFley3.o
TIM_ClearFlag                                     /tmp/ccnFley3.o
TIM_ClearITPendingBit                             /tmp/ccnFley3.o
TIM_ClearOC1Ref                                   /tmp/ccnFley3.o
TIM_ClearOC2Ref                                   /tmp/ccnFley3.o
TIM_ClearOC3Ref                                   /tmp/ccnFley3.o
TIM_ClearOC4Ref                                   /tmp/ccnFley3.o
TIM_Cmd                                           /tmp/ccnFley3.o
TIM_CounterModeConfig                             /tmp/ccnFley3.o
TIM_CtrlPWMOutputs                                /tmp/ccnFley3.o
TIM_DMACmd                                        /tmp/ccnFley3.o
TIM_DMAConfig                                     /tmp/ccnFley3.o
TIM_DeInit                                        /tmp/ccnFley3.o
TIM_ETRClockMode1Config                           /tmp/ccnFley3.o
TIM_ETRClockMode2Config                           /tmp/ccnFley3.o
TIM_ETRConfig                                     /tmp/ccnFley3.o
TIM_EncoderInterfaceConfig                        /tmp/ccnFley3.o
TIM_ForcedOC1Config                               /tmp/ccnFley3.o
TIM_ForcedOC2Config                               /tmp/ccnFley3.o
TIM_ForcedOC3Config                               /tmp/ccnFley3.o
TIM_ForcedOC4Config                               /tmp/ccnFley3.o
TIM_GenerateEvent                                 /tmp/ccnFley3.o
TIM_GetCapture1                                   /tmp/ccnFley3.o
TIM_GetCapture2                                   /tmp/ccnFley3.o
TIM_GetCapture3                                   /tmp/ccnFley3.o
TIM_GetCapture4                                   /tmp/ccnFley3.o
TIM_GetCounter                                    /tmp/ccnFley3.o
TIM_GetFlagStatus                                 /tmp/ccnFley3.o
TIM_GetITStatus                                   /tmp/ccnFley3.o
TIM_GetPrescaler                                  /tmp/ccnFley3.o
TIM_ICInit                                        /tmp/ccnFley3.o
TIM_ICStructInit                                  /tmp/ccnFley3.o
TIM_ITConfig                                      /tmp/ccnFley3.o
TIM_ITRxExternalClockConfig                       /tmp/ccnFley3.o
TIM_InternalClockConfig                           /tmp/ccnFley3.o
TIM_OC1FastConfig                                 /tmp/ccnFley3.o
TIM_OC1Init                                       /tmp/ccnFley3.o
TIM_OC1NPolarityConfig                            /tmp/ccnFley3.o
TIM_OC1PolarityConfig                             /tmp/ccnFley3.o
TIM_OC1PreloadConfig                              /tmp/ccnFley3.o
TIM_OC2FastConfig                                 /tmp/ccnFley3.o
TIM_OC2Init                                       /tmp/ccnFley3.o
TIM_OC2NPolarityConfig                            /tmp/ccnFley3.o
TIM_OC2PolarityConfig                             /tmp/ccnFley3.o
TIM_OC2PreloadConfig                              /tmp/ccnFley3.o
TIM_OC3FastConfig                                 /tmp/ccnFley3.o
TIM_OC3Init                                       /tmp/ccnFley3.o
TIM_OC3NPolarityConfig                            /tmp/ccnFley3.o
TIM_OC3PolarityConfig                             /tmp/ccnFley3.o
TIM_OC3PreloadConfig                              /tmp/ccnFley3.o
TIM_OC4FastConfig                                 /tmp/ccnFley3.o
TIM_OC4Init                                       /tmp/ccnFley3.o
TIM_OC4PolarityConfig                             /tmp/ccnFley3.o
TIM_OC4PreloadConfig                              /tmp/ccnFley3.o
TIM_OCStructInit                                  /tmp/ccnFley3.o
TIM_PWMIConfig                                    /tmp/ccnFley3.o
TIM_PrescalerConfig                               /tmp/ccnFley3.o
TIM_RemapConfig                                   /tmp/ccnFley3.o
TIM_SelectCCDMA                                   /tmp/ccnFley3.o
TIM_SelectCOM                                     /tmp/ccnFley3.o
TIM_SelectHallSensor                              /tmp/ccnFley3.o
TIM_SelectInputTrigger                            /tmp/ccnFley3.o
TIM_SelectMasterSlaveMode                         /tmp/ccnFley3.o
TIM_SelectOCxM                                    /tmp/ccnFley3.o
TIM_SelectOnePulseMode                            /tmp/ccnFley3.o
TIM_SelectOutputTrigger                           /tmp/ccnFley3.o
TIM_SelectSlaveMode                               /tmp/ccnFley3.o
TIM_SetAutoreload                                 /tmp/ccnFley3.o
TIM_SetClockDivision                              /tmp/ccnFley3.o
TIM_SetCompare1                                   /tmp/ccnFley3.o
TIM_SetCompare2                                   /tmp/ccnFley3.o
TIM_SetCompare3                                   /tmp/ccnFley3.o
TIM_SetCompare4                                   /tmp/ccnFley3.o
TIM_SetCounter                                    /tmp/ccnFley3.o
TIM_SetIC1Prescaler                               /tmp/ccnFley3.o
TIM_SetIC2Prescaler                               /tmp/ccnFley3.o
TIM_SetIC3Prescaler                               /tmp/ccnFley3.o
TIM_SetIC4Prescaler                               /tmp/ccnFley3.o
TIM_TIxExternalClockConfig                        /tmp/ccnFley3.o
TIM_TimeBaseInit                                  /tmp/ccnFley3.o
TIM_TimeBaseStructInit                            /tmp/ccnFley3.o
TIM_UpdateDisableConfig                           /tmp/ccnFley3.o
TIM_UpdateRequestConfig                           /tmp/ccnFley3.o
USART1_IRQHandler                                 /tmp/ccdq8ydj.o
USART2_IRQHandler                                 /tmp/ccdq8ydj.o
USART6_IRQHandler                                 /tmp/ccdq8ydj.o
USART_ClearFlag                                   /tmp/cczOM2MT.o
USART_ClearITPendingBit                           /tmp/cczOM2MT.o
USART_ClockInit                                   /tmp/cczOM2MT.o
USART_ClockStructInit                             /tmp/cczOM2MT.o
USART_Cmd                                         /tmp/cczOM2MT.o
                                                  /tmp/ccpx8Usv.o
USART_DMACmd                                      /tmp/cczOM2MT.o
USART_DeInit                                      /tmp/cczOM2MT.o
USART_GetFlagStatus                               /tmp/cczOM2MT.o
                                                  /tmp/ccpx8Usv.o
USART_GetITStatus                                 /tmp/cczOM2MT.o
USART_HalfDuplexCmd                               /tmp/cczOM2MT.o
USART_ITConfig                                    /tmp/cczOM2MT.o
                                                  /tmp/ccpx8Usv.o
USART_Init                                        /tmp/cczOM2MT.o
                                                  /tmp/ccpx8Usv.o
USART_IrDACmd                                     /tmp/cczOM2MT.o
USART_IrDAConfig                                  /tmp/cczOM2MT.o
USART_LINBreakDetectLengthConfig                  /tmp/cczOM2MT.o
USART_LINCmd                                      /tmp/cczOM2MT.o
USART_OneBitMethodCmd                             /tmp/cczOM2MT.o
USART_OverSampling8Cmd                            /tmp/cczOM2MT.o
USART_ReceiveData                                 /tmp/cczOM2MT.o
USART_ReceiverWakeUpCmd                           /tmp/cczOM2MT.o
USART_SendBreak                                   /tmp/cczOM2MT.o
USART_SendData                                    /tmp/cczOM2MT.o
                                                  /tmp/ccpx8Usv.o
USART_SetAddress                                  /tmp/cczOM2MT.o
USART_SetGuardTime                                /tmp/cczOM2MT.o
USART_SetPrescaler                                /tmp/cczOM2MT.o
USART_SmartCardCmd                                /tmp/cczOM2MT.o
USART_SmartCardNACKCmd                            /tmp/cczOM2MT.o
USART_StructInit                                  /tmp/cczOM2MT.o
USART_WakeUpConfig                                /tmp/cczOM2MT.o
UsageFault_Handler                                /tmp/ccvcYec6.o
WWDG_IRQHandler                                   /tmp/ccdq8ydj.o
_ITM_deregisterTMCloneTable                       /usr/lib/gcc/arm-none-eabi/7.1.0/thumb/v7e-m/fpv4-sp/softfp/crtbegin.o
_ITM_registerTMCloneTable                         /usr/lib/gcc/arm-none-eabi/7.1.0/thumb/v7e-m/fpv4-sp/softfp/crtbegin.o
__TMC_END__                                       /usr/lib/gcc/arm-none-eabi/7.1.0/thumb/v7e-m/fpv4-sp/softfp/crtend.o
                                                  /usr/lib/gcc/arm-none-eabi/7.1.0/thumb/v7e-m/fpv4-sp/softfp/crtbegin.o
__bss_end__                                       /usr/lib/gcc/arm-none-eabi/7.1.0/../../../../arm-none-eabi/lib/thumb/v7e-m/fpv4-sp/softfp/crt0.o
__bss_start__                                     /usr/lib/gcc/arm-none-eabi/7.1.0/../../../../arm-none-eabi/lib/thumb/v7e-m/fpv4-sp/softfp/crt0.o
__call_exitprocs                                  /usr/lib/gcc/arm-none-eabi/7.1.0/../../../../arm-none-eabi/lib/thumb/v7e-m/fpv4-sp/softfp/libg.a(lib_a-__call_atexit.o)
                                                  /usr/lib/gcc/arm-none-eabi/7.1.0/../../../../arm-none-eabi/lib/thumb/v7e-m/fpv4-sp/softfp/libg.a(lib_a-exit.o)
__deregister_frame_info                           /usr/lib/gcc/arm-none-eabi/7.1.0/thumb/v7e-m/fpv4-sp/softfp/crtbegin.o
__dso_handle                                      /usr/lib/gcc/arm-none-eabi/7.1.0/thumb/v7e-m/fpv4-sp/softfp/crtbegin.o
__fini_array_end                                  /usr/lib/gcc/arm-none-eabi/7.1.0/../../../../arm-none-eabi/lib/thumb/v7e-m/fpv4-sp/softfp/libg.a(lib_a-fini.o)
__fini_array_start                                /usr/lib/gcc/arm-none-eabi/7.1.0/../../../../arm-none-eabi/lib/thumb/v7e-m/fpv4-sp/softfp/libg.a(lib_a-fini.o)
__init_array_end                                  /usr/lib/gcc/arm-none-eabi/7.1.0/../../../../arm-none-eabi/lib/thumb/v7e-m/fpv4-sp/softfp/libg.a(lib_a-init.o)
__init_array_start                                /usr/lib/gcc/arm-none-eabi/7.1.0/../../../../arm-none-eabi/lib/thumb/v7e-m/fpv4-sp/softfp/libg.a(lib_a-init.o)
__libc_fini                                       /usr/lib/gcc/arm-none-eabi/7.1.0/../../../../arm-none-eabi/lib/thumb/v7e-m/fpv4-sp/softfp/libg.a(lib_a-__call_atexit.o)
__libc_fini_array                                 /usr/lib/gcc/arm-none-eabi/7.1.0/../../../../arm-none-eabi/lib/thumb/v7e-m/fpv4-sp/softfp/libg.a(lib_a-fini.o)
                                                  /usr/lib/gcc/arm-none-eabi/7.1.0/../../../../arm-none-eabi/lib/thumb/v7e-m/fpv4-sp/softfp/libg.a(lib_a-__call_atexit.o)
                                                  /usr/lib/gcc/arm-none-eabi/7.1.0/../../../../arm-none-eabi/lib/thumb/v7e-m/fpv4-sp/softfp/crt0.o
__libc_init_array                                 /usr/lib/gcc/arm-none-eabi/7.1.0/../../../../arm-none-eabi/lib/thumb/v7e-m/fpv4-sp/softfp/libg.a(lib_a-init.o)
                                                  /tmp/ccdq8ydj.o
                                                  /usr/lib/gcc/arm-none-eabi/7.1.0/../../../../arm-none-eabi/lib/thumb/v7e-m/fpv4-sp/softfp/crt0.o
__preinit_array_end                               /usr/lib/gcc/arm-none-eabi/7.1.0/../../../../arm-none-eabi/lib/thumb/v7e-m/fpv4-sp/softfp/libg.a(lib_a-init.o)
__preinit_array_start                             /usr/lib/gcc/arm-none-eabi/7.1.0/../../../../arm-none-eabi/lib/thumb/v7e-m/fpv4-sp/softfp/libg.a(lib_a-init.o)
__register_exitproc                               /usr/lib/gcc/arm-none-eabi/7.1.0/../../../../arm-none-eabi/lib/thumb/v7e-m/fpv4-sp/softfp/libg.a(lib_a-__atexit.o)
                                                  /usr/lib/gcc/arm-none-eabi/7.1.0/../../../../arm-none-eabi/lib/thumb/v7e-m/fpv4-sp/softfp/libg.a(lib_a-atexit.o)
__register_frame_info                             /usr/lib/gcc/arm-none-eabi/7.1.0/thumb/v7e-m/fpv4-sp/softfp/crtbegin.o
__stack                                           /usr/lib/gcc/arm-none-eabi/7.1.0/../../../../arm-none-eabi/lib/thumb/v7e-m/fpv4-sp/softfp/crt0.o
_ebss                                             /tmp/ccdq8ydj.o
_edata                                            /tmp/ccdq8ydj.o
_estack                                           /tmp/ccdq8ydj.o
_exit                                             /usr/lib/gcc/arm-none-eabi/7.1.0/../../../../arm-none-eabi/lib/thumb/v7e-m/fpv4-sp/softfp/libnosys.a(_exit.o)
                                                  /usr/lib/gcc/arm-none-eabi/7.1.0/../../../../arm-none-eabi/lib/thumb/v7e-m/fpv4-sp/softfp/libg.a(lib_a-exit.o)
_fini                                             /usr/lib/gcc/arm-none-eabi/7.1.0/thumb/v7e-m/fpv4-sp/softfp/crti.o
                                                  /usr/lib/gcc/arm-none-eabi/7.1.0/../../../../arm-none-eabi/lib/thumb/v7e-m/fpv4-sp/softfp/libg.a(lib_a-fini.o)
_global_impure_ptr                                /usr/lib/gcc/arm-none-eabi/7.1.0/../../../../arm-none-eabi/lib/thumb/v7e-m/fpv4-sp/softfp/libg.a(lib_a-impure.o)
                                                  /usr/lib/gcc/arm-none-eabi/7.1.0/../../../../arm-none-eabi/lib/thumb/v7e-m/fpv4-sp/softfp/libg.a(lib_a-__call_atexit.o)
                                                  /usr/lib/gcc/arm-none-eabi/7.1.0/../../../../arm-none-eabi/lib/thumb/v7e-m/fpv4-sp/softfp/libg.a(lib_a-__atexit.o)
                                                  /usr/lib/gcc/arm-none-eabi/7.1.0/../../../../arm-none-eabi/lib/thumb/v7e-m/fpv4-sp/softfp/libg.a(lib_a-exit.o)
_impure_ptr                                       /usr/lib/gcc/arm-none-eabi/7.1.0/../../../../arm-none-eabi/lib/thumb/v7e-m/fpv4-sp/softfp/libg.a(lib_a-impure.o)
_init                                             /usr/lib/gcc/arm-none-eabi/7.1.0/thumb/v7e-m/fpv4-sp/softfp/crti.o
                                                  /usr/lib/gcc/arm-none-eabi/7.1.0/../../../../arm-none-eabi/lib/thumb/v7e-m/fpv4-sp/softfp/libg.a(lib_a-init.o)
_mainCRTStartup                                   /usr/lib/gcc/arm-none-eabi/7.1.0/../../../../arm-none-eabi/lib/thumb/v7e-m/fpv4-sp/softfp/crt0.o
_ms_ticks                                         /tmp/ccvcYec6.o
_sbss                                             /tmp/ccdq8ydj.o
_sdata                                            /tmp/ccdq8ydj.o
_sidata                                           /tmp/ccdq8ydj.o
_start                                            /usr/lib/gcc/arm-none-eabi/7.1.0/../../../../arm-none-eabi/lib/thumb/v7e-m/fpv4-sp/softfp/crt0.o
atexit                                            /usr/lib/gcc/arm-none-eabi/7.1.0/../../../../arm-none-eabi/lib/thumb/v7e-m/fpv4-sp/softfp/libg.a(lib_a-atexit.o)
                                                  /usr/lib/gcc/arm-none-eabi/7.1.0/../../../../arm-none-eabi/lib/thumb/v7e-m/fpv4-sp/softfp/libg.a(lib_a-__call_atexit.o)
                                                  /usr/lib/gcc/arm-none-eabi/7.1.0/../../../../arm-none-eabi/lib/thumb/v7e-m/fpv4-sp/softfp/crt0.o
delay                                             /tmp/ccvcYec6.o
                                                  /tmp/cc89vjJi.o
exit                                              /usr/lib/gcc/arm-none-eabi/7.1.0/../../../../arm-none-eabi/lib/thumb/v7e-m/fpv4-sp/softfp/libg.a(lib_a-exit.o)
                                                  /usr/lib/gcc/arm-none-eabi/7.1.0/../../../../arm-none-eabi/lib/thumb/v7e-m/fpv4-sp/softfp/crt0.o
flush_fifo                                        /tmp/ccMdyYsH.o
free                                              /usr/lib/gcc/arm-none-eabi/7.1.0/../../../../arm-none-eabi/lib/thumb/v7e-m/fpv4-sp/softfp/libg.a(lib_a-__call_atexit.o)
g_pfnVectors                                      /tmp/ccdq8ydj.o
get_time                                          /tmp/ccvcYec6.o
hardware_init_hook                                /usr/lib/gcc/arm-none-eabi/7.1.0/../../../../arm-none-eabi/lib/thumb/v7e-m/fpv4-sp/softfp/crt0.o
ihm07_hall_interrupt_connection_state             /tmp/ccNucjoI.o
ihm07_hall_interrupt_init                         /tmp/ccNucjoI.o
ihm07_hall_pins_init                              /tmp/ccNucjoI.o
ihm07_hall_read                                   /tmp/ccNucjoI.o
ihm07_hall_state_change_callback                  /tmp/ccvcYec6.o
ihm07_led_red_init                                /tmp/ccNucjoI.o
                                                  /tmp/cc89vjJi.o
init_fifo                                         /tmp/ccMdyYsH.o
                                                  /tmp/cc1pL7MT.o
main                                              /tmp/cc89vjJi.o
                                                  /tmp/ccdq8ydj.o
                                                  /usr/lib/gcc/arm-none-eabi/7.1.0/../../../../arm-none-eabi/lib/thumb/v7e-m/fpv4-sp/softfp/crt0.o
malloc                                            /usr/lib/gcc/arm-none-eabi/7.1.0/../../../../arm-none-eabi/lib/thumb/v7e-m/fpv4-sp/softfp/libg.a(lib_a-__atexit.o)
memset                                            /usr/lib/gcc/arm-none-eabi/7.1.0/../../../../arm-none-eabi/lib/thumb/v7e-m/fpv4-sp/softfp/libg.a(lib_a-memset.o)
                                                  /usr/lib/gcc/arm-none-eabi/7.1.0/../../../../arm-none-eabi/lib/thumb/v7e-m/fpv4-sp/softfp/crt0.o
read_fifo                                         /tmp/ccMdyYsH.o
                                                  /tmp/cc1pL7MT.o
safe_memory_copy                                  /tmp/cc1pL7MT.o
serial_driver_init                                /tmp/ccpx8Usv.o
                                                  /tmp/cc89vjJi.o
serial_driver_send_buffer_poll                    /tmp/ccpx8Usv.o
serial_driver_send_byte_poll                      /tmp/ccpx8Usv.o
serial_driver_syscheck                            /tmp/ccpx8Usv.o
serial_encode                                     /tmp/cc1pL7MT.o
serial_encode_poll                                /tmp/cc1pL7MT.o
serial_flush                                      /tmp/cc1pL7MT.o
serial_init                                       /tmp/cc1pL7MT.o
serial_payload_handler                            /tmp/cc1pL7MT.o
serial_receives_byte                              /tmp/cc1pL7MT.o
serial_send_byte                                  /tmp/cc1pL7MT.o
software_init_hook                                /usr/lib/gcc/arm-none-eabi/7.1.0/../../../../arm-none-eabi/lib/thumb/v7e-m/fpv4-sp/softfp/crt0.o
write_fifo                                        /tmp/ccMdyYsH.o
                                                  /tmp/cc1pL7MT.o
