Archive member included to satisfy reference by file (symbol)

/usr/lib/gcc/arm-none-eabi/7.1.0/../../../../arm-none-eabi/lib/thumb/v7e-m/fpv4-sp/softfp/libg.a(lib_a-atexit.o)
                              /usr/lib/gcc/arm-none-eabi/7.1.0/../../../../arm-none-eabi/lib/thumb/v7e-m/fpv4-sp/softfp/crt0.o (atexit)
/usr/lib/gcc/arm-none-eabi/7.1.0/../../../../arm-none-eabi/lib/thumb/v7e-m/fpv4-sp/softfp/libg.a(lib_a-exit.o)
                              /usr/lib/gcc/arm-none-eabi/7.1.0/../../../../arm-none-eabi/lib/thumb/v7e-m/fpv4-sp/softfp/crt0.o (exit)
/usr/lib/gcc/arm-none-eabi/7.1.0/../../../../arm-none-eabi/lib/thumb/v7e-m/fpv4-sp/softfp/libg.a(lib_a-fini.o)
                              /usr/lib/gcc/arm-none-eabi/7.1.0/../../../../arm-none-eabi/lib/thumb/v7e-m/fpv4-sp/softfp/crt0.o (__libc_fini_array)
/usr/lib/gcc/arm-none-eabi/7.1.0/../../../../arm-none-eabi/lib/thumb/v7e-m/fpv4-sp/softfp/libg.a(lib_a-impure.o)
                              /usr/lib/gcc/arm-none-eabi/7.1.0/../../../../arm-none-eabi/lib/thumb/v7e-m/fpv4-sp/softfp/libg.a(lib_a-exit.o) (_global_impure_ptr)
/usr/lib/gcc/arm-none-eabi/7.1.0/../../../../arm-none-eabi/lib/thumb/v7e-m/fpv4-sp/softfp/libg.a(lib_a-init.o)
                              /usr/lib/gcc/arm-none-eabi/7.1.0/../../../../arm-none-eabi/lib/thumb/v7e-m/fpv4-sp/softfp/crt0.o (__libc_init_array)
/usr/lib/gcc/arm-none-eabi/7.1.0/../../../../arm-none-eabi/lib/thumb/v7e-m/fpv4-sp/softfp/libg.a(lib_a-memset.o)
                              /usr/lib/gcc/arm-none-eabi/7.1.0/../../../../arm-none-eabi/lib/thumb/v7e-m/fpv4-sp/softfp/crt0.o (memset)
/usr/lib/gcc/arm-none-eabi/7.1.0/../../../../arm-none-eabi/lib/thumb/v7e-m/fpv4-sp/softfp/libg.a(lib_a-__atexit.o)
                              /usr/lib/gcc/arm-none-eabi/7.1.0/../../../../arm-none-eabi/lib/thumb/v7e-m/fpv4-sp/softfp/libg.a(lib_a-atexit.o) (__register_exitproc)
/usr/lib/gcc/arm-none-eabi/7.1.0/../../../../arm-none-eabi/lib/thumb/v7e-m/fpv4-sp/softfp/libg.a(lib_a-__call_atexit.o)
                              /usr/lib/gcc/arm-none-eabi/7.1.0/../../../../arm-none-eabi/lib/thumb/v7e-m/fpv4-sp/softfp/libg.a(lib_a-exit.o) (__call_exitprocs)
/usr/lib/gcc/arm-none-eabi/7.1.0/../../../../arm-none-eabi/lib/thumb/v7e-m/fpv4-sp/softfp/libnosys.a(_exit.o)
                              /usr/lib/gcc/arm-none-eabi/7.1.0/../../../../arm-none-eabi/lib/thumb/v7e-m/fpv4-sp/softfp/libg.a(lib_a-exit.o) (_exit)

Memory Configuration

Name             Origin             Length             Attributes
rom              0x0000000008000000 0x0000000000080000 xr
ram              0x0000000020000000 0x0000000000018000 xrw
*default*        0x0000000000000000 0xffffffffffffffff

Linker script and memory map

LOAD /usr/lib/gcc/arm-none-eabi/7.1.0/thumb/v7e-m/fpv4-sp/softfp/crti.o
LOAD /usr/lib/gcc/arm-none-eabi/7.1.0/thumb/v7e-m/fpv4-sp/softfp/crtbegin.o
LOAD /usr/lib/gcc/arm-none-eabi/7.1.0/../../../../arm-none-eabi/lib/thumb/v7e-m/fpv4-sp/softfp/crt0.o
LOAD /tmp/ccXfuY3M.o
LOAD /tmp/cczWnHrt.o
LOAD /tmp/ccsQzz09.o
LOAD /tmp/ccUPvKLQ.o
LOAD /tmp/ccGDzIEx.o
LOAD /tmp/cchTPcDe.o
LOAD /tmp/ccG5rwNV.o
LOAD /tmp/ccFCYTYC.o
LOAD /tmp/ccWFROmk.o
LOAD /tmp/cc2h6N41.o
LOAD /tmp/cc9qQf0J.o
LOAD /tmp/ccSpa8as.o
LOAD /tmp/cc6oyVGa.o
LOAD /tmp/ccULIJoT.o
LOAD /tmp/cc6mNpEC.o
LOAD /tmp/ccNnN4dm.o
START GROUP
LOAD /usr/lib/gcc/arm-none-eabi/7.1.0/thumb/v7e-m/fpv4-sp/softfp/libgcc.a
LOAD /usr/lib/gcc/arm-none-eabi/7.1.0/../../../../arm-none-eabi/lib/thumb/v7e-m/fpv4-sp/softfp/libg.a
LOAD /usr/lib/gcc/arm-none-eabi/7.1.0/../../../../arm-none-eabi/lib/thumb/v7e-m/fpv4-sp/softfp/libc.a
END GROUP
START GROUP
LOAD /usr/lib/gcc/arm-none-eabi/7.1.0/thumb/v7e-m/fpv4-sp/softfp/libgcc.a
LOAD /usr/lib/gcc/arm-none-eabi/7.1.0/../../../../arm-none-eabi/lib/thumb/v7e-m/fpv4-sp/softfp/libc.a
LOAD /usr/lib/gcc/arm-none-eabi/7.1.0/../../../../arm-none-eabi/lib/thumb/v7e-m/fpv4-sp/softfp/libnosys.a
END GROUP
LOAD /usr/lib/gcc/arm-none-eabi/7.1.0/thumb/v7e-m/fpv4-sp/softfp/crtend.o
LOAD /usr/lib/gcc/arm-none-eabi/7.1.0/thumb/v7e-m/fpv4-sp/softfp/crtn.o

.isr_vector     0x0000000008000000      0x194
 *(.isr_vector)
 .isr_vector    0x0000000008000000      0x194 /tmp/ccFCYTYC.o
                0x0000000008000000                g_pfnVectors
                0x0000000008000194                . = ALIGN (0x4)

.eh_frame       0x0000000008000194        0x4
 .eh_frame      0x0000000008000194        0x0 /usr/lib/gcc/arm-none-eabi/7.1.0/thumb/v7e-m/fpv4-sp/softfp/crtbegin.o
 .eh_frame      0x0000000008000194        0x4 /usr/lib/gcc/arm-none-eabi/7.1.0/thumb/v7e-m/fpv4-sp/softfp/crtend.o

.ARM.extab      0x0000000008000198        0x0
 .ARM.extab     0x0000000008000198        0x0 /usr/lib/gcc/arm-none-eabi/7.1.0/../../../../arm-none-eabi/lib/thumb/v7e-m/fpv4-sp/softfp/crt0.o

.ARM.exidx      0x0000000008000198        0x8
 .ARM.exidx     0x0000000008000198        0x8 /usr/lib/gcc/arm-none-eabi/7.1.0/../../../../arm-none-eabi/lib/thumb/v7e-m/fpv4-sp/softfp/crt0.o

.text           0x00000000080001a0     0x2b8c
 *(.vectors)
 *(.text*)
 .text          0x00000000080001a0        0x0 /usr/lib/gcc/arm-none-eabi/7.1.0/thumb/v7e-m/fpv4-sp/softfp/crti.o
 .text          0x00000000080001a0       0x88 /usr/lib/gcc/arm-none-eabi/7.1.0/thumb/v7e-m/fpv4-sp/softfp/crtbegin.o
 .text          0x0000000008000228       0x68 /usr/lib/gcc/arm-none-eabi/7.1.0/../../../../arm-none-eabi/lib/thumb/v7e-m/fpv4-sp/softfp/crt0.o
                0x0000000008000228                _mainCRTStartup
                0x0000000008000228                _start
 .text          0x0000000008000290      0x31c /tmp/ccXfuY3M.o
                0x0000000008000290                ihm07_hall_pins_init
                0x00000000080002e4                ihm07_hall_interrupt_init
                0x000000000800033a                ihm07_hall_interrupt_connection_state
                0x000000000800036a                ihm07_hall_read
                0x00000000080003a0                ihm07_led_red_init
                0x00000000080003d8                ihm07_pwm_and_pins_init
                0x00000000080004bc                ihm07_l6230_pins_init
                0x0000000008000538                ihm07_pwm_duty_interrupt_init
                0x0000000008000584                ihm07_pwm_duty_interrupt_connection_state
 .text          0x00000000080005ac      0x184 /tmp/cczWnHrt.o
                0x00000000080005ac                serial_driver_init
                0x0000000008000668                serial_driver_send_byte_poll
                0x0000000008000688                serial_driver_send_buffer_poll
                0x00000000080006a0                serial_driver_syscheck
 .text          0x0000000008000730       0x90 /tmp/ccsQzz09.o
                0x0000000008000730                main
                0x00000000080007b0                ihm07_pwm_duty_interrupt_callback
 .text          0x00000000080007c0       0xd4 /tmp/ccUPvKLQ.o
                0x00000000080007c0                NMI_Handler
                0x00000000080007c2                HardFault_Handler
                0x00000000080007c4                MemManage_Handler
                0x00000000080007c6                BusFault_Handler
                0x00000000080007c8                UsageFault_Handler
                0x00000000080007ca                SVC_Handler
                0x00000000080007cc                DebugMon_Handler
                0x00000000080007ce                PendSV_Handler
                0x00000000080007d0                SysTick_Handler
                0x00000000080007f0                get_time
                0x00000000080007fc                delay
                0x0000000008000820                EXTI15_10_IRQHandler
                0x0000000008000858                EXTI3_IRQHandler
                0x0000000008000872                TIM1_CC_IRQHandler
 .text          0x0000000008000894      0x218 /tmp/ccGDzIEx.o
                0x0000000008000904                serial_init
                0x0000000008000934                serial_encode
                0x0000000008000974                serial_encode_poll
                0x0000000008000980                serial_receives_byte
                0x0000000008000990                safe_memory_copy
                0x0000000008000aa0                serial_flush
 .text          0x0000000008000aac       0x80 /tmp/cchTPcDe.o
                0x0000000008000ac6                init_fifo
                0x0000000008000ace                write_fifo
                0x0000000008000afe                read_fifo
                0x0000000008000b26                flush_fifo
 .text          0x0000000008000b2c      0x160 /tmp/ccG5rwNV.o
                0x0000000008000ba4                SystemInit
                0x0000000008000bf4                SystemCoreClockUpdate
 .text          0x0000000008000c8c       0x14 /tmp/ccFCYTYC.o
 .text.Reset_Handler
                0x0000000008000ca0       0x48 /tmp/ccFCYTYC.o
                0x0000000008000ca0                Reset_Handler
 .text.Default_Handler
                0x0000000008000ce8        0x2 /tmp/ccFCYTYC.o
                0x0000000008000ce8                RTC_Alarm_IRQHandler
                0x0000000008000ce8                EXTI2_IRQHandler
                0x0000000008000ce8                SPI4_IRQHandler
                0x0000000008000ce8                DMA2_Stream5_IRQHandler
                0x0000000008000ce8                DMA1_Stream5_IRQHandler
                0x0000000008000ce8                PVD_IRQHandler
                0x0000000008000ce8                SDIO_IRQHandler
                0x0000000008000ce8                TAMP_STAMP_IRQHandler
                0x0000000008000ce8                TIM1_UP_TIM10_IRQHandler
                0x0000000008000ce8                I2C3_ER_IRQHandler
                0x0000000008000ce8                EXTI0_IRQHandler
                0x0000000008000ce8                I2C2_EV_IRQHandler
                0x0000000008000ce8                DMA1_Stream2_IRQHandler
                0x0000000008000ce8                FPU_IRQHandler
                0x0000000008000ce8                DMA2_Stream2_IRQHandler
                0x0000000008000ce8                SPI1_IRQHandler
                0x0000000008000ce8                TIM1_BRK_TIM9_IRQHandler
                0x0000000008000ce8                DMA2_Stream3_IRQHandler
                0x0000000008000ce8                USART6_IRQHandler
                0x0000000008000ce8                DMA2_Stream0_IRQHandler
                0x0000000008000ce8                TIM4_IRQHandler
                0x0000000008000ce8                I2C1_EV_IRQHandler
                0x0000000008000ce8                DMA1_Stream6_IRQHandler
                0x0000000008000ce8                DMA1_Stream1_IRQHandler
                0x0000000008000ce8                TIM3_IRQHandler
                0x0000000008000ce8                RCC_IRQHandler
                0x0000000008000ce8                Default_Handler
                0x0000000008000ce8                ADC_IRQHandler
                0x0000000008000ce8                DMA1_Stream7_IRQHandler
                0x0000000008000ce8                TIM5_IRQHandler
                0x0000000008000ce8                DMA2_Stream7_IRQHandler
                0x0000000008000ce8                I2C3_EV_IRQHandler
                0x0000000008000ce8                EXTI9_5_IRQHandler
                0x0000000008000ce8                RTC_WKUP_IRQHandler
                0x0000000008000ce8                SPI2_IRQHandler
                0x0000000008000ce8                DMA1_Stream0_IRQHandler
                0x0000000008000ce8                EXTI4_IRQHandler
                0x0000000008000ce8                WWDG_IRQHandler
                0x0000000008000ce8                TIM2_IRQHandler
                0x0000000008000ce8                OTG_FS_WKUP_IRQHandler
                0x0000000008000ce8                TIM1_TRG_COM_TIM11_IRQHandler
                0x0000000008000ce8                EXTI1_IRQHandler
                0x0000000008000ce8                USART2_IRQHandler
                0x0000000008000ce8                I2C2_ER_IRQHandler
                0x0000000008000ce8                DMA2_Stream1_IRQHandler
                0x0000000008000ce8                FLASH_IRQHandler
                0x0000000008000ce8                DMA2_Stream4_IRQHandler
                0x0000000008000ce8                USART1_IRQHandler
                0x0000000008000ce8                OTG_FS_IRQHandler
                0x0000000008000ce8                SPI3_IRQHandler
                0x0000000008000ce8                DMA1_Stream4_IRQHandler
                0x0000000008000ce8                I2C1_ER_IRQHandler
                0x0000000008000ce8                DMA2_Stream6_IRQHandler
                0x0000000008000ce8                DMA1_Stream3_IRQHandler
 *fill*         0x0000000008000cea        0x2 
 .text          0x0000000008000cec       0xc8 /tmp/ccWFROmk.o
                0x0000000008000cec                NVIC_PriorityGroupConfig
                0x0000000008000d00                NVIC_Init
                0x0000000008000d64                NVIC_SetVectorTable
                0x0000000008000d78                NVIC_SystemLPConfig
                0x0000000008000d94                SysTick_CLKSourceConfig
 .text          0x0000000008000db4      0x3e0 /tmp/cc2h6N41.o
                0x0000000008000db4                ADC_DeInit
                0x0000000008000dcc                ADC_Init
                0x0000000008000e1c                ADC_StructInit
                0x0000000008000e30                ADC_CommonInit
                0x0000000008000e5c                ADC_CommonStructInit
                0x0000000008000e68                ADC_Cmd
                0x0000000008000e7e                ADC_AnalogWatchdogCmd
                0x0000000008000e8e                ADC_AnalogWatchdogThresholdsConfig
                0x0000000008000e94                ADC_AnalogWatchdogSingleChannelConfig
                0x0000000008000ea0                ADC_TempSensorVrefintCmd
                0x0000000008000ec0                ADC_VBATCmd
                0x0000000008000ee0                ADC_RegularChannelConfig
                0x0000000008000f70                ADC_SoftwareStartConv
                0x0000000008000f7a                ADC_GetSoftwareStartConvStatus
                0x0000000008000f8a                ADC_EOCOnEachRegularChannelCmd
                0x0000000008000fa0                ADC_ContinuousModeCmd
                0x0000000008000fb6                ADC_DiscModeChannelCountConfig
                0x0000000008000fc6                ADC_DiscModeCmd
                0x0000000008000fdc                ADC_GetConversionValue
                0x0000000008000fe2                ADC_GetMultiModeConversionValue
                0x0000000008000fec                ADC_DMACmd
                0x0000000008001002                ADC_DMARequestAfterLastTransferCmd
                0x0000000008001018                ADC_MultiModeDMARequestAfterLastTransferCmd
                0x0000000008001038                ADC_InjectedChannelConfig
                0x0000000008001096                ADC_InjectedSequencerLengthConfig
                0x00000000080010a6                ADC_SetInjectedOffset
                0x00000000080010bc                ADC_ExternalTrigInjectedConvConfig
                0x00000000080010c8                ADC_ExternalTrigInjectedConvEdgeConfig
                0x00000000080010d4                ADC_SoftwareStartInjectedConv
                0x00000000080010de                ADC_GetSoftwareStartInjectedConvCmdStatus
                0x00000000080010ee                ADC_AutoInjectedConvCmd
                0x0000000008001104                ADC_InjectedDiscModeCmd
                0x000000000800111a                ADC_GetInjectedConversionValue
                0x0000000008001134                ADC_ITConfig
                0x0000000008001150                ADC_GetFlagStatus
                0x000000000800115e                ADC_ClearFlag
                0x0000000008001164                ADC_GetITStatus
                0x000000000800118a                ADC_ClearITPendingBit
 .text          0x0000000008001194      0x108 /tmp/cc9qQf0J.o
                0x0000000008001194                EXTI_DeInit
                0x00000000080011b0                EXTI_Init
                0x0000000008001240                EXTI_StructInit
                0x000000000800124e                EXTI_GenerateSWInterrupt
                0x000000000800125c                EXTI_GetFlagStatus
                0x0000000008001270                EXTI_ClearFlag
                0x000000000800127c                EXTI_GetITStatus
                0x0000000008001290                EXTI_ClearITPendingBit
 .text          0x000000000800129c      0x278 /tmp/ccSpa8as.o
                0x000000000800129c                GPIO_DeInit
                0x00000000080013e0                GPIO_Init
                0x000000000800146a                GPIO_StructInit
                0x000000000800147c                GPIO_PinLockConfig
                0x00000000080014a0                GPIO_ReadInputDataBit
                0x00000000080014ae                GPIO_ReadInputData
                0x00000000080014b4                GPIO_ReadOutputDataBit
                0x00000000080014c2                GPIO_ReadOutputData
                0x00000000080014c8                GPIO_SetBits
                0x00000000080014cc                GPIO_ResetBits
                0x00000000080014d0                GPIO_WriteBit
                0x00000000080014da                GPIO_Write
                0x00000000080014de                GPIO_ToggleBits
                0x00000000080014e6                GPIO_PinAFConfig
 .text          0x0000000008001514      0x530 /tmp/cc6oyVGa.o
                0x0000000008001514                RCC_DeInit
                0x0000000008001554                RCC_HSEConfig
                0x0000000008001564                RCC_AdjustHSICalibrationValue
                0x0000000008001578                RCC_HSICmd
                0x0000000008001584                RCC_LSEConfig
                0x00000000080015ac                RCC_LSICmd
                0x00000000080015b8                RCC_PLLConfig
                0x00000000080015d8                RCC_PLLCmd
                0x00000000080015e4                RCC_PLLI2SConfig
                0x00000000080015f8                RCC_PLLI2SCmd
                0x0000000008001604                RCC_PLLSAIConfig
                0x000000000800161c                RCC_PLLSAICmd
                0x0000000008001628                RCC_ClockSecuritySystemCmd
                0x0000000008001634                RCC_MCO1Config
                0x0000000008001648                RCC_MCO2Config
                0x000000000800165c                RCC_SYSCLKConfig
                0x0000000008001670                RCC_GetSYSCLKSource
                0x0000000008001680                RCC_HCLKConfig
                0x0000000008001694                RCC_PCLK1Config
                0x00000000080016a8                RCC_PCLK2Config
                0x00000000080016bc                RCC_GetClocksFreq
                0x0000000008001770                RCC_RTCCLKConfig
                0x00000000080017a4                RCC_RTCCLKCmd
                0x00000000080017b0                RCC_BackupResetCmd
                0x00000000080017bc                RCC_I2SCLKConfig
                0x00000000080017c8                RCC_SAIPLLI2SClkDivConfig
                0x00000000080017e0                RCC_SAIPLLSAIClkDivConfig
                0x00000000080017fc                RCC_LTDCCLKDivConfig
                0x0000000008001814                RCC_TIMCLKPresConfig
                0x0000000008001820                RCC_AHB1PeriphClockCmd
                0x000000000800183c                RCC_AHB2PeriphClockCmd
                0x0000000008001858                RCC_APB1PeriphClockCmd
                0x0000000008001874                RCC_APB2PeriphClockCmd
                0x0000000008001890                RCC_AHB1PeriphResetCmd
                0x00000000080018ac                RCC_AHB2PeriphResetCmd
                0x00000000080018c8                RCC_APB1PeriphResetCmd
                0x00000000080018e4                RCC_APB2PeriphResetCmd
                0x0000000008001900                RCC_AHB1PeriphClockLPModeCmd
                0x000000000800191c                RCC_AHB2PeriphClockLPModeCmd
                0x0000000008001938                RCC_APB1PeriphClockLPModeCmd
                0x0000000008001954                RCC_APB2PeriphClockLPModeCmd
                0x0000000008001970                RCC_LSEModeConfig
                0x0000000008001990                RCC_ITConfig
                0x00000000080019ac                RCC_GetFlagStatus
                0x00000000080019e0                RCC_WaitForHSEStartUp
                0x0000000008001a14                RCC_ClearFlag
                0x0000000008001a24                RCC_GetITStatus
                0x0000000008001a38                RCC_ClearITPendingBit
 .text          0x0000000008001a44       0x94 /tmp/ccULIJoT.o
                0x0000000008001a44                SYSCFG_DeInit
                0x0000000008001a5c                SYSCFG_MemoryRemapConfig
                0x0000000008001a68                SYSCFG_MemorySwappingBank
                0x0000000008001a74                SYSCFG_EXTILineConfig
                0x0000000008001aa8                SYSCFG_ETH_MediaInterfaceConfig
                0x0000000008001ab4                SYSCFG_CompensationCellCmd
                0x0000000008001ac0                SYSCFG_GetCompensationCellStatus
 .text          0x0000000008001ad8      0xb4c /tmp/cc6mNpEC.o
                0x0000000008001bc2                TIM_DeInit
                0x0000000008001d58                TIM_TimeBaseInit
                0x0000000008001dd4                TIM_TimeBaseStructInit
                0x0000000008001de6                TIM_PrescalerConfig
                0x0000000008001dec                TIM_CounterModeConfig
                0x0000000008001dfa                TIM_SetCounter
                0x0000000008001dfe                TIM_SetAutoreload
                0x0000000008001e02                TIM_GetCounter
                0x0000000008001e06                TIM_GetPrescaler
                0x0000000008001e0a                TIM_UpdateDisableConfig
                0x0000000008001e24                TIM_UpdateRequestConfig
                0x0000000008001e3e                TIM_ARRPreloadConfig
                0x0000000008001e58                TIM_SelectOnePulseMode
                0x0000000008001e6c                TIM_SetClockDivision
                0x0000000008001e80                TIM_Cmd
                0x0000000008001e9a                TIM_OC1Init
                0x0000000008001f04                TIM_OC2Init
                0x0000000008001f8c                TIM_OC3Init
                0x0000000008002010                TIM_OC4Init
                0x0000000008002078                TIM_OCStructInit
                0x000000000800208c                TIM_SelectOCxM
                0x00000000080020dc                TIM_SetCompare1
                0x00000000080020e0                TIM_SetCompare2
                0x00000000080020e4                TIM_SetCompare3
                0x00000000080020e8                TIM_SetCompare4
                0x00000000080020ec                TIM_ForcedOC1Config
                0x00000000080020fa                TIM_ForcedOC2Config
                0x000000000800210c                TIM_ForcedOC3Config
                0x000000000800211a                TIM_ForcedOC4Config
                0x000000000800212c                TIM_OC1PreloadConfig
                0x000000000800213a                TIM_OC2PreloadConfig
                0x000000000800214c                TIM_OC3PreloadConfig
                0x000000000800215a                TIM_OC4PreloadConfig
                0x000000000800216c                TIM_OC1FastConfig
                0x000000000800217a                TIM_OC2FastConfig
                0x000000000800218c                TIM_OC3FastConfig
                0x000000000800219a                TIM_OC4FastConfig
                0x00000000080021ac                TIM_ClearOC1Ref
                0x00000000080021ba                TIM_ClearOC2Ref
                0x00000000080021ca                TIM_ClearOC3Ref
                0x00000000080021d8                TIM_ClearOC4Ref
                0x00000000080021e8                TIM_OC1PolarityConfig
                0x00000000080021f6                TIM_OC1NPolarityConfig
                0x0000000008002204                TIM_OC2PolarityConfig
                0x0000000008002216                TIM_OC2NPolarityConfig
                0x0000000008002228                TIM_OC3PolarityConfig
                0x000000000800223a                TIM_OC3NPolarityConfig
                0x000000000800224c                TIM_OC4PolarityConfig
                0x000000000800225e                TIM_CCxCmd
                0x0000000008002280                TIM_CCxNCmd
                0x00000000080022a2                TIM_ICStructInit
                0x00000000080022b2                TIM_GetCapture1
                0x00000000080022b6                TIM_GetCapture2
                0x00000000080022ba                TIM_GetCapture3
                0x00000000080022be                TIM_GetCapture4
                0x00000000080022c2                TIM_SetIC1Prescaler
                0x00000000080022d6                TIM_SetIC2Prescaler
                0x00000000080022ee                TIM_PWMIConfig
                0x000000000800235a                TIM_SetIC3Prescaler
                0x000000000800236e                TIM_SetIC4Prescaler
                0x0000000008002386                TIM_ICInit
                0x00000000080023e8                TIM_BDTRConfig
                0x0000000008002410                TIM_BDTRStructInit
                0x0000000008002422                TIM_CtrlPWMOutputs
                0x0000000008002440                TIM_SelectCOM
                0x000000000800245a                TIM_CCPreloadControl
                0x0000000008002474                TIM_ITConfig
                0x0000000008002488                TIM_GenerateEvent
                0x000000000800248c                TIM_GetFlagStatus
                0x000000000800249a                TIM_ClearFlag
                0x00000000080024a2                TIM_GetITStatus
                0x00000000080024ba                TIM_ClearITPendingBit
                0x00000000080024c2                TIM_DMAConfig
                0x00000000080024ca                TIM_DMACmd
                0x00000000080024de                TIM_SelectCCDMA
                0x00000000080024f8                TIM_InternalClockConfig
                0x0000000008002506                TIM_SelectInputTrigger
                0x0000000008002514                TIM_ITRxExternalClockConfig
                0x0000000008002526                TIM_TIxExternalClockConfig
                0x0000000008002552                TIM_SelectOutputTrigger
                0x0000000008002566                TIM_SelectSlaveMode
                0x000000000800257a                TIM_SelectMasterSlaveMode
                0x000000000800258e                TIM_ETRConfig
                0x00000000080025a6                TIM_ETRClockMode1Config
                0x00000000080025b8                TIM_ETRClockMode2Config
                0x00000000080025ca                TIM_EncoderInterfaceConfig
                0x0000000008002604                TIM_SelectHallSensor
                0x000000000800261e                TIM_RemapConfig
 .text          0x0000000008002624      0x43c /tmp/ccNnN4dm.o
                0x0000000008002624                USART_DeInit
                0x0000000008002720                USART_Init
                0x00000000080027f0                USART_StructInit
                0x0000000008002806                USART_ClockInit
                0x0000000008002828                USART_ClockStructInit
                0x0000000008002834                USART_Cmd
                0x000000000800284e                USART_SetPrescaler
                0x000000000800285e                USART_OverSampling8Cmd
                0x0000000008002874                USART_OneBitMethodCmd
                0x000000000800288e                USART_SendData
                0x0000000008002896                USART_ReceiveData
                0x000000000800289e                USART_SetAddress
                0x00000000080028b2                USART_ReceiverWakeUpCmd
                0x00000000080028cc                USART_WakeUpConfig
                0x00000000080028e0                USART_LINBreakDetectLengthConfig
                0x00000000080028f4                USART_LINCmd
                0x000000000800290e                USART_SendBreak
                0x0000000008002918                USART_HalfDuplexCmd
                0x0000000008002932                USART_SetGuardTime
                0x0000000008002942                USART_SmartCardCmd
                0x000000000800295c                USART_SmartCardNACKCmd
                0x0000000008002976                USART_IrDAConfig
                0x000000000800298a                USART_IrDACmd
                0x00000000080029a4                USART_DMACmd
                0x00000000080029b8                USART_ITConfig
                0x00000000080029f2                USART_GetFlagStatus
                0x0000000008002a00                USART_ClearFlag
                0x0000000008002a08                USART_GetITStatus
                0x0000000008002a4e                USART_ClearITPendingBit
 .text          0x0000000008002a60        0x0 /usr/lib/gcc/arm-none-eabi/7.1.0/../../../../arm-none-eabi/lib/thumb/v7e-m/fpv4-sp/softfp/libg.a(lib_a-atexit.o)
 .text.atexit   0x0000000008002a60        0xc /usr/lib/gcc/arm-none-eabi/7.1.0/../../../../arm-none-eabi/lib/thumb/v7e-m/fpv4-sp/softfp/libg.a(lib_a-atexit.o)
                0x0000000008002a60                atexit
 .text          0x0000000008002a6c        0x0 /usr/lib/gcc/arm-none-eabi/7.1.0/../../../../arm-none-eabi/lib/thumb/v7e-m/fpv4-sp/softfp/libg.a(lib_a-exit.o)
 .text.exit     0x0000000008002a6c       0x20 /usr/lib/gcc/arm-none-eabi/7.1.0/../../../../arm-none-eabi/lib/thumb/v7e-m/fpv4-sp/softfp/libg.a(lib_a-exit.o)
                0x0000000008002a6c                exit
 .text          0x0000000008002a8c        0x0 /usr/lib/gcc/arm-none-eabi/7.1.0/../../../../arm-none-eabi/lib/thumb/v7e-m/fpv4-sp/softfp/libg.a(lib_a-fini.o)
 .text.__libc_fini_array
                0x0000000008002a8c       0x34 /usr/lib/gcc/arm-none-eabi/7.1.0/../../../../arm-none-eabi/lib/thumb/v7e-m/fpv4-sp/softfp/libg.a(lib_a-fini.o)
                0x0000000008002a8c                __libc_fini_array
 .text          0x0000000008002ac0        0x0 /usr/lib/gcc/arm-none-eabi/7.1.0/../../../../arm-none-eabi/lib/thumb/v7e-m/fpv4-sp/softfp/libg.a(lib_a-impure.o)
 .text          0x0000000008002ac0        0x0 /usr/lib/gcc/arm-none-eabi/7.1.0/../../../../arm-none-eabi/lib/thumb/v7e-m/fpv4-sp/softfp/libg.a(lib_a-init.o)
 .text.__libc_init_array
                0x0000000008002ac0       0x48 /usr/lib/gcc/arm-none-eabi/7.1.0/../../../../arm-none-eabi/lib/thumb/v7e-m/fpv4-sp/softfp/libg.a(lib_a-init.o)
                0x0000000008002ac0                __libc_init_array
 .text          0x0000000008002b08        0x0 /usr/lib/gcc/arm-none-eabi/7.1.0/../../../../arm-none-eabi/lib/thumb/v7e-m/fpv4-sp/softfp/libg.a(lib_a-memset.o)
 .text.memset   0x0000000008002b08       0x94 /usr/lib/gcc/arm-none-eabi/7.1.0/../../../../arm-none-eabi/lib/thumb/v7e-m/fpv4-sp/softfp/libg.a(lib_a-memset.o)
                0x0000000008002b08                memset
 .text          0x0000000008002b9c        0x0 /usr/lib/gcc/arm-none-eabi/7.1.0/../../../../arm-none-eabi/lib/thumb/v7e-m/fpv4-sp/softfp/libg.a(lib_a-__atexit.o)
 .text.__register_exitproc
                0x0000000008002b9c       0xa0 /usr/lib/gcc/arm-none-eabi/7.1.0/../../../../arm-none-eabi/lib/thumb/v7e-m/fpv4-sp/softfp/libg.a(lib_a-__atexit.o)
                0x0000000008002b9c                __register_exitproc
 .text          0x0000000008002c3c        0x0 /usr/lib/gcc/arm-none-eabi/7.1.0/../../../../arm-none-eabi/lib/thumb/v7e-m/fpv4-sp/softfp/libg.a(lib_a-__call_atexit.o)
 .text.startup.register_fini
                0x0000000008002c3c       0x14 /usr/lib/gcc/arm-none-eabi/7.1.0/../../../../arm-none-eabi/lib/thumb/v7e-m/fpv4-sp/softfp/libg.a(lib_a-__call_atexit.o)
 .text.__call_exitprocs
                0x0000000008002c50       0xd0 /usr/lib/gcc/arm-none-eabi/7.1.0/../../../../arm-none-eabi/lib/thumb/v7e-m/fpv4-sp/softfp/libg.a(lib_a-__call_atexit.o)
                0x0000000008002c50                __call_exitprocs
 .text          0x0000000008002d20        0x0 /usr/lib/gcc/arm-none-eabi/7.1.0/../../../../arm-none-eabi/lib/thumb/v7e-m/fpv4-sp/softfp/libnosys.a(_exit.o)
 .text._exit    0x0000000008002d20        0x4 /usr/lib/gcc/arm-none-eabi/7.1.0/../../../../arm-none-eabi/lib/thumb/v7e-m/fpv4-sp/softfp/libnosys.a(_exit.o)
                0x0000000008002d20                _exit
 .text          0x0000000008002d24        0x0 /usr/lib/gcc/arm-none-eabi/7.1.0/thumb/v7e-m/fpv4-sp/softfp/crtend.o
 .text          0x0000000008002d24        0x0 /usr/lib/gcc/arm-none-eabi/7.1.0/thumb/v7e-m/fpv4-sp/softfp/crtn.o
                0x0000000008002d24                . = ALIGN (0x4)
 *(.rodata*)
 .rodata        0x0000000008002d24        0x4 /tmp/cczWnHrt.o
 .rodata._global_impure_ptr
                0x0000000008002d28        0x4 /usr/lib/gcc/arm-none-eabi/7.1.0/../../../../arm-none-eabi/lib/thumb/v7e-m/fpv4-sp/softfp/libg.a(lib_a-impure.o)
                0x0000000008002d28                _global_impure_ptr
                0x0000000008002d2c                . = ALIGN (0x4)

.glue_7         0x0000000008002d2c        0x0
 .glue_7        0x0000000008002d2c        0x0 linker stubs

.glue_7t        0x0000000008002d2c        0x0
 .glue_7t       0x0000000008002d2c        0x0 linker stubs

.vfp11_veneer   0x0000000008002d2c        0x0
 .vfp11_veneer  0x0000000008002d2c        0x0 linker stubs

.v4_bx          0x0000000008002d2c        0x0
 .v4_bx         0x0000000008002d2c        0x0 linker stubs

.init           0x0000000008002d2c        0xc
 .init          0x0000000008002d2c        0x4 /usr/lib/gcc/arm-none-eabi/7.1.0/thumb/v7e-m/fpv4-sp/softfp/crti.o
                0x0000000008002d2c                _init
 .init          0x0000000008002d30        0x8 /usr/lib/gcc/arm-none-eabi/7.1.0/thumb/v7e-m/fpv4-sp/softfp/crtn.o

.fini           0x0000000008002d38        0xc
 .fini          0x0000000008002d38        0x4 /usr/lib/gcc/arm-none-eabi/7.1.0/thumb/v7e-m/fpv4-sp/softfp/crti.o
                0x0000000008002d38                _fini
 .fini          0x0000000008002d3c        0x8 /usr/lib/gcc/arm-none-eabi/7.1.0/thumb/v7e-m/fpv4-sp/softfp/crtn.o

.iplt           0x0000000008002d44        0x0
 .iplt          0x0000000008002d44        0x0 /usr/lib/gcc/arm-none-eabi/7.1.0/thumb/v7e-m/fpv4-sp/softfp/crtbegin.o

.rel.dyn        0x0000000008002d44        0x0
 .rel.iplt      0x0000000008002d44        0x0 /usr/lib/gcc/arm-none-eabi/7.1.0/thumb/v7e-m/fpv4-sp/softfp/crtbegin.o
                0x0000000008002d44                . = ALIGN (0x4)
                0x0000000008002d44                _etext = .

.data           0x0000000020000000      0x458 load address 0x0000000008002d44
                0x0000000020000000                _sdata = .
 *(.data*)
 .data          0x0000000020000000        0x0 /usr/lib/gcc/arm-none-eabi/7.1.0/thumb/v7e-m/fpv4-sp/softfp/crti.o
 .data          0x0000000020000000        0x4 /usr/lib/gcc/arm-none-eabi/7.1.0/thumb/v7e-m/fpv4-sp/softfp/crtbegin.o
                0x0000000020000000                __dso_handle
 .data          0x0000000020000004        0x0 /usr/lib/gcc/arm-none-eabi/7.1.0/../../../../arm-none-eabi/lib/thumb/v7e-m/fpv4-sp/softfp/crt0.o
 .data          0x0000000020000004        0x0 /tmp/ccXfuY3M.o
 .data          0x0000000020000004        0x0 /tmp/cczWnHrt.o
 .data          0x0000000020000004        0x0 /tmp/ccsQzz09.o
 .data          0x0000000020000004        0x0 /tmp/ccUPvKLQ.o
 .data          0x0000000020000004        0x0 /tmp/ccGDzIEx.o
 .data          0x0000000020000004        0x0 /tmp/cchTPcDe.o
 .data          0x0000000020000004       0x14 /tmp/ccG5rwNV.o
                0x0000000020000004                SystemCoreClock
                0x0000000020000008                AHBPrescTable
 .data          0x0000000020000018        0x0 /tmp/ccFCYTYC.o
 .data          0x0000000020000018        0x0 /tmp/ccWFROmk.o
 .data          0x0000000020000018        0x0 /tmp/cc2h6N41.o
 .data          0x0000000020000018        0x0 /tmp/cc9qQf0J.o
 .data          0x0000000020000018        0x0 /tmp/ccSpa8as.o
 .data          0x0000000020000018       0x10 /tmp/cc6oyVGa.o
 .data          0x0000000020000028        0x0 /tmp/ccULIJoT.o
 .data          0x0000000020000028        0x0 /tmp/cc6mNpEC.o
 .data          0x0000000020000028        0x0 /tmp/ccNnN4dm.o
 .data          0x0000000020000028        0x0 /usr/lib/gcc/arm-none-eabi/7.1.0/../../../../arm-none-eabi/lib/thumb/v7e-m/fpv4-sp/softfp/libg.a(lib_a-atexit.o)
 .data          0x0000000020000028        0x0 /usr/lib/gcc/arm-none-eabi/7.1.0/../../../../arm-none-eabi/lib/thumb/v7e-m/fpv4-sp/softfp/libg.a(lib_a-exit.o)
 .data          0x0000000020000028        0x0 /usr/lib/gcc/arm-none-eabi/7.1.0/../../../../arm-none-eabi/lib/thumb/v7e-m/fpv4-sp/softfp/libg.a(lib_a-fini.o)
 .data          0x0000000020000028        0x0 /usr/lib/gcc/arm-none-eabi/7.1.0/../../../../arm-none-eabi/lib/thumb/v7e-m/fpv4-sp/softfp/libg.a(lib_a-impure.o)
 .data._impure_ptr
                0x0000000020000028        0x4 /usr/lib/gcc/arm-none-eabi/7.1.0/../../../../arm-none-eabi/lib/thumb/v7e-m/fpv4-sp/softfp/libg.a(lib_a-impure.o)
                0x0000000020000028                _impure_ptr
 *fill*         0x000000002000002c        0x4 
 .data.impure_data
                0x0000000020000030      0x428 /usr/lib/gcc/arm-none-eabi/7.1.0/../../../../arm-none-eabi/lib/thumb/v7e-m/fpv4-sp/softfp/libg.a(lib_a-impure.o)
 .data          0x0000000020000458        0x0 /usr/lib/gcc/arm-none-eabi/7.1.0/../../../../arm-none-eabi/lib/thumb/v7e-m/fpv4-sp/softfp/libg.a(lib_a-init.o)
 .data          0x0000000020000458        0x0 /usr/lib/gcc/arm-none-eabi/7.1.0/../../../../arm-none-eabi/lib/thumb/v7e-m/fpv4-sp/softfp/libg.a(lib_a-memset.o)
 .data          0x0000000020000458        0x0 /usr/lib/gcc/arm-none-eabi/7.1.0/../../../../arm-none-eabi/lib/thumb/v7e-m/fpv4-sp/softfp/libg.a(lib_a-__atexit.o)
 .data          0x0000000020000458        0x0 /usr/lib/gcc/arm-none-eabi/7.1.0/../../../../arm-none-eabi/lib/thumb/v7e-m/fpv4-sp/softfp/libg.a(lib_a-__call_atexit.o)
 .data          0x0000000020000458        0x0 /usr/lib/gcc/arm-none-eabi/7.1.0/../../../../arm-none-eabi/lib/thumb/v7e-m/fpv4-sp/softfp/libnosys.a(_exit.o)
 .data          0x0000000020000458        0x0 /usr/lib/gcc/arm-none-eabi/7.1.0/thumb/v7e-m/fpv4-sp/softfp/crtend.o
 .data          0x0000000020000458        0x0 /usr/lib/gcc/arm-none-eabi/7.1.0/thumb/v7e-m/fpv4-sp/softfp/crtn.o
                0x0000000020000458                . = ALIGN (0x4)
                0x0000000020000458                _edata = .
                0x0000000008002d44                _sidata = LOADADDR (.data)

.init_array     0x0000000020000458        0x4 load address 0x000000000800319c
 .init_array    0x0000000020000458        0x4 /usr/lib/gcc/arm-none-eabi/7.1.0/thumb/v7e-m/fpv4-sp/softfp/crtbegin.o

.fini_array     0x000000002000045c        0x4 load address 0x00000000080031a0
 .fini_array    0x000000002000045c        0x4 /usr/lib/gcc/arm-none-eabi/7.1.0/thumb/v7e-m/fpv4-sp/softfp/crtbegin.o

.tm_clone_table
                0x0000000020000460        0x0 load address 0x00000000080031a4
 .tm_clone_table
                0x0000000020000460        0x0 /usr/lib/gcc/arm-none-eabi/7.1.0/thumb/v7e-m/fpv4-sp/softfp/crtbegin.o
 .tm_clone_table
                0x0000000020000460        0x0 /usr/lib/gcc/arm-none-eabi/7.1.0/thumb/v7e-m/fpv4-sp/softfp/crtend.o

.igot.plt       0x0000000020000460        0x0 load address 0x00000000080031a4
 .igot.plt      0x0000000020000460        0x0 /usr/lib/gcc/arm-none-eabi/7.1.0/thumb/v7e-m/fpv4-sp/softfp/crtbegin.o

.init_array.00000
                0x0000000020000460        0x4 load address 0x00000000080031a4
 .init_array.00000
                0x0000000020000460        0x4 /usr/lib/gcc/arm-none-eabi/7.1.0/../../../../arm-none-eabi/lib/thumb/v7e-m/fpv4-sp/softfp/libg.a(lib_a-__call_atexit.o)

.bss            0x0000000020000468       0xe0 load address 0x00000000080031a8
                0x0000000020000468                __bss_start__ = .
                0x0000000020000468                _sbss = .
 *(.bss*)
 .bss           0x0000000020000468        0x0 /usr/lib/gcc/arm-none-eabi/7.1.0/thumb/v7e-m/fpv4-sp/softfp/crti.o
 .bss           0x0000000020000468       0x1c /usr/lib/gcc/arm-none-eabi/7.1.0/thumb/v7e-m/fpv4-sp/softfp/crtbegin.o
 .bss           0x0000000020000484        0x0 /usr/lib/gcc/arm-none-eabi/7.1.0/../../../../arm-none-eabi/lib/thumb/v7e-m/fpv4-sp/softfp/crt0.o
 .bss           0x0000000020000484        0x0 /tmp/ccXfuY3M.o
 .bss           0x0000000020000484        0x0 /tmp/cczWnHrt.o
 .bss           0x0000000020000484        0x0 /tmp/ccsQzz09.o
 *fill*         0x0000000020000484        0x4 
 .bss           0x0000000020000488        0x8 /tmp/ccUPvKLQ.o
                0x0000000020000488                _ms_ticks
 .bss           0x0000000020000490       0xb8 /tmp/ccGDzIEx.o
 .bss           0x0000000020000548        0x0 /tmp/cchTPcDe.o
 .bss           0x0000000020000548        0x0 /tmp/ccG5rwNV.o
 .bss           0x0000000020000548        0x0 /tmp/ccFCYTYC.o
 .bss           0x0000000020000548        0x0 /tmp/ccWFROmk.o
 .bss           0x0000000020000548        0x0 /tmp/cc2h6N41.o
 .bss           0x0000000020000548        0x0 /tmp/cc9qQf0J.o
 .bss           0x0000000020000548        0x0 /tmp/ccSpa8as.o
 .bss           0x0000000020000548        0x0 /tmp/cc6oyVGa.o
 .bss           0x0000000020000548        0x0 /tmp/ccULIJoT.o
 .bss           0x0000000020000548        0x0 /tmp/cc6mNpEC.o
 .bss           0x0000000020000548        0x0 /tmp/ccNnN4dm.o
 .bss           0x0000000020000548        0x0 /usr/lib/gcc/arm-none-eabi/7.1.0/../../../../arm-none-eabi/lib/thumb/v7e-m/fpv4-sp/softfp/libg.a(lib_a-atexit.o)
 .bss           0x0000000020000548        0x0 /usr/lib/gcc/arm-none-eabi/7.1.0/../../../../arm-none-eabi/lib/thumb/v7e-m/fpv4-sp/softfp/libg.a(lib_a-exit.o)
 .bss           0x0000000020000548        0x0 /usr/lib/gcc/arm-none-eabi/7.1.0/../../../../arm-none-eabi/lib/thumb/v7e-m/fpv4-sp/softfp/libg.a(lib_a-fini.o)
 .bss           0x0000000020000548        0x0 /usr/lib/gcc/arm-none-eabi/7.1.0/../../../../arm-none-eabi/lib/thumb/v7e-m/fpv4-sp/softfp/libg.a(lib_a-impure.o)
 .bss           0x0000000020000548        0x0 /usr/lib/gcc/arm-none-eabi/7.1.0/../../../../arm-none-eabi/lib/thumb/v7e-m/fpv4-sp/softfp/libg.a(lib_a-init.o)
 .bss           0x0000000020000548        0x0 /usr/lib/gcc/arm-none-eabi/7.1.0/../../../../arm-none-eabi/lib/thumb/v7e-m/fpv4-sp/softfp/libg.a(lib_a-memset.o)
 .bss           0x0000000020000548        0x0 /usr/lib/gcc/arm-none-eabi/7.1.0/../../../../arm-none-eabi/lib/thumb/v7e-m/fpv4-sp/softfp/libg.a(lib_a-__atexit.o)
 .bss           0x0000000020000548        0x0 /usr/lib/gcc/arm-none-eabi/7.1.0/../../../../arm-none-eabi/lib/thumb/v7e-m/fpv4-sp/softfp/libg.a(lib_a-__call_atexit.o)
 .bss           0x0000000020000548        0x0 /usr/lib/gcc/arm-none-eabi/7.1.0/../../../../arm-none-eabi/lib/thumb/v7e-m/fpv4-sp/softfp/libnosys.a(_exit.o)
 .bss           0x0000000020000548        0x0 /usr/lib/gcc/arm-none-eabi/7.1.0/thumb/v7e-m/fpv4-sp/softfp/crtend.o
 .bss           0x0000000020000548        0x0 /usr/lib/gcc/arm-none-eabi/7.1.0/thumb/v7e-m/fpv4-sp/softfp/crtn.o
 *(COMMON)
                0x0000000020000548                . = ALIGN (0x4)
                0x0000000020000548                _ebss = .
                0x0000000020000548                __bss_end__ = .
                0x0000000020000548                . = ALIGN (0x4)
                0x0000000020000548                end = .
                0x0000000020018000                PROVIDE (_estack, (ORIGIN (ram) + LENGTH (ram)))
OUTPUT(build/buzzer.elf elf32-littlearm)

.ARM.attributes
                0x0000000000000000       0x2e
 .ARM.attributes
                0x0000000000000000       0x22 /usr/lib/gcc/arm-none-eabi/7.1.0/thumb/v7e-m/fpv4-sp/softfp/crti.o
 .ARM.attributes
                0x0000000000000022       0x32 /usr/lib/gcc/arm-none-eabi/7.1.0/thumb/v7e-m/fpv4-sp/softfp/crtbegin.o
 .ARM.attributes
                0x0000000000000054       0x20 /usr/lib/gcc/arm-none-eabi/7.1.0/../../../../arm-none-eabi/lib/thumb/v7e-m/fpv4-sp/softfp/crt0.o
 .ARM.attributes
                0x0000000000000074       0x37 /tmp/ccXfuY3M.o
 .ARM.attributes
                0x00000000000000ab       0x37 /tmp/cczWnHrt.o
 .ARM.attributes
                0x00000000000000e2       0x37 /tmp/ccsQzz09.o
 .ARM.attributes
                0x0000000000000119       0x37 /tmp/ccUPvKLQ.o
 .ARM.attributes
                0x0000000000000150       0x37 /tmp/ccGDzIEx.o
 .ARM.attributes
                0x0000000000000187       0x37 /tmp/cchTPcDe.o
 .ARM.attributes
                0x00000000000001be       0x37 /tmp/ccG5rwNV.o
 .ARM.attributes
                0x00000000000001f5       0x21 /tmp/ccFCYTYC.o
 .ARM.attributes
                0x0000000000000216       0x37 /tmp/ccWFROmk.o
 .ARM.attributes
                0x000000000000024d       0x37 /tmp/cc2h6N41.o
 .ARM.attributes
                0x0000000000000284       0x37 /tmp/cc9qQf0J.o
 .ARM.attributes
                0x00000000000002bb       0x37 /tmp/ccSpa8as.o
 .ARM.attributes
                0x00000000000002f2       0x37 /tmp/cc6oyVGa.o
 .ARM.attributes
                0x0000000000000329       0x37 /tmp/ccULIJoT.o
 .ARM.attributes
                0x0000000000000360       0x37 /tmp/cc6mNpEC.o
 .ARM.attributes
                0x0000000000000397       0x37 /tmp/ccNnN4dm.o
 .ARM.attributes
                0x00000000000003ce       0x32 /usr/lib/gcc/arm-none-eabi/7.1.0/../../../../arm-none-eabi/lib/thumb/v7e-m/fpv4-sp/softfp/libg.a(lib_a-atexit.o)
 .ARM.attributes
                0x0000000000000400       0x32 /usr/lib/gcc/arm-none-eabi/7.1.0/../../../../arm-none-eabi/lib/thumb/v7e-m/fpv4-sp/softfp/libg.a(lib_a-exit.o)
 .ARM.attributes
                0x0000000000000432       0x32 /usr/lib/gcc/arm-none-eabi/7.1.0/../../../../arm-none-eabi/lib/thumb/v7e-m/fpv4-sp/softfp/libg.a(lib_a-fini.o)
 .ARM.attributes
                0x0000000000000464       0x32 /usr/lib/gcc/arm-none-eabi/7.1.0/../../../../arm-none-eabi/lib/thumb/v7e-m/fpv4-sp/softfp/libg.a(lib_a-impure.o)
 .ARM.attributes
                0x0000000000000496       0x32 /usr/lib/gcc/arm-none-eabi/7.1.0/../../../../arm-none-eabi/lib/thumb/v7e-m/fpv4-sp/softfp/libg.a(lib_a-init.o)
 .ARM.attributes
                0x00000000000004c8       0x32 /usr/lib/gcc/arm-none-eabi/7.1.0/../../../../arm-none-eabi/lib/thumb/v7e-m/fpv4-sp/softfp/libg.a(lib_a-memset.o)
 .ARM.attributes
                0x00000000000004fa       0x32 /usr/lib/gcc/arm-none-eabi/7.1.0/../../../../arm-none-eabi/lib/thumb/v7e-m/fpv4-sp/softfp/libg.a(lib_a-__atexit.o)
 .ARM.attributes
                0x000000000000052c       0x32 /usr/lib/gcc/arm-none-eabi/7.1.0/../../../../arm-none-eabi/lib/thumb/v7e-m/fpv4-sp/softfp/libg.a(lib_a-__call_atexit.o)
 .ARM.attributes
                0x000000000000055e       0x32 /usr/lib/gcc/arm-none-eabi/7.1.0/../../../../arm-none-eabi/lib/thumb/v7e-m/fpv4-sp/softfp/libnosys.a(_exit.o)
 .ARM.attributes
                0x0000000000000590       0x32 /usr/lib/gcc/arm-none-eabi/7.1.0/thumb/v7e-m/fpv4-sp/softfp/crtend.o
 .ARM.attributes
                0x00000000000005c2       0x22 /usr/lib/gcc/arm-none-eabi/7.1.0/thumb/v7e-m/fpv4-sp/softfp/crtn.o

.comment        0x0000000000000000       0x42
 .comment       0x0000000000000000       0x21 /usr/lib/gcc/arm-none-eabi/7.1.0/thumb/v7e-m/fpv4-sp/softfp/crtbegin.o
                                         0x22 (size before relaxing)
 .comment       0x0000000000000021       0x22 /tmp/ccXfuY3M.o
 .comment       0x0000000000000021       0x22 /tmp/cczWnHrt.o
 .comment       0x0000000000000021       0x22 /tmp/ccsQzz09.o
 .comment       0x0000000000000021       0x22 /tmp/ccUPvKLQ.o
 .comment       0x0000000000000021       0x22 /tmp/ccGDzIEx.o
 .comment       0x0000000000000021       0x22 /tmp/cchTPcDe.o
 .comment       0x0000000000000021       0x22 /tmp/ccG5rwNV.o
 .comment       0x0000000000000021       0x22 /tmp/ccWFROmk.o
 .comment       0x0000000000000021       0x22 /tmp/cc2h6N41.o
 .comment       0x0000000000000021       0x22 /tmp/cc9qQf0J.o
 .comment       0x0000000000000021       0x22 /tmp/ccSpa8as.o
 .comment       0x0000000000000021       0x22 /tmp/cc6oyVGa.o
 .comment       0x0000000000000021       0x22 /tmp/ccULIJoT.o
 .comment       0x0000000000000021       0x22 /tmp/cc6mNpEC.o
 .comment       0x0000000000000021       0x22 /tmp/ccNnN4dm.o
 .comment       0x0000000000000021       0x21 /usr/lib/gcc/arm-none-eabi/7.1.0/../../../../arm-none-eabi/lib/thumb/v7e-m/fpv4-sp/softfp/libg.a(lib_a-atexit.o)
                                         0x22 (size before relaxing)
 .comment       0x0000000000000042       0x22 /usr/lib/gcc/arm-none-eabi/7.1.0/../../../../arm-none-eabi/lib/thumb/v7e-m/fpv4-sp/softfp/libg.a(lib_a-exit.o)
 .comment       0x0000000000000042       0x22 /usr/lib/gcc/arm-none-eabi/7.1.0/../../../../arm-none-eabi/lib/thumb/v7e-m/fpv4-sp/softfp/libg.a(lib_a-fini.o)
 .comment       0x0000000000000042       0x22 /usr/lib/gcc/arm-none-eabi/7.1.0/../../../../arm-none-eabi/lib/thumb/v7e-m/fpv4-sp/softfp/libg.a(lib_a-impure.o)
 .comment       0x0000000000000042       0x22 /usr/lib/gcc/arm-none-eabi/7.1.0/../../../../arm-none-eabi/lib/thumb/v7e-m/fpv4-sp/softfp/libg.a(lib_a-init.o)
 .comment       0x0000000000000042       0x22 /usr/lib/gcc/arm-none-eabi/7.1.0/../../../../arm-none-eabi/lib/thumb/v7e-m/fpv4-sp/softfp/libg.a(lib_a-memset.o)
 .comment       0x0000000000000042       0x22 /usr/lib/gcc/arm-none-eabi/7.1.0/../../../../arm-none-eabi/lib/thumb/v7e-m/fpv4-sp/softfp/libg.a(lib_a-__atexit.o)
 .comment       0x0000000000000042       0x22 /usr/lib/gcc/arm-none-eabi/7.1.0/../../../../arm-none-eabi/lib/thumb/v7e-m/fpv4-sp/softfp/libg.a(lib_a-__call_atexit.o)
 .comment       0x0000000000000042       0x22 /usr/lib/gcc/arm-none-eabi/7.1.0/../../../../arm-none-eabi/lib/thumb/v7e-m/fpv4-sp/softfp/libnosys.a(_exit.o)
 .comment       0x0000000000000042       0x22 /usr/lib/gcc/arm-none-eabi/7.1.0/thumb/v7e-m/fpv4-sp/softfp/crtend.o

.debug_line     0x0000000000000000     0x280c
 .debug_line    0x0000000000000000       0x84 /usr/lib/gcc/arm-none-eabi/7.1.0/../../../../arm-none-eabi/lib/thumb/v7e-m/fpv4-sp/softfp/crt0.o
 .debug_line    0x0000000000000084      0x1e6 /tmp/ccXfuY3M.o
 .debug_line    0x000000000000026a      0x1b5 /tmp/cczWnHrt.o
 .debug_line    0x000000000000041f      0x169 /tmp/ccsQzz09.o
 .debug_line    0x0000000000000588      0x15b /tmp/ccUPvKLQ.o
 .debug_line    0x00000000000006e3      0x156 /tmp/ccGDzIEx.o
 .debug_line    0x0000000000000839       0xcd /tmp/cchTPcDe.o
 .debug_line    0x0000000000000906      0x129 /tmp/ccG5rwNV.o
 .debug_line    0x0000000000000a2f       0x72 /tmp/ccFCYTYC.o
 .debug_line    0x0000000000000aa1      0x144 /tmp/ccWFROmk.o
 .debug_line    0x0000000000000be5      0x2cc /tmp/cc2h6N41.o
 .debug_line    0x0000000000000eb1      0x177 /tmp/cc9qQf0J.o
 .debug_line    0x0000000000001028      0x1d5 /tmp/ccSpa8as.o
 .debug_line    0x00000000000011fd      0x2e1 /tmp/cc6oyVGa.o
 .debug_line    0x00000000000014de      0x14d /tmp/ccULIJoT.o
 .debug_line    0x000000000000162b      0x50c /tmp/cc6mNpEC.o
 .debug_line    0x0000000000001b37      0x284 /tmp/ccNnN4dm.o
 .debug_line    0x0000000000001dbb      0x147 /usr/lib/gcc/arm-none-eabi/7.1.0/../../../../arm-none-eabi/lib/thumb/v7e-m/fpv4-sp/softfp/libg.a(lib_a-atexit.o)
 .debug_line    0x0000000000001f02      0x158 /usr/lib/gcc/arm-none-eabi/7.1.0/../../../../arm-none-eabi/lib/thumb/v7e-m/fpv4-sp/softfp/libg.a(lib_a-exit.o)
 .debug_line    0x000000000000205a       0xa5 /usr/lib/gcc/arm-none-eabi/7.1.0/../../../../arm-none-eabi/lib/thumb/v7e-m/fpv4-sp/softfp/libg.a(lib_a-fini.o)
 .debug_line    0x00000000000020ff       0xe7 /usr/lib/gcc/arm-none-eabi/7.1.0/../../../../arm-none-eabi/lib/thumb/v7e-m/fpv4-sp/softfp/libg.a(lib_a-impure.o)
 .debug_line    0x00000000000021e6       0xbf /usr/lib/gcc/arm-none-eabi/7.1.0/../../../../arm-none-eabi/lib/thumb/v7e-m/fpv4-sp/softfp/libg.a(lib_a-init.o)
 .debug_line    0x00000000000022a5      0x1de /usr/lib/gcc/arm-none-eabi/7.1.0/../../../../arm-none-eabi/lib/thumb/v7e-m/fpv4-sp/softfp/libg.a(lib_a-memset.o)
 .debug_line    0x0000000000002483      0x17a /usr/lib/gcc/arm-none-eabi/7.1.0/../../../../arm-none-eabi/lib/thumb/v7e-m/fpv4-sp/softfp/libg.a(lib_a-__atexit.o)
 .debug_line    0x00000000000025fd      0x1ae /usr/lib/gcc/arm-none-eabi/7.1.0/../../../../arm-none-eabi/lib/thumb/v7e-m/fpv4-sp/softfp/libg.a(lib_a-__call_atexit.o)
 .debug_line    0x00000000000027ab       0x61 /usr/lib/gcc/arm-none-eabi/7.1.0/../../../../arm-none-eabi/lib/thumb/v7e-m/fpv4-sp/softfp/libnosys.a(_exit.o)

.debug_info     0x0000000000000000     0xcd40
 .debug_info    0x0000000000000000       0xb8 /usr/lib/gcc/arm-none-eabi/7.1.0/../../../../arm-none-eabi/lib/thumb/v7e-m/fpv4-sp/softfp/crt0.o
 .debug_info    0x00000000000000b8      0xdf1 /tmp/ccXfuY3M.o
 .debug_info    0x0000000000000ea9      0x92e /tmp/cczWnHrt.o
 .debug_info    0x00000000000017d7      0x7f3 /tmp/ccsQzz09.o
 .debug_info    0x0000000000001fca      0x53e /tmp/ccUPvKLQ.o
 .debug_info    0x0000000000002508      0x677 /tmp/ccGDzIEx.o
 .debug_info    0x0000000000002b7f      0x218 /tmp/cchTPcDe.o
 .debug_info    0x0000000000002d97      0x5c6 /tmp/ccG5rwNV.o
 .debug_info    0x000000000000335d       0x86 /tmp/ccFCYTYC.o
 .debug_info    0x00000000000033e3      0x54b /tmp/ccWFROmk.o
 .debug_info    0x000000000000392e      0xc8d /tmp/cc2h6N41.o
 .debug_info    0x00000000000045bb      0x356 /tmp/cc9qQf0J.o
 .debug_info    0x0000000000004911      0x852 /tmp/ccSpa8as.o
 .debug_info    0x0000000000005163      0xd93 /tmp/cc6oyVGa.o
 .debug_info    0x0000000000005ef6      0x2e3 /tmp/ccULIJoT.o
 .debug_info    0x00000000000061d9     0x2105 /tmp/cc6mNpEC.o
 .debug_info    0x00000000000082de      0xb9f /tmp/ccNnN4dm.o
 .debug_info    0x0000000000008e7d      0x90c /usr/lib/gcc/arm-none-eabi/7.1.0/../../../../arm-none-eabi/lib/thumb/v7e-m/fpv4-sp/softfp/libg.a(lib_a-atexit.o)
 .debug_info    0x0000000000009789      0x941 /usr/lib/gcc/arm-none-eabi/7.1.0/../../../../arm-none-eabi/lib/thumb/v7e-m/fpv4-sp/softfp/libg.a(lib_a-exit.o)
 .debug_info    0x000000000000a0ca       0xf3 /usr/lib/gcc/arm-none-eabi/7.1.0/../../../../arm-none-eabi/lib/thumb/v7e-m/fpv4-sp/softfp/libg.a(lib_a-fini.o)
 .debug_info    0x000000000000a1bd      0x8a9 /usr/lib/gcc/arm-none-eabi/7.1.0/../../../../arm-none-eabi/lib/thumb/v7e-m/fpv4-sp/softfp/libg.a(lib_a-impure.o)
 .debug_info    0x000000000000aa66      0x109 /usr/lib/gcc/arm-none-eabi/7.1.0/../../../../arm-none-eabi/lib/thumb/v7e-m/fpv4-sp/softfp/libg.a(lib_a-init.o)
 .debug_info    0x000000000000ab6f      0xe22 /usr/lib/gcc/arm-none-eabi/7.1.0/../../../../arm-none-eabi/lib/thumb/v7e-m/fpv4-sp/softfp/libg.a(lib_a-memset.o)
 .debug_info    0x000000000000b991      0x955 /usr/lib/gcc/arm-none-eabi/7.1.0/../../../../arm-none-eabi/lib/thumb/v7e-m/fpv4-sp/softfp/libg.a(lib_a-__atexit.o)
 .debug_info    0x000000000000c2e6      0x9c0 /usr/lib/gcc/arm-none-eabi/7.1.0/../../../../arm-none-eabi/lib/thumb/v7e-m/fpv4-sp/softfp/libg.a(lib_a-__call_atexit.o)
 .debug_info    0x000000000000cca6       0x9a /usr/lib/gcc/arm-none-eabi/7.1.0/../../../../arm-none-eabi/lib/thumb/v7e-m/fpv4-sp/softfp/libnosys.a(_exit.o)

.debug_abbrev   0x0000000000000000     0x2778
 .debug_abbrev  0x0000000000000000       0x14 /usr/lib/gcc/arm-none-eabi/7.1.0/../../../../arm-none-eabi/lib/thumb/v7e-m/fpv4-sp/softfp/crt0.o
 .debug_abbrev  0x0000000000000014      0x1b6 /tmp/ccXfuY3M.o
 .debug_abbrev  0x00000000000001ca      0x20a /tmp/cczWnHrt.o
 .debug_abbrev  0x00000000000003d4      0x1fa /tmp/ccsQzz09.o
 .debug_abbrev  0x00000000000005ce      0x17c /tmp/ccUPvKLQ.o
 .debug_abbrev  0x000000000000074a      0x17e /tmp/ccGDzIEx.o
 .debug_abbrev  0x00000000000008c8      0x135 /tmp/cchTPcDe.o
 .debug_abbrev  0x00000000000009fd      0x140 /tmp/ccG5rwNV.o
 .debug_abbrev  0x0000000000000b3d       0x12 /tmp/ccFCYTYC.o
 .debug_abbrev  0x0000000000000b4f      0x183 /tmp/ccWFROmk.o
 .debug_abbrev  0x0000000000000cd2      0x1e8 /tmp/cc2h6N41.o
 .debug_abbrev  0x0000000000000eba      0x1de /tmp/cc9qQf0J.o
 .debug_abbrev  0x0000000000001098      0x1f7 /tmp/ccSpa8as.o
 .debug_abbrev  0x000000000000128f      0x1f7 /tmp/cc6oyVGa.o
 .debug_abbrev  0x0000000000001486      0x174 /tmp/ccULIJoT.o
 .debug_abbrev  0x00000000000015fa      0x1d3 /tmp/cc6mNpEC.o
 .debug_abbrev  0x00000000000017cd      0x1ce /tmp/ccNnN4dm.o
 .debug_abbrev  0x000000000000199b      0x201 /usr/lib/gcc/arm-none-eabi/7.1.0/../../../../arm-none-eabi/lib/thumb/v7e-m/fpv4-sp/softfp/libg.a(lib_a-atexit.o)
 .debug_abbrev  0x0000000000001b9c      0x1f0 /usr/lib/gcc/arm-none-eabi/7.1.0/../../../../arm-none-eabi/lib/thumb/v7e-m/fpv4-sp/softfp/libg.a(lib_a-exit.o)
 .debug_abbrev  0x0000000000001d8c       0xbd /usr/lib/gcc/arm-none-eabi/7.1.0/../../../../arm-none-eabi/lib/thumb/v7e-m/fpv4-sp/softfp/libg.a(lib_a-fini.o)
 .debug_abbrev  0x0000000000001e49      0x192 /usr/lib/gcc/arm-none-eabi/7.1.0/../../../../arm-none-eabi/lib/thumb/v7e-m/fpv4-sp/softfp/libg.a(lib_a-impure.o)
 .debug_abbrev  0x0000000000001fdb       0xba /usr/lib/gcc/arm-none-eabi/7.1.0/../../../../arm-none-eabi/lib/thumb/v7e-m/fpv4-sp/softfp/libg.a(lib_a-init.o)
 .debug_abbrev  0x0000000000002095      0x1de /usr/lib/gcc/arm-none-eabi/7.1.0/../../../../arm-none-eabi/lib/thumb/v7e-m/fpv4-sp/softfp/libg.a(lib_a-memset.o)
 .debug_abbrev  0x0000000000002273      0x22b /usr/lib/gcc/arm-none-eabi/7.1.0/../../../../arm-none-eabi/lib/thumb/v7e-m/fpv4-sp/softfp/libg.a(lib_a-__atexit.o)
 .debug_abbrev  0x000000000000249e      0x279 /usr/lib/gcc/arm-none-eabi/7.1.0/../../../../arm-none-eabi/lib/thumb/v7e-m/fpv4-sp/softfp/libg.a(lib_a-__call_atexit.o)
 .debug_abbrev  0x0000000000002717       0x61 /usr/lib/gcc/arm-none-eabi/7.1.0/../../../../arm-none-eabi/lib/thumb/v7e-m/fpv4-sp/softfp/libnosys.a(_exit.o)

.debug_aranges  0x0000000000000000      0x348
 .debug_aranges
                0x0000000000000000       0x20 /usr/lib/gcc/arm-none-eabi/7.1.0/../../../../arm-none-eabi/lib/thumb/v7e-m/fpv4-sp/softfp/crt0.o
 .debug_aranges
                0x0000000000000020       0x20 /tmp/ccXfuY3M.o
 .debug_aranges
                0x0000000000000040       0x20 /tmp/cczWnHrt.o
 .debug_aranges
                0x0000000000000060       0x20 /tmp/ccsQzz09.o
 .debug_aranges
                0x0000000000000080       0x20 /tmp/ccUPvKLQ.o
 .debug_aranges
                0x00000000000000a0       0x20 /tmp/ccGDzIEx.o
 .debug_aranges
                0x00000000000000c0       0x20 /tmp/cchTPcDe.o
 .debug_aranges
                0x00000000000000e0       0x20 /tmp/ccG5rwNV.o
 .debug_aranges
                0x0000000000000100       0x28 /tmp/ccFCYTYC.o
 .debug_aranges
                0x0000000000000128       0x20 /tmp/ccWFROmk.o
 .debug_aranges
                0x0000000000000148       0x20 /tmp/cc2h6N41.o
 .debug_aranges
                0x0000000000000168       0x20 /tmp/cc9qQf0J.o
 .debug_aranges
                0x0000000000000188       0x20 /tmp/ccSpa8as.o
 .debug_aranges
                0x00000000000001a8       0x20 /tmp/cc6oyVGa.o
 .debug_aranges
                0x00000000000001c8       0x20 /tmp/ccULIJoT.o
 .debug_aranges
                0x00000000000001e8       0x20 /tmp/cc6mNpEC.o
 .debug_aranges
                0x0000000000000208       0x20 /tmp/ccNnN4dm.o
 .debug_aranges
                0x0000000000000228       0x20 /usr/lib/gcc/arm-none-eabi/7.1.0/../../../../arm-none-eabi/lib/thumb/v7e-m/fpv4-sp/softfp/libg.a(lib_a-atexit.o)
 .debug_aranges
                0x0000000000000248       0x20 /usr/lib/gcc/arm-none-eabi/7.1.0/../../../../arm-none-eabi/lib/thumb/v7e-m/fpv4-sp/softfp/libg.a(lib_a-exit.o)
 .debug_aranges
                0x0000000000000268       0x20 /usr/lib/gcc/arm-none-eabi/7.1.0/../../../../arm-none-eabi/lib/thumb/v7e-m/fpv4-sp/softfp/libg.a(lib_a-fini.o)
 .debug_aranges
                0x0000000000000288       0x18 /usr/lib/gcc/arm-none-eabi/7.1.0/../../../../arm-none-eabi/lib/thumb/v7e-m/fpv4-sp/softfp/libg.a(lib_a-impure.o)
 .debug_aranges
                0x00000000000002a0       0x20 /usr/lib/gcc/arm-none-eabi/7.1.0/../../../../arm-none-eabi/lib/thumb/v7e-m/fpv4-sp/softfp/libg.a(lib_a-init.o)
 .debug_aranges
                0x00000000000002c0       0x20 /usr/lib/gcc/arm-none-eabi/7.1.0/../../../../arm-none-eabi/lib/thumb/v7e-m/fpv4-sp/softfp/libg.a(lib_a-memset.o)
 .debug_aranges
                0x00000000000002e0       0x20 /usr/lib/gcc/arm-none-eabi/7.1.0/../../../../arm-none-eabi/lib/thumb/v7e-m/fpv4-sp/softfp/libg.a(lib_a-__atexit.o)
 .debug_aranges
                0x0000000000000300       0x28 /usr/lib/gcc/arm-none-eabi/7.1.0/../../../../arm-none-eabi/lib/thumb/v7e-m/fpv4-sp/softfp/libg.a(lib_a-__call_atexit.o)
 .debug_aranges
                0x0000000000000328       0x20 /usr/lib/gcc/arm-none-eabi/7.1.0/../../../../arm-none-eabi/lib/thumb/v7e-m/fpv4-sp/softfp/libnosys.a(_exit.o)

.debug_loc      0x0000000000000000     0x493e
 .debug_loc     0x0000000000000000       0x85 /tmp/ccXfuY3M.o
 .debug_loc     0x0000000000000085      0x233 /tmp/cczWnHrt.o
 .debug_loc     0x00000000000002b8       0x59 /tmp/ccsQzz09.o
 .debug_loc     0x0000000000000311       0x18 /tmp/ccUPvKLQ.o
 .debug_loc     0x0000000000000329      0x299 /tmp/ccGDzIEx.o
 .debug_loc     0x00000000000005c2      0x106 /tmp/cchTPcDe.o
 .debug_loc     0x00000000000006c8      0x13e /tmp/ccG5rwNV.o
 .debug_loc     0x0000000000000806      0x128 /tmp/ccWFROmk.o
 .debug_loc     0x000000000000092e      0x919 /tmp/cc2h6N41.o
 .debug_loc     0x0000000000001247      0x144 /tmp/cc9qQf0J.o
 .debug_loc     0x000000000000138b      0x3db /tmp/ccSpa8as.o
 .debug_loc     0x0000000000001766      0xa90 /tmp/cc6oyVGa.o
 .debug_loc     0x00000000000021f6       0x9b /tmp/ccULIJoT.o
 .debug_loc     0x0000000000002291     0x18f5 /tmp/cc6mNpEC.o
 .debug_loc     0x0000000000003b86      0x7fc /tmp/ccNnN4dm.o
 .debug_loc     0x0000000000004382       0x2c /usr/lib/gcc/arm-none-eabi/7.1.0/../../../../arm-none-eabi/lib/thumb/v7e-m/fpv4-sp/softfp/libg.a(lib_a-atexit.o)
 .debug_loc     0x00000000000043ae       0x1e /usr/lib/gcc/arm-none-eabi/7.1.0/../../../../arm-none-eabi/lib/thumb/v7e-m/fpv4-sp/softfp/libg.a(lib_a-exit.o)
 .debug_loc     0x00000000000043cc       0x5c /usr/lib/gcc/arm-none-eabi/7.1.0/../../../../arm-none-eabi/lib/thumb/v7e-m/fpv4-sp/softfp/libg.a(lib_a-fini.o)
 .debug_loc     0x0000000000004428       0xa2 /usr/lib/gcc/arm-none-eabi/7.1.0/../../../../arm-none-eabi/lib/thumb/v7e-m/fpv4-sp/softfp/libg.a(lib_a-init.o)
 .debug_loc     0x00000000000044ca      0x175 /usr/lib/gcc/arm-none-eabi/7.1.0/../../../../arm-none-eabi/lib/thumb/v7e-m/fpv4-sp/softfp/libg.a(lib_a-memset.o)
 .debug_loc     0x000000000000463f      0x151 /usr/lib/gcc/arm-none-eabi/7.1.0/../../../../arm-none-eabi/lib/thumb/v7e-m/fpv4-sp/softfp/libg.a(lib_a-__atexit.o)
 .debug_loc     0x0000000000004790      0x1ae /usr/lib/gcc/arm-none-eabi/7.1.0/../../../../arm-none-eabi/lib/thumb/v7e-m/fpv4-sp/softfp/libg.a(lib_a-__call_atexit.o)

.debug_str      0x0000000000000000     0x3c78
 .debug_str     0x0000000000000000      0xc39 /tmp/ccXfuY3M.o
                                        0xc9a (size before relaxing)
 .debug_str     0x0000000000000c39      0x174 /tmp/cczWnHrt.o
                                        0x99b (size before relaxing)
 .debug_str     0x0000000000000dad      0x119 /tmp/ccsQzz09.o
                                        0x79e (size before relaxing)
 .debug_str     0x0000000000000ec6      0x16f /tmp/ccUPvKLQ.o
                                        0x42c (size before relaxing)
 .debug_str     0x0000000000001035      0x1c8 /tmp/ccGDzIEx.o
                                        0x387 (size before relaxing)
 .debug_str     0x00000000000011fd       0x1f /tmp/cchTPcDe.o
                                        0x200 (size before relaxing)
 .debug_str     0x000000000000121c      0x160 /tmp/ccG5rwNV.o
                                        0x3b6 (size before relaxing)
 .debug_str     0x000000000000137c       0xce /tmp/ccWFROmk.o
                                        0x400 (size before relaxing)
 .debug_str     0x000000000000144a      0x645 /tmp/cc2h6N41.o
                                        0x84d (size before relaxing)
 .debug_str     0x0000000000001a8f       0xaa /tmp/cc9qQf0J.o
                                        0x37e (size before relaxing)
 .debug_str     0x0000000000001b39      0x175 /tmp/ccSpa8as.o
                                        0x4e9 (size before relaxing)
 .debug_str     0x0000000000001cae      0x580 /tmp/cc6oyVGa.o
                                        0x93e (size before relaxing)
 .debug_str     0x000000000000222e      0x143 /tmp/ccULIJoT.o
                                        0x357 (size before relaxing)
 .debug_str     0x0000000000002371      0x8f7 /tmp/cc6mNpEC.o
                                        0xe30 (size before relaxing)
 .debug_str     0x0000000000002c68      0x33f /tmp/ccNnN4dm.o
                                        0x701 (size before relaxing)
 .debug_str     0x0000000000002fa7      0x54e /usr/lib/gcc/arm-none-eabi/7.1.0/../../../../arm-none-eabi/lib/thumb/v7e-m/fpv4-sp/softfp/libg.a(lib_a-atexit.o)
                                        0x62c (size before relaxing)
 .debug_str     0x00000000000034f5       0x72 /usr/lib/gcc/arm-none-eabi/7.1.0/../../../../arm-none-eabi/lib/thumb/v7e-m/fpv4-sp/softfp/libg.a(lib_a-exit.o)
                                        0x62d (size before relaxing)
 .debug_str     0x0000000000003567       0xda /usr/lib/gcc/arm-none-eabi/7.1.0/../../../../arm-none-eabi/lib/thumb/v7e-m/fpv4-sp/softfp/libg.a(lib_a-fini.o)
                                        0x23b (size before relaxing)
 .debug_str     0x0000000000003641       0xad /usr/lib/gcc/arm-none-eabi/7.1.0/../../../../arm-none-eabi/lib/thumb/v7e-m/fpv4-sp/softfp/libg.a(lib_a-impure.o)
                                        0x5e1 (size before relaxing)
 .debug_str     0x00000000000036ee       0x93 /usr/lib/gcc/arm-none-eabi/7.1.0/../../../../arm-none-eabi/lib/thumb/v7e-m/fpv4-sp/softfp/libg.a(lib_a-init.o)
                                        0x265 (size before relaxing)
 .debug_str     0x0000000000003781      0x322 /usr/lib/gcc/arm-none-eabi/7.1.0/../../../../arm-none-eabi/lib/thumb/v7e-m/fpv4-sp/softfp/libg.a(lib_a-memset.o)
                                        0x90e (size before relaxing)
 .debug_str     0x0000000000003aa3       0x4c /usr/lib/gcc/arm-none-eabi/7.1.0/../../../../arm-none-eabi/lib/thumb/v7e-m/fpv4-sp/softfp/libg.a(lib_a-__atexit.o)
                                        0x646 (size before relaxing)
 .debug_str     0x0000000000003aef       0x6b /usr/lib/gcc/arm-none-eabi/7.1.0/../../../../arm-none-eabi/lib/thumb/v7e-m/fpv4-sp/softfp/libg.a(lib_a-__call_atexit.o)
                                        0x657 (size before relaxing)
 .debug_str     0x0000000000003b5a      0x11e /usr/lib/gcc/arm-none-eabi/7.1.0/../../../../arm-none-eabi/lib/thumb/v7e-m/fpv4-sp/softfp/libnosys.a(_exit.o)
                                        0x1b4 (size before relaxing)

.debug_frame    0x0000000000000000     0x1828
 .debug_frame   0x0000000000000000      0x114 /tmp/ccXfuY3M.o
 .debug_frame   0x0000000000000114       0x84 /tmp/cczWnHrt.o
 .debug_frame   0x0000000000000198       0x38 /tmp/ccsQzz09.o
 .debug_frame   0x00000000000001d0      0x128 /tmp/ccUPvKLQ.o
 .debug_frame   0x00000000000002f8      0x154 /tmp/ccGDzIEx.o
 .debug_frame   0x000000000000044c       0x6c /tmp/cchTPcDe.o
 .debug_frame   0x00000000000004b8       0x48 /tmp/ccG5rwNV.o
 .debug_frame   0x0000000000000500       0x60 /tmp/ccWFROmk.o
 .debug_frame   0x0000000000000560      0x2d4 /tmp/cc2h6N41.o
 .debug_frame   0x0000000000000834       0xa0 /tmp/cc9qQf0J.o
 .debug_frame   0x00000000000008d4      0x120 /tmp/ccSpa8as.o
 .debug_frame   0x00000000000009f4      0x32c /tmp/cc6oyVGa.o
 .debug_frame   0x0000000000000d20       0x94 /tmp/ccULIJoT.o
 .debug_frame   0x0000000000000db4      0x6cc /tmp/cc6mNpEC.o
 .debug_frame   0x0000000000001480      0x224 /tmp/ccNnN4dm.o
 .debug_frame   0x00000000000016a4       0x20 /usr/lib/gcc/arm-none-eabi/7.1.0/../../../../arm-none-eabi/lib/thumb/v7e-m/fpv4-sp/softfp/libg.a(lib_a-atexit.o)
 .debug_frame   0x00000000000016c4       0x28 /usr/lib/gcc/arm-none-eabi/7.1.0/../../../../arm-none-eabi/lib/thumb/v7e-m/fpv4-sp/softfp/libg.a(lib_a-exit.o)
 .debug_frame   0x00000000000016ec       0x34 /usr/lib/gcc/arm-none-eabi/7.1.0/../../../../arm-none-eabi/lib/thumb/v7e-m/fpv4-sp/softfp/libg.a(lib_a-fini.o)
 .debug_frame   0x0000000000001720       0x2c /usr/lib/gcc/arm-none-eabi/7.1.0/../../../../arm-none-eabi/lib/thumb/v7e-m/fpv4-sp/softfp/libg.a(lib_a-init.o)
 .debug_frame   0x000000000000174c       0x38 /usr/lib/gcc/arm-none-eabi/7.1.0/../../../../arm-none-eabi/lib/thumb/v7e-m/fpv4-sp/softfp/libg.a(lib_a-memset.o)
 .debug_frame   0x0000000000001784       0x34 /usr/lib/gcc/arm-none-eabi/7.1.0/../../../../arm-none-eabi/lib/thumb/v7e-m/fpv4-sp/softfp/libg.a(lib_a-__atexit.o)
 .debug_frame   0x00000000000017b8       0x50 /usr/lib/gcc/arm-none-eabi/7.1.0/../../../../arm-none-eabi/lib/thumb/v7e-m/fpv4-sp/softfp/libg.a(lib_a-__call_atexit.o)
 .debug_frame   0x0000000000001808       0x20 /usr/lib/gcc/arm-none-eabi/7.1.0/../../../../arm-none-eabi/lib/thumb/v7e-m/fpv4-sp/softfp/libnosys.a(_exit.o)

.debug_ranges   0x0000000000000000      0x160
 .debug_ranges  0x0000000000000000       0x48 /tmp/cczWnHrt.o
 .debug_ranges  0x0000000000000048       0x48 /tmp/ccGDzIEx.o
 .debug_ranges  0x0000000000000090       0x20 /tmp/ccFCYTYC.o
 .debug_ranges  0x00000000000000b0       0x10 /usr/lib/gcc/arm-none-eabi/7.1.0/../../../../arm-none-eabi/lib/thumb/v7e-m/fpv4-sp/softfp/libg.a(lib_a-atexit.o)
 .debug_ranges  0x00000000000000c0       0x10 /usr/lib/gcc/arm-none-eabi/7.1.0/../../../../arm-none-eabi/lib/thumb/v7e-m/fpv4-sp/softfp/libg.a(lib_a-exit.o)
 .debug_ranges  0x00000000000000d0       0x10 /usr/lib/gcc/arm-none-eabi/7.1.0/../../../../arm-none-eabi/lib/thumb/v7e-m/fpv4-sp/softfp/libg.a(lib_a-fini.o)
 .debug_ranges  0x00000000000000e0       0x10 /usr/lib/gcc/arm-none-eabi/7.1.0/../../../../arm-none-eabi/lib/thumb/v7e-m/fpv4-sp/softfp/libg.a(lib_a-init.o)
 .debug_ranges  0x00000000000000f0       0x10 /usr/lib/gcc/arm-none-eabi/7.1.0/../../../../arm-none-eabi/lib/thumb/v7e-m/fpv4-sp/softfp/libg.a(lib_a-memset.o)
 .debug_ranges  0x0000000000000100       0x10 /usr/lib/gcc/arm-none-eabi/7.1.0/../../../../arm-none-eabi/lib/thumb/v7e-m/fpv4-sp/softfp/libg.a(lib_a-__atexit.o)
 .debug_ranges  0x0000000000000110       0x40 /usr/lib/gcc/arm-none-eabi/7.1.0/../../../../arm-none-eabi/lib/thumb/v7e-m/fpv4-sp/softfp/libg.a(lib_a-__call_atexit.o)
 .debug_ranges  0x0000000000000150       0x10 /usr/lib/gcc/arm-none-eabi/7.1.0/../../../../arm-none-eabi/lib/thumb/v7e-m/fpv4-sp/softfp/libnosys.a(_exit.o)

Cross Reference Table

Symbol                                            File
ADC_AnalogWatchdogCmd                             /tmp/cc2h6N41.o
ADC_AnalogWatchdogSingleChannelConfig             /tmp/cc2h6N41.o
ADC_AnalogWatchdogThresholdsConfig                /tmp/cc2h6N41.o
ADC_AutoInjectedConvCmd                           /tmp/cc2h6N41.o
ADC_ClearFlag                                     /tmp/cc2h6N41.o
ADC_ClearITPendingBit                             /tmp/cc2h6N41.o
ADC_Cmd                                           /tmp/cc2h6N41.o
ADC_CommonInit                                    /tmp/cc2h6N41.o
ADC_CommonStructInit                              /tmp/cc2h6N41.o
ADC_ContinuousModeCmd                             /tmp/cc2h6N41.o
ADC_DMACmd                                        /tmp/cc2h6N41.o
ADC_DMARequestAfterLastTransferCmd                /tmp/cc2h6N41.o
ADC_DeInit                                        /tmp/cc2h6N41.o
ADC_DiscModeChannelCountConfig                    /tmp/cc2h6N41.o
ADC_DiscModeCmd                                   /tmp/cc2h6N41.o
ADC_EOCOnEachRegularChannelCmd                    /tmp/cc2h6N41.o
ADC_ExternalTrigInjectedConvConfig                /tmp/cc2h6N41.o
ADC_ExternalTrigInjectedConvEdgeConfig            /tmp/cc2h6N41.o
ADC_GetConversionValue                            /tmp/cc2h6N41.o
ADC_GetFlagStatus                                 /tmp/cc2h6N41.o
ADC_GetITStatus                                   /tmp/cc2h6N41.o
ADC_GetInjectedConversionValue                    /tmp/cc2h6N41.o
ADC_GetMultiModeConversionValue                   /tmp/cc2h6N41.o
ADC_GetSoftwareStartConvStatus                    /tmp/cc2h6N41.o
ADC_GetSoftwareStartInjectedConvCmdStatus         /tmp/cc2h6N41.o
ADC_IRQHandler                                    /tmp/ccFCYTYC.o
ADC_ITConfig                                      /tmp/cc2h6N41.o
ADC_Init                                          /tmp/cc2h6N41.o
ADC_InjectedChannelConfig                         /tmp/cc2h6N41.o
ADC_InjectedDiscModeCmd                           /tmp/cc2h6N41.o
ADC_InjectedSequencerLengthConfig                 /tmp/cc2h6N41.o
ADC_MultiModeDMARequestAfterLastTransferCmd       /tmp/cc2h6N41.o
ADC_RegularChannelConfig                          /tmp/cc2h6N41.o
ADC_SetInjectedOffset                             /tmp/cc2h6N41.o
ADC_SoftwareStartConv                             /tmp/cc2h6N41.o
ADC_SoftwareStartInjectedConv                     /tmp/cc2h6N41.o
ADC_StructInit                                    /tmp/cc2h6N41.o
ADC_TempSensorVrefintCmd                          /tmp/cc2h6N41.o
ADC_VBATCmd                                       /tmp/cc2h6N41.o
AHBPrescTable                                     /tmp/ccG5rwNV.o
BusFault_Handler                                  /tmp/ccUPvKLQ.o
DMA1_Stream0_IRQHandler                           /tmp/ccFCYTYC.o
DMA1_Stream1_IRQHandler                           /tmp/ccFCYTYC.o
DMA1_Stream2_IRQHandler                           /tmp/ccFCYTYC.o
DMA1_Stream3_IRQHandler                           /tmp/ccFCYTYC.o
DMA1_Stream4_IRQHandler                           /tmp/ccFCYTYC.o
DMA1_Stream5_IRQHandler                           /tmp/ccFCYTYC.o
DMA1_Stream6_IRQHandler                           /tmp/ccFCYTYC.o
DMA1_Stream7_IRQHandler                           /tmp/ccFCYTYC.o
DMA2_Stream0_IRQHandler                           /tmp/ccFCYTYC.o
DMA2_Stream1_IRQHandler                           /tmp/ccFCYTYC.o
DMA2_Stream2_IRQHandler                           /tmp/ccFCYTYC.o
DMA2_Stream3_IRQHandler                           /tmp/ccFCYTYC.o
DMA2_Stream4_IRQHandler                           /tmp/ccFCYTYC.o
DMA2_Stream5_IRQHandler                           /tmp/ccFCYTYC.o
DMA2_Stream6_IRQHandler                           /tmp/ccFCYTYC.o
DMA2_Stream7_IRQHandler                           /tmp/ccFCYTYC.o
DebugMon_Handler                                  /tmp/ccUPvKLQ.o
Default_Handler                                   /tmp/ccFCYTYC.o
EXTI0_IRQHandler                                  /tmp/ccFCYTYC.o
EXTI15_10_IRQHandler                              /tmp/ccUPvKLQ.o
EXTI1_IRQHandler                                  /tmp/ccFCYTYC.o
EXTI2_IRQHandler                                  /tmp/ccFCYTYC.o
EXTI3_IRQHandler                                  /tmp/ccUPvKLQ.o
EXTI4_IRQHandler                                  /tmp/ccFCYTYC.o
EXTI9_5_IRQHandler                                /tmp/ccFCYTYC.o
EXTI_ClearFlag                                    /tmp/cc9qQf0J.o
EXTI_ClearITPendingBit                            /tmp/cc9qQf0J.o
                                                  /tmp/ccUPvKLQ.o
EXTI_DeInit                                       /tmp/cc9qQf0J.o
EXTI_GenerateSWInterrupt                          /tmp/cc9qQf0J.o
EXTI_GetFlagStatus                                /tmp/cc9qQf0J.o
EXTI_GetITStatus                                  /tmp/cc9qQf0J.o
                                                  /tmp/ccUPvKLQ.o
EXTI_Init                                         /tmp/cc9qQf0J.o
                                                  /tmp/ccXfuY3M.o
EXTI_StructInit                                   /tmp/cc9qQf0J.o
FLASH_IRQHandler                                  /tmp/ccFCYTYC.o
FPU_IRQHandler                                    /tmp/ccFCYTYC.o
GPIO_DeInit                                       /tmp/ccSpa8as.o
GPIO_Init                                         /tmp/ccSpa8as.o
                                                  /tmp/cczWnHrt.o
                                                  /tmp/ccXfuY3M.o
GPIO_PinAFConfig                                  /tmp/ccSpa8as.o
                                                  /tmp/cczWnHrt.o
                                                  /tmp/ccXfuY3M.o
GPIO_PinLockConfig                                /tmp/ccSpa8as.o
GPIO_ReadInputData                                /tmp/ccSpa8as.o
GPIO_ReadInputDataBit                             /tmp/ccSpa8as.o
GPIO_ReadOutputData                               /tmp/ccSpa8as.o
GPIO_ReadOutputDataBit                            /tmp/ccSpa8as.o
GPIO_ResetBits                                    /tmp/ccSpa8as.o
GPIO_SetBits                                      /tmp/ccSpa8as.o
GPIO_StructInit                                   /tmp/ccSpa8as.o
GPIO_ToggleBits                                   /tmp/ccSpa8as.o
GPIO_Write                                        /tmp/ccSpa8as.o
GPIO_WriteBit                                     /tmp/ccSpa8as.o
HardFault_Handler                                 /tmp/ccUPvKLQ.o
I2C1_ER_IRQHandler                                /tmp/ccFCYTYC.o
I2C1_EV_IRQHandler                                /tmp/ccFCYTYC.o
I2C2_ER_IRQHandler                                /tmp/ccFCYTYC.o
I2C2_EV_IRQHandler                                /tmp/ccFCYTYC.o
I2C3_ER_IRQHandler                                /tmp/ccFCYTYC.o
I2C3_EV_IRQHandler                                /tmp/ccFCYTYC.o
MemManage_Handler                                 /tmp/ccUPvKLQ.o
NMI_Handler                                       /tmp/ccUPvKLQ.o
NVIC_Init                                         /tmp/ccWFROmk.o
                                                  /tmp/cczWnHrt.o
                                                  /tmp/ccXfuY3M.o
NVIC_PriorityGroupConfig                          /tmp/ccWFROmk.o
                                                  /tmp/ccsQzz09.o
NVIC_SetVectorTable                               /tmp/ccWFROmk.o
NVIC_SystemLPConfig                               /tmp/ccWFROmk.o
OTG_FS_IRQHandler                                 /tmp/ccFCYTYC.o
OTG_FS_WKUP_IRQHandler                            /tmp/ccFCYTYC.o
PVD_IRQHandler                                    /tmp/ccFCYTYC.o
PendSV_Handler                                    /tmp/ccUPvKLQ.o
RCC_AHB1PeriphClockCmd                            /tmp/cc6oyVGa.o
                                                  /tmp/cczWnHrt.o
                                                  /tmp/ccXfuY3M.o
RCC_AHB1PeriphClockLPModeCmd                      /tmp/cc6oyVGa.o
RCC_AHB1PeriphResetCmd                            /tmp/cc6oyVGa.o
[...]
TIM_ClearITPendingBit                             /tmp/cc6mNpEC.o
                                                  /tmp/ccUPvKLQ.o
TIM_ClearOC1Ref                                   /tmp/cc6mNpEC.o
TIM_ClearOC2Ref                                   /tmp/cc6mNpEC.o
TIM_ClearOC3Ref                                   /tmp/cc6mNpEC.o
TIM_ClearOC4Ref                                   /tmp/cc6mNpEC.o
TIM_Cmd                                           /tmp/cc6mNpEC.o
                                                  /tmp/ccXfuY3M.o
TIM_CounterModeConfig                             /tmp/cc6mNpEC.o
TIM_CtrlPWMOutputs                                /tmp/cc6mNpEC.o
                                                  /tmp/ccXfuY3M.o
TIM_DMACmd                                        /tmp/cc6mNpEC.o
TIM_DMAConfig                                     /tmp/cc6mNpEC.o
TIM_DeInit                                        /tmp/cc6mNpEC.o
TIM_ETRClockMode1Config                           /tmp/cc6mNpEC.o
TIM_ETRClockMode2Config                           /tmp/cc6mNpEC.o
TIM_ETRConfig                                     /tmp/cc6mNpEC.o
TIM_EncoderInterfaceConfig                        /tmp/cc6mNpEC.o
TIM_ForcedOC1Config                               /tmp/cc6mNpEC.o
TIM_ForcedOC2Config                               /tmp/cc6mNpEC.o
TIM_ForcedOC3Config                               /tmp/cc6mNpEC.o
TIM_ForcedOC4Config                               /tmp/cc6mNpEC.o
TIM_GenerateEvent                                 /tmp/cc6mNpEC.o
TIM_GetCapture1                                   /tmp/cc6mNpEC.o
TIM_GetCapture2                                   /tmp/cc6mNpEC.o
TIM_GetCapture3                                   /tmp/cc6mNpEC.o
TIM_GetCapture4                                   /tmp/cc6mNpEC.o
TIM_GetCounter                                    /tmp/cc6mNpEC.o
TIM_GetFlagStatus                                 /tmp/cc6mNpEC.o
TIM_GetITStatus                                   /tmp/cc6mNpEC.o
                                                  /tmp/ccUPvKLQ.o
TIM_GetPrescaler                                  /tmp/cc6mNpEC.o
TIM_ICInit                                        /tmp/cc6mNpEC.o
TIM_ICStructInit                                  /tmp/cc6mNpEC.o
TIM_ITConfig                                      /tmp/cc6mNpEC.o
                                                  /tmp/ccXfuY3M.o
TIM_ITRxExternalClockConfig                       /tmp/cc6mNpEC.o
TIM_InternalClockConfig                           /tmp/cc6mNpEC.o
TIM_OC1FastConfig                                 /tmp/cc6mNpEC.o
TIM_OC1Init                                       /tmp/cc6mNpEC.o
                                                  /tmp/ccXfuY3M.o
TIM_OC1NPolarityConfig                            /tmp/cc6mNpEC.o
TIM_OC1PolarityConfig                             /tmp/cc6mNpEC.o
TIM_OC1PreloadConfig                              /tmp/cc6mNpEC.o
                                                  /tmp/ccXfuY3M.o
TIM_OC2FastConfig                                 /tmp/cc6mNpEC.o
TIM_OC2Init                                       /tmp/cc6mNpEC.o
                                                  /tmp/ccXfuY3M.o
TIM_OC2NPolarityConfig                            /tmp/cc6mNpEC.o
TIM_OC2PolarityConfig                             /tmp/cc6mNpEC.o
TIM_OC2PreloadConfig                              /tmp/cc6mNpEC.o
                                                  /tmp/ccXfuY3M.o
TIM_OC3FastConfig                                 /tmp/cc6mNpEC.o
TIM_OC3Init                                       /tmp/cc6mNpEC.o
                                                  /tmp/ccXfuY3M.o
TIM_OC3NPolarityConfig                            /tmp/cc6mNpEC.o
TIM_OC3PolarityConfig                             /tmp/cc6mNpEC.o
TIM_OC3PreloadConfig                              /tmp/cc6mNpEC.o
                                                  /tmp/ccXfuY3M.o
TIM_OC4FastConfig                                 /tmp/cc6mNpEC.o
TIM_OC4Init                                       /tmp/cc6mNpEC.o
                                                  /tmp/ccXfuY3M.o
TIM_OC4PolarityConfig                             /tmp/cc6mNpEC.o
TIM_OC4PreloadConfig                              /tmp/cc6mNpEC.o
                                                  /tmp/ccXfuY3M.o
TIM_OCStructInit                                  /tmp/cc6mNpEC.o
TIM_PWMIConfig                                    /tmp/cc6mNpEC.o
TIM_PrescalerConfig                               /tmp/cc6mNpEC.o
TIM_RemapConfig                                   /tmp/cc6mNpEC.o
TIM_SelectCCDMA                                   /tmp/cc6mNpEC.o
TIM_SelectCOM                                     /tmp/cc6mNpEC.o
TIM_SelectHallSensor                              /tmp/cc6mNpEC.o
TIM_SelectInputTrigger                            /tmp/cc6mNpEC.o
TIM_SelectMasterSlaveMode                         /tmp/cc6mNpEC.o
TIM_SelectOCxM                                    /tmp/cc6mNpEC.o
TIM_SelectOnePulseMode                            /tmp/cc6mNpEC.o
TIM_SelectOutputTrigger                           /tmp/cc6mNpEC.o
TIM_SelectSlaveMode                               /tmp/cc6mNpEC.o
TIM_SetAutoreload                                 /tmp/cc6mNpEC.o
TIM_SetClockDivision                              /tmp/cc6mNpEC.o
TIM_SetCompare1                                   /tmp/cc6mNpEC.o
TIM_SetCompare2                                   /tmp/cc6mNpEC.o
TIM_SetCompare3                                   /tmp/cc6mNpEC.o
TIM_SetCompare4                                   /tmp/cc6mNpEC.o
TIM_SetCounter                                    /tmp/cc6mNpEC.o
TIM_SetIC1Prescaler                               /tmp/cc6mNpEC.o
TIM_SetIC2Prescaler                               /tmp/cc6mNpEC.o
TIM_SetIC3Prescaler                               /tmp/cc6mNpEC.o
TIM_SetIC4Prescaler                               /tmp/cc6mNpEC.o
TIM_TIxExternalClockConfig                        /tmp/cc6mNpEC.o
TIM_TimeBaseInit                                  /tmp/cc6mNpEC.o
                                                  /tmp/ccXfuY3M.o
TIM_TimeBaseStructInit                            /tmp/cc6mNpEC.o
TIM_UpdateDisableConfig                           /tmp/cc6mNpEC.o
TIM_UpdateRequestConfig                           /tmp/cc6mNpEC.o
USART1_IRQHandler                                 /tmp/ccFCYTYC.o
USART2_IRQHandler                                 /tmp/ccFCYTYC.o
USART6_IRQHandler                                 /tmp/ccFCYTYC.o
USART_ClearFlag                                   /tmp/ccNnN4dm.o
USART_ClearITPendingBit                           /tmp/ccNnN4dm.o
USART_ClockInit                                   /tmp/ccNnN4dm.o
USART_ClockStructInit                             /tmp/ccNnN4dm.o
USART_Cmd                                         /tmp/ccNnN4dm.o
                                                  /tmp/cczWnHrt.o
USART_DMACmd                                      /tmp/ccNnN4dm.o
USART_DeInit                                      /tmp/ccNnN4dm.o
USART_GetFlagStatus                               /tmp/ccNnN4dm.o
                                                  /tmp/cczWnHrt.o
USART_GetITStatus                                 /tmp/ccNnN4dm.o
USART_HalfDuplexCmd                               /tmp/ccNnN4dm.o
USART_ITConfig                                    /tmp/ccNnN4dm.o
                                                  /tmp/cczWnHrt.o
USART_Init                                        /tmp/ccNnN4dm.o
                                                  /tmp/cczWnHrt.o
USART_IrDACmd                                     /tmp/ccNnN4dm.o
USART_IrDAConfig                                  /tmp/ccNnN4dm.o
USART_LINBreakDetectLengthConfig                  /tmp/ccNnN4dm.o
USART_LINCmd                                      /tmp/ccNnN4dm.o
USART_OneBitMethodCmd                             /tmp/ccNnN4dm.o
USART_OverSampling8Cmd                            /tmp/ccNnN4dm.o
USART_ReceiveData                                 /tmp/ccNnN4dm.o
USART_ReceiverWakeUpCmd                           /tmp/ccNnN4dm.o
USART_SendBreak                                   /tmp/ccNnN4dm.o
USART_SendData                                    /tmp/ccNnN4dm.o
                                                  /tmp/cczWnHrt.o
USART_SetAddress                                  /tmp/ccNnN4dm.o
USART_SetGuardTime                                /tmp/ccNnN4dm.o
USART_SetPrescaler                                /tmp/ccNnN4dm.o
USART_SmartCardCmd                                /tmp/ccNnN4dm.o
USART_SmartCardNACKCmd                            /tmp/ccNnN4dm.o
USART_StructInit                                  /tmp/ccNnN4dm.o
USART_WakeUpConfig                                /tmp/ccNnN4dm.o
UsageFault_Handler                                /tmp/ccUPvKLQ.o
WWDG_IRQHandler                                   /tmp/ccFCYTYC.o
_ITM_deregisterTMCloneTable                       /usr/lib/gcc/arm-none-eabi/7.1.0/thumb/v7e-m/fpv4-sp/softfp/crtbegin.o
_ITM_registerTMCloneTable                         /usr/lib/gcc/arm-none-eabi/7.1.0/thumb/v7e-m/fpv4-sp/softfp/crtbegin.o
__TMC_END__                                       /usr/lib/gcc/arm-none-eabi/7.1.0/thumb/v7e-m/fpv4-sp/softfp/crtend.o
                                                  /usr/lib/gcc/arm-none-eabi/7.1.0/thumb/v7e-m/fpv4-sp/softfp/crtbegin.o
__bss_end__                                       /usr/lib/gcc/arm-none-eabi/7.1.0/../../../../arm-none-eabi/lib/thumb/v7e-m/fpv4-sp/softfp/crt0.o
__bss_start__                                     /usr/lib/gcc/arm-none-eabi/7.1.0/../../../../arm-none-eabi/lib/thumb/v7e-m/fpv4-sp/softfp/crt0.o
__call_exitprocs                                  /usr/lib/gcc/arm-none-eabi/7.1.0/../../../../arm-none-eabi/lib/thumb/v7e-m/fpv4-sp/softfp/libg.a(lib_a-__call_atexit.o)
                                                  /usr/lib/gcc/arm-none-eabi/7.1.0/../../../../arm-none-eabi/lib/thumb/v7e-m/fpv4-sp/softfp/libg.a(lib_a-exit.o)
__deregister_frame_info                           /usr/lib/gcc/arm-none-eabi/7.1.0/thumb/v7e-m/fpv4-sp/softfp/crtbegin.o
__dso_handle                                      /usr/lib/gcc/arm-none-eabi/7.1.0/thumb/v7e-m/fpv4-sp/softfp/crtbegin.o
__fini_array_end                                  /usr/lib/gcc/arm-none-eabi/7.1.0/../../../../arm-none-eabi/lib/thumb/v7e-m/fpv4-sp/softfp/libg.a(lib_a-fini.o)
__fini_array_start                                /usr/lib/gcc/arm-none-eabi/7.1.0/../../../../arm-none-eabi/lib/thumb/v7e-m/fpv4-sp/softfp/libg.a(lib_a-fini.o)
__init_array_end                                  /usr/lib/gcc/arm-none-eabi/7.1.0/../../../../arm-none-eabi/lib/thumb/v7e-m/fpv4-sp/softfp/libg.a(lib_a-init.o)
__init_array_start                                /usr/lib/gcc/arm-none-eabi/7.1.0/../../../../arm-none-eabi/lib/thumb/v7e-m/fpv4-sp/softfp/libg.a(lib_a-init.o)
__libc_fini                                       /usr/lib/gcc/arm-none-eabi/7.1.0/../../../../arm-none-eabi/lib/thumb/v7e-m/fpv4-sp/softfp/libg.a(lib_a-__call_atexit.o)
__libc_fini_array                                 /usr/lib/gcc/arm-none-eabi/7.1.0/../../../../arm-none-eabi/lib/thumb/v7e-m/fpv4-sp/softfp/libg.a(lib_a-fini.o)
                                                  /usr/lib/gcc/arm-none-eabi/7.1.0/../../../../arm-none-eabi/lib/thumb/v7e-m/fpv4-sp/softfp/libg.a(lib_a-__call_atexit.o)
                                                  /usr/lib/gcc/arm-none-eabi/7.1.0/../../../../arm-none-eabi/lib/thumb/v7e-m/fpv4-sp/softfp/crt0.o
__libc_init_array                                 /usr/lib/gcc/arm-none-eabi/7.1.0/../../../../arm-none-eabi/lib/thumb/v7e-m/fpv4-sp/softfp/libg.a(lib_a-init.o)
                                                  /tmp/ccFCYTYC.o
                                                  /usr/lib/gcc/arm-none-eabi/7.1.0/../../../../arm-none-eabi/lib/thumb/v7e-m/fpv4-sp/softfp/crt0.o
__preinit_array_end                               /usr/lib/gcc/arm-none-eabi/7.1.0/../../../../arm-none-eabi/lib/thumb/v7e-m/fpv4-sp/softfp/libg.a(lib_a-init.o)
__preinit_array_start                             /usr/lib/gcc/arm-none-eabi/7.1.0/../../../../arm-none-eabi/lib/thumb/v7e-m/fpv4-sp/softfp/libg.a(lib_a-init.o)
__register_exitproc                               /usr/lib/gcc/arm-none-eabi/7.1.0/../../../../arm-none-eabi/lib/thumb/v7e-m/fpv4-sp/softfp/libg.a(lib_a-__atexit.o)
                                                  /usr/lib/gcc/arm-none-eabi/7.1.0/../../../../arm-none-eabi/lib/thumb/v7e-m/fpv4-sp/softfp/libg.a(lib_a-atexit.o)
__register_frame_info                             /usr/lib/gcc/arm-none-eabi/7.1.0/thumb/v7e-m/fpv4-sp/softfp/crtbegin.o
__stack                                           /usr/lib/gcc/arm-none-eabi/7.1.0/../../../../arm-none-eabi/lib/thumb/v7e-m/fpv4-sp/softfp/crt0.o
_ebss                                             /tmp/ccFCYTYC.o
_edata                                            /tmp/ccFCYTYC.o
_estack                                           /tmp/ccFCYTYC.o
_exit                                             /usr/lib/gcc/arm-none-eabi/7.1.0/../../../../arm-none-eabi/lib/thumb/v7e-m/fpv4-sp/softfp/libnosys.a(_exit.o)
                                                  /usr/lib/gcc/arm-none-eabi/7.1.0/../../../../arm-none-eabi/lib/thumb/v7e-m/fpv4-sp/softfp/libg.a(lib_a-exit.o)
_fini                                             /usr/lib/gcc/arm-none-eabi/7.1.0/thumb/v7e-m/fpv4-sp/softfp/crti.o
                                                  /usr/lib/gcc/arm-none-eabi/7.1.0/../../../../arm-none-eabi/lib/thumb/v7e-m/fpv4-sp/softfp/libg.a(lib_a-fini.o)
_global_impure_ptr                                /usr/lib/gcc/arm-none-eabi/7.1.0/../../../../arm-none-eabi/lib/thumb/v7e-m/fpv4-sp/softfp/libg.a(lib_a-impure.o)
                                                  /usr/lib/gcc/arm-none-eabi/7.1.0/../../../../arm-none-eabi/lib/thumb/v7e-m/fpv4-sp/softfp/libg.a(lib_a-__call_atexit.o)
                                                  /usr/lib/gcc/arm-none-eabi/7.1.0/../../../../arm-none-eabi/lib/thumb/v7e-m/fpv4-sp/softfp/libg.a(lib_a-__atexit.o)
                                                  /usr/lib/gcc/arm-none-eabi/7.1.0/../../../../arm-none-eabi/lib/thumb/v7e-m/fpv4-sp/softfp/libg.a(lib_a-exit.o)
_impure_ptr                                       /usr/lib/gcc/arm-none-eabi/7.1.0/../../../../arm-none-eabi/lib/thumb/v7e-m/fpv4-sp/softfp/libg.a(lib_a-impure.o)
_init                                             /usr/lib/gcc/arm-none-eabi/7.1.0/thumb/v7e-m/fpv4-sp/softfp/crti.o
                                                  /usr/lib/gcc/arm-none-eabi/7.1.0/../../../../arm-none-eabi/lib/thumb/v7e-m/fpv4-sp/softfp/libg.a(lib_a-init.o)
_mainCRTStartup                                   /usr/lib/gcc/arm-none-eabi/7.1.0/../../../../arm-none-eabi/lib/thumb/v7e-m/fpv4-sp/softfp/crt0.o
_ms_ticks                                         /tmp/ccUPvKLQ.o
_sbss                                             /tmp/ccFCYTYC.o
_sdata                                            /tmp/ccFCYTYC.o
_sidata                                           /tmp/ccFCYTYC.o
_start                                            /usr/lib/gcc/arm-none-eabi/7.1.0/../../../../arm-none-eabi/lib/thumb/v7e-m/fpv4-sp/softfp/crt0.o
atexit                                            /usr/lib/gcc/arm-none-eabi/7.1.0/../../../../arm-none-eabi/lib/thumb/v7e-m/fpv4-sp/softfp/libg.a(lib_a-atexit.o)
                                                  /usr/lib/gcc/arm-none-eabi/7.1.0/../../../../arm-none-eabi/lib/thumb/v7e-m/fpv4-sp/softfp/libg.a(lib_a-__call_atexit.o)
                                                  /usr/lib/gcc/arm-none-eabi/7.1.0/../../../../arm-none-eabi/lib/thumb/v7e-m/fpv4-sp/softfp/crt0.o
delay                                             /tmp/ccUPvKLQ.o
                                                  /tmp/ccsQzz09.o
exit                                              /usr/lib/gcc/arm-none-eabi/7.1.0/../../../../arm-none-eabi/lib/thumb/v7e-m/fpv4-sp/softfp/libg.a(lib_a-exit.o)
                                                  /usr/lib/gcc/arm-none-eabi/7.1.0/../../../../arm-none-eabi/lib/thumb/v7e-m/fpv4-sp/softfp/crt0.o
flush_fifo                                        /tmp/cchTPcDe.o
free                                              /usr/lib/gcc/arm-none-eabi/7.1.0/../../../../arm-none-eabi/lib/thumb/v7e-m/fpv4-sp/softfp/libg.a(lib_a-__call_atexit.o)
g_pfnVectors                                      /tmp/ccFCYTYC.o
get_time                                          /tmp/ccUPvKLQ.o
hardware_init_hook                                /usr/lib/gcc/arm-none-eabi/7.1.0/../../../../arm-none-eabi/lib/thumb/v7e-m/fpv4-sp/softfp/crt0.o
ihm07_hall_interrupt_connection_state             /tmp/ccXfuY3M.o
ihm07_hall_interrupt_init                         /tmp/ccXfuY3M.o
ihm07_hall_pins_init                              /tmp/ccXfuY3M.o
ihm07_hall_read                                   /tmp/ccXfuY3M.o
ihm07_hall_state_change_callback                  /tmp/ccUPvKLQ.o
ihm07_l6230_pins_init                             /tmp/ccXfuY3M.o
                                                  /tmp/ccsQzz09.o
ihm07_led_red_init                                /tmp/ccXfuY3M.o
                                                  /tmp/ccsQzz09.o
ihm07_pwm_and_pins_init                           /tmp/ccXfuY3M.o
                                                  /tmp/ccsQzz09.o
ihm07_pwm_duty_interrupt_callback                 /tmp/ccsQzz09.o
                                                  /tmp/ccUPvKLQ.o
ihm07_pwm_duty_interrupt_connection_state         /tmp/ccXfuY3M.o
                                                  /tmp/ccsQzz09.o
ihm07_pwm_duty_interrupt_init                     /tmp/ccXfuY3M.o
                                                  /tmp/ccsQzz09.o
init_fifo                                         /tmp/cchTPcDe.o
                                                  /tmp/ccGDzIEx.o
main                                              /tmp/ccsQzz09.o
                                                  /tmp/ccFCYTYC.o
                                                  /usr/lib/gcc/arm-none-eabi/7.1.0/../../../../arm-none-eabi/lib/thumb/v7e-m/fpv4-sp/softfp/crt0.o
malloc                                            /usr/lib/gcc/arm-none-eabi/7.1.0/../../../../arm-none-eabi/lib/thumb/v7e-m/fpv4-sp/softfp/libg.a(lib_a-__atexit.o)
memset                                            /usr/lib/gcc/arm-none-eabi/7.1.0/../../../../arm-none-eabi/lib/thumb/v7e-m/fpv4-sp/softfp/libg.a(lib_a-memset.o)
                                                  /usr/lib/gcc/arm-none-eabi/7.1.0/../../../../arm-none-eabi/lib/thumb/v7e-m/fpv4-sp/softfp/crt0.o
read_fifo                                         /tmp/cchTPcDe.o
                                                  /tmp/ccGDzIEx.o
safe_memory_copy                                  /tmp/ccGDzIEx.o
serial_driver_init                                /tmp/cczWnHrt.o
                                                  /tmp/ccsQzz09.o
serial_driver_send_buffer_poll                    /tmp/cczWnHrt.o
serial_driver_send_byte_poll                      /tmp/cczWnHrt.o
serial_driver_syscheck                            /tmp/cczWnHrt.o
serial_encode                                     /tmp/ccGDzIEx.o
serial_encode_poll                                /tmp/ccGDzIEx.o
serial_flush                                      /tmp/ccGDzIEx.o
serial_init                                       /tmp/ccGDzIEx.o
serial_payload_handler                            /tmp/ccGDzIEx.o
serial_receives_byte                              /tmp/ccGDzIEx.o
serial_send_byte                                  /tmp/ccGDzIEx.o
software_init_hook                                /usr/lib/gcc/arm-none-eabi/7.1.0/../../../../arm-none-eabi/lib/thumb/v7e-m/fpv4-sp/softfp/crt0.o
write_fifo                                        /tmp/cchTPcDe.o
                                                  /tmp/ccGDzIEx.o
