Archive member included to satisfy reference by file (symbol)

/usr/bin/../lib/gcc/arm-none-eabi/6.3.1/../../../../arm-none-eabi/lib/thumb/v7e-m/fpv4-sp/hard/libg.a(lib_a-exit.o)
                              /usr/bin/../lib/gcc/arm-none-eabi/6.3.1/../../../../arm-none-eabi/lib/thumb/v7e-m/fpv4-sp/hard/crt0.o (exit)
/usr/bin/../lib/gcc/arm-none-eabi/6.3.1/../../../../arm-none-eabi/lib/thumb/v7e-m/fpv4-sp/hard/libg.a(lib_a-impure.o)
                              /usr/bin/../lib/gcc/arm-none-eabi/6.3.1/../../../../arm-none-eabi/lib/thumb/v7e-m/fpv4-sp/hard/libg.a(lib_a-exit.o) (_global_impure_ptr)
/usr/bin/../lib/gcc/arm-none-eabi/6.3.1/../../../../arm-none-eabi/lib/thumb/v7e-m/fpv4-sp/hard/libg.a(lib_a-init.o)
                              /usr/bin/../lib/gcc/arm-none-eabi/6.3.1/../../../../arm-none-eabi/lib/thumb/v7e-m/fpv4-sp/hard/crt0.o (__libc_init_array)
/usr/bin/../lib/gcc/arm-none-eabi/6.3.1/../../../../arm-none-eabi/lib/thumb/v7e-m/fpv4-sp/hard/libg.a(lib_a-memset.o)
                              /usr/bin/../lib/gcc/arm-none-eabi/6.3.1/../../../../arm-none-eabi/lib/thumb/v7e-m/fpv4-sp/hard/crt0.o (memset)
/usr/bin/../lib/gcc/arm-none-eabi/6.3.1/../../../../arm-none-eabi/lib/thumb/v7e-m/fpv4-sp/hard/libg.a(lib_a-__call_atexit.o)
                              /usr/bin/../lib/gcc/arm-none-eabi/6.3.1/../../../../arm-none-eabi/lib/thumb/v7e-m/fpv4-sp/hard/libg.a(lib_a-exit.o) (__call_exitprocs)
/usr/bin/../lib/gcc/arm-none-eabi/6.3.1/../../../../arm-none-eabi/lib/thumb/v7e-m/fpv4-sp/hard/libg.a(lib_a-atexit.o)
                              /usr/bin/../lib/gcc/arm-none-eabi/6.3.1/../../../../arm-none-eabi/lib/thumb/v7e-m/fpv4-sp/hard/libg.a(lib_a-__call_atexit.o) (atexit)
/usr/bin/../lib/gcc/arm-none-eabi/6.3.1/../../../../arm-none-eabi/lib/thumb/v7e-m/fpv4-sp/hard/libg.a(lib_a-fini.o)
                              /usr/bin/../lib/gcc/arm-none-eabi/6.3.1/../../../../arm-none-eabi/lib/thumb/v7e-m/fpv4-sp/hard/libg.a(lib_a-__call_atexit.o) (__libc_fini_array)
/usr/bin/../lib/gcc/arm-none-eabi/6.3.1/../../../../arm-none-eabi/lib/thumb/v7e-m/fpv4-sp/hard/libg.a(lib_a-lock.o)
                              /usr/bin/../lib/gcc/arm-none-eabi/6.3.1/../../../../arm-none-eabi/lib/thumb/v7e-m/fpv4-sp/hard/libg.a(lib_a-__call_atexit.o) (__retarget_lock_acquire_recursive)
/usr/bin/../lib/gcc/arm-none-eabi/6.3.1/../../../../arm-none-eabi/lib/thumb/v7e-m/fpv4-sp/hard/libg.a(lib_a-__atexit.o)
                              /usr/bin/../lib/gcc/arm-none-eabi/6.3.1/../../../../arm-none-eabi/lib/thumb/v7e-m/fpv4-sp/hard/libg.a(lib_a-atexit.o) (__register_exitproc)
/usr/bin/../lib/gcc/arm-none-eabi/6.3.1/../../../../arm-none-eabi/lib/thumb/v7e-m/fpv4-sp/hard/libnosys.a(_exit.o)
                              /usr/bin/../lib/gcc/arm-none-eabi/6.3.1/../../../../arm-none-eabi/lib/thumb/v7e-m/fpv4-sp/hard/libg.a(lib_a-exit.o) (_exit)

Allocating common symbols
Common symbol       size              file

__lock___atexit_recursive_mutex
                    0x1               /usr/bin/../lib/gcc/arm-none-eabi/6.3.1/../../../../arm-none-eabi/lib/thumb/v7e-m/fpv4-sp/hard/libg.a(lib_a-lock.o)
__lock___arc4random_mutex
                    0x1               /usr/bin/../lib/gcc/arm-none-eabi/6.3.1/../../../../arm-none-eabi/lib/thumb/v7e-m/fpv4-sp/hard/libg.a(lib_a-lock.o)
__lock___env_recursive_mutex
                    0x1               /usr/bin/../lib/gcc/arm-none-eabi/6.3.1/../../../../arm-none-eabi/lib/thumb/v7e-m/fpv4-sp/hard/libg.a(lib_a-lock.o)
__lock___sinit_recursive_mutex
                    0x1               /usr/bin/../lib/gcc/arm-none-eabi/6.3.1/../../../../arm-none-eabi/lib/thumb/v7e-m/fpv4-sp/hard/libg.a(lib_a-lock.o)
__lock___malloc_recursive_mutex
                    0x1               /usr/bin/../lib/gcc/arm-none-eabi/6.3.1/../../../../arm-none-eabi/lib/thumb/v7e-m/fpv4-sp/hard/libg.a(lib_a-lock.o)
__lock___at_quick_exit_mutex
                    0x1               /usr/bin/../lib/gcc/arm-none-eabi/6.3.1/../../../../arm-none-eabi/lib/thumb/v7e-m/fpv4-sp/hard/libg.a(lib_a-lock.o)
__lock___dd_hash_mutex
                    0x1               /usr/bin/../lib/gcc/arm-none-eabi/6.3.1/../../../../arm-none-eabi/lib/thumb/v7e-m/fpv4-sp/hard/libg.a(lib_a-lock.o)
__lock___tz_mutex   0x1               /usr/bin/../lib/gcc/arm-none-eabi/6.3.1/../../../../arm-none-eabi/lib/thumb/v7e-m/fpv4-sp/hard/libg.a(lib_a-lock.o)
__lock___sfp_recursive_mutex
                    0x1               /usr/bin/../lib/gcc/arm-none-eabi/6.3.1/../../../../arm-none-eabi/lib/thumb/v7e-m/fpv4-sp/hard/libg.a(lib_a-lock.o)

Memory Configuration

Name             Origin             Length             Attributes
rom              0x0000000008000000 0x0000000000100000 xr
ram              0x0000000020000000 0x0000000000020000 xrw
ccm              0x0000000001000000 0x0000000000010000 xrw
*default*        0x0000000000000000 0xffffffffffffffff

Linker script and memory map

LOAD /usr/bin/../lib/gcc/arm-none-eabi/6.3.1/thumb/v7e-m/fpv4-sp/hard/crti.o
LOAD /usr/bin/../lib/gcc/arm-none-eabi/6.3.1/thumb/v7e-m/fpv4-sp/hard/crtbegin.o
LOAD /usr/bin/../lib/gcc/arm-none-eabi/6.3.1/../../../../arm-none-eabi/lib/thumb/v7e-m/fpv4-sp/hard/crt0.o
LOAD /tmp/ccZ9ZZmN.o
LOAD /tmp/ccfx1RWz.o
LOAD /tmp/ccm88zHm.o
LOAD /tmp/ccS0RhD9.o
LOAD /tmp/ccv4FeKW.o
LOAD /tmp/ccWt64RJ.o
LOAD /tmp/ccRS0Gax.o
LOAD /tmp/ccs6l9Ck.o
LOAD /tmp/cc0mmCg8.o
LOAD /tmp/cclcVJ7V.o
LOAD /tmp/ccnxPOfK.o
LOAD /tmp/ccWWICAy.o
LOAD /tmp/cciuswhn.o
LOAD /tmp/cc4ETYdc.o
START GROUP
LOAD /usr/bin/../lib/gcc/arm-none-eabi/6.3.1/thumb/v7e-m/fpv4-sp/hard/libgcc.a
LOAD /usr/bin/../lib/gcc/arm-none-eabi/6.3.1/../../../../arm-none-eabi/lib/thumb/v7e-m/fpv4-sp/hard/libg.a
LOAD /usr/bin/../lib/gcc/arm-none-eabi/6.3.1/../../../../arm-none-eabi/lib/thumb/v7e-m/fpv4-sp/hard/libc.a
END GROUP
START GROUP
LOAD /usr/bin/../lib/gcc/arm-none-eabi/6.3.1/thumb/v7e-m/fpv4-sp/hard/libgcc.a
LOAD /usr/bin/../lib/gcc/arm-none-eabi/6.3.1/../../../../arm-none-eabi/lib/thumb/v7e-m/fpv4-sp/hard/libc.a
LOAD /usr/bin/../lib/gcc/arm-none-eabi/6.3.1/../../../../arm-none-eabi/lib/thumb/v7e-m/fpv4-sp/hard/libnosys.a
END GROUP
LOAD /usr/bin/../lib/gcc/arm-none-eabi/6.3.1/thumb/v7e-m/fpv4-sp/hard/crtend.o
LOAD /usr/bin/../lib/gcc/arm-none-eabi/6.3.1/thumb/v7e-m/fpv4-sp/hard/crtn.o

.isr_vector     0x0000000008000000      0x188
 *(.isr_vector)
 .isr_vector    0x0000000008000000      0x188 /tmp/ccWt64RJ.o
                0x0000000008000000                g_pfnVectors
                0x0000000008000188                . = ALIGN (0x4)

.eh_frame       0x0000000008000188        0x4
 .eh_frame      0x0000000008000188        0x0 /usr/bin/../lib/gcc/arm-none-eabi/6.3.1/thumb/v7e-m/fpv4-sp/hard/crtbegin.o
 .eh_frame      0x0000000008000188        0x4 /usr/bin/../lib/gcc/arm-none-eabi/6.3.1/thumb/v7e-m/fpv4-sp/hard/crtend.o

.ARM.extab      0x000000000800018c        0x0
 .ARM.extab     0x000000000800018c        0x0 /usr/bin/../lib/gcc/arm-none-eabi/6.3.1/../../../../arm-none-eabi/lib/thumb/v7e-m/fpv4-sp/hard/crt0.o

.ARM.exidx      0x000000000800018c        0x8
 .ARM.exidx     0x000000000800018c        0x8 /usr/bin/../lib/gcc/arm-none-eabi/6.3.1/../../../../arm-none-eabi/lib/thumb/v7e-m/fpv4-sp/hard/crt0.o

.text           0x0000000008000194     0x4818
 *(.vectors)
 *(.text*)
 .text          0x0000000008000194        0x0 /usr/bin/../lib/gcc/arm-none-eabi/6.3.1/thumb/v7e-m/fpv4-sp/hard/crti.o
 .text          0x0000000008000194       0x6c /usr/bin/../lib/gcc/arm-none-eabi/6.3.1/thumb/v7e-m/fpv4-sp/hard/crtbegin.o
 .text          0x0000000008000200       0x74 /usr/bin/../lib/gcc/arm-none-eabi/6.3.1/../../../../arm-none-eabi/lib/thumb/v7e-m/fpv4-sp/hard/crt0.o
                0x0000000008000200                _mainCRTStartup
                0x0000000008000200                _start
 .text          0x0000000008000274      0x314 /tmp/ccZ9ZZmN.o
                0x000000000800030c                main
                0x0000000008000340                uart_init
                0x0000000008000404                hall_sensor_init
                0x00000000080004d4                EXTI15_10_IRQHandler
                0x000000000800053c                USART1_IRQHandler
 .text          0x0000000008000588       0x3c /tmp/ccfx1RWz.o
                0x0000000008000588                delay
 .text          0x00000000080005c4       0x8c /tmp/ccm88zHm.o
                0x00000000080005c4                NMI_Handler
                0x00000000080005d2                HardFault_Handler
                0x00000000080005d8                MemManage_Handler
                0x00000000080005de                BusFault_Handler
                0x00000000080005e4                UsageFault_Handler
                0x00000000080005ea                SVC_Handler
                0x00000000080005f8                DebugMon_Handler
                0x0000000008000606                PendSV_Handler
                0x0000000008000614                SysTick_Handler
                0x0000000008000638                get_time
 .text          0x0000000008000650      0x25c /tmp/ccS0RhD9.o
                0x0000000008000650                SystemInit
                0x00000000080006bc                SystemCoreClockUpdate
 .text          0x00000000080008ac       0x3c /tmp/ccv4FeKW.o
                0x00000000080008ac                board_led_init
 .text          0x00000000080008e8       0x14 /tmp/ccWt64RJ.o
 .text.Reset_Handler
                0x00000000080008fc       0x48 /tmp/ccWt64RJ.o
                0x00000000080008fc                Reset_Handler
 .text.Default_Handler
                0x0000000008000944        0x2 /tmp/ccWt64RJ.o
                0x0000000008000944                RTC_Alarm_IRQHandler
                0x0000000008000944                HASH_RNG_IRQHandler
                0x0000000008000944                EXTI2_IRQHandler
                0x0000000008000944                TIM8_CC_IRQHandler
                0x0000000008000944                TIM1_CC_IRQHandler
                0x0000000008000944                DMA2_Stream5_IRQHandler
                0x0000000008000944                DMA1_Stream5_IRQHandler
                0x0000000008000944                PVD_IRQHandler
                0x0000000008000944                SDIO_IRQHandler
                0x0000000008000944                TAMP_STAMP_IRQHandler
                0x0000000008000944                CAN2_RX1_IRQHandler
                0x0000000008000944                EXTI3_IRQHandler
                0x0000000008000944                TIM8_TRG_COM_TIM14_IRQHandler
                0x0000000008000944                TIM1_UP_TIM10_IRQHandler
                0x0000000008000944                TIM8_UP_TIM13_IRQHandler
                0x0000000008000944                I2C3_ER_IRQHandler
                0x0000000008000944                EXTI0_IRQHandler
                0x0000000008000944                I2C2_EV_IRQHandler
                0x0000000008000944                DMA1_Stream2_IRQHandler
                0x0000000008000944                CAN1_RX0_IRQHandler
                0x0000000008000944                FPU_IRQHandler
                0x0000000008000944                OTG_HS_WKUP_IRQHandler
                0x0000000008000944                CAN2_SCE_IRQHandler
                0x0000000008000944                DMA2_Stream2_IRQHandler
                0x0000000008000944                SPI1_IRQHandler
                0x0000000008000944                TIM6_DAC_IRQHandler
                0x0000000008000944                TIM1_BRK_TIM9_IRQHandler
                0x0000000008000944                DCMI_IRQHandler
                0x0000000008000944                CAN2_RX0_IRQHandler
                0x0000000008000944                DMA2_Stream3_IRQHandler
                0x0000000008000944                USART6_IRQHandler
                0x0000000008000944                USART3_IRQHandler
                0x0000000008000944                CRYP_IRQHandler
                0x0000000008000944                CAN1_RX1_IRQHandler
                0x0000000008000944                UART5_IRQHandler
                0x0000000008000944                DMA2_Stream0_IRQHandler
                0x0000000008000944                TIM4_IRQHandler
                0x0000000008000944                I2C1_EV_IRQHandler
                0x0000000008000944                DMA1_Stream6_IRQHandler
                0x0000000008000944                DMA1_Stream1_IRQHandler
                0x0000000008000944                UART4_IRQHandler
                0x0000000008000944                TIM3_IRQHandler
                0x0000000008000944                RCC_IRQHandler
                0x0000000008000944                TIM8_BRK_TIM12_IRQHandler
                0x0000000008000944                Default_Handler
                0x0000000008000944                ADC_IRQHandler
                0x0000000008000944                DMA1_Stream7_IRQHandler
                0x0000000008000944                TIM7_IRQHandler
                0x0000000008000944                CAN2_TX_IRQHandler
                0x0000000008000944                TIM5_IRQHandler
                0x0000000008000944                DMA2_Stream7_IRQHandler
                0x0000000008000944                I2C3_EV_IRQHandler
                0x0000000008000944                EXTI9_5_IRQHandler
                0x0000000008000944                RTC_WKUP_IRQHandler
                0x0000000008000944                ETH_WKUP_IRQHandler
                0x0000000008000944                SPI2_IRQHandler
                0x0000000008000944                OTG_HS_EP1_IN_IRQHandler
                0x0000000008000944                DMA1_Stream0_IRQHandler
                0x0000000008000944                CAN1_TX_IRQHandler
                0x0000000008000944                EXTI4_IRQHandler
                0x0000000008000944                FSMC_IRQHandler
                0x0000000008000944                ETH_IRQHandler
                0x0000000008000944                OTG_HS_EP1_OUT_IRQHandler
                0x0000000008000944                WWDG_IRQHandler
                0x0000000008000944                TIM2_IRQHandler
                0x0000000008000944                OTG_FS_WKUP_IRQHandler
                0x0000000008000944                TIM1_TRG_COM_TIM11_IRQHandler
                0x0000000008000944                OTG_HS_IRQHandler
                0x0000000008000944                EXTI1_IRQHandler
                0x0000000008000944                USART2_IRQHandler
                0x0000000008000944                I2C2_ER_IRQHandler
                0x0000000008000944                DMA2_Stream1_IRQHandler
                0x0000000008000944                CAN1_SCE_IRQHandler
                0x0000000008000944                FLASH_IRQHandler
                0x0000000008000944                DMA2_Stream4_IRQHandler
                0x0000000008000944                OTG_FS_IRQHandler
                0x0000000008000944                SPI3_IRQHandler
                0x0000000008000944                DMA1_Stream4_IRQHandler
                0x0000000008000944                I2C1_ER_IRQHandler
                0x0000000008000944                DMA2_Stream6_IRQHandler
                0x0000000008000944                DMA1_Stream3_IRQHandler
 *fill*         0x0000000008000946        0x2 
 .text          0x0000000008000948      0x194 /tmp/ccRS0Gax.o
                0x0000000008000948                NVIC_PriorityGroupConfig
                0x0000000008000970                NVIC_Init
                0x0000000008000a34                NVIC_SetVectorTable
                0x0000000008000a60                NVIC_SystemLPConfig
                0x0000000008000aa4                SysTick_CLKSourceConfig
 .text          0x0000000008000adc       0xf4 /tmp/ccs6l9Ck.o
                0x0000000008000adc                DBGMCU_GetREVID
                0x0000000008000af4                DBGMCU_GetDEVID
                0x0000000008000b10                DBGMCU_Config
                0x0000000008000b50                DBGMCU_APB1PeriphConfig
                0x0000000008000b90                DBGMCU_APB2PeriphConfig
 .text          0x0000000008000bd0      0x210 /tmp/cc0mmCg8.o
                0x0000000008000bd0                EXTI_DeInit
                0x0000000008000c04                EXTI_Init
                0x0000000008000ce8                EXTI_StructInit
                0x0000000008000d14                EXTI_GenerateSWInterrupt
                0x0000000008000d38                EXTI_GetFlagStatus
                0x0000000008000d6c                EXTI_ClearFlag
                0x0000000008000d8c                EXTI_GetITStatus
                0x0000000008000dc0                EXTI_ClearITPendingBit
 .text          0x0000000008000de0      0x4d4 /tmp/cclcVJ7V.o
                0x0000000008000de0                GPIO_DeInit
                0x0000000008000f44                GPIO_Init
                0x0000000008001060                GPIO_StructInit
                0x0000000008001094                GPIO_PinLockConfig
                0x00000000080010d8                GPIO_ReadInputDataBit
                0x000000000800110c                GPIO_ReadInputData
                0x0000000008001126                GPIO_ReadOutputDataBit
                0x000000000800115a                GPIO_ReadOutputData
                0x0000000008001174                GPIO_SetBits
                0x0000000008001192                GPIO_ResetBits
                0x00000000080011b0                GPIO_WriteBit
                0x00000000080011e0                GPIO_Write
                0x00000000080011fe                GPIO_ToggleBits
                0x0000000008001222                GPIO_PinAFConfig
 .text          0x00000000080012b4      0xce0 /tmp/ccnxPOfK.o
                0x00000000080012b4                RCC_DeInit
                0x0000000008001324                RCC_HSEConfig
                0x000000000800134c                RCC_WaitForHSEStartUp
                0x000000000800139c                RCC_AdjustHSICalibrationValue
                0x00000000080013d8                RCC_HSICmd
                0x00000000080013f8                RCC_LSEConfig
                0x000000000800143c                RCC_LSICmd
                0x000000000800145c                RCC_PLLConfig
                0x000000000800149c                RCC_PLLCmd
                0x00000000080014bc                RCC_PLLI2SConfig
                0x00000000080014e8                RCC_PLLI2SCmd
                0x0000000008001508                RCC_PLLSAIConfig
                0x000000000800153c                RCC_PLLSAICmd
                0x000000000800155c                RCC_ClockSecuritySystemCmd
                0x000000000800157c                RCC_MCO1Config
                0x00000000080015bc                RCC_MCO2Config
                0x00000000080015fc                RCC_SYSCLKConfig
                0x0000000008001634                RCC_GetSYSCLKSource
                0x0000000008001654                RCC_HCLKConfig
                0x000000000800168c                RCC_PCLK1Config
                0x00000000080016c4                RCC_PCLK2Config
                0x0000000008001700                RCC_GetClocksFreq
                0x0000000008001850                RCC_RTCCLKConfig
                0x00000000080018ac                RCC_RTCCLKCmd
                0x00000000080018cc                RCC_BackupResetCmd
                0x00000000080018ec                RCC_I2SCLKConfig
                0x000000000800190c                RCC_SAIBlockACLKConfig
                0x0000000008001948                RCC_SAIBlockBCLKConfig
                0x0000000008001984                RCC_SAIPLLI2SClkDivConfig
                0x00000000080019c4                RCC_SAIPLLSAIClkDivConfig
                0x0000000008001a04                RCC_LTDCCLKDivConfig
                0x0000000008001a40                RCC_TIMCLKPresConfig
                0x0000000008001a60                RCC_AHB1PeriphClockCmd
                0x0000000008001aa0                RCC_AHB2PeriphClockCmd
                0x0000000008001ae0                RCC_AHB3PeriphClockCmd
                0x0000000008001b20                RCC_APB1PeriphClockCmd
                0x0000000008001b60                RCC_APB2PeriphClockCmd
                0x0000000008001ba0                RCC_AHB1PeriphResetCmd
                0x0000000008001be0                RCC_AHB2PeriphResetCmd
                0x0000000008001c20                RCC_AHB3PeriphResetCmd
                0x0000000008001c60                RCC_APB1PeriphResetCmd
                0x0000000008001ca0                RCC_APB2PeriphResetCmd
                0x0000000008001ce0                RCC_AHB1PeriphClockLPModeCmd
                0x0000000008001d20                RCC_AHB2PeriphClockLPModeCmd
                0x0000000008001d60                RCC_AHB3PeriphClockLPModeCmd
                0x0000000008001da0                RCC_APB1PeriphClockLPModeCmd
                0x0000000008001de0                RCC_APB2PeriphClockLPModeCmd
                0x0000000008001e20                RCC_LSEModeConfig
                0x0000000008001e5c                RCC_ITConfig
                0x0000000008001ea8                RCC_GetFlagStatus
                0x0000000008001f1c                RCC_ClearFlag
                0x0000000008001f3c                RCC_GetITStatus
                0x0000000008001f74                RCC_ClearITPendingBit
 .text          0x0000000008001f94      0x154 /tmp/ccWWICAy.o
                0x0000000008001f94                SYSCFG_DeInit
                0x0000000008001fb0                SYSCFG_MemoryRemapConfig
                0x0000000008001fd0                SYSCFG_MemorySwappingBank
                0x0000000008001ff0                SYSCFG_EXTILineConfig
                0x0000000008002074                SYSCFG_ETH_MediaInterfaceConfig
                0x0000000008002094                SYSCFG_CompensationCellCmd
                0x00000000080020b4                SYSCFG_GetCompensationCellStatus
 .text          0x00000000080020e8     0x1c18 /tmp/cciuswhn.o
                0x00000000080020e8                TIM_DeInit
                0x00000000080022a8                TIM_TimeBaseInit
                0x0000000008002380                TIM_TimeBaseStructInit
                0x00000000080023b4                TIM_PrescalerConfig
                0x00000000080023dc                TIM_CounterModeConfig
                0x0000000008002414                TIM_SetCounter
                0x0000000008002430                TIM_SetAutoreload
                0x000000000800244c                TIM_GetCounter
                0x0000000008002464                TIM_GetPrescaler
                0x000000000800247e                TIM_UpdateDisableConfig
                0x00000000080024be                TIM_UpdateRequestConfig
                0x00000000080024fe                TIM_ARRPreloadConfig
                0x000000000800253e                TIM_SelectOnePulseMode
                0x0000000008002576                TIM_SetClockDivision
                0x00000000080025ae                TIM_Cmd
                0x00000000080025ee                TIM_OC1Init
                0x00000000080026e4                TIM_OC2Init
                0x00000000080027f4                TIM_OC3Init
                0x0000000008002900                TIM_OC4Init
                0x00000000080029d0                TIM_OCStructInit
                0x0000000008002a14                TIM_SelectOCxM
                0x0000000008002ac6                TIM_SetCompare1
                0x0000000008002ae2                TIM_SetCompare2
                0x0000000008002afe                TIM_SetCompare3
                0x0000000008002b1a                TIM_SetCompare4
                0x0000000008002b36                TIM_ForcedOC1Config
                0x0000000008002b6e                TIM_ForcedOC2Config
                0x0000000008002baa                TIM_ForcedOC3Config
                0x0000000008002be2                TIM_ForcedOC4Config
                0x0000000008002c1e                TIM_OC1PreloadConfig
                0x0000000008002c56                TIM_OC2PreloadConfig
                0x0000000008002c92                TIM_OC3PreloadConfig
                0x0000000008002cca                TIM_OC4PreloadConfig
                0x0000000008002d06                TIM_OC1FastConfig
                0x0000000008002d3e                TIM_OC2FastConfig
                0x0000000008002d7a                TIM_OC3FastConfig
                0x0000000008002db2                TIM_OC4FastConfig
                0x0000000008002dee                TIM_ClearOC1Ref
                0x0000000008002e26                TIM_ClearOC2Ref
                0x0000000008002e62                TIM_ClearOC3Ref
                0x0000000008002e9a                TIM_ClearOC4Ref
                0x0000000008002ed6                TIM_OC1PolarityConfig
                0x0000000008002f0e                TIM_OC1NPolarityConfig
                0x0000000008002f46                TIM_OC2PolarityConfig
                0x0000000008002f82                TIM_OC2NPolarityConfig
                0x0000000008002fbe                TIM_OC3PolarityConfig
                0x0000000008002ffa                TIM_OC3NPolarityConfig
                0x0000000008003036                TIM_OC4PolarityConfig
                0x0000000008003072                TIM_CCxCmd
                0x00000000080030c8                TIM_CCxNCmd
                0x000000000800311e                TIM_ICInit
                0x00000000080031c6                TIM_ICStructInit
                0x00000000080031f8                TIM_PWMIConfig
                0x00000000080032b0                TIM_GetCapture1
                0x00000000080032c8                TIM_GetCapture2
                0x00000000080032e0                TIM_GetCapture3
                0x00000000080032f8                TIM_GetCapture4
                0x0000000008003310                TIM_SetIC1Prescaler
                0x0000000008003348                TIM_SetIC2Prescaler
                0x0000000008003384                TIM_SetIC3Prescaler
                0x00000000080033bc                TIM_SetIC4Prescaler
                0x00000000080033f8                TIM_BDTRConfig
                0x0000000008003448                TIM_BDTRStructInit
                0x0000000008003486                TIM_CtrlPWMOutputs
                0x00000000080034d2                TIM_SelectCOM
                0x0000000008003512                TIM_CCPreloadControl
                0x0000000008003552                TIM_ITConfig
                0x000000000800359a                TIM_GenerateEvent
                0x00000000080035b8                TIM_GetFlagStatus
                0x00000000080035f0                TIM_ClearFlag
                0x0000000008003612                TIM_GetITStatus
                0x0000000008003666                TIM_ClearITPendingBit
                0x0000000008003688                TIM_DMAConfig
                0x00000000080036b2                TIM_DMACmd
                0x00000000080036fa                TIM_SelectCCDMA
                0x000000000800373a                TIM_InternalClockConfig
                0x000000000800375e                TIM_ITRxExternalClockConfig
                0x000000000800378c                TIM_TIxExternalClockConfig
                0x00000000080037e8                TIM_ETRClockMode1Config
                0x0000000008003846                TIM_ETRClockMode2Config
                0x0000000008003884                TIM_SelectInputTrigger
                0x00000000080038bc                TIM_SelectOutputTrigger
                0x00000000080038f4                TIM_SelectSlaveMode
                0x000000000800392c                TIM_SelectMasterSlaveMode
                0x0000000008003964                TIM_ETRConfig
                0x00000000080039b8                TIM_EncoderInterfaceConfig
                0x0000000008003a50                TIM_SelectHallSensor
                0x0000000008003a90                TIM_RemapConfig
 .text          0x0000000008003d00      0x970 /tmp/cc4ETYdc.o
                0x0000000008003d00                USART_DeInit
                0x0000000008003e18                USART_Init
                0x0000000008003f8c                USART_StructInit
                0x0000000008003fc6                USART_ClockInit
                0x000000000800401c                USART_ClockStructInit
                0x0000000008004048                USART_Cmd
                0x0000000008004088                USART_SetPrescaler
                0x00000000080040c2                USART_OverSampling8Cmd
                0x0000000008004106                USART_OneBitMethodCmd
                0x0000000008004146                USART_SendData
                0x000000000800416a                USART_ReceiveData
                0x000000000800418a                USART_SetAddress
                0x00000000080041c4                USART_ReceiverWakeUpCmd
                0x0000000008004204                USART_WakeUpConfig
                0x000000000800423c                USART_LINBreakDetectLengthConfig
                0x0000000008004274                USART_LINCmd
                0x00000000080042b4                USART_SendBreak
                0x00000000080042d8                USART_HalfDuplexCmd
                0x0000000008004318                USART_SetGuardTime
                0x0000000008004354                USART_SmartCardCmd
                0x0000000008004394                USART_SmartCardNACKCmd
                0x00000000080043d4                USART_IrDAConfig
                0x000000000800440c                USART_IrDACmd
                0x000000000800444c                USART_DMACmd
                0x0000000008004494                USART_ITConfig
                0x0000000008004524                USART_GetFlagStatus
                0x000000000800455c                USART_ClearFlag
                0x000000000800457e                USART_GetITStatus
                0x0000000008004634                USART_ClearITPendingBit
 .text          0x0000000008004670        0x0 /usr/bin/../lib/gcc/arm-none-eabi/6.3.1/../../../../arm-none-eabi/lib/thumb/v7e-m/fpv4-sp/hard/libg.a(lib_a-exit.o)
 .text.exit     0x0000000008004670       0x20 /usr/bin/../lib/gcc/arm-none-eabi/6.3.1/../../../../arm-none-eabi/lib/thumb/v7e-m/fpv4-sp/hard/libg.a(lib_a-exit.o)
                0x0000000008004670                exit
 .text          0x0000000008004690        0x0 /usr/bin/../lib/gcc/arm-none-eabi/6.3.1/../../../../arm-none-eabi/lib/thumb/v7e-m/fpv4-sp/hard/libg.a(lib_a-impure.o)
 .text          0x0000000008004690        0x0 /usr/bin/../lib/gcc/arm-none-eabi/6.3.1/../../../../arm-none-eabi/lib/thumb/v7e-m/fpv4-sp/hard/libg.a(lib_a-init.o)
 .text.__libc_init_array
                0x0000000008004690       0x50 /usr/bin/../lib/gcc/arm-none-eabi/6.3.1/../../../../arm-none-eabi/lib/thumb/v7e-m/fpv4-sp/hard/libg.a(lib_a-init.o)
                0x0000000008004690                __libc_init_array
 .text          0x00000000080046e0        0x0 /usr/bin/../lib/gcc/arm-none-eabi/6.3.1/../../../../arm-none-eabi/lib/thumb/v7e-m/fpv4-sp/hard/libg.a(lib_a-memset.o)
 .text.memset   0x00000000080046e0       0x9c /usr/bin/../lib/gcc/arm-none-eabi/6.3.1/../../../../arm-none-eabi/lib/thumb/v7e-m/fpv4-sp/hard/libg.a(lib_a-memset.o)
                0x00000000080046e0                memset
 .text          0x000000000800477c        0x0 /usr/bin/../lib/gcc/arm-none-eabi/6.3.1/../../../../arm-none-eabi/lib/thumb/v7e-m/fpv4-sp/hard/libg.a(lib_a-__call_atexit.o)
 .text.startup.register_fini
                0x000000000800477c       0x14 /usr/bin/../lib/gcc/arm-none-eabi/6.3.1/../../../../arm-none-eabi/lib/thumb/v7e-m/fpv4-sp/hard/libg.a(lib_a-__call_atexit.o)
 .text.__call_exitprocs
                0x0000000008004790       0xe8 /usr/bin/../lib/gcc/arm-none-eabi/6.3.1/../../../../arm-none-eabi/lib/thumb/v7e-m/fpv4-sp/hard/libg.a(lib_a-__call_atexit.o)
                0x0000000008004790                __call_exitprocs
 .text          0x0000000008004878        0x0 /usr/bin/../lib/gcc/arm-none-eabi/6.3.1/../../../../arm-none-eabi/lib/thumb/v7e-m/fpv4-sp/hard/libg.a(lib_a-atexit.o)
 .text.atexit   0x0000000008004878        0xc /usr/bin/../lib/gcc/arm-none-eabi/6.3.1/../../../../arm-none-eabi/lib/thumb/v7e-m/fpv4-sp/hard/libg.a(lib_a-atexit.o)
                0x0000000008004878                atexit
 .text          0x0000000008004884        0x0 /usr/bin/../lib/gcc/arm-none-eabi/6.3.1/../../../../arm-none-eabi/lib/thumb/v7e-m/fpv4-sp/hard/libg.a(lib_a-fini.o)
 .text.__libc_fini_array
                0x0000000008004884       0x34 /usr/bin/../lib/gcc/arm-none-eabi/6.3.1/../../../../arm-none-eabi/lib/thumb/v7e-m/fpv4-sp/hard/libg.a(lib_a-fini.o)
                0x0000000008004884                __libc_fini_array
 .text          0x00000000080048b8        0x0 /usr/bin/../lib/gcc/arm-none-eabi/6.3.1/../../../../arm-none-eabi/lib/thumb/v7e-m/fpv4-sp/hard/libg.a(lib_a-lock.o)
 .text.__retarget_lock_init
                0x00000000080048b8        0x4 /usr/bin/../lib/gcc/arm-none-eabi/6.3.1/../../../../arm-none-eabi/lib/thumb/v7e-m/fpv4-sp/hard/libg.a(lib_a-lock.o)
                0x00000000080048b8                __retarget_lock_init
 .text.__retarget_lock_init_recursive
                0x00000000080048bc        0x4 /usr/bin/../lib/gcc/arm-none-eabi/6.3.1/../../../../arm-none-eabi/lib/thumb/v7e-m/fpv4-sp/hard/libg.a(lib_a-lock.o)
                0x00000000080048bc                __retarget_lock_init_recursive
 .text.__retarget_lock_close
                0x00000000080048c0        0x4 /usr/bin/../lib/gcc/arm-none-eabi/6.3.1/../../../../arm-none-eabi/lib/thumb/v7e-m/fpv4-sp/hard/libg.a(lib_a-lock.o)
                0x00000000080048c0                __retarget_lock_close
 .text.__retarget_lock_close_recursive
                0x00000000080048c4        0x4 /usr/bin/../lib/gcc/arm-none-eabi/6.3.1/../../../../arm-none-eabi/lib/thumb/v7e-m/fpv4-sp/hard/libg.a(lib_a-lock.o)
                0x00000000080048c4                __retarget_lock_close_recursive
 .text.__retarget_lock_acquire
                0x00000000080048c8        0x4 /usr/bin/../lib/gcc/arm-none-eabi/6.3.1/../../../../arm-none-eabi/lib/thumb/v7e-m/fpv4-sp/hard/libg.a(lib_a-lock.o)
                0x00000000080048c8                __retarget_lock_acquire
 .text.__retarget_lock_acquire_recursive
                0x00000000080048cc        0x4 /usr/bin/../lib/gcc/arm-none-eabi/6.3.1/../../../../arm-none-eabi/lib/thumb/v7e-m/fpv4-sp/hard/libg.a(lib_a-lock.o)
                0x00000000080048cc                __retarget_lock_acquire_recursive
 .text.__retarget_lock_try_acquire
                0x00000000080048d0        0x4 /usr/bin/../lib/gcc/arm-none-eabi/6.3.1/../../../../arm-none-eabi/lib/thumb/v7e-m/fpv4-sp/hard/libg.a(lib_a-lock.o)
                0x00000000080048d0                __retarget_lock_try_acquire
 .text.__retarget_lock_try_acquire_recursive
                0x00000000080048d4        0x4 /usr/bin/../lib/gcc/arm-none-eabi/6.3.1/../../../../arm-none-eabi/lib/thumb/v7e-m/fpv4-sp/hard/libg.a(lib_a-lock.o)
                0x00000000080048d4                __retarget_lock_try_acquire_recursive
 .text.__retarget_lock_release
                0x00000000080048d8        0x4 /usr/bin/../lib/gcc/arm-none-eabi/6.3.1/../../../../arm-none-eabi/lib/thumb/v7e-m/fpv4-sp/hard/libg.a(lib_a-lock.o)
                0x00000000080048d8                __retarget_lock_release
 .text.__retarget_lock_release_recursive
                0x00000000080048dc        0x4 /usr/bin/../lib/gcc/arm-none-eabi/6.3.1/../../../../arm-none-eabi/lib/thumb/v7e-m/fpv4-sp/hard/libg.a(lib_a-lock.o)
                0x00000000080048dc                __retarget_lock_release_recursive
 .text          0x00000000080048e0        0x0 /usr/bin/../lib/gcc/arm-none-eabi/6.3.1/../../../../arm-none-eabi/lib/thumb/v7e-m/fpv4-sp/hard/libg.a(lib_a-__atexit.o)
 .text.__register_exitproc
                0x00000000080048e0       0xc4 /usr/bin/../lib/gcc/arm-none-eabi/6.3.1/../../../../arm-none-eabi/lib/thumb/v7e-m/fpv4-sp/hard/libg.a(lib_a-__atexit.o)
                0x00000000080048e0                __register_exitproc
 .text          0x00000000080049a4        0x0 /usr/bin/../lib/gcc/arm-none-eabi/6.3.1/../../../../arm-none-eabi/lib/thumb/v7e-m/fpv4-sp/hard/libnosys.a(_exit.o)
 .text._exit    0x00000000080049a4        0x4 /usr/bin/../lib/gcc/arm-none-eabi/6.3.1/../../../../arm-none-eabi/lib/thumb/v7e-m/fpv4-sp/hard/libnosys.a(_exit.o)
                0x00000000080049a4                _exit
 .text          0x00000000080049a8        0x0 /usr/bin/../lib/gcc/arm-none-eabi/6.3.1/thumb/v7e-m/fpv4-sp/hard/crtend.o
 .text          0x00000000080049a8        0x0 /usr/bin/../lib/gcc/arm-none-eabi/6.3.1/thumb/v7e-m/fpv4-sp/hard/crtn.o
                0x00000000080049a8                . = ALIGN (0x4)
 *(.rodata*)
 .rodata._global_impure_ptr
                0x00000000080049a8        0x4 /usr/bin/../lib/gcc/arm-none-eabi/6.3.1/../../../../arm-none-eabi/lib/thumb/v7e-m/fpv4-sp/hard/libg.a(lib_a-impure.o)
                0x00000000080049a8                _global_impure_ptr
                0x00000000080049ac                . = ALIGN (0x4)

.glue_7         0x00000000080049ac        0x0
 .glue_7        0x00000000080049ac        0x0 linker stubs

.glue_7t        0x00000000080049ac        0x0
 .glue_7t       0x00000000080049ac        0x0 linker stubs

.vfp11_veneer   0x00000000080049ac        0x0
 .vfp11_veneer  0x00000000080049ac        0x0 linker stubs

.v4_bx          0x00000000080049ac        0x0
 .v4_bx         0x00000000080049ac        0x0 linker stubs

.init           0x00000000080049ac        0xc
 .init          0x00000000080049ac        0x4 /usr/bin/../lib/gcc/arm-none-eabi/6.3.1/thumb/v7e-m/fpv4-sp/hard/crti.o
                0x00000000080049ac                _init
 .init          0x00000000080049b0        0x8 /usr/bin/../lib/gcc/arm-none-eabi/6.3.1/thumb/v7e-m/fpv4-sp/hard/crtn.o

.fini           0x00000000080049b8        0xc
 .fini          0x00000000080049b8        0x4 /usr/bin/../lib/gcc/arm-none-eabi/6.3.1/thumb/v7e-m/fpv4-sp/hard/crti.o
                0x00000000080049b8                _fini
 .fini          0x00000000080049bc        0x8 /usr/bin/../lib/gcc/arm-none-eabi/6.3.1/thumb/v7e-m/fpv4-sp/hard/crtn.o

.iplt           0x00000000080049c4        0x0
 .iplt          0x00000000080049c4        0x0 /usr/bin/../lib/gcc/arm-none-eabi/6.3.1/thumb/v7e-m/fpv4-sp/hard/crtbegin.o

.rel.dyn        0x00000000080049c4        0x0
 .rel.iplt      0x00000000080049c4        0x0 /usr/bin/../lib/gcc/arm-none-eabi/6.3.1/thumb/v7e-m/fpv4-sp/hard/crtbegin.o
                0x00000000080049c4                . = ALIGN (0x4)
                0x00000000080049c4                _etext = .

.data           0x0000000020000000      0x45c load address 0x00000000080049c4
                0x0000000020000000                _sdata = .
 *(.data*)
 .data          0x0000000020000000        0x0 /usr/bin/../lib/gcc/arm-none-eabi/6.3.1/thumb/v7e-m/fpv4-sp/hard/crti.o
 .data          0x0000000020000000        0x4 /usr/bin/../lib/gcc/arm-none-eabi/6.3.1/thumb/v7e-m/fpv4-sp/hard/crtbegin.o
                0x0000000020000000                __dso_handle
 .data          0x0000000020000004        0x0 /usr/bin/../lib/gcc/arm-none-eabi/6.3.1/../../../../arm-none-eabi/lib/thumb/v7e-m/fpv4-sp/hard/crt0.o
 .data          0x0000000020000004        0x0 /tmp/ccZ9ZZmN.o
 .data          0x0000000020000004        0x0 /tmp/ccfx1RWz.o
 .data          0x0000000020000004        0x0 /tmp/ccm88zHm.o
 .data          0x0000000020000004       0x14 /tmp/ccS0RhD9.o
                0x0000000020000004                SystemCoreClock
                0x0000000020000008                AHBPrescTable
 .data          0x0000000020000018        0x0 /tmp/ccv4FeKW.o
 .data          0x0000000020000018        0x0 /tmp/ccWt64RJ.o
 .data          0x0000000020000018        0x0 /tmp/ccRS0Gax.o
 .data          0x0000000020000018        0x0 /tmp/ccs6l9Ck.o
 .data          0x0000000020000018        0x0 /tmp/cc0mmCg8.o
 .data          0x0000000020000018        0x0 /tmp/cclcVJ7V.o
 .data          0x0000000020000018       0x10 /tmp/ccnxPOfK.o
 .data          0x0000000020000028        0x0 /tmp/ccWWICAy.o
 .data          0x0000000020000028        0x0 /tmp/cciuswhn.o
 .data          0x0000000020000028        0x0 /tmp/cc4ETYdc.o
 .data          0x0000000020000028        0x0 /usr/bin/../lib/gcc/arm-none-eabi/6.3.1/../../../../arm-none-eabi/lib/thumb/v7e-m/fpv4-sp/hard/libg.a(lib_a-exit.o)
 .data          0x0000000020000028        0x0 /usr/bin/../lib/gcc/arm-none-eabi/6.3.1/../../../../arm-none-eabi/lib/thumb/v7e-m/fpv4-sp/hard/libg.a(lib_a-impure.o)
 .data._impure_ptr
                0x0000000020000028        0x4 /usr/bin/../lib/gcc/arm-none-eabi/6.3.1/../../../../arm-none-eabi/lib/thumb/v7e-m/fpv4-sp/hard/libg.a(lib_a-impure.o)
                0x0000000020000028                _impure_ptr
 *fill*         0x000000002000002c        0x4 
 .data.impure_data
                0x0000000020000030      0x428 /usr/bin/../lib/gcc/arm-none-eabi/6.3.1/../../../../arm-none-eabi/lib/thumb/v7e-m/fpv4-sp/hard/libg.a(lib_a-impure.o)
 .data          0x0000000020000458        0x0 /usr/bin/../lib/gcc/arm-none-eabi/6.3.1/../../../../arm-none-eabi/lib/thumb/v7e-m/fpv4-sp/hard/libg.a(lib_a-init.o)
 .data          0x0000000020000458        0x0 /usr/bin/../lib/gcc/arm-none-eabi/6.3.1/../../../../arm-none-eabi/lib/thumb/v7e-m/fpv4-sp/hard/libg.a(lib_a-memset.o)
 .data          0x0000000020000458        0x0 /usr/bin/../lib/gcc/arm-none-eabi/6.3.1/../../../../arm-none-eabi/lib/thumb/v7e-m/fpv4-sp/hard/libg.a(lib_a-__call_atexit.o)
 .data.__atexit_recursive_mutex
                0x0000000020000458        0x4 /usr/bin/../lib/gcc/arm-none-eabi/6.3.1/../../../../arm-none-eabi/lib/thumb/v7e-m/fpv4-sp/hard/libg.a(lib_a-__call_atexit.o)
                0x0000000020000458                __atexit_recursive_mutex
 .data          0x000000002000045c        0x0 /usr/bin/../lib/gcc/arm-none-eabi/6.3.1/../../../../arm-none-eabi/lib/thumb/v7e-m/fpv4-sp/hard/libg.a(lib_a-atexit.o)
 .data          0x000000002000045c        0x0 /usr/bin/../lib/gcc/arm-none-eabi/6.3.1/../../../../arm-none-eabi/lib/thumb/v7e-m/fpv4-sp/hard/libg.a(lib_a-fini.o)
 .data          0x000000002000045c        0x0 /usr/bin/../lib/gcc/arm-none-eabi/6.3.1/../../../../arm-none-eabi/lib/thumb/v7e-m/fpv4-sp/hard/libg.a(lib_a-lock.o)
 .data          0x000000002000045c        0x0 /usr/bin/../lib/gcc/arm-none-eabi/6.3.1/../../../../arm-none-eabi/lib/thumb/v7e-m/fpv4-sp/hard/libg.a(lib_a-__atexit.o)
 .data          0x000000002000045c        0x0 /usr/bin/../lib/gcc/arm-none-eabi/6.3.1/../../../../arm-none-eabi/lib/thumb/v7e-m/fpv4-sp/hard/libnosys.a(_exit.o)
 .data          0x000000002000045c        0x0 /usr/bin/../lib/gcc/arm-none-eabi/6.3.1/thumb/v7e-m/fpv4-sp/hard/crtend.o
 .data          0x000000002000045c        0x0 /usr/bin/../lib/gcc/arm-none-eabi/6.3.1/thumb/v7e-m/fpv4-sp/hard/crtn.o
                0x000000002000045c                . = ALIGN (0x4)
                0x000000002000045c                _edata = .
                0x00000000080049c4                _sidata = LOADADDR (.data)

.init_array     0x000000002000045c        0x4 load address 0x0000000008004e20
 .init_array    0x000000002000045c        0x4 /usr/bin/../lib/gcc/arm-none-eabi/6.3.1/thumb/v7e-m/fpv4-sp/hard/crtbegin.o

.fini_array     0x0000000020000460        0x4 load address 0x0000000008004e24
 .fini_array    0x0000000020000460        0x4 /usr/bin/../lib/gcc/arm-none-eabi/6.3.1/thumb/v7e-m/fpv4-sp/hard/crtbegin.o

.jcr            0x0000000020000464        0x4 load address 0x0000000008004e28
 .jcr           0x0000000020000464        0x0 /usr/bin/../lib/gcc/arm-none-eabi/6.3.1/thumb/v7e-m/fpv4-sp/hard/crtbegin.o
 .jcr           0x0000000020000464        0x4 /usr/bin/../lib/gcc/arm-none-eabi/6.3.1/thumb/v7e-m/fpv4-sp/hard/crtend.o

.igot.plt       0x0000000020000468        0x0 load address 0x0000000008004e2c
 .igot.plt      0x0000000020000468        0x0 /usr/bin/../lib/gcc/arm-none-eabi/6.3.1/thumb/v7e-m/fpv4-sp/hard/crtbegin.o

.init_array.00000
                0x0000000020000468        0x4 load address 0x0000000008004e2c
 .init_array.00000
                0x0000000020000468        0x4 /usr/bin/../lib/gcc/arm-none-eabi/6.3.1/../../../../arm-none-eabi/lib/thumb/v7e-m/fpv4-sp/hard/libg.a(lib_a-__call_atexit.o)

.bss            0x0000000020000470       0x4c load address 0x0000000008004e30
                0x0000000020000470                __bss_start__ = .
                0x0000000020000470                _sbss = .
 *(.bss*)
 .bss           0x0000000020000470        0x0 /usr/bin/../lib/gcc/arm-none-eabi/6.3.1/thumb/v7e-m/fpv4-sp/hard/crti.o
 .bss           0x0000000020000470       0x1c /usr/bin/../lib/gcc/arm-none-eabi/6.3.1/thumb/v7e-m/fpv4-sp/hard/crtbegin.o
 .bss           0x000000002000048c        0x0 /usr/bin/../lib/gcc/arm-none-eabi/6.3.1/../../../../arm-none-eabi/lib/thumb/v7e-m/fpv4-sp/hard/crt0.o
 .bss           0x000000002000048c        0x1 /tmp/ccZ9ZZmN.o
                0x000000002000048c                hall_current_step
 .bss           0x000000002000048d        0x0 /tmp/ccfx1RWz.o
 *fill*         0x000000002000048d        0x3 
 .bss           0x0000000020000490        0x8 /tmp/ccm88zHm.o
                0x0000000020000490                msTicks
 .bss           0x0000000020000498        0x0 /tmp/ccS0RhD9.o
 .bss           0x0000000020000498        0x0 /tmp/ccv4FeKW.o
 .bss           0x0000000020000498        0x0 /tmp/ccWt64RJ.o
 .bss           0x0000000020000498        0x0 /tmp/ccRS0Gax.o
 .bss           0x0000000020000498        0x0 /tmp/ccs6l9Ck.o
 .bss           0x0000000020000498        0x0 /tmp/cc0mmCg8.o
 .bss           0x0000000020000498        0x0 /tmp/cclcVJ7V.o
 .bss           0x0000000020000498        0x0 /tmp/ccnxPOfK.o
 .bss           0x0000000020000498        0x0 /tmp/ccWWICAy.o
 .bss           0x0000000020000498        0x0 /tmp/cciuswhn.o
 .bss           0x0000000020000498        0x0 /tmp/cc4ETYdc.o
 .bss           0x0000000020000498        0x0 /usr/bin/../lib/gcc/arm-none-eabi/6.3.1/../../../../arm-none-eabi/lib/thumb/v7e-m/fpv4-sp/hard/libg.a(lib_a-exit.o)
 .bss           0x0000000020000498        0x0 /usr/bin/../lib/gcc/arm-none-eabi/6.3.1/../../../../arm-none-eabi/lib/thumb/v7e-m/fpv4-sp/hard/libg.a(lib_a-impure.o)
 .bss           0x0000000020000498        0x0 /usr/bin/../lib/gcc/arm-none-eabi/6.3.1/../../../../arm-none-eabi/lib/thumb/v7e-m/fpv4-sp/hard/libg.a(lib_a-init.o)
 .bss           0x0000000020000498        0x0 /usr/bin/../lib/gcc/arm-none-eabi/6.3.1/../../../../arm-none-eabi/lib/thumb/v7e-m/fpv4-sp/hard/libg.a(lib_a-memset.o)
 .bss           0x0000000020000498        0x0 /usr/bin/../lib/gcc/arm-none-eabi/6.3.1/../../../../arm-none-eabi/lib/thumb/v7e-m/fpv4-sp/hard/libg.a(lib_a-__call_atexit.o)
 .bss           0x0000000020000498        0x0 /usr/bin/../lib/gcc/arm-none-eabi/6.3.1/../../../../arm-none-eabi/lib/thumb/v7e-m/fpv4-sp/hard/libg.a(lib_a-atexit.o)
 .bss           0x0000000020000498        0x0 /usr/bin/../lib/gcc/arm-none-eabi/6.3.1/../../../../arm-none-eabi/lib/thumb/v7e-m/fpv4-sp/hard/libg.a(lib_a-fini.o)
 .bss           0x0000000020000498        0x0 /usr/bin/../lib/gcc/arm-none-eabi/6.3.1/../../../../arm-none-eabi/lib/thumb/v7e-m/fpv4-sp/hard/libg.a(lib_a-lock.o)
 .bss           0x0000000020000498        0x0 /usr/bin/../lib/gcc/arm-none-eabi/6.3.1/../../../../arm-none-eabi/lib/thumb/v7e-m/fpv4-sp/hard/libg.a(lib_a-__atexit.o)
 .bss           0x0000000020000498        0x0 /usr/bin/../lib/gcc/arm-none-eabi/6.3.1/../../../../arm-none-eabi/lib/thumb/v7e-m/fpv4-sp/hard/libnosys.a(_exit.o)
 .bss           0x0000000020000498        0x0 /usr/bin/../lib/gcc/arm-none-eabi/6.3.1/thumb/v7e-m/fpv4-sp/hard/crtend.o
 .bss           0x0000000020000498        0x0 /usr/bin/../lib/gcc/arm-none-eabi/6.3.1/thumb/v7e-m/fpv4-sp/hard/crtn.o
 *(COMMON)
 COMMON         0x0000000020000498       0x21 /usr/bin/../lib/gcc/arm-none-eabi/6.3.1/../../../../arm-none-eabi/lib/thumb/v7e-m/fpv4-sp/hard/libg.a(lib_a-lock.o)
                0x0000000020000498                __lock___atexit_recursive_mutex
                0x000000002000049c                __lock___arc4random_mutex
                0x00000000200004a0                __lock___env_recursive_mutex
                0x00000000200004a4                __lock___sinit_recursive_mutex
                0x00000000200004a8                __lock___malloc_recursive_mutex
                0x00000000200004ac                __lock___at_quick_exit_mutex
                0x00000000200004b0                __lock___dd_hash_mutex
                0x00000000200004b4                __lock___tz_mutex
                0x00000000200004b8                __lock___sfp_recursive_mutex
                0x00000000200004bc                . = ALIGN (0x4)
 *fill*         0x00000000200004b9        0x3 
                0x00000000200004bc                _ebss = .
                0x00000000200004bc                __bss_end__ = .
                0x00000000200004bc                . = ALIGN (0x4)
                0x00000000200004bc                end = .
                0x0000000020020000                PROVIDE (_estack, (ORIGIN (ram) + LENGTH (ram)))
OUTPUT(build/template.elf elf32-littlearm)

.ARM.attributes
                0x0000000000000000       0x30
 .ARM.attributes
                0x0000000000000000       0x22 /usr/bin/../lib/gcc/arm-none-eabi/6.3.1/thumb/v7e-m/fpv4-sp/hard/crti.o
 .ARM.attributes
                0x0000000000000022       0x34 /usr/bin/../lib/gcc/arm-none-eabi/6.3.1/thumb/v7e-m/fpv4-sp/hard/crtbegin.o
 .ARM.attributes
                0x0000000000000056       0x20 /usr/bin/../lib/gcc/arm-none-eabi/6.3.1/../../../../arm-none-eabi/lib/thumb/v7e-m/fpv4-sp/hard/crt0.o
 .ARM.attributes
                0x0000000000000076       0x39 /tmp/ccZ9ZZmN.o
 .ARM.attributes
                0x00000000000000af       0x39 /tmp/ccfx1RWz.o
 .ARM.attributes
                0x00000000000000e8       0x39 /tmp/ccm88zHm.o
 .ARM.attributes
                0x0000000000000121       0x39 /tmp/ccS0RhD9.o
 .ARM.attributes
                0x000000000000015a       0x39 /tmp/ccv4FeKW.o
 .ARM.attributes
                0x0000000000000193       0x21 /tmp/ccWt64RJ.o
 .ARM.attributes
                0x00000000000001b4       0x39 /tmp/ccRS0Gax.o
 .ARM.attributes
                0x00000000000001ed       0x39 /tmp/ccs6l9Ck.o
 .ARM.attributes
                0x0000000000000226       0x39 /tmp/cc0mmCg8.o
 .ARM.attributes
                0x000000000000025f       0x39 /tmp/cclcVJ7V.o
 .ARM.attributes
                0x0000000000000298       0x39 /tmp/ccnxPOfK.o
 .ARM.attributes
                0x00000000000002d1       0x39 /tmp/ccWWICAy.o
 .ARM.attributes
                0x000000000000030a       0x39 /tmp/cciuswhn.o
 .ARM.attributes
                0x0000000000000343       0x39 /tmp/cc4ETYdc.o
 .ARM.attributes
                0x000000000000037c       0x34 /usr/bin/../lib/gcc/arm-none-eabi/6.3.1/../../../../arm-none-eabi/lib/thumb/v7e-m/fpv4-sp/hard/libg.a(lib_a-exit.o)
 .ARM.attributes
                0x00000000000003b0       0x34 /usr/bin/../lib/gcc/arm-none-eabi/6.3.1/../../../../arm-none-eabi/lib/thumb/v7e-m/fpv4-sp/hard/libg.a(lib_a-impure.o)
 .ARM.attributes
                0x00000000000003e4       0x34 /usr/bin/../lib/gcc/arm-none-eabi/6.3.1/../../../../arm-none-eabi/lib/thumb/v7e-m/fpv4-sp/hard/libg.a(lib_a-init.o)
 .ARM.attributes
                0x0000000000000418       0x34 /usr/bin/../lib/gcc/arm-none-eabi/6.3.1/../../../../arm-none-eabi/lib/thumb/v7e-m/fpv4-sp/hard/libg.a(lib_a-memset.o)
 .ARM.attributes
                0x000000000000044c       0x34 /usr/bin/../lib/gcc/arm-none-eabi/6.3.1/../../../../arm-none-eabi/lib/thumb/v7e-m/fpv4-sp/hard/libg.a(lib_a-__call_atexit.o)
 .ARM.attributes
                0x0000000000000480       0x34 /usr/bin/../lib/gcc/arm-none-eabi/6.3.1/../../../../arm-none-eabi/lib/thumb/v7e-m/fpv4-sp/hard/libg.a(lib_a-atexit.o)
 .ARM.attributes
                0x00000000000004b4       0x34 /usr/bin/../lib/gcc/arm-none-eabi/6.3.1/../../../../arm-none-eabi/lib/thumb/v7e-m/fpv4-sp/hard/libg.a(lib_a-fini.o)
 .ARM.attributes
                0x00000000000004e8       0x34 /usr/bin/../lib/gcc/arm-none-eabi/6.3.1/../../../../arm-none-eabi/lib/thumb/v7e-m/fpv4-sp/hard/libg.a(lib_a-lock.o)
 .ARM.attributes
                0x000000000000051c       0x34 /usr/bin/../lib/gcc/arm-none-eabi/6.3.1/../../../../arm-none-eabi/lib/thumb/v7e-m/fpv4-sp/hard/libg.a(lib_a-__atexit.o)
 .ARM.attributes
                0x0000000000000550       0x34 /usr/bin/../lib/gcc/arm-none-eabi/6.3.1/../../../../arm-none-eabi/lib/thumb/v7e-m/fpv4-sp/hard/libnosys.a(_exit.o)
 .ARM.attributes
                0x0000000000000584       0x34 /usr/bin/../lib/gcc/arm-none-eabi/6.3.1/thumb/v7e-m/fpv4-sp/hard/crtend.o
 .ARM.attributes
                0x00000000000005b8       0x22 /usr/bin/../lib/gcc/arm-none-eabi/6.3.1/thumb/v7e-m/fpv4-sp/hard/crtn.o

.comment        0x0000000000000000       0x7f
 .comment       0x0000000000000000       0x7f /tmp/ccZ9ZZmN.o
                                         0x80 (size before relaxing)
 .comment       0x000000000000007f       0x80 /tmp/ccfx1RWz.o
 .comment       0x000000000000007f       0x80 /tmp/ccm88zHm.o
 .comment       0x000000000000007f       0x80 /tmp/ccS0RhD9.o
 .comment       0x000000000000007f       0x80 /tmp/ccv4FeKW.o
 .comment       0x000000000000007f       0x80 /tmp/ccRS0Gax.o
 .comment       0x000000000000007f       0x80 /tmp/ccs6l9Ck.o
 .comment       0x000000000000007f       0x80 /tmp/cc0mmCg8.o
 .comment       0x000000000000007f       0x80 /tmp/cclcVJ7V.o
 .comment       0x000000000000007f       0x80 /tmp/ccnxPOfK.o
 .comment       0x000000000000007f       0x80 /tmp/ccWWICAy.o
 .comment       0x000000000000007f       0x80 /tmp/cciuswhn.o
 .comment       0x000000000000007f       0x80 /tmp/cc4ETYdc.o

.debug_info     0x0000000000000000     0x5f68
 .debug_info    0x0000000000000000      0xb75 /tmp/ccZ9ZZmN.o
 .debug_info    0x0000000000000b75       0xfe /tmp/ccfx1RWz.o
 .debug_info    0x0000000000000c73      0x190 /tmp/ccm88zHm.o
 .debug_info    0x0000000000000e03      0x614 /tmp/ccS0RhD9.o
 .debug_info    0x0000000000001417      0x2be /tmp/ccv4FeKW.o
 .debug_info    0x00000000000016d5       0x81 /tmp/ccWt64RJ.o
 .debug_info    0x0000000000001756      0x54d /tmp/ccRS0Gax.o
 .debug_info    0x0000000000001ca3      0x1ef /tmp/ccs6l9Ck.o
 .debug_info    0x0000000000001e92      0x357 /tmp/cc0mmCg8.o
 .debug_info    0x00000000000021e9      0x628 /tmp/cclcVJ7V.o
 .debug_info    0x0000000000002811      0xe67 /tmp/ccnxPOfK.o
 .debug_info    0x0000000000003678      0x2a7 /tmp/ccWWICAy.o
 .debug_info    0x000000000000391f     0x1c74 /tmp/cciuswhn.o
 .debug_info    0x0000000000005593      0x9d5 /tmp/cc4ETYdc.o

.debug_abbrev   0x0000000000000000     0x11a8
 .debug_abbrev  0x0000000000000000      0x1e7 /tmp/ccZ9ZZmN.o
 .debug_abbrev  0x00000000000001e7       0x96 /tmp/ccfx1RWz.o
 .debug_abbrev  0x000000000000027d       0xa3 /tmp/ccm88zHm.o
 .debug_abbrev  0x0000000000000320      0x158 /tmp/ccS0RhD9.o
 .debug_abbrev  0x0000000000000478      0x114 /tmp/ccv4FeKW.o
 .debug_abbrev  0x000000000000058c       0x12 /tmp/ccWt64RJ.o
 .debug_abbrev  0x000000000000059e      0x172 /tmp/ccRS0Gax.o
 .debug_abbrev  0x0000000000000710       0xf3 /tmp/ccs6l9Ck.o
 .debug_abbrev  0x0000000000000803      0x1bc /tmp/cc0mmCg8.o
 .debug_abbrev  0x00000000000009bf      0x1b8 /tmp/cclcVJ7V.o
 .debug_abbrev  0x0000000000000b77      0x1cf /tmp/ccnxPOfK.o
 .debug_abbrev  0x0000000000000d46      0x146 /tmp/ccWWICAy.o
 .debug_abbrev  0x0000000000000e8c      0x19a /tmp/cciuswhn.o
 .debug_abbrev  0x0000000000001026      0x182 /tmp/cc4ETYdc.o

.debug_aranges  0x0000000000000000      0x1c8
 .debug_aranges
                0x0000000000000000       0x20 /tmp/ccZ9ZZmN.o
 .debug_aranges
                0x0000000000000020       0x20 /tmp/ccfx1RWz.o
 .debug_aranges
                0x0000000000000040       0x20 /tmp/ccm88zHm.o
 .debug_aranges
                0x0000000000000060       0x20 /tmp/ccS0RhD9.o
 .debug_aranges
                0x0000000000000080       0x20 /tmp/ccv4FeKW.o
 .debug_aranges
                0x00000000000000a0       0x28 /tmp/ccWt64RJ.o
 .debug_aranges
                0x00000000000000c8       0x20 /tmp/ccRS0Gax.o
 .debug_aranges
                0x00000000000000e8       0x20 /tmp/ccs6l9Ck.o
 .debug_aranges
                0x0000000000000108       0x20 /tmp/cc0mmCg8.o
 .debug_aranges
                0x0000000000000128       0x20 /tmp/cclcVJ7V.o
 .debug_aranges
                0x0000000000000148       0x20 /tmp/ccnxPOfK.o
 .debug_aranges
                0x0000000000000168       0x20 /tmp/ccWWICAy.o
 .debug_aranges
                0x0000000000000188       0x20 /tmp/cciuswhn.o
 .debug_aranges
                0x00000000000001a8       0x20 /tmp/cc4ETYdc.o

.debug_line     0x0000000000000000     0x18ad
 .debug_line    0x0000000000000000      0x1ba /tmp/ccZ9ZZmN.o
 .debug_line    0x00000000000001ba       0xdb /tmp/ccfx1RWz.o
 .debug_line    0x0000000000000295      0x108 /tmp/ccm88zHm.o
 .debug_line    0x000000000000039d      0x151 /tmp/ccS0RhD9.o
 .debug_line    0x00000000000004ee      0x118 /tmp/ccv4FeKW.o
 .debug_line    0x0000000000000606       0x75 /tmp/ccWt64RJ.o
 .debug_line    0x000000000000067b      0x14c /tmp/ccRS0Gax.o
 .debug_line    0x00000000000007c7      0x124 /tmp/ccs6l9Ck.o
 .debug_line    0x00000000000008eb      0x17f /tmp/cc0mmCg8.o
 .debug_line    0x0000000000000a6a      0x209 /tmp/cclcVJ7V.o
 .debug_line    0x0000000000000c73      0x309 /tmp/ccnxPOfK.o
 .debug_line    0x0000000000000f7c      0x130 /tmp/ccWWICAy.o
 .debug_line    0x00000000000010ac      0x55e /tmp/cciuswhn.o
 .debug_line    0x000000000000160a      0x2a3 /tmp/cc4ETYdc.o

.debug_str      0x0000000000000000     0x293c
 .debug_str     0x0000000000000000      0xbc4 /tmp/ccZ9ZZmN.o
                                        0xc2e (size before relaxing)
 .debug_str     0x0000000000000bc4       0x23 /tmp/ccfx1RWz.o
                                        0x1f4 (size before relaxing)
 .debug_str     0x0000000000000be7       0xb0 /tmp/ccm88zHm.o
                                        0x28c (size before relaxing)
 .debug_str     0x0000000000000c97      0x179 /tmp/ccS0RhD9.o
                                        0x41f (size before relaxing)
 .debug_str     0x0000000000000e10       0x19 /tmp/ccv4FeKW.o
                                        0x386 (size before relaxing)
 .debug_str     0x0000000000000e29       0xfc /tmp/ccRS0Gax.o
                                        0x43a (size before relaxing)
 .debug_str     0x0000000000000f25       0xbc /tmp/ccs6l9Ck.o
                                        0x2ac (size before relaxing)
 .debug_str     0x0000000000000fe1       0xea /tmp/cc0mmCg8.o
                                        0x3b8 (size before relaxing)
 .debug_str     0x00000000000010cb      0x17d /tmp/cclcVJ7V.o
                                        0x50c (size before relaxing)
 .debug_str     0x0000000000001248      0x69d /tmp/ccnxPOfK.o
                                        0xa2e (size before relaxing)
 .debug_str     0x00000000000018e5      0x15d /tmp/ccWWICAy.o
                                        0x37a (size before relaxing)
 .debug_str     0x0000000000001a42      0xb69 /tmp/cciuswhn.o
                                        0xe3c (size before relaxing)
 .debug_str     0x00000000000025ab      0x391 /tmp/cc4ETYdc.o
                                        0x6fb (size before relaxing)

.debug_frame    0x0000000000000000     0x26c4
 .debug_frame   0x0000000000000000      0x108 /tmp/ccZ9ZZmN.o
 .debug_frame   0x0000000000000108       0x38 /tmp/ccfx1RWz.o
 .debug_frame   0x0000000000000140      0x138 /tmp/ccm88zHm.o
 .debug_frame   0x0000000000000278       0x7c /tmp/ccS0RhD9.o
 .debug_frame   0x00000000000002f4       0x34 /tmp/ccv4FeKW.o
 .debug_frame   0x0000000000000328       0xd8 /tmp/ccRS0Gax.o
 .debug_frame   0x0000000000000400       0xc8 /tmp/ccs6l9Ck.o
 .debug_frame   0x00000000000004c8      0x148 /tmp/cc0mmCg8.o
 .debug_frame   0x0000000000000610      0x23c /tmp/cclcVJ7V.o
 .debug_frame   0x000000000000084c      0x83c /tmp/ccnxPOfK.o
 .debug_frame   0x0000000000001088      0x11c /tmp/ccWWICAy.o
 .debug_frame   0x00000000000011a4      0xe54 /tmp/cciuswhn.o
 .debug_frame   0x0000000000001ff8      0x490 /tmp/cc4ETYdc.o
 .debug_frame   0x0000000000002488       0x28 /usr/bin/../lib/gcc/arm-none-eabi/6.3.1/../../../../arm-none-eabi/lib/thumb/v7e-m/fpv4-sp/hard/libg.a(lib_a-exit.o)
 .debug_frame   0x00000000000024b0       0x2c /usr/bin/../lib/gcc/arm-none-eabi/6.3.1/../../../../arm-none-eabi/lib/thumb/v7e-m/fpv4-sp/hard/libg.a(lib_a-init.o)
 .debug_frame   0x00000000000024dc       0x34 /usr/bin/../lib/gcc/arm-none-eabi/6.3.1/../../../../arm-none-eabi/lib/thumb/v7e-m/fpv4-sp/hard/libg.a(lib_a-memset.o)
 .debug_frame   0x0000000000002510       0x5c /usr/bin/../lib/gcc/arm-none-eabi/6.3.1/../../../../arm-none-eabi/lib/thumb/v7e-m/fpv4-sp/hard/libg.a(lib_a-__call_atexit.o)
 .debug_frame   0x000000000000256c       0x20 /usr/bin/../lib/gcc/arm-none-eabi/6.3.1/../../../../arm-none-eabi/lib/thumb/v7e-m/fpv4-sp/hard/libg.a(lib_a-atexit.o)
 .debug_frame   0x000000000000258c       0x34 /usr/bin/../lib/gcc/arm-none-eabi/6.3.1/../../../../arm-none-eabi/lib/thumb/v7e-m/fpv4-sp/hard/libg.a(lib_a-fini.o)
 .debug_frame   0x00000000000025c0       0xb0 /usr/bin/../lib/gcc/arm-none-eabi/6.3.1/../../../../arm-none-eabi/lib/thumb/v7e-m/fpv4-sp/hard/libg.a(lib_a-lock.o)
 .debug_frame   0x0000000000002670       0x34 /usr/bin/../lib/gcc/arm-none-eabi/6.3.1/../../../../arm-none-eabi/lib/thumb/v7e-m/fpv4-sp/hard/libg.a(lib_a-__atexit.o)
 .debug_frame   0x00000000000026a4       0x20 /usr/bin/../lib/gcc/arm-none-eabi/6.3.1/../../../../arm-none-eabi/lib/thumb/v7e-m/fpv4-sp/hard/libnosys.a(_exit.o)

.debug_ranges   0x0000000000000000       0x20
 .debug_ranges  0x0000000000000000       0x20 /tmp/ccWt64RJ.o
