Archive member included to satisfy reference by file (symbol)

/usr/lib/gcc/arm-none-eabi/7.1.0/../../../../arm-none-eabi/lib/thumb/v7e-m/fpv4-sp/softfp/libg.a(lib_a-atexit.o)
                              /usr/lib/gcc/arm-none-eabi/7.1.0/../../../../arm-none-eabi/lib/thumb/v7e-m/fpv4-sp/softfp/crt0.o (atexit)
/usr/lib/gcc/arm-none-eabi/7.1.0/../../../../arm-none-eabi/lib/thumb/v7e-m/fpv4-sp/softfp/libg.a(lib_a-exit.o)
                              /usr/lib/gcc/arm-none-eabi/7.1.0/../../../../arm-none-eabi/lib/thumb/v7e-m/fpv4-sp/softfp/crt0.o (exit)
/usr/lib/gcc/arm-none-eabi/7.1.0/../../../../arm-none-eabi/lib/thumb/v7e-m/fpv4-sp/softfp/libg.a(lib_a-fini.o)
                              /usr/lib/gcc/arm-none-eabi/7.1.0/../../../../arm-none-eabi/lib/thumb/v7e-m/fpv4-sp/softfp/crt0.o (__libc_fini_array)
/usr/lib/gcc/arm-none-eabi/7.1.0/../../../../arm-none-eabi/lib/thumb/v7e-m/fpv4-sp/softfp/libg.a(lib_a-impure.o)
                              /usr/lib/gcc/arm-none-eabi/7.1.0/../../../../arm-none-eabi/lib/thumb/v7e-m/fpv4-sp/softfp/libg.a(lib_a-exit.o) (_global_impure_ptr)
/usr/lib/gcc/arm-none-eabi/7.1.0/../../../../arm-none-eabi/lib/thumb/v7e-m/fpv4-sp/softfp/libg.a(lib_a-init.o)
                              /usr/lib/gcc/arm-none-eabi/7.1.0/../../../../arm-none-eabi/lib/thumb/v7e-m/fpv4-sp/softfp/crt0.o (__libc_init_array)
/usr/lib/gcc/arm-none-eabi/7.1.0/../../../../arm-none-eabi/lib/thumb/v7e-m/fpv4-sp/softfp/libg.a(lib_a-memset.o)
                              /usr/lib/gcc/arm-none-eabi/7.1.0/../../../../arm-none-eabi/lib/thumb/v7e-m/fpv4-sp/softfp/crt0.o (memset)
/usr/lib/gcc/arm-none-eabi/7.1.0/../../../../arm-none-eabi/lib/thumb/v7e-m/fpv4-sp/softfp/libg.a(lib_a-__atexit.o)
                              /usr/lib/gcc/arm-none-eabi/7.1.0/../../../../arm-none-eabi/lib/thumb/v7e-m/fpv4-sp/softfp/libg.a(lib_a-atexit.o) (__register_exitproc)
/usr/lib/gcc/arm-none-eabi/7.1.0/../../../../arm-none-eabi/lib/thumb/v7e-m/fpv4-sp/softfp/libg.a(lib_a-__call_atexit.o)
                              /usr/lib/gcc/arm-none-eabi/7.1.0/../../../../arm-none-eabi/lib/thumb/v7e-m/fpv4-sp/softfp/libg.a(lib_a-exit.o) (__call_exitprocs)
/usr/lib/gcc/arm-none-eabi/7.1.0/../../../../arm-none-eabi/lib/thumb/v7e-m/fpv4-sp/softfp/libnosys.a(_exit.o)
                              /usr/lib/gcc/arm-none-eabi/7.1.0/../../../../arm-none-eabi/lib/thumb/v7e-m/fpv4-sp/softfp/libg.a(lib_a-exit.o) (_exit)

Allocating common symbols
Common symbol       size              file

buffer              0x4               /tmp/cccDmgDP.o

Memory Configuration

Name             Origin             Length             Attributes
rom              0x0000000008000000 0x0000000000080000 xr
ram              0x0000000020000000 0x0000000000018000 xrw
*default*        0x0000000000000000 0xffffffffffffffff

Linker script and memory map

LOAD /usr/lib/gcc/arm-none-eabi/7.1.0/thumb/v7e-m/fpv4-sp/softfp/crti.o
LOAD /usr/lib/gcc/arm-none-eabi/7.1.0/thumb/v7e-m/fpv4-sp/softfp/crtbegin.o
LOAD /usr/lib/gcc/arm-none-eabi/7.1.0/../../../../arm-none-eabi/lib/thumb/v7e-m/fpv4-sp/softfp/crt0.o
LOAD /tmp/ccGjFCW7.o
LOAD /tmp/ccPslf92.o
LOAD /tmp/ccifc0qY.o
LOAD /tmp/cc7GXqWT.o
LOAD /tmp/cccDmgDP.o
LOAD /tmp/ccNa6HwL.o
LOAD /tmp/ccQLsXvH.o
LOAD /tmp/cc9WpDED.o
LOAD /tmp/ccOJQqZz.o
LOAD /tmp/cc790Alw.o
LOAD /tmp/ccWEyuTs.o
LOAD /tmp/ccwRBzJp.o
LOAD /tmp/ccpqpeNm.o
LOAD /tmp/cciGGK3j.o
LOAD /tmp/ccreL9Dh.o
LOAD /tmp/ccZNXsrf.o
LOAD /tmp/ccyaxNKd.o
LOAD /tmp/ccGTNUnc.o
START GROUP
LOAD /usr/lib/gcc/arm-none-eabi/7.1.0/thumb/v7e-m/fpv4-sp/softfp/libgcc.a
LOAD /usr/lib/gcc/arm-none-eabi/7.1.0/../../../../arm-none-eabi/lib/thumb/v7e-m/fpv4-sp/softfp/libg.a
LOAD /usr/lib/gcc/arm-none-eabi/7.1.0/../../../../arm-none-eabi/lib/thumb/v7e-m/fpv4-sp/softfp/libc.a
END GROUP
START GROUP
LOAD /usr/lib/gcc/arm-none-eabi/7.1.0/thumb/v7e-m/fpv4-sp/softfp/libgcc.a
LOAD /usr/lib/gcc/arm-none-eabi/7.1.0/../../../../arm-none-eabi/lib/thumb/v7e-m/fpv4-sp/softfp/libc.a
LOAD /usr/lib/gcc/arm-none-eabi/7.1.0/../../../../arm-none-eabi/lib/thumb/v7e-m/fpv4-sp/softfp/libnosys.a
END GROUP
LOAD /usr/lib/gcc/arm-none-eabi/7.1.0/thumb/v7e-m/fpv4-sp/softfp/crtend.o
LOAD /usr/lib/gcc/arm-none-eabi/7.1.0/thumb/v7e-m/fpv4-sp/softfp/crtn.o

.isr_vector     0x0000000008000000      0x194
 *(.isr_vector)
 .isr_vector    0x0000000008000000      0x194 /tmp/cc790Alw.o
                0x0000000008000000                g_pfnVectors
                0x0000000008000194                . = ALIGN (0x4)

.eh_frame       0x0000000008000194        0x4
 .eh_frame      0x0000000008000194        0x0 /usr/lib/gcc/arm-none-eabi/7.1.0/thumb/v7e-m/fpv4-sp/softfp/crtbegin.o
 .eh_frame      0x0000000008000194        0x4 /usr/lib/gcc/arm-none-eabi/7.1.0/thumb/v7e-m/fpv4-sp/softfp/crtend.o

.ARM.extab      0x0000000008000198        0x0
 .ARM.extab     0x0000000008000198        0x0 /usr/lib/gcc/arm-none-eabi/7.1.0/../../../../arm-none-eabi/lib/thumb/v7e-m/fpv4-sp/softfp/crt0.o

.ARM.exidx      0x0000000008000198        0x8
 .ARM.exidx     0x0000000008000198        0x8 /usr/lib/gcc/arm-none-eabi/7.1.0/../../../../arm-none-eabi/lib/thumb/v7e-m/fpv4-sp/softfp/crt0.o

.text           0x00000000080001a0     0x30cc
 *(.vectors)
 *(.text*)
 .text          0x00000000080001a0        0x0 /usr/lib/gcc/arm-none-eabi/7.1.0/thumb/v7e-m/fpv4-sp/softfp/crti.o
 .text          0x00000000080001a0       0x88 /usr/lib/gcc/arm-none-eabi/7.1.0/thumb/v7e-m/fpv4-sp/softfp/crtbegin.o
 .text          0x0000000008000228       0x68 /usr/lib/gcc/arm-none-eabi/7.1.0/../../../../arm-none-eabi/lib/thumb/v7e-m/fpv4-sp/softfp/crt0.o
                0x0000000008000228                _mainCRTStartup
                0x0000000008000228                _start
 .text          0x0000000008000290       0xf8 /tmp/ccGjFCW7.o
                0x0000000008000290                uart_init
                0x0000000008000350                uart_send_byte_poll
                0x0000000008000370                uart_send_buffer_poll
 .text          0x0000000008000388      0x4d0 /tmp/ccPslf92.o
                0x0000000008000388                ihm07_hall_pins_init
                0x00000000080003dc                ihm07_hall_interrupt_init
                0x0000000008000432                ihm07_hall_interrupt_connection_state
                0x0000000008000462                ihm07_hall_read
                0x0000000008000498                ihm07_led_red_init
                0x00000000080004d0                ihm07_pwm_and_pins_init
                0x00000000080005b4                ihm07_l6230_pins_init
                0x0000000008000630                ihm07_pwm_duty_interrupt_init
                0x000000000800067c                ihm07_pwm_duty_interrupt_connection_state
                0x00000000080006a2                ihm07_analog_pins_init
                0x0000000008000744                ihm07_adc_single_mode_init
                0x0000000008000798                ihm07_adc_single_read_channel
                0x00000000080007c8                ihm07_adc_group_mode_init
                0x0000000008000830                ihm07_adc_interrupt_connection_state
 .text          0x0000000008000858       0x1c /tmp/ccifc0qY.o
                0x0000000008000858                serial_packet_handler
 .text          0x0000000008000874      0x2a0 /tmp/cc7GXqWT.o
                0x0000000008000aac                six_step_hall_init
                0x0000000008000ac6                ihm07_hall_state_change_callback
                0x0000000008000ae4                six_step_hall_start
                0x0000000008000afc                six_step_hall_set_pwm_val
                0x0000000008000b08                six_step_hall_set_direction
 .text          0x0000000008000b14      0x100 /tmp/cccDmgDP.o
                0x0000000008000b14                main
                0x0000000008000bf4                ihm07_adc_eoc_callback
                0x0000000008000c0c                serial_packet_print
 .text          0x0000000008000c14      0x12c /tmp/ccNa6HwL.o
                0x0000000008000c14                NMI_Handler
                0x0000000008000c16                HardFault_Handler
                0x0000000008000c18                MemManage_Handler
                0x0000000008000c1a                BusFault_Handler
                0x0000000008000c1c                UsageFault_Handler
                0x0000000008000c1e                SVC_Handler
                0x0000000008000c20                DebugMon_Handler
                0x0000000008000c22                PendSV_Handler
                0x0000000008000c24                SysTick_Handler
                0x0000000008000c44                get_time
                0x0000000008000c50                delay
                0x0000000008000c74                EXTI15_10_IRQHandler
                0x0000000008000cac                EXTI3_IRQHandler
                0x0000000008000cc6                TIM1_CC_IRQHandler
                0x0000000008000ce8                USART1_IRQHandler
                0x0000000008000d18                ADC_IRQHandler
 .text          0x0000000008000d40       0x80 /tmp/ccQLsXvH.o
                0x0000000008000d5a                init_fifo
                0x0000000008000d62                write_fifo
                0x0000000008000d92                read_fifo
                0x0000000008000dba                flush_fifo
 .text          0x0000000008000dc0      0x2ac /tmp/cc9WpDED.o
                0x0000000008000ec0                serial_packet_init
                0x0000000008000ef4                serial_packet_encode
                0x0000000008000f34                serial_packet_encode_poll
                0x0000000008000f40                serial_packet_read
                0x0000000008000f50                safe_memory_copy
                0x0000000008001060                serial_packet_flush
 .text          0x000000000800106c      0x160 /tmp/ccOJQqZz.o
                0x00000000080010e4                SystemInit
                0x0000000008001134                SystemCoreClockUpdate
 .text          0x00000000080011cc       0x14 /tmp/cc790Alw.o
 .text.Reset_Handler
                0x00000000080011e0       0x48 /tmp/cc790Alw.o
                0x00000000080011e0                Reset_Handler
 .text.Default_Handler
                0x0000000008001228        0x2 /tmp/cc790Alw.o
                0x0000000008001228                RTC_Alarm_IRQHandler
                0x0000000008001228                EXTI2_IRQHandler
                0x0000000008001228                SPI4_IRQHandler
                0x0000000008001228                DMA2_Stream5_IRQHandler
                0x0000000008001228                DMA1_Stream5_IRQHandler
                0x0000000008001228                PVD_IRQHandler
                0x0000000008001228                SDIO_IRQHandler
                0x0000000008001228                TAMP_STAMP_IRQHandler
                0x0000000008001228                TIM1_UP_TIM10_IRQHandler
                0x0000000008001228                I2C3_ER_IRQHandler
                0x0000000008001228                EXTI0_IRQHandler
                0x0000000008001228                I2C2_EV_IRQHandler
                0x0000000008001228                DMA1_Stream2_IRQHandler
                0x0000000008001228                FPU_IRQHandler
                0x0000000008001228                DMA2_Stream2_IRQHandler
                0x0000000008001228                SPI1_IRQHandler
                0x0000000008001228                TIM1_BRK_TIM9_IRQHandler
                0x0000000008001228                DMA2_Stream3_IRQHandler
                0x0000000008001228                USART6_IRQHandler
                0x0000000008001228                DMA2_Stream0_IRQHandler
                0x0000000008001228                TIM4_IRQHandler
                0x0000000008001228                I2C1_EV_IRQHandler
                0x0000000008001228                DMA1_Stream6_IRQHandler
                0x0000000008001228                DMA1_Stream1_IRQHandler
                0x0000000008001228                TIM3_IRQHandler
                0x0000000008001228                RCC_IRQHandler
                0x0000000008001228                Default_Handler
                0x0000000008001228                DMA1_Stream7_IRQHandler
                0x0000000008001228                TIM5_IRQHandler
                0x0000000008001228                DMA2_Stream7_IRQHandler
                0x0000000008001228                I2C3_EV_IRQHandler
                0x0000000008001228                EXTI9_5_IRQHandler
                0x0000000008001228                RTC_WKUP_IRQHandler
                0x0000000008001228                SPI2_IRQHandler
                0x0000000008001228                DMA1_Stream0_IRQHandler
                0x0000000008001228                EXTI4_IRQHandler
                0x0000000008001228                WWDG_IRQHandler
                0x0000000008001228                TIM2_IRQHandler
                0x0000000008001228                OTG_FS_WKUP_IRQHandler
                0x0000000008001228                TIM1_TRG_COM_TIM11_IRQHandler
                0x0000000008001228                EXTI1_IRQHandler
                0x0000000008001228                USART2_IRQHandler
                0x0000000008001228                I2C2_ER_IRQHandler
                0x0000000008001228                DMA2_Stream1_IRQHandler
                0x0000000008001228                FLASH_IRQHandler
                0x0000000008001228                DMA2_Stream4_IRQHandler
                0x0000000008001228                OTG_FS_IRQHandler
                0x0000000008001228                SPI3_IRQHandler
                0x0000000008001228                DMA1_Stream4_IRQHandler
                0x0000000008001228                I2C1_ER_IRQHandler
                0x0000000008001228                DMA2_Stream6_IRQHandler
                0x0000000008001228                DMA1_Stream3_IRQHandler
 *fill*         0x000000000800122a        0x2 
 .text          0x000000000800122c       0xc8 /tmp/ccWEyuTs.o
                0x000000000800122c                NVIC_PriorityGroupConfig
                0x0000000008001240                NVIC_Init
                0x00000000080012a4                NVIC_SetVectorTable
                0x00000000080012b8                NVIC_SystemLPConfig
                0x00000000080012d4                SysTick_CLKSourceConfig
 .text          0x00000000080012f4      0x3e0 /tmp/ccwRBzJp.o
                0x00000000080012f4                ADC_DeInit
                0x000000000800130c                ADC_Init
                0x000000000800135c                ADC_StructInit
                0x0000000008001370                ADC_CommonInit
                0x000000000800139c                ADC_CommonStructInit
                0x00000000080013a8                ADC_Cmd
                0x00000000080013be                ADC_AnalogWatchdogCmd
                0x00000000080013ce                ADC_AnalogWatchdogThresholdsConfig
                0x00000000080013d4                ADC_AnalogWatchdogSingleChannelConfig
                0x00000000080013e0                ADC_TempSensorVrefintCmd
                0x0000000008001400                ADC_VBATCmd
                0x0000000008001420                ADC_RegularChannelConfig
                0x00000000080014b0                ADC_SoftwareStartConv
                0x00000000080014ba                ADC_GetSoftwareStartConvStatus
                0x00000000080014ca                ADC_EOCOnEachRegularChannelCmd
                0x00000000080014e0                ADC_ContinuousModeCmd
                0x00000000080014f6                ADC_DiscModeChannelCountConfig
                0x0000000008001506                ADC_DiscModeCmd
                0x000000000800151c                ADC_GetConversionValue
                0x0000000008001522                ADC_GetMultiModeConversionValue
                0x000000000800152c                ADC_DMACmd
                0x0000000008001542                ADC_DMARequestAfterLastTransferCmd
                0x0000000008001558                ADC_MultiModeDMARequestAfterLastTransferCmd
                0x0000000008001578                ADC_InjectedChannelConfig
                0x00000000080015d6                ADC_InjectedSequencerLengthConfig
                0x00000000080015e6                ADC_SetInjectedOffset
                0x00000000080015fc                ADC_ExternalTrigInjectedConvConfig
                0x0000000008001608                ADC_ExternalTrigInjectedConvEdgeConfig
                0x0000000008001614                ADC_SoftwareStartInjectedConv
                0x000000000800161e                ADC_GetSoftwareStartInjectedConvCmdStatus
                0x000000000800162e                ADC_AutoInjectedConvCmd
                0x0000000008001644                ADC_InjectedDiscModeCmd
                0x000000000800165a                ADC_GetInjectedConversionValue
                0x0000000008001674                ADC_ITConfig
                0x0000000008001690                ADC_GetFlagStatus
                0x000000000800169e                ADC_ClearFlag
                0x00000000080016a4                ADC_GetITStatus
                0x00000000080016ca                ADC_ClearITPendingBit
 .text          0x00000000080016d4      0x108 /tmp/ccpqpeNm.o
                0x00000000080016d4                EXTI_DeInit
                0x00000000080016f0                EXTI_Init
                0x0000000008001780                EXTI_StructInit
                0x000000000800178e                EXTI_GenerateSWInterrupt
                0x000000000800179c                EXTI_GetFlagStatus
                0x00000000080017b0                EXTI_ClearFlag
                0x00000000080017bc                EXTI_GetITStatus
                0x00000000080017d0                EXTI_ClearITPendingBit
 .text          0x00000000080017dc      0x278 /tmp/cciGGK3j.o
                0x00000000080017dc                GPIO_DeInit
                0x0000000008001920                GPIO_Init
                0x00000000080019aa                GPIO_StructInit
                0x00000000080019bc                GPIO_PinLockConfig
                0x00000000080019e0                GPIO_ReadInputDataBit
                0x00000000080019ee                GPIO_ReadInputData
                0x00000000080019f4                GPIO_ReadOutputDataBit
                0x0000000008001a02                GPIO_ReadOutputData
                0x0000000008001a08                GPIO_SetBits
                0x0000000008001a0c                GPIO_ResetBits
                0x0000000008001a10                GPIO_WriteBit
                0x0000000008001a1a                GPIO_Write
                0x0000000008001a1e                GPIO_ToggleBits
                0x0000000008001a26                GPIO_PinAFConfig
 .text          0x0000000008001a54      0x530 /tmp/ccreL9Dh.o
                0x0000000008001a54                RCC_DeInit
                0x0000000008001a94                RCC_HSEConfig
                0x0000000008001aa4                RCC_AdjustHSICalibrationValue
                0x0000000008001ab8                RCC_HSICmd
                0x0000000008001ac4                RCC_LSEConfig
                0x0000000008001aec                RCC_LSICmd
                0x0000000008001af8                RCC_PLLConfig
                0x0000000008001b18                RCC_PLLCmd
                0x0000000008001b24                RCC_PLLI2SConfig
                0x0000000008001b38                RCC_PLLI2SCmd
                0x0000000008001b44                RCC_PLLSAIConfig
                0x0000000008001b5c                RCC_PLLSAICmd
                0x0000000008001b68                RCC_ClockSecuritySystemCmd
                0x0000000008001b74                RCC_MCO1Config
                0x0000000008001b88                RCC_MCO2Config
                0x0000000008001b9c                RCC_SYSCLKConfig
                0x0000000008001bb0                RCC_GetSYSCLKSource
                0x0000000008001bc0                RCC_HCLKConfig
                0x0000000008001bd4                RCC_PCLK1Config
                0x0000000008001be8                RCC_PCLK2Config
                0x0000000008001bfc                RCC_GetClocksFreq
                0x0000000008001cb0                RCC_RTCCLKConfig
                0x0000000008001ce4                RCC_RTCCLKCmd
                0x0000000008001cf0                RCC_BackupResetCmd
                0x0000000008001cfc                RCC_I2SCLKConfig
                0x0000000008001d08                RCC_SAIPLLI2SClkDivConfig
                0x0000000008001d20                RCC_SAIPLLSAIClkDivConfig
                0x0000000008001d3c                RCC_LTDCCLKDivConfig
                0x0000000008001d54                RCC_TIMCLKPresConfig
                0x0000000008001d60                RCC_AHB1PeriphClockCmd
                0x0000000008001d7c                RCC_AHB2PeriphClockCmd
                0x0000000008001d98                RCC_APB1PeriphClockCmd
                0x0000000008001db4                RCC_APB2PeriphClockCmd
                0x0000000008001dd0                RCC_AHB1PeriphResetCmd
                0x0000000008001dec                RCC_AHB2PeriphResetCmd
                0x0000000008001e08                RCC_APB1PeriphResetCmd
                0x0000000008001e24                RCC_APB2PeriphResetCmd
                0x0000000008001e40                RCC_AHB1PeriphClockLPModeCmd
                0x0000000008001e5c                RCC_AHB2PeriphClockLPModeCmd
                0x0000000008001e78                RCC_APB1PeriphClockLPModeCmd
                0x0000000008001e94                RCC_APB2PeriphClockLPModeCmd
                0x0000000008001eb0                RCC_LSEModeConfig
                0x0000000008001ed0                RCC_ITConfig
                0x0000000008001eec                RCC_GetFlagStatus
                0x0000000008001f20                RCC_WaitForHSEStartUp
                0x0000000008001f54                RCC_ClearFlag
                0x0000000008001f64                RCC_GetITStatus
                0x0000000008001f78                RCC_ClearITPendingBit
 .text          0x0000000008001f84       0x94 /tmp/ccZNXsrf.o
                0x0000000008001f84                SYSCFG_DeInit
                0x0000000008001f9c                SYSCFG_MemoryRemapConfig
                0x0000000008001fa8                SYSCFG_MemorySwappingBank
                0x0000000008001fb4                SYSCFG_EXTILineConfig
                0x0000000008001fe8                SYSCFG_ETH_MediaInterfaceConfig
                0x0000000008001ff4                SYSCFG_CompensationCellCmd
                0x0000000008002000                SYSCFG_GetCompensationCellStatus
 .text          0x0000000008002018      0xb4c /tmp/ccyaxNKd.o
                0x0000000008002102                TIM_DeInit
                0x0000000008002298                TIM_TimeBaseInit
                0x0000000008002314                TIM_TimeBaseStructInit
                0x0000000008002326                TIM_PrescalerConfig
                0x000000000800232c                TIM_CounterModeConfig
                0x000000000800233a                TIM_SetCounter
                0x000000000800233e                TIM_SetAutoreload
                0x0000000008002342                TIM_GetCounter
                0x0000000008002346                TIM_GetPrescaler
                0x000000000800234a                TIM_UpdateDisableConfig
                0x0000000008002364                TIM_UpdateRequestConfig
                0x000000000800237e                TIM_ARRPreloadConfig
                0x0000000008002398                TIM_SelectOnePulseMode
                0x00000000080023ac                TIM_SetClockDivision
                0x00000000080023c0                TIM_Cmd
                0x00000000080023da                TIM_OC1Init
                0x0000000008002444                TIM_OC2Init
                0x00000000080024cc                TIM_OC3Init
                0x0000000008002550                TIM_OC4Init
                0x00000000080025b8                TIM_OCStructInit
                0x00000000080025cc                TIM_SelectOCxM
                0x000000000800261c                TIM_SetCompare1
                0x0000000008002620                TIM_SetCompare2
                0x0000000008002624                TIM_SetCompare3
                0x0000000008002628                TIM_SetCompare4
                0x000000000800262c                TIM_ForcedOC1Config
                0x000000000800263a                TIM_ForcedOC2Config
                0x000000000800264c                TIM_ForcedOC3Config
                0x000000000800265a                TIM_ForcedOC4Config
                0x000000000800266c                TIM_OC1PreloadConfig
                0x000000000800267a                TIM_OC2PreloadConfig
                0x000000000800268c                TIM_OC3PreloadConfig
                0x000000000800269a                TIM_OC4PreloadConfig
                0x00000000080026ac                TIM_OC1FastConfig
                0x00000000080026ba                TIM_OC2FastConfig
                0x00000000080026cc                TIM_OC3FastConfig
                0x00000000080026da                TIM_OC4FastConfig
                0x00000000080026ec                TIM_ClearOC1Ref
                0x00000000080026fa                TIM_ClearOC2Ref
                0x000000000800270a                TIM_ClearOC3Ref
                0x0000000008002718                TIM_ClearOC4Ref
                0x0000000008002728                TIM_OC1PolarityConfig
                0x0000000008002736                TIM_OC1NPolarityConfig
                0x0000000008002744                TIM_OC2PolarityConfig
                0x0000000008002756                TIM_OC2NPolarityConfig
                0x0000000008002768                TIM_OC3PolarityConfig
                0x000000000800277a                TIM_OC3NPolarityConfig
                0x000000000800278c                TIM_OC4PolarityConfig
                0x000000000800279e                TIM_CCxCmd
                0x00000000080027c0                TIM_CCxNCmd
                0x00000000080027e2                TIM_ICStructInit
                0x00000000080027f2                TIM_GetCapture1
                0x00000000080027f6                TIM_GetCapture2
                0x00000000080027fa                TIM_GetCapture3
                0x00000000080027fe                TIM_GetCapture4
                0x0000000008002802                TIM_SetIC1Prescaler
                0x0000000008002816                TIM_SetIC2Prescaler
                0x000000000800282e                TIM_PWMIConfig
                0x000000000800289a                TIM_SetIC3Prescaler
                0x00000000080028ae                TIM_SetIC4Prescaler
                0x00000000080028c6                TIM_ICInit
                0x0000000008002928                TIM_BDTRConfig
                0x0000000008002950                TIM_BDTRStructInit
                0x0000000008002962                TIM_CtrlPWMOutputs
                0x0000000008002980                TIM_SelectCOM
                0x000000000800299a                TIM_CCPreloadControl
                0x00000000080029b4                TIM_ITConfig
                0x00000000080029c8                TIM_GenerateEvent
                0x00000000080029cc                TIM_GetFlagStatus
                0x00000000080029da                TIM_ClearFlag
                0x00000000080029e2                TIM_GetITStatus
                0x00000000080029fa                TIM_ClearITPendingBit
                0x0000000008002a02                TIM_DMAConfig
                0x0000000008002a0a                TIM_DMACmd
                0x0000000008002a1e                TIM_SelectCCDMA
                0x0000000008002a38                TIM_InternalClockConfig
                0x0000000008002a46                TIM_SelectInputTrigger
                0x0000000008002a54                TIM_ITRxExternalClockConfig
                0x0000000008002a66                TIM_TIxExternalClockConfig
                0x0000000008002a92                TIM_SelectOutputTrigger
                0x0000000008002aa6                TIM_SelectSlaveMode
                0x0000000008002aba                TIM_SelectMasterSlaveMode
                0x0000000008002ace                TIM_ETRConfig
                0x0000000008002ae6                TIM_ETRClockMode1Config
                0x0000000008002af8                TIM_ETRClockMode2Config
                0x0000000008002b0a                TIM_EncoderInterfaceConfig
                0x0000000008002b44                TIM_SelectHallSensor
                0x0000000008002b5e                TIM_RemapConfig
 .text          0x0000000008002b64      0x43c /tmp/ccGTNUnc.o
                0x0000000008002b64                USART_DeInit
                0x0000000008002c60                USART_Init
                0x0000000008002d30                USART_StructInit
                0x0000000008002d46                USART_ClockInit
                0x0000000008002d68                USART_ClockStructInit
                0x0000000008002d74                USART_Cmd
                0x0000000008002d8e                USART_SetPrescaler
                0x0000000008002d9e                USART_OverSampling8Cmd
                0x0000000008002db4                USART_OneBitMethodCmd
                0x0000000008002dce                USART_SendData
                0x0000000008002dd6                USART_ReceiveData
                0x0000000008002dde                USART_SetAddress
                0x0000000008002df2                USART_ReceiverWakeUpCmd
                0x0000000008002e0c                USART_WakeUpConfig
                0x0000000008002e20                USART_LINBreakDetectLengthConfig
                0x0000000008002e34                USART_LINCmd
                0x0000000008002e4e                USART_SendBreak
                0x0000000008002e58                USART_HalfDuplexCmd
                0x0000000008002e72                USART_SetGuardTime
                0x0000000008002e82                USART_SmartCardCmd
                0x0000000008002e9c                USART_SmartCardNACKCmd
                0x0000000008002eb6                USART_IrDAConfig
                0x0000000008002eca                USART_IrDACmd
                0x0000000008002ee4                USART_DMACmd
                0x0000000008002ef8                USART_ITConfig
                0x0000000008002f32                USART_GetFlagStatus
                0x0000000008002f40                USART_ClearFlag
                0x0000000008002f48                USART_GetITStatus
                0x0000000008002f8e                USART_ClearITPendingBit
 .text          0x0000000008002fa0        0x0 /usr/lib/gcc/arm-none-eabi/7.1.0/../../../../arm-none-eabi/lib/thumb/v7e-m/fpv4-sp/softfp/libg.a(lib_a-atexit.o)
 .text.atexit   0x0000000008002fa0        0xc /usr/lib/gcc/arm-none-eabi/7.1.0/../../../../arm-none-eabi/lib/thumb/v7e-m/fpv4-sp/softfp/libg.a(lib_a-atexit.o)
                0x0000000008002fa0                atexit
 .text          0x0000000008002fac        0x0 /usr/lib/gcc/arm-none-eabi/7.1.0/../../../../arm-none-eabi/lib/thumb/v7e-m/fpv4-sp/softfp/libg.a(lib_a-exit.o)
 .text.exit     0x0000000008002fac       0x20 /usr/lib/gcc/arm-none-eabi/7.1.0/../../../../arm-none-eabi/lib/thumb/v7e-m/fpv4-sp/softfp/libg.a(lib_a-exit.o)
                0x0000000008002fac                exit
 .text          0x0000000008002fcc        0x0 /usr/lib/gcc/arm-none-eabi/7.1.0/../../../../arm-none-eabi/lib/thumb/v7e-m/fpv4-sp/softfp/libg.a(lib_a-fini.o)
 .text.__libc_fini_array
                0x0000000008002fcc       0x34 /usr/lib/gcc/arm-none-eabi/7.1.0/../../../../arm-none-eabi/lib/thumb/v7e-m/fpv4-sp/softfp/libg.a(lib_a-fini.o)
                0x0000000008002fcc                __libc_fini_array
 .text          0x0000000008003000        0x0 /usr/lib/gcc/arm-none-eabi/7.1.0/../../../../arm-none-eabi/lib/thumb/v7e-m/fpv4-sp/softfp/libg.a(lib_a-impure.o)
 .text          0x0000000008003000        0x0 /usr/lib/gcc/arm-none-eabi/7.1.0/../../../../arm-none-eabi/lib/thumb/v7e-m/fpv4-sp/softfp/libg.a(lib_a-init.o)
 .text.__libc_init_array
                0x0000000008003000       0x48 /usr/lib/gcc/arm-none-eabi/7.1.0/../../../../arm-none-eabi/lib/thumb/v7e-m/fpv4-sp/softfp/libg.a(lib_a-init.o)
                0x0000000008003000                __libc_init_array
 .text          0x0000000008003048        0x0 /usr/lib/gcc/arm-none-eabi/7.1.0/../../../../arm-none-eabi/lib/thumb/v7e-m/fpv4-sp/softfp/libg.a(lib_a-memset.o)
 .text.memset   0x0000000008003048       0x94 /usr/lib/gcc/arm-none-eabi/7.1.0/../../../../arm-none-eabi/lib/thumb/v7e-m/fpv4-sp/softfp/libg.a(lib_a-memset.o)
                0x0000000008003048                memset
 .text          0x00000000080030dc        0x0 /usr/lib/gcc/arm-none-eabi/7.1.0/../../../../arm-none-eabi/lib/thumb/v7e-m/fpv4-sp/softfp/libg.a(lib_a-__atexit.o)
 .text.__register_exitproc
                0x00000000080030dc       0xa0 /usr/lib/gcc/arm-none-eabi/7.1.0/../../../../arm-none-eabi/lib/thumb/v7e-m/fpv4-sp/softfp/libg.a(lib_a-__atexit.o)
                0x00000000080030dc                __register_exitproc
 .text          0x000000000800317c        0x0 /usr/lib/gcc/arm-none-eabi/7.1.0/../../../../arm-none-eabi/lib/thumb/v7e-m/fpv4-sp/softfp/libg.a(lib_a-__call_atexit.o)
 .text.startup.register_fini
                0x000000000800317c       0x14 /usr/lib/gcc/arm-none-eabi/7.1.0/../../../../arm-none-eabi/lib/thumb/v7e-m/fpv4-sp/softfp/libg.a(lib_a-__call_atexit.o)
 .text.__call_exitprocs
                0x0000000008003190       0xd0 /usr/lib/gcc/arm-none-eabi/7.1.0/../../../../arm-none-eabi/lib/thumb/v7e-m/fpv4-sp/softfp/libg.a(lib_a-__call_atexit.o)
                0x0000000008003190                __call_exitprocs
 .text          0x0000000008003260        0x0 /usr/lib/gcc/arm-none-eabi/7.1.0/../../../../arm-none-eabi/lib/thumb/v7e-m/fpv4-sp/softfp/libnosys.a(_exit.o)
 .text._exit    0x0000000008003260        0x4 /usr/lib/gcc/arm-none-eabi/7.1.0/../../../../arm-none-eabi/lib/thumb/v7e-m/fpv4-sp/softfp/libnosys.a(_exit.o)
                0x0000000008003260                _exit
 .text          0x0000000008003264        0x0 /usr/lib/gcc/arm-none-eabi/7.1.0/thumb/v7e-m/fpv4-sp/softfp/crtend.o
 .text          0x0000000008003264        0x0 /usr/lib/gcc/arm-none-eabi/7.1.0/thumb/v7e-m/fpv4-sp/softfp/crtn.o
                0x0000000008003264                . = ALIGN (0x4)
 *(.rodata*)
 .rodata        0x0000000008003264        0x4 /tmp/cc9WpDED.o
 .rodata._global_impure_ptr
                0x0000000008003268        0x4 /usr/lib/gcc/arm-none-eabi/7.1.0/../../../../arm-none-eabi/lib/thumb/v7e-m/fpv4-sp/softfp/libg.a(lib_a-impure.o)
                0x0000000008003268                _global_impure_ptr
                0x000000000800326c                . = ALIGN (0x4)

.glue_7         0x000000000800326c        0x0
 .glue_7        0x000000000800326c        0x0 linker stubs

.glue_7t        0x000000000800326c        0x0
 .glue_7t       0x000000000800326c        0x0 linker stubs

.vfp11_veneer   0x000000000800326c        0x0
 .vfp11_veneer  0x000000000800326c        0x0 linker stubs

.v4_bx          0x000000000800326c        0x0
 .v4_bx         0x000000000800326c        0x0 linker stubs

.init           0x000000000800326c        0xc
 .init          0x000000000800326c        0x4 /usr/lib/gcc/arm-none-eabi/7.1.0/thumb/v7e-m/fpv4-sp/softfp/crti.o
                0x000000000800326c                _init
 .init          0x0000000008003270        0x8 /usr/lib/gcc/arm-none-eabi/7.1.0/thumb/v7e-m/fpv4-sp/softfp/crtn.o

.fini           0x0000000008003278        0xc
 .fini          0x0000000008003278        0x4 /usr/lib/gcc/arm-none-eabi/7.1.0/thumb/v7e-m/fpv4-sp/softfp/crti.o
                0x0000000008003278                _fini
 .fini          0x000000000800327c        0x8 /usr/lib/gcc/arm-none-eabi/7.1.0/thumb/v7e-m/fpv4-sp/softfp/crtn.o

.iplt           0x0000000008003284        0x0
 .iplt          0x0000000008003284        0x0 /usr/lib/gcc/arm-none-eabi/7.1.0/thumb/v7e-m/fpv4-sp/softfp/crtbegin.o

.rel.dyn        0x0000000008003284        0x0
 .rel.iplt      0x0000000008003284        0x0 /usr/lib/gcc/arm-none-eabi/7.1.0/thumb/v7e-m/fpv4-sp/softfp/crtbegin.o
                0x0000000008003284                . = ALIGN (0x4)
                0x0000000008003284                _etext = .

.data           0x0000000020000000      0x458 load address 0x0000000008003284
                0x0000000020000000                _sdata = .
 *(.data*)
 .data          0x0000000020000000        0x0 /usr/lib/gcc/arm-none-eabi/7.1.0/thumb/v7e-m/fpv4-sp/softfp/crti.o
 .data          0x0000000020000000        0x4 /usr/lib/gcc/arm-none-eabi/7.1.0/thumb/v7e-m/fpv4-sp/softfp/crtbegin.o
                0x0000000020000000                __dso_handle
 .data          0x0000000020000004        0x0 /usr/lib/gcc/arm-none-eabi/7.1.0/../../../../arm-none-eabi/lib/thumb/v7e-m/fpv4-sp/softfp/crt0.o
 .data          0x0000000020000004        0x0 /tmp/ccGjFCW7.o
 .data          0x0000000020000004        0x0 /tmp/ccPslf92.o
 .data          0x0000000020000004        0x0 /tmp/ccifc0qY.o
 .data          0x0000000020000004        0x1 /tmp/cc7GXqWT.o
 .data          0x0000000020000005        0x0 /tmp/cccDmgDP.o
 .data          0x0000000020000005        0x0 /tmp/ccNa6HwL.o
 .data          0x0000000020000005        0x0 /tmp/ccQLsXvH.o
 .data          0x0000000020000005        0x0 /tmp/cc9WpDED.o
 *fill*         0x0000000020000005        0x3 
 .data          0x0000000020000008       0x14 /tmp/ccOJQqZz.o
                0x0000000020000008                SystemCoreClock
                0x000000002000000c                AHBPrescTable
 .data          0x000000002000001c        0x0 /tmp/cc790Alw.o
 .data          0x000000002000001c        0x0 /tmp/ccWEyuTs.o
 .data          0x000000002000001c        0x0 /tmp/ccwRBzJp.o
 .data          0x000000002000001c        0x0 /tmp/ccpqpeNm.o
 .data          0x000000002000001c        0x0 /tmp/cciGGK3j.o
 .data          0x000000002000001c       0x10 /tmp/ccreL9Dh.o
 .data          0x000000002000002c        0x0 /tmp/ccZNXsrf.o
 .data          0x000000002000002c        0x0 /tmp/ccyaxNKd.o
 .data          0x000000002000002c        0x0 /tmp/ccGTNUnc.o
 .data          0x000000002000002c        0x0 /usr/lib/gcc/arm-none-eabi/7.1.0/../../../../arm-none-eabi/lib/thumb/v7e-m/fpv4-sp/softfp/libg.a(lib_a-atexit.o)
 .data          0x000000002000002c        0x0 /usr/lib/gcc/arm-none-eabi/7.1.0/../../../../arm-none-eabi/lib/thumb/v7e-m/fpv4-sp/softfp/libg.a(lib_a-exit.o)
 .data          0x000000002000002c        0x0 /usr/lib/gcc/arm-none-eabi/7.1.0/../../../../arm-none-eabi/lib/thumb/v7e-m/fpv4-sp/softfp/libg.a(lib_a-fini.o)
 .data          0x000000002000002c        0x0 /usr/lib/gcc/arm-none-eabi/7.1.0/../../../../arm-none-eabi/lib/thumb/v7e-m/fpv4-sp/softfp/libg.a(lib_a-impure.o)
 .data._impure_ptr
                0x000000002000002c        0x4 /usr/lib/gcc/arm-none-eabi/7.1.0/../../../../arm-none-eabi/lib/thumb/v7e-m/fpv4-sp/softfp/libg.a(lib_a-impure.o)
                0x000000002000002c                _impure_ptr
 .data.impure_data
                0x0000000020000030      0x428 /usr/lib/gcc/arm-none-eabi/7.1.0/../../../../arm-none-eabi/lib/thumb/v7e-m/fpv4-sp/softfp/libg.a(lib_a-impure.o)
 .data          0x0000000020000458        0x0 /usr/lib/gcc/arm-none-eabi/7.1.0/../../../../arm-none-eabi/lib/thumb/v7e-m/fpv4-sp/softfp/libg.a(lib_a-init.o)
 .data          0x0000000020000458        0x0 /usr/lib/gcc/arm-none-eabi/7.1.0/../../../../arm-none-eabi/lib/thumb/v7e-m/fpv4-sp/softfp/libg.a(lib_a-memset.o)
 .data          0x0000000020000458        0x0 /usr/lib/gcc/arm-none-eabi/7.1.0/../../../../arm-none-eabi/lib/thumb/v7e-m/fpv4-sp/softfp/libg.a(lib_a-__atexit.o)
 .data          0x0000000020000458        0x0 /usr/lib/gcc/arm-none-eabi/7.1.0/../../../../arm-none-eabi/lib/thumb/v7e-m/fpv4-sp/softfp/libg.a(lib_a-__call_atexit.o)
 .data          0x0000000020000458        0x0 /usr/lib/gcc/arm-none-eabi/7.1.0/../../../../arm-none-eabi/lib/thumb/v7e-m/fpv4-sp/softfp/libnosys.a(_exit.o)
 .data          0x0000000020000458        0x0 /usr/lib/gcc/arm-none-eabi/7.1.0/thumb/v7e-m/fpv4-sp/softfp/crtend.o
 .data          0x0000000020000458        0x0 /usr/lib/gcc/arm-none-eabi/7.1.0/thumb/v7e-m/fpv4-sp/softfp/crtn.o
                0x0000000020000458                . = ALIGN (0x4)
                0x0000000020000458                _edata = .
                0x0000000008003284                _sidata = LOADADDR (.data)

.init_array     0x0000000020000458        0x4 load address 0x00000000080036dc
 .init_array    0x0000000020000458        0x4 /usr/lib/gcc/arm-none-eabi/7.1.0/thumb/v7e-m/fpv4-sp/softfp/crtbegin.o

.fini_array     0x000000002000045c        0x4 load address 0x00000000080036e0
 .fini_array    0x000000002000045c        0x4 /usr/lib/gcc/arm-none-eabi/7.1.0/thumb/v7e-m/fpv4-sp/softfp/crtbegin.o

.tm_clone_table
                0x0000000020000460        0x0 load address 0x00000000080036e4
 .tm_clone_table
                0x0000000020000460        0x0 /usr/lib/gcc/arm-none-eabi/7.1.0/thumb/v7e-m/fpv4-sp/softfp/crtbegin.o
 .tm_clone_table
                0x0000000020000460        0x0 /usr/lib/gcc/arm-none-eabi/7.1.0/thumb/v7e-m/fpv4-sp/softfp/crtend.o

.igot.plt       0x0000000020000460        0x0 load address 0x00000000080036e4
 .igot.plt      0x0000000020000460        0x0 /usr/lib/gcc/arm-none-eabi/7.1.0/thumb/v7e-m/fpv4-sp/softfp/crtbegin.o

.init_array.00000
                0x0000000020000460        0x4 load address 0x00000000080036e4
 .init_array.00000
                0x0000000020000460        0x4 /usr/lib/gcc/arm-none-eabi/7.1.0/../../../../arm-none-eabi/lib/thumb/v7e-m/fpv4-sp/softfp/libg.a(lib_a-__call_atexit.o)

.bss            0x0000000020000468      0x120 load address 0x00000000080036e8
                0x0000000020000468                __bss_start__ = .
                0x0000000020000468                _sbss = .
 *(.bss*)
 .bss           0x0000000020000468        0x0 /usr/lib/gcc/arm-none-eabi/7.1.0/thumb/v7e-m/fpv4-sp/softfp/crti.o
 .bss           0x0000000020000468       0x1c /usr/lib/gcc/arm-none-eabi/7.1.0/thumb/v7e-m/fpv4-sp/softfp/crtbegin.o
 .bss           0x0000000020000484        0x0 /usr/lib/gcc/arm-none-eabi/7.1.0/../../../../arm-none-eabi/lib/thumb/v7e-m/fpv4-sp/softfp/crt0.o
 .bss           0x0000000020000484        0x0 /tmp/ccGjFCW7.o
 .bss           0x0000000020000484        0x0 /tmp/ccPslf92.o
 .bss           0x0000000020000484        0x0 /tmp/ccifc0qY.o
 .bss           0x0000000020000484        0x2 /tmp/cc7GXqWT.o
 .bss           0x0000000020000486        0x0 /tmp/cccDmgDP.o
 *fill*         0x0000000020000486        0x2 
 .bss           0x0000000020000488        0x8 /tmp/ccNa6HwL.o
                0x0000000020000488                _ms_ticks
 .bss           0x0000000020000490        0x0 /tmp/ccQLsXvH.o
 .bss           0x0000000020000490       0xf4 /tmp/cc9WpDED.o
 .bss           0x0000000020000584        0x0 /tmp/ccOJQqZz.o
 .bss           0x0000000020000584        0x0 /tmp/cc790Alw.o
 .bss           0x0000000020000584        0x0 /tmp/ccWEyuTs.o
 .bss           0x0000000020000584        0x0 /tmp/ccwRBzJp.o
 .bss           0x0000000020000584        0x0 /tmp/ccpqpeNm.o
 .bss           0x0000000020000584        0x0 /tmp/cciGGK3j.o
 .bss           0x0000000020000584        0x0 /tmp/ccreL9Dh.o
 .bss           0x0000000020000584        0x0 /tmp/ccZNXsrf.o
 .bss           0x0000000020000584        0x0 /tmp/ccyaxNKd.o
 .bss           0x0000000020000584        0x0 /tmp/ccGTNUnc.o
 .bss           0x0000000020000584        0x0 /usr/lib/gcc/arm-none-eabi/7.1.0/../../../../arm-none-eabi/lib/thumb/v7e-m/fpv4-sp/softfp/libg.a(lib_a-atexit.o)
 .bss           0x0000000020000584        0x0 /usr/lib/gcc/arm-none-eabi/7.1.0/../../../../arm-none-eabi/lib/thumb/v7e-m/fpv4-sp/softfp/libg.a(lib_a-exit.o)
 .bss           0x0000000020000584        0x0 /usr/lib/gcc/arm-none-eabi/7.1.0/../../../../arm-none-eabi/lib/thumb/v7e-m/fpv4-sp/softfp/libg.a(lib_a-fini.o)
 .bss           0x0000000020000584        0x0 /usr/lib/gcc/arm-none-eabi/7.1.0/../../../../arm-none-eabi/lib/thumb/v7e-m/fpv4-sp/softfp/libg.a(lib_a-impure.o)
 .bss           0x0000000020000584        0x0 /usr/lib/gcc/arm-none-eabi/7.1.0/../../../../arm-none-eabi/lib/thumb/v7e-m/fpv4-sp/softfp/libg.a(lib_a-init.o)
 .bss           0x0000000020000584        0x0 /usr/lib/gcc/arm-none-eabi/7.1.0/../../../../arm-none-eabi/lib/thumb/v7e-m/fpv4-sp/softfp/libg.a(lib_a-memset.o)
 .bss           0x0000000020000584        0x0 /usr/lib/gcc/arm-none-eabi/7.1.0/../../../../arm-none-eabi/lib/thumb/v7e-m/fpv4-sp/softfp/libg.a(lib_a-__atexit.o)
 .bss           0x0000000020000584        0x0 /usr/lib/gcc/arm-none-eabi/7.1.0/../../../../arm-none-eabi/lib/thumb/v7e-m/fpv4-sp/softfp/libg.a(lib_a-__call_atexit.o)
 .bss           0x0000000020000584        0x0 /usr/lib/gcc/arm-none-eabi/7.1.0/../../../../arm-none-eabi/lib/thumb/v7e-m/fpv4-sp/softfp/libnosys.a(_exit.o)
 .bss           0x0000000020000584        0x0 /usr/lib/gcc/arm-none-eabi/7.1.0/thumb/v7e-m/fpv4-sp/softfp/crtend.o
 .bss           0x0000000020000584        0x0 /usr/lib/gcc/arm-none-eabi/7.1.0/thumb/v7e-m/fpv4-sp/softfp/crtn.o
 *(COMMON)
 COMMON         0x0000000020000584        0x4 /tmp/cccDmgDP.o
                0x0000000020000584                buffer
                0x0000000020000588                . = ALIGN (0x4)
                0x0000000020000588                _ebss = .
                0x0000000020000588                __bss_end__ = .
                0x0000000020000588                . = ALIGN (0x4)
                0x0000000020000588                end = .
                0x0000000020018000                PROVIDE (_estack, (ORIGIN (ram) + LENGTH (ram)))
OUTPUT(build/buzzer.elf elf32-littlearm)

.ARM.attributes
                0x0000000000000000       0x2e
 .ARM.attributes
                0x0000000000000000       0x22 /usr/lib/gcc/arm-none-eabi/7.1.0/thumb/v7e-m/fpv4-sp/softfp/crti.o
 .ARM.attributes
                0x0000000000000022       0x32 /usr/lib/gcc/arm-none-eabi/7.1.0/thumb/v7e-m/fpv4-sp/softfp/crtbegin.o
 .ARM.attributes
                0x0000000000000054       0x20 /usr/lib/gcc/arm-none-eabi/7.1.0/../../../../arm-none-eabi/lib/thumb/v7e-m/fpv4-sp/softfp/crt0.o
 .ARM.attributes
                0x0000000000000074       0x37 /tmp/ccGjFCW7.o
 .ARM.attributes
                0x00000000000000ab       0x37 /tmp/ccPslf92.o
 .ARM.attributes
                0x00000000000000e2       0x37 /tmp/ccifc0qY.o
 .ARM.attributes
                0x0000000000000119       0x37 /tmp/cc7GXqWT.o
 .ARM.attributes
                0x0000000000000150       0x37 /tmp/cccDmgDP.o
 .ARM.attributes
                0x0000000000000187       0x37 /tmp/ccNa6HwL.o
 .ARM.attributes
                0x00000000000001be       0x37 /tmp/ccQLsXvH.o
 .ARM.attributes
                0x00000000000001f5       0x37 /tmp/cc9WpDED.o
 .ARM.attributes
                0x000000000000022c       0x37 /tmp/ccOJQqZz.o
 .ARM.attributes
                0x0000000000000263       0x21 /tmp/cc790Alw.o
 .ARM.attributes
                0x0000000000000284       0x37 /tmp/ccWEyuTs.o
 .ARM.attributes
                0x00000000000002bb       0x37 /tmp/ccwRBzJp.o
 .ARM.attributes
                0x00000000000002f2       0x37 /tmp/ccpqpeNm.o
 .ARM.attributes
                0x0000000000000329       0x37 /tmp/cciGGK3j.o
 .ARM.attributes
                0x0000000000000360       0x37 /tmp/ccreL9Dh.o
 .ARM.attributes
                0x0000000000000397       0x37 /tmp/ccZNXsrf.o
 .ARM.attributes
                0x00000000000003ce       0x37 /tmp/ccyaxNKd.o
 .ARM.attributes
                0x0000000000000405       0x37 /tmp/ccGTNUnc.o
 .ARM.attributes
                0x000000000000043c       0x32 /usr/lib/gcc/arm-none-eabi/7.1.0/../../../../arm-none-eabi/lib/thumb/v7e-m/fpv4-sp/softfp/libg.a(lib_a-atexit.o)
 .ARM.attributes
                0x000000000000046e       0x32 /usr/lib/gcc/arm-none-eabi/7.1.0/../../../../arm-none-eabi/lib/thumb/v7e-m/fpv4-sp/softfp/libg.a(lib_a-exit.o)
 .ARM.attributes
                0x00000000000004a0       0x32 /usr/lib/gcc/arm-none-eabi/7.1.0/../../../../arm-none-eabi/lib/thumb/v7e-m/fpv4-sp/softfp/libg.a(lib_a-fini.o)
 .ARM.attributes
                0x00000000000004d2       0x32 /usr/lib/gcc/arm-none-eabi/7.1.0/../../../../arm-none-eabi/lib/thumb/v7e-m/fpv4-sp/softfp/libg.a(lib_a-impure.o)
 .ARM.attributes
                0x0000000000000504       0x32 /usr/lib/gcc/arm-none-eabi/7.1.0/../../../../arm-none-eabi/lib/thumb/v7e-m/fpv4-sp/softfp/libg.a(lib_a-init.o)
 .ARM.attributes
                0x0000000000000536       0x32 /usr/lib/gcc/arm-none-eabi/7.1.0/../../../../arm-none-eabi/lib/thumb/v7e-m/fpv4-sp/softfp/libg.a(lib_a-memset.o)
 .ARM.attributes
                0x0000000000000568       0x32 /usr/lib/gcc/arm-none-eabi/7.1.0/../../../../arm-none-eabi/lib/thumb/v7e-m/fpv4-sp/softfp/libg.a(lib_a-__atexit.o)
 .ARM.attributes
                0x000000000000059a       0x32 /usr/lib/gcc/arm-none-eabi/7.1.0/../../../../arm-none-eabi/lib/thumb/v7e-m/fpv4-sp/softfp/libg.a(lib_a-__call_atexit.o)
 .ARM.attributes
                0x00000000000005cc       0x32 /usr/lib/gcc/arm-none-eabi/7.1.0/../../../../arm-none-eabi/lib/thumb/v7e-m/fpv4-sp/softfp/libnosys.a(_exit.o)
 .ARM.attributes
                0x00000000000005fe       0x32 /usr/lib/gcc/arm-none-eabi/7.1.0/thumb/v7e-m/fpv4-sp/softfp/crtend.o
 .ARM.attributes
                0x0000000000000630       0x22 /usr/lib/gcc/arm-none-eabi/7.1.0/thumb/v7e-m/fpv4-sp/softfp/crtn.o

.comment        0x0000000000000000       0x42
 .comment       0x0000000000000000       0x21 /usr/lib/gcc/arm-none-eabi/7.1.0/thumb/v7e-m/fpv4-sp/softfp/crtbegin.o
                                         0x22 (size before relaxing)
 .comment       0x0000000000000021       0x22 /tmp/ccGjFCW7.o
 .comment       0x0000000000000021       0x22 /tmp/ccPslf92.o
 .comment       0x0000000000000021       0x22 /tmp/ccifc0qY.o
 .comment       0x0000000000000021       0x22 /tmp/cc7GXqWT.o
 .comment       0x0000000000000021       0x22 /tmp/cccDmgDP.o
 .comment       0x0000000000000021       0x22 /tmp/ccNa6HwL.o
 .comment       0x0000000000000021       0x22 /tmp/ccQLsXvH.o
 .comment       0x0000000000000021       0x22 /tmp/cc9WpDED.o
 .comment       0x0000000000000021       0x22 /tmp/ccOJQqZz.o
 .comment       0x0000000000000021       0x22 /tmp/ccWEyuTs.o
 .comment       0x0000000000000021       0x22 /tmp/ccwRBzJp.o
 .comment       0x0000000000000021       0x22 /tmp/ccpqpeNm.o
 .comment       0x0000000000000021       0x22 /tmp/cciGGK3j.o
 .comment       0x0000000000000021       0x22 /tmp/ccreL9Dh.o
 .comment       0x0000000000000021       0x22 /tmp/ccZNXsrf.o
 .comment       0x0000000000000021       0x22 /tmp/ccyaxNKd.o
 .comment       0x0000000000000021       0x22 /tmp/ccGTNUnc.o
 .comment       0x0000000000000021       0x21 /usr/lib/gcc/arm-none-eabi/7.1.0/../../../../arm-none-eabi/lib/thumb/v7e-m/fpv4-sp/softfp/libg.a(lib_a-atexit.o)
                                         0x22 (size before relaxing)
 .comment       0x0000000000000042       0x22 /usr/lib/gcc/arm-none-eabi/7.1.0/../../../../arm-none-eabi/lib/thumb/v7e-m/fpv4-sp/softfp/libg.a(lib_a-exit.o)
 .comment       0x0000000000000042       0x22 /usr/lib/gcc/arm-none-eabi/7.1.0/../../../../arm-none-eabi/lib/thumb/v7e-m/fpv4-sp/softfp/libg.a(lib_a-fini.o)
 .comment       0x0000000000000042       0x22 /usr/lib/gcc/arm-none-eabi/7.1.0/../../../../arm-none-eabi/lib/thumb/v7e-m/fpv4-sp/softfp/libg.a(lib_a-impure.o)
 .comment       0x0000000000000042       0x22 /usr/lib/gcc/arm-none-eabi/7.1.0/../../../../arm-none-eabi/lib/thumb/v7e-m/fpv4-sp/softfp/libg.a(lib_a-init.o)
 .comment       0x0000000000000042       0x22 /usr/lib/gcc/arm-none-eabi/7.1.0/../../../../arm-none-eabi/lib/thumb/v7e-m/fpv4-sp/softfp/libg.a(lib_a-memset.o)
 .comment       0x0000000000000042       0x22 /usr/lib/gcc/arm-none-eabi/7.1.0/../../../../arm-none-eabi/lib/thumb/v7e-m/fpv4-sp/softfp/libg.a(lib_a-__atexit.o)
 .comment       0x0000000000000042       0x22 /usr/lib/gcc/arm-none-eabi/7.1.0/../../../../arm-none-eabi/lib/thumb/v7e-m/fpv4-sp/softfp/libg.a(lib_a-__call_atexit.o)
 .comment       0x0000000000000042       0x22 /usr/lib/gcc/arm-none-eabi/7.1.0/../../../../arm-none-eabi/lib/thumb/v7e-m/fpv4-sp/softfp/libnosys.a(_exit.o)
 .comment       0x0000000000000042       0x22 /usr/lib/gcc/arm-none-eabi/7.1.0/thumb/v7e-m/fpv4-sp/softfp/crtend.o

.debug_line     0x0000000000000000     0x2af0
 .debug_line    0x0000000000000000       0x84 /usr/lib/gcc/arm-none-eabi/7.1.0/../../../../arm-none-eabi/lib/thumb/v7e-m/fpv4-sp/softfp/crt0.o
 .debug_line    0x0000000000000084      0x16e /tmp/ccGjFCW7.o
 .debug_line    0x00000000000001f2      0x256 /tmp/ccPslf92.o
 .debug_line    0x0000000000000448       0xc1 /tmp/ccifc0qY.o
 .debug_line    0x0000000000000509      0x155 /tmp/cc7GXqWT.o
 .debug_line    0x000000000000065e      0x18a /tmp/cccDmgDP.o
 .debug_line    0x00000000000007e8      0x190 /tmp/ccNa6HwL.o
 .debug_line    0x0000000000000978       0xcd /tmp/ccQLsXvH.o
 .debug_line    0x0000000000000a45      0x1a5 /tmp/cc9WpDED.o
 .debug_line    0x0000000000000bea      0x129 /tmp/ccOJQqZz.o
 .debug_line    0x0000000000000d13       0x72 /tmp/cc790Alw.o
 .debug_line    0x0000000000000d85      0x144 /tmp/ccWEyuTs.o
 .debug_line    0x0000000000000ec9      0x2cc /tmp/ccwRBzJp.o
 .debug_line    0x0000000000001195      0x177 /tmp/ccpqpeNm.o
 .debug_line    0x000000000000130c      0x1d5 /tmp/cciGGK3j.o
 .debug_line    0x00000000000014e1      0x2e1 /tmp/ccreL9Dh.o
 .debug_line    0x00000000000017c2      0x14d /tmp/ccZNXsrf.o
 .debug_line    0x000000000000190f      0x50c /tmp/ccyaxNKd.o
 .debug_line    0x0000000000001e1b      0x284 /tmp/ccGTNUnc.o
 .debug_line    0x000000000000209f      0x147 /usr/lib/gcc/arm-none-eabi/7.1.0/../../../../arm-none-eabi/lib/thumb/v7e-m/fpv4-sp/softfp/libg.a(lib_a-atexit.o)
 .debug_line    0x00000000000021e6      0x158 /usr/lib/gcc/arm-none-eabi/7.1.0/../../../../arm-none-eabi/lib/thumb/v7e-m/fpv4-sp/softfp/libg.a(lib_a-exit.o)
 .debug_line    0x000000000000233e       0xa5 /usr/lib/gcc/arm-none-eabi/7.1.0/../../../../arm-none-eabi/lib/thumb/v7e-m/fpv4-sp/softfp/libg.a(lib_a-fini.o)
 .debug_line    0x00000000000023e3       0xe7 /usr/lib/gcc/arm-none-eabi/7.1.0/../../../../arm-none-eabi/lib/thumb/v7e-m/fpv4-sp/softfp/libg.a(lib_a-impure.o)
 .debug_line    0x00000000000024ca       0xbf /usr/lib/gcc/arm-none-eabi/7.1.0/../../../../arm-none-eabi/lib/thumb/v7e-m/fpv4-sp/softfp/libg.a(lib_a-init.o)
 .debug_line    0x0000000000002589      0x1de /usr/lib/gcc/arm-none-eabi/7.1.0/../../../../arm-none-eabi/lib/thumb/v7e-m/fpv4-sp/softfp/libg.a(lib_a-memset.o)
 .debug_line    0x0000000000002767      0x17a /usr/lib/gcc/arm-none-eabi/7.1.0/../../../../arm-none-eabi/lib/thumb/v7e-m/fpv4-sp/softfp/libg.a(lib_a-__atexit.o)
 .debug_line    0x00000000000028e1      0x1ae /usr/lib/gcc/arm-none-eabi/7.1.0/../../../../arm-none-eabi/lib/thumb/v7e-m/fpv4-sp/softfp/libg.a(lib_a-__call_atexit.o)
 .debug_line    0x0000000000002a8f       0x61 /usr/lib/gcc/arm-none-eabi/7.1.0/../../../../arm-none-eabi/lib/thumb/v7e-m/fpv4-sp/softfp/libnosys.a(_exit.o)

.debug_info     0x0000000000000000     0xe06b
 .debug_info    0x0000000000000000       0xb8 /usr/lib/gcc/arm-none-eabi/7.1.0/../../../../arm-none-eabi/lib/thumb/v7e-m/fpv4-sp/softfp/crt0.o
 .debug_info    0x00000000000000b8      0x848 /tmp/ccGjFCW7.o
 .debug_info    0x0000000000000900     0x13dd /tmp/ccPslf92.o
 .debug_info    0x0000000000001cdd      0x214 /tmp/ccifc0qY.o
 .debug_info    0x0000000000001ef1      0x53a /tmp/cc7GXqWT.o
 .debug_info    0x000000000000242b      0xa82 /tmp/cccDmgDP.o
 .debug_info    0x0000000000002ead      0x868 /tmp/ccNa6HwL.o
 .debug_info    0x0000000000003715      0x218 /tmp/ccQLsXvH.o
 .debug_info    0x000000000000392d      0x78d /tmp/cc9WpDED.o
 .debug_info    0x00000000000040ba      0x5c6 /tmp/ccOJQqZz.o
 .debug_info    0x0000000000004680       0x8e /tmp/cc790Alw.o
 .debug_info    0x000000000000470e      0x54b /tmp/ccWEyuTs.o
 .debug_info    0x0000000000004c59      0xc8d /tmp/ccwRBzJp.o
 .debug_info    0x00000000000058e6      0x356 /tmp/ccpqpeNm.o
 .debug_info    0x0000000000005c3c      0x852 /tmp/cciGGK3j.o
 .debug_info    0x000000000000648e      0xd93 /tmp/ccreL9Dh.o
 .debug_info    0x0000000000007221      0x2e3 /tmp/ccZNXsrf.o
 .debug_info    0x0000000000007504     0x2105 /tmp/ccyaxNKd.o
 .debug_info    0x0000000000009609      0xb9f /tmp/ccGTNUnc.o
 .debug_info    0x000000000000a1a8      0x90c /usr/lib/gcc/arm-none-eabi/7.1.0/../../../../arm-none-eabi/lib/thumb/v7e-m/fpv4-sp/softfp/libg.a(lib_a-atexit.o)
 .debug_info    0x000000000000aab4      0x941 /usr/lib/gcc/arm-none-eabi/7.1.0/../../../../arm-none-eabi/lib/thumb/v7e-m/fpv4-sp/softfp/libg.a(lib_a-exit.o)
 .debug_info    0x000000000000b3f5       0xf3 /usr/lib/gcc/arm-none-eabi/7.1.0/../../../../arm-none-eabi/lib/thumb/v7e-m/fpv4-sp/softfp/libg.a(lib_a-fini.o)
 .debug_info    0x000000000000b4e8      0x8a9 /usr/lib/gcc/arm-none-eabi/7.1.0/../../../../arm-none-eabi/lib/thumb/v7e-m/fpv4-sp/softfp/libg.a(lib_a-impure.o)
 .debug_info    0x000000000000bd91      0x109 /usr/lib/gcc/arm-none-eabi/7.1.0/../../../../arm-none-eabi/lib/thumb/v7e-m/fpv4-sp/softfp/libg.a(lib_a-init.o)
 .debug_info    0x000000000000be9a      0xe22 /usr/lib/gcc/arm-none-eabi/7.1.0/../../../../arm-none-eabi/lib/thumb/v7e-m/fpv4-sp/softfp/libg.a(lib_a-memset.o)
 .debug_info    0x000000000000ccbc      0x955 /usr/lib/gcc/arm-none-eabi/7.1.0/../../../../arm-none-eabi/lib/thumb/v7e-m/fpv4-sp/softfp/libg.a(lib_a-__atexit.o)
 .debug_info    0x000000000000d611      0x9c0 /usr/lib/gcc/arm-none-eabi/7.1.0/../../../../arm-none-eabi/lib/thumb/v7e-m/fpv4-sp/softfp/libg.a(lib_a-__call_atexit.o)
 .debug_info    0x000000000000dfd1       0x9a /usr/lib/gcc/arm-none-eabi/7.1.0/../../../../arm-none-eabi/lib/thumb/v7e-m/fpv4-sp/softfp/libnosys.a(_exit.o)

.debug_abbrev   0x0000000000000000     0x2a5d
 .debug_abbrev  0x0000000000000000       0x14 /usr/lib/gcc/arm-none-eabi/7.1.0/../../../../arm-none-eabi/lib/thumb/v7e-m/fpv4-sp/softfp/crt0.o
 .debug_abbrev  0x0000000000000014      0x1cf /tmp/ccGjFCW7.o
 .debug_abbrev  0x00000000000001e3      0x21a /tmp/ccPslf92.o
 .debug_abbrev  0x00000000000003fd       0xba /tmp/ccifc0qY.o
 .debug_abbrev  0x00000000000004b7      0x176 /tmp/cc7GXqWT.o
 .debug_abbrev  0x000000000000062d      0x22b /tmp/cccDmgDP.o
 .debug_abbrev  0x0000000000000858      0x192 /tmp/ccNa6HwL.o
 .debug_abbrev  0x00000000000009ea      0x135 /tmp/ccQLsXvH.o
 .debug_abbrev  0x0000000000000b1f      0x1c3 /tmp/cc9WpDED.o
 .debug_abbrev  0x0000000000000ce2      0x140 /tmp/ccOJQqZz.o
 .debug_abbrev  0x0000000000000e22       0x12 /tmp/cc790Alw.o
 .debug_abbrev  0x0000000000000e34      0x183 /tmp/ccWEyuTs.o
 .debug_abbrev  0x0000000000000fb7      0x1e8 /tmp/ccwRBzJp.o
 .debug_abbrev  0x000000000000119f      0x1de /tmp/ccpqpeNm.o
 .debug_abbrev  0x000000000000137d      0x1f7 /tmp/cciGGK3j.o
 .debug_abbrev  0x0000000000001574      0x1f7 /tmp/ccreL9Dh.o
 .debug_abbrev  0x000000000000176b      0x174 /tmp/ccZNXsrf.o
 .debug_abbrev  0x00000000000018df      0x1d3 /tmp/ccyaxNKd.o
 .debug_abbrev  0x0000000000001ab2      0x1ce /tmp/ccGTNUnc.o
 .debug_abbrev  0x0000000000001c80      0x201 /usr/lib/gcc/arm-none-eabi/7.1.0/../../../../arm-none-eabi/lib/thumb/v7e-m/fpv4-sp/softfp/libg.a(lib_a-atexit.o)
 .debug_abbrev  0x0000000000001e81      0x1f0 /usr/lib/gcc/arm-none-eabi/7.1.0/../../../../arm-none-eabi/lib/thumb/v7e-m/fpv4-sp/softfp/libg.a(lib_a-exit.o)
 .debug_abbrev  0x0000000000002071       0xbd /usr/lib/gcc/arm-none-eabi/7.1.0/../../../../arm-none-eabi/lib/thumb/v7e-m/fpv4-sp/softfp/libg.a(lib_a-fini.o)
 .debug_abbrev  0x000000000000212e      0x192 /usr/lib/gcc/arm-none-eabi/7.1.0/../../../../arm-none-eabi/lib/thumb/v7e-m/fpv4-sp/softfp/libg.a(lib_a-impure.o)
 .debug_abbrev  0x00000000000022c0       0xba /usr/lib/gcc/arm-none-eabi/7.1.0/../../../../arm-none-eabi/lib/thumb/v7e-m/fpv4-sp/softfp/libg.a(lib_a-init.o)
 .debug_abbrev  0x000000000000237a      0x1de /usr/lib/gcc/arm-none-eabi/7.1.0/../../../../arm-none-eabi/lib/thumb/v7e-m/fpv4-sp/softfp/libg.a(lib_a-memset.o)
 .debug_abbrev  0x0000000000002558      0x22b /usr/lib/gcc/arm-none-eabi/7.1.0/../../../../arm-none-eabi/lib/thumb/v7e-m/fpv4-sp/softfp/libg.a(lib_a-__atexit.o)
 .debug_abbrev  0x0000000000002783      0x279 /usr/lib/gcc/arm-none-eabi/7.1.0/../../../../arm-none-eabi/lib/thumb/v7e-m/fpv4-sp/softfp/libg.a(lib_a-__call_atexit.o)
 .debug_abbrev  0x00000000000029fc       0x61 /usr/lib/gcc/arm-none-eabi/7.1.0/../../../../arm-none-eabi/lib/thumb/v7e-m/fpv4-sp/softfp/libnosys.a(_exit.o)

.debug_aranges  0x0000000000000000      0x388
 .debug_aranges
                0x0000000000000000       0x20 /usr/lib/gcc/arm-none-eabi/7.1.0/../../../../arm-none-eabi/lib/thumb/v7e-m/fpv4-sp/softfp/crt0.o
 .debug_aranges
                0x0000000000000020       0x20 /tmp/ccGjFCW7.o
 .debug_aranges
                0x0000000000000040       0x20 /tmp/ccPslf92.o
 .debug_aranges
                0x0000000000000060       0x20 /tmp/ccifc0qY.o
 .debug_aranges
                0x0000000000000080       0x20 /tmp/cc7GXqWT.o
 .debug_aranges
                0x00000000000000a0       0x20 /tmp/cccDmgDP.o
 .debug_aranges
                0x00000000000000c0       0x20 /tmp/ccNa6HwL.o
 .debug_aranges
                0x00000000000000e0       0x20 /tmp/ccQLsXvH.o
 .debug_aranges
                0x0000000000000100       0x20 /tmp/cc9WpDED.o
 .debug_aranges
                0x0000000000000120       0x20 /tmp/ccOJQqZz.o
 .debug_aranges
                0x0000000000000140       0x28 /tmp/cc790Alw.o
 .debug_aranges
                0x0000000000000168       0x20 /tmp/ccWEyuTs.o
 .debug_aranges
                0x0000000000000188       0x20 /tmp/ccwRBzJp.o
 .debug_aranges
                0x00000000000001a8       0x20 /tmp/ccpqpeNm.o
 .debug_aranges
                0x00000000000001c8       0x20 /tmp/cciGGK3j.o
 .debug_aranges
                0x00000000000001e8       0x20 /tmp/ccreL9Dh.o
 .debug_aranges
                0x0000000000000208       0x20 /tmp/ccZNXsrf.o
 .debug_aranges
                0x0000000000000228       0x20 /tmp/ccyaxNKd.o
 .debug_aranges
                0x0000000000000248       0x20 /tmp/ccGTNUnc.o
 .debug_aranges
                0x0000000000000268       0x20 /usr/lib/gcc/arm-none-eabi/7.1.0/../../../../arm-none-eabi/lib/thumb/v7e-m/fpv4-sp/softfp/libg.a(lib_a-atexit.o)
 .debug_aranges
                0x0000000000000288       0x20 /usr/lib/gcc/arm-none-eabi/7.1.0/../../../../arm-none-eabi/lib/thumb/v7e-m/fpv4-sp/softfp/libg.a(lib_a-exit.o)
 .debug_aranges
                0x00000000000002a8       0x20 /usr/lib/gcc/arm-none-eabi/7.1.0/../../../../arm-none-eabi/lib/thumb/v7e-m/fpv4-sp/softfp/libg.a(lib_a-fini.o)
 .debug_aranges
                0x00000000000002c8       0x18 /usr/lib/gcc/arm-none-eabi/7.1.0/../../../../arm-none-eabi/lib/thumb/v7e-m/fpv4-sp/softfp/libg.a(lib_a-impure.o)
 .debug_aranges
                0x00000000000002e0       0x20 /usr/lib/gcc/arm-none-eabi/7.1.0/../../../../arm-none-eabi/lib/thumb/v7e-m/fpv4-sp/softfp/libg.a(lib_a-init.o)
 .debug_aranges
                0x0000000000000300       0x20 /usr/lib/gcc/arm-none-eabi/7.1.0/../../../../arm-none-eabi/lib/thumb/v7e-m/fpv4-sp/softfp/libg.a(lib_a-memset.o)
 .debug_aranges
                0x0000000000000320       0x20 /usr/lib/gcc/arm-none-eabi/7.1.0/../../../../arm-none-eabi/lib/thumb/v7e-m/fpv4-sp/softfp/libg.a(lib_a-__atexit.o)
 .debug_aranges
                0x0000000000000340       0x28 /usr/lib/gcc/arm-none-eabi/7.1.0/../../../../arm-none-eabi/lib/thumb/v7e-m/fpv4-sp/softfp/libg.a(lib_a-__call_atexit.o)
 .debug_aranges
                0x0000000000000368       0x20 /usr/lib/gcc/arm-none-eabi/7.1.0/../../../../arm-none-eabi/lib/thumb/v7e-m/fpv4-sp/softfp/libnosys.a(_exit.o)

.debug_loc      0x0000000000000000     0x4b4e
 .debug_loc     0x0000000000000000       0x7f /tmp/ccGjFCW7.o
 .debug_loc     0x000000000000007f      0x16b /tmp/ccPslf92.o
 .debug_loc     0x00000000000001ea       0x6e /tmp/ccifc0qY.o
 .debug_loc     0x0000000000000258       0x60 /tmp/cc7GXqWT.o
 .debug_loc     0x00000000000002b8       0xa2 /tmp/cccDmgDP.o
 .debug_loc     0x000000000000035a       0x2b /tmp/ccNa6HwL.o
 .debug_loc     0x0000000000000385      0x106 /tmp/ccQLsXvH.o
 .debug_loc     0x000000000000048b      0x44d /tmp/cc9WpDED.o
 .debug_loc     0x00000000000008d8      0x13e /tmp/ccOJQqZz.o
 .debug_loc     0x0000000000000a16      0x128 /tmp/ccWEyuTs.o
 .debug_loc     0x0000000000000b3e      0x919 /tmp/ccwRBzJp.o
 .debug_loc     0x0000000000001457      0x144 /tmp/ccpqpeNm.o
 .debug_loc     0x000000000000159b      0x3db /tmp/cciGGK3j.o
 .debug_loc     0x0000000000001976      0xa90 /tmp/ccreL9Dh.o
 .debug_loc     0x0000000000002406       0x9b /tmp/ccZNXsrf.o
 .debug_loc     0x00000000000024a1     0x18f5 /tmp/ccyaxNKd.o
 .debug_loc     0x0000000000003d96      0x7fc /tmp/ccGTNUnc.o
 .debug_loc     0x0000000000004592       0x2c /usr/lib/gcc/arm-none-eabi/7.1.0/../../../../arm-none-eabi/lib/thumb/v7e-m/fpv4-sp/softfp/libg.a(lib_a-atexit.o)
 .debug_loc     0x00000000000045be       0x1e /usr/lib/gcc/arm-none-eabi/7.1.0/../../../../arm-none-eabi/lib/thumb/v7e-m/fpv4-sp/softfp/libg.a(lib_a-exit.o)
 .debug_loc     0x00000000000045dc       0x5c /usr/lib/gcc/arm-none-eabi/7.1.0/../../../../arm-none-eabi/lib/thumb/v7e-m/fpv4-sp/softfp/libg.a(lib_a-fini.o)
 .debug_loc     0x0000000000004638       0xa2 /usr/lib/gcc/arm-none-eabi/7.1.0/../../../../arm-none-eabi/lib/thumb/v7e-m/fpv4-sp/softfp/libg.a(lib_a-init.o)
 .debug_loc     0x00000000000046da      0x175 /usr/lib/gcc/arm-none-eabi/7.1.0/../../../../arm-none-eabi/lib/thumb/v7e-m/fpv4-sp/softfp/libg.a(lib_a-memset.o)
 .debug_loc     0x000000000000484f      0x151 /usr/lib/gcc/arm-none-eabi/7.1.0/../../../../arm-none-eabi/lib/thumb/v7e-m/fpv4-sp/softfp/libg.a(lib_a-__atexit.o)
 .debug_loc     0x00000000000049a0      0x1ae /usr/lib/gcc/arm-none-eabi/7.1.0/../../../../arm-none-eabi/lib/thumb/v7e-m/fpv4-sp/softfp/libg.a(lib_a-__call_atexit.o)

.debug_str      0x0000000000000000     0x3e6e
 .debug_str     0x0000000000000000      0x8ea /tmp/ccGjFCW7.o
                                        0x94b (size before relaxing)
 .debug_str     0x00000000000008ea      0x727 /tmp/ccPslf92.o
                                        0xf5d (size before relaxing)
 .debug_str     0x0000000000001011       0x72 /tmp/ccifc0qY.o
                                        0x25c (size before relaxing)
 .debug_str     0x0000000000001083       0xd5 /tmp/cc7GXqWT.o
                                        0x46a (size before relaxing)
 .debug_str     0x0000000000001158      0x16b /tmp/cccDmgDP.o
                                        0x8b0 (size before relaxing)
 .debug_str     0x00000000000012c3      0x1ee /tmp/ccNa6HwL.o
                                        0x563 (size before relaxing)
 .debug_str     0x00000000000014b1       0x48 /tmp/ccQLsXvH.o
                                        0x208 (size before relaxing)
 .debug_str     0x00000000000014f9      0x162 /tmp/cc9WpDED.o
                                        0x400 (size before relaxing)
 .debug_str     0x000000000000165b      0x160 /tmp/ccOJQqZz.o
                                        0x3be (size before relaxing)
 .debug_str     0x00000000000017bb       0xce /tmp/ccWEyuTs.o
                                        0x408 (size before relaxing)
 .debug_str     0x0000000000001889      0x438 /tmp/ccwRBzJp.o
                                        0x855 (size before relaxing)
 .debug_str     0x0000000000001cc1       0xaa /tmp/ccpqpeNm.o
                                        0x386 (size before relaxing)
 .debug_str     0x0000000000001d6b      0x175 /tmp/cciGGK3j.o
                                        0x4f1 (size before relaxing)
 .debug_str     0x0000000000001ee0      0x580 /tmp/ccreL9Dh.o
                                        0x946 (size before relaxing)
 .debug_str     0x0000000000002460      0x143 /tmp/ccZNXsrf.o
                                        0x35f (size before relaxing)
 .debug_str     0x00000000000025a3      0x8f7 /tmp/ccyaxNKd.o
                                        0xe38 (size before relaxing)
 .debug_str     0x0000000000002e9a      0x303 /tmp/ccGTNUnc.o
                                        0x709 (size before relaxing)
 .debug_str     0x000000000000319d      0x54e /usr/lib/gcc/arm-none-eabi/7.1.0/../../../../arm-none-eabi/lib/thumb/v7e-m/fpv4-sp/softfp/libg.a(lib_a-atexit.o)
                                        0x62c (size before relaxing)
 .debug_str     0x00000000000036eb       0x72 /usr/lib/gcc/arm-none-eabi/7.1.0/../../../../arm-none-eabi/lib/thumb/v7e-m/fpv4-sp/softfp/libg.a(lib_a-exit.o)
                                        0x62d (size before relaxing)
 .debug_str     0x000000000000375d       0xda /usr/lib/gcc/arm-none-eabi/7.1.0/../../../../arm-none-eabi/lib/thumb/v7e-m/fpv4-sp/softfp/libg.a(lib_a-fini.o)
                                        0x23b (size before relaxing)
 .debug_str     0x0000000000003837       0xad /usr/lib/gcc/arm-none-eabi/7.1.0/../../../../arm-none-eabi/lib/thumb/v7e-m/fpv4-sp/softfp/libg.a(lib_a-impure.o)
                                        0x5e1 (size before relaxing)
 .debug_str     0x00000000000038e4       0x93 /usr/lib/gcc/arm-none-eabi/7.1.0/../../../../arm-none-eabi/lib/thumb/v7e-m/fpv4-sp/softfp/libg.a(lib_a-init.o)
                                        0x265 (size before relaxing)
 .debug_str     0x0000000000003977      0x322 /usr/lib/gcc/arm-none-eabi/7.1.0/../../../../arm-none-eabi/lib/thumb/v7e-m/fpv4-sp/softfp/libg.a(lib_a-memset.o)
                                        0x90e (size before relaxing)
 .debug_str     0x0000000000003c99       0x4c /usr/lib/gcc/arm-none-eabi/7.1.0/../../../../arm-none-eabi/lib/thumb/v7e-m/fpv4-sp/softfp/libg.a(lib_a-__atexit.o)
                                        0x646 (size before relaxing)
 .debug_str     0x0000000000003ce5       0x6b /usr/lib/gcc/arm-none-eabi/7.1.0/../../../../arm-none-eabi/lib/thumb/v7e-m/fpv4-sp/softfp/libg.a(lib_a-__call_atexit.o)
                                        0x657 (size before relaxing)
 .debug_str     0x0000000000003d50      0x11e /usr/lib/gcc/arm-none-eabi/7.1.0/../../../../arm-none-eabi/lib/thumb/v7e-m/fpv4-sp/softfp/libnosys.a(_exit.o)
                                        0x1b4 (size before relaxing)

.debug_frame    0x0000000000000000     0x19e4
 .debug_frame   0x0000000000000000       0x6c /tmp/ccGjFCW7.o
 .debug_frame   0x000000000000006c      0x1b4 /tmp/ccPslf92.o
 .debug_frame   0x0000000000000220       0x2c /tmp/ccifc0qY.o
 .debug_frame   0x000000000000024c       0x98 /tmp/cc7GXqWT.o
 .debug_frame   0x00000000000002e4       0x5c /tmp/cccDmgDP.o
 .debug_frame   0x0000000000000340      0x158 /tmp/ccNa6HwL.o
 .debug_frame   0x0000000000000498       0x6c /tmp/ccQLsXvH.o
 .debug_frame   0x0000000000000504      0x170 /tmp/cc9WpDED.o
 .debug_frame   0x0000000000000674       0x48 /tmp/ccOJQqZz.o
 .debug_frame   0x00000000000006bc       0x60 /tmp/ccWEyuTs.o
 .debug_frame   0x000000000000071c      0x2d4 /tmp/ccwRBzJp.o
 .debug_frame   0x00000000000009f0       0xa0 /tmp/ccpqpeNm.o
 .debug_frame   0x0000000000000a90      0x120 /tmp/cciGGK3j.o
 .debug_frame   0x0000000000000bb0      0x32c /tmp/ccreL9Dh.o
 .debug_frame   0x0000000000000edc       0x94 /tmp/ccZNXsrf.o
 .debug_frame   0x0000000000000f70      0x6cc /tmp/ccyaxNKd.o
 .debug_frame   0x000000000000163c      0x224 /tmp/ccGTNUnc.o
 .debug_frame   0x0000000000001860       0x20 /usr/lib/gcc/arm-none-eabi/7.1.0/../../../../arm-none-eabi/lib/thumb/v7e-m/fpv4-sp/softfp/libg.a(lib_a-atexit.o)
 .debug_frame   0x0000000000001880       0x28 /usr/lib/gcc/arm-none-eabi/7.1.0/../../../../arm-none-eabi/lib/thumb/v7e-m/fpv4-sp/softfp/libg.a(lib_a-exit.o)
 .debug_frame   0x00000000000018a8       0x34 /usr/lib/gcc/arm-none-eabi/7.1.0/../../../../arm-none-eabi/lib/thumb/v7e-m/fpv4-sp/softfp/libg.a(lib_a-fini.o)
 .debug_frame   0x00000000000018dc       0x2c /usr/lib/gcc/arm-none-eabi/7.1.0/../../../../arm-none-eabi/lib/thumb/v7e-m/fpv4-sp/softfp/libg.a(lib_a-init.o)
 .debug_frame   0x0000000000001908       0x38 /usr/lib/gcc/arm-none-eabi/7.1.0/../../../../arm-none-eabi/lib/thumb/v7e-m/fpv4-sp/softfp/libg.a(lib_a-memset.o)
 .debug_frame   0x0000000000001940       0x34 /usr/lib/gcc/arm-none-eabi/7.1.0/../../../../arm-none-eabi/lib/thumb/v7e-m/fpv4-sp/softfp/libg.a(lib_a-__atexit.o)
 .debug_frame   0x0000000000001974       0x50 /usr/lib/gcc/arm-none-eabi/7.1.0/../../../../arm-none-eabi/lib/thumb/v7e-m/fpv4-sp/softfp/libg.a(lib_a-__call_atexit.o)
 .debug_frame   0x00000000000019c4       0x20 /usr/lib/gcc/arm-none-eabi/7.1.0/../../../../arm-none-eabi/lib/thumb/v7e-m/fpv4-sp/softfp/libnosys.a(_exit.o)

.debug_ranges   0x0000000000000000      0x160
 .debug_ranges  0x0000000000000000       0x90 /tmp/cc9WpDED.o
 .debug_ranges  0x0000000000000090       0x20 /tmp/cc790Alw.o
 .debug_ranges  0x00000000000000b0       0x10 /usr/lib/gcc/arm-none-eabi/7.1.0/../../../../arm-none-eabi/lib/thumb/v7e-m/fpv4-sp/softfp/libg.a(lib_a-atexit.o)
 .debug_ranges  0x00000000000000c0       0x10 /usr/lib/gcc/arm-none-eabi/7.1.0/../../../../arm-none-eabi/lib/thumb/v7e-m/fpv4-sp/softfp/libg.a(lib_a-exit.o)
 .debug_ranges  0x00000000000000d0       0x10 /usr/lib/gcc/arm-none-eabi/7.1.0/../../../../arm-none-eabi/lib/thumb/v7e-m/fpv4-sp/softfp/libg.a(lib_a-fini.o)
 .debug_ranges  0x00000000000000e0       0x10 /usr/lib/gcc/arm-none-eabi/7.1.0/../../../../arm-none-eabi/lib/thumb/v7e-m/fpv4-sp/softfp/libg.a(lib_a-init.o)
 .debug_ranges  0x00000000000000f0       0x10 /usr/lib/gcc/arm-none-eabi/7.1.0/../../../../arm-none-eabi/lib/thumb/v7e-m/fpv4-sp/softfp/libg.a(lib_a-memset.o)
 .debug_ranges  0x0000000000000100       0x10 /usr/lib/gcc/arm-none-eabi/7.1.0/../../../../arm-none-eabi/lib/thumb/v7e-m/fpv4-sp/softfp/libg.a(lib_a-__atexit.o)
 .debug_ranges  0x0000000000000110       0x40 /usr/lib/gcc/arm-none-eabi/7.1.0/../../../../arm-none-eabi/lib/thumb/v7e-m/fpv4-sp/softfp/libg.a(lib_a-__call_atexit.o)
 .debug_ranges  0x0000000000000150       0x10 /usr/lib/gcc/arm-none-eabi/7.1.0/../../../../arm-none-eabi/lib/thumb/v7e-m/fpv4-sp/softfp/libnosys.a(_exit.o)

Cross Reference Table

Symbol                                            File
ADC_AnalogWatchdogCmd                             /tmp/ccwRBzJp.o
ADC_AnalogWatchdogSingleChannelConfig             /tmp/ccwRBzJp.o
ADC_AnalogWatchdogThresholdsConfig                /tmp/ccwRBzJp.o
ADC_AutoInjectedConvCmd                           /tmp/ccwRBzJp.o
ADC_ClearFlag                                     /tmp/ccwRBzJp.o
ADC_ClearITPendingBit                             /tmp/ccwRBzJp.o
                                                  /tmp/ccNa6HwL.o
ADC_Cmd                                           /tmp/ccwRBzJp.o
                                                  /tmp/cccDmgDP.o
ADC_CommonInit                                    /tmp/ccwRBzJp.o
                                                  /tmp/ccPslf92.o
ADC_CommonStructInit                              /tmp/ccwRBzJp.o
ADC_ContinuousModeCmd                             /tmp/ccwRBzJp.o
ADC_DMACmd                                        /tmp/ccwRBzJp.o
ADC_DMARequestAfterLastTransferCmd                /tmp/ccwRBzJp.o
ADC_DeInit                                        /tmp/ccwRBzJp.o
ADC_DiscModeChannelCountConfig                    /tmp/ccwRBzJp.o
ADC_DiscModeCmd                                   /tmp/ccwRBzJp.o
ADC_EOCOnEachRegularChannelCmd                    /tmp/ccwRBzJp.o
                                                  /tmp/ccPslf92.o
ADC_ExternalTrigInjectedConvConfig                /tmp/ccwRBzJp.o
ADC_ExternalTrigInjectedConvEdgeConfig            /tmp/ccwRBzJp.o
ADC_GetConversionValue                            /tmp/ccwRBzJp.o
                                                  /tmp/cccDmgDP.o
                                                  /tmp/ccPslf92.o
ADC_GetFlagStatus                                 /tmp/ccwRBzJp.o
                                                  /tmp/ccPslf92.o
ADC_GetITStatus                                   /tmp/ccwRBzJp.o
                                                  /tmp/ccNa6HwL.o
ADC_GetInjectedConversionValue                    /tmp/ccwRBzJp.o
ADC_GetMultiModeConversionValue                   /tmp/ccwRBzJp.o
ADC_GetSoftwareStartConvStatus                    /tmp/ccwRBzJp.o
ADC_GetSoftwareStartInjectedConvCmdStatus         /tmp/ccwRBzJp.o
ADC_IRQHandler                                    /tmp/ccNa6HwL.o
ADC_ITConfig                                      /tmp/ccwRBzJp.o
                                                  /tmp/cccDmgDP.o
ADC_Init                                          /tmp/ccwRBzJp.o
                                                  /tmp/ccPslf92.o
ADC_InjectedChannelConfig                         /tmp/ccwRBzJp.o
ADC_InjectedDiscModeCmd                           /tmp/ccwRBzJp.o
ADC_InjectedSequencerLengthConfig                 /tmp/ccwRBzJp.o
ADC_MultiModeDMARequestAfterLastTransferCmd       /tmp/ccwRBzJp.o
ADC_RegularChannelConfig                          /tmp/ccwRBzJp.o
                                                  /tmp/ccPslf92.o
ADC_SetInjectedOffset                             /tmp/ccwRBzJp.o
ADC_SoftwareStartConv                             /tmp/ccwRBzJp.o
                                                  /tmp/cccDmgDP.o
                                                  /tmp/ccPslf92.o
ADC_SoftwareStartInjectedConv                     /tmp/ccwRBzJp.o
ADC_StructInit                                    /tmp/ccwRBzJp.o
ADC_TempSensorVrefintCmd                          /tmp/ccwRBzJp.o
ADC_VBATCmd                                       /tmp/ccwRBzJp.o
AHBPrescTable                                     /tmp/ccOJQqZz.o
BusFault_Handler                                  /tmp/ccNa6HwL.o
DMA1_Stream0_IRQHandler                           /tmp/cc790Alw.o
DMA1_Stream1_IRQHandler                           /tmp/cc790Alw.o
DMA1_Stream2_IRQHandler                           /tmp/cc790Alw.o
DMA1_Stream3_IRQHandler                           /tmp/cc790Alw.o
DMA1_Stream4_IRQHandler                           /tmp/cc790Alw.o
DMA1_Stream5_IRQHandler                           /tmp/cc790Alw.o
DMA1_Stream6_IRQHandler                           /tmp/cc790Alw.o
DMA1_Stream7_IRQHandler                           /tmp/cc790Alw.o
DMA2_Stream0_IRQHandler                           /tmp/cc790Alw.o
DMA2_Stream1_IRQHandler                           /tmp/cc790Alw.o
DMA2_Stream2_IRQHandler                           /tmp/cc790Alw.o
DMA2_Stream3_IRQHandler                           /tmp/cc790Alw.o
DMA2_Stream4_IRQHandler                           /tmp/cc790Alw.o
DMA2_Stream5_IRQHandler                           /tmp/cc790Alw.o
DMA2_Stream6_IRQHandler                           /tmp/cc790Alw.o
DMA2_Stream7_IRQHandler                           /tmp/cc790Alw.o
DebugMon_Handler                                  /tmp/ccNa6HwL.o
Default_Handler                                   /tmp/cc790Alw.o
EXTI0_IRQHandler                                  /tmp/cc790Alw.o
EXTI15_10_IRQHandler                              /tmp/ccNa6HwL.o
EXTI1_IRQHandler                                  /tmp/cc790Alw.o
EXTI2_IRQHandler                                  /tmp/cc790Alw.o
EXTI3_IRQHandler                                  /tmp/ccNa6HwL.o
EXTI4_IRQHandler                                  /tmp/cc790Alw.o
EXTI9_5_IRQHandler                                /tmp/cc790Alw.o
EXTI_ClearFlag                                    /tmp/ccpqpeNm.o
EXTI_ClearITPendingBit                            /tmp/ccpqpeNm.o
[...]
TIM_GetFlagStatus                                 /tmp/ccyaxNKd.o
TIM_GetITStatus                                   /tmp/ccyaxNKd.o
                                                  /tmp/ccNa6HwL.o
TIM_GetPrescaler                                  /tmp/ccyaxNKd.o
TIM_ICInit                                        /tmp/ccyaxNKd.o
TIM_ICStructInit                                  /tmp/ccyaxNKd.o
TIM_ITConfig                                      /tmp/ccyaxNKd.o
                                                  /tmp/ccPslf92.o
TIM_ITRxExternalClockConfig                       /tmp/ccyaxNKd.o
TIM_InternalClockConfig                           /tmp/ccyaxNKd.o
TIM_OC1FastConfig                                 /tmp/ccyaxNKd.o
TIM_OC1Init                                       /tmp/ccyaxNKd.o
                                                  /tmp/ccPslf92.o
TIM_OC1NPolarityConfig                            /tmp/ccyaxNKd.o
TIM_OC1PolarityConfig                             /tmp/ccyaxNKd.o
TIM_OC1PreloadConfig                              /tmp/ccyaxNKd.o
                                                  /tmp/ccPslf92.o
TIM_OC2FastConfig                                 /tmp/ccyaxNKd.o
TIM_OC2Init                                       /tmp/ccyaxNKd.o
                                                  /tmp/ccPslf92.o
TIM_OC2NPolarityConfig                            /tmp/ccyaxNKd.o
TIM_OC2PolarityConfig                             /tmp/ccyaxNKd.o
TIM_OC2PreloadConfig                              /tmp/ccyaxNKd.o
                                                  /tmp/ccPslf92.o
TIM_OC3FastConfig                                 /tmp/ccyaxNKd.o
TIM_OC3Init                                       /tmp/ccyaxNKd.o
                                                  /tmp/ccPslf92.o
TIM_OC3NPolarityConfig                            /tmp/ccyaxNKd.o
TIM_OC3PolarityConfig                             /tmp/ccyaxNKd.o
TIM_OC3PreloadConfig                              /tmp/ccyaxNKd.o
                                                  /tmp/ccPslf92.o
TIM_OC4FastConfig                                 /tmp/ccyaxNKd.o
TIM_OC4Init                                       /tmp/ccyaxNKd.o
                                                  /tmp/ccPslf92.o
TIM_OC4PolarityConfig                             /tmp/ccyaxNKd.o
TIM_OC4PreloadConfig                              /tmp/ccyaxNKd.o
                                                  /tmp/ccPslf92.o
TIM_OCStructInit                                  /tmp/ccyaxNKd.o
TIM_PWMIConfig                                    /tmp/ccyaxNKd.o
TIM_PrescalerConfig                               /tmp/ccyaxNKd.o
TIM_RemapConfig                                   /tmp/ccyaxNKd.o
TIM_SelectCCDMA                                   /tmp/ccyaxNKd.o
TIM_SelectCOM                                     /tmp/ccyaxNKd.o
TIM_SelectHallSensor                              /tmp/ccyaxNKd.o
TIM_SelectInputTrigger                            /tmp/ccyaxNKd.o
TIM_SelectMasterSlaveMode                         /tmp/ccyaxNKd.o
TIM_SelectOCxM                                    /tmp/ccyaxNKd.o
TIM_SelectOnePulseMode                            /tmp/ccyaxNKd.o
TIM_SelectOutputTrigger                           /tmp/ccyaxNKd.o
TIM_SelectSlaveMode                               /tmp/ccyaxNKd.o
TIM_SetAutoreload                                 /tmp/ccyaxNKd.o
TIM_SetClockDivision                              /tmp/ccyaxNKd.o
TIM_SetCompare1                                   /tmp/ccyaxNKd.o
TIM_SetCompare2                                   /tmp/ccyaxNKd.o
TIM_SetCompare3                                   /tmp/ccyaxNKd.o
TIM_SetCompare4                                   /tmp/ccyaxNKd.o
TIM_SetCounter                                    /tmp/ccyaxNKd.o
TIM_SetIC1Prescaler                               /tmp/ccyaxNKd.o
TIM_SetIC2Prescaler                               /tmp/ccyaxNKd.o
TIM_SetIC3Prescaler                               /tmp/ccyaxNKd.o
TIM_SetIC4Prescaler                               /tmp/ccyaxNKd.o
TIM_TIxExternalClockConfig                        /tmp/ccyaxNKd.o
TIM_TimeBaseInit                                  /tmp/ccyaxNKd.o
                                                  /tmp/ccPslf92.o
TIM_TimeBaseStructInit                            /tmp/ccyaxNKd.o
TIM_UpdateDisableConfig                           /tmp/ccyaxNKd.o
TIM_UpdateRequestConfig                           /tmp/ccyaxNKd.o
USART1_IRQHandler                                 /tmp/ccNa6HwL.o
USART2_IRQHandler                                 /tmp/cc790Alw.o
USART6_IRQHandler                                 /tmp/cc790Alw.o
USART_ClearFlag                                   /tmp/ccGTNUnc.o
USART_ClearITPendingBit                           /tmp/ccGTNUnc.o
                                                  /tmp/ccNa6HwL.o
USART_ClockInit                                   /tmp/ccGTNUnc.o
USART_ClockStructInit                             /tmp/ccGTNUnc.o
USART_Cmd                                         /tmp/ccGTNUnc.o
                                                  /tmp/ccGjFCW7.o
USART_DMACmd                                      /tmp/ccGTNUnc.o
USART_DeInit                                      /tmp/ccGTNUnc.o
USART_GetFlagStatus                               /tmp/ccGTNUnc.o
                                                  /tmp/ccGjFCW7.o
USART_GetITStatus                                 /tmp/ccGTNUnc.o
                                                  /tmp/ccNa6HwL.o
USART_HalfDuplexCmd                               /tmp/ccGTNUnc.o
USART_ITConfig                                    /tmp/ccGTNUnc.o
                                                  /tmp/ccGjFCW7.o
USART_Init                                        /tmp/ccGTNUnc.o
                                                  /tmp/ccGjFCW7.o
USART_IrDACmd                                     /tmp/ccGTNUnc.o
USART_IrDAConfig                                  /tmp/ccGTNUnc.o
USART_LINBreakDetectLengthConfig                  /tmp/ccGTNUnc.o
USART_LINCmd                                      /tmp/ccGTNUnc.o
USART_OneBitMethodCmd                             /tmp/ccGTNUnc.o
USART_OverSampling8Cmd                            /tmp/ccGTNUnc.o
USART_ReceiveData                                 /tmp/ccGTNUnc.o
                                                  /tmp/ccNa6HwL.o
USART_ReceiverWakeUpCmd                           /tmp/ccGTNUnc.o
USART_SendBreak                                   /tmp/ccGTNUnc.o
USART_SendData                                    /tmp/ccGTNUnc.o
                                                  /tmp/ccGjFCW7.o
USART_SetAddress                                  /tmp/ccGTNUnc.o
USART_SetGuardTime                                /tmp/ccGTNUnc.o
USART_SetPrescaler                                /tmp/ccGTNUnc.o
USART_SmartCardCmd                                /tmp/ccGTNUnc.o
USART_SmartCardNACKCmd                            /tmp/ccGTNUnc.o
USART_StructInit                                  /tmp/ccGTNUnc.o
USART_WakeUpConfig                                /tmp/ccGTNUnc.o
UsageFault_Handler                                /tmp/ccNa6HwL.o
WWDG_IRQHandler                                   /tmp/cc790Alw.o
_ITM_deregisterTMCloneTable                       /usr/lib/gcc/arm-none-eabi/7.1.0/thumb/v7e-m/fpv4-sp/softfp/crtbegin.o
_ITM_registerTMCloneTable                         /usr/lib/gcc/arm-none-eabi/7.1.0/thumb/v7e-m/fpv4-sp/softfp/crtbegin.o
__TMC_END__                                       /usr/lib/gcc/arm-none-eabi/7.1.0/thumb/v7e-m/fpv4-sp/softfp/crtend.o
                                                  /usr/lib/gcc/arm-none-eabi/7.1.0/thumb/v7e-m/fpv4-sp/softfp/crtbegin.o
__bss_end__                                       /usr/lib/gcc/arm-none-eabi/7.1.0/../../../../arm-none-eabi/lib/thumb/v7e-m/fpv4-sp/softfp/crt0.o
__bss_start__                                     /usr/lib/gcc/arm-none-eabi/7.1.0/../../../../arm-none-eabi/lib/thumb/v7e-m/fpv4-sp/softfp/crt0.o
__call_exitprocs                                  /usr/lib/gcc/arm-none-eabi/7.1.0/../../../../arm-none-eabi/lib/thumb/v7e-m/fpv4-sp/softfp/libg.a(lib_a-__call_atexit.o)
                                                  /usr/lib/gcc/arm-none-eabi/7.1.0/../../../../arm-none-eabi/lib/thumb/v7e-m/fpv4-sp/softfp/libg.a(lib_a-exit.o)
__deregister_frame_info                           /usr/lib/gcc/arm-none-eabi/7.1.0/thumb/v7e-m/fpv4-sp/softfp/crtbegin.o
__dso_handle                                      /usr/lib/gcc/arm-none-eabi/7.1.0/thumb/v7e-m/fpv4-sp/softfp/crtbegin.o
__fini_array_end                                  /usr/lib/gcc/arm-none-eabi/7.1.0/../../../../arm-none-eabi/lib/thumb/v7e-m/fpv4-sp/softfp/libg.a(lib_a-fini.o)
__fini_array_start                                /usr/lib/gcc/arm-none-eabi/7.1.0/../../../../arm-none-eabi/lib/thumb/v7e-m/fpv4-sp/softfp/libg.a(lib_a-fini.o)
__init_array_end                                  /usr/lib/gcc/arm-none-eabi/7.1.0/../../../../arm-none-eabi/lib/thumb/v7e-m/fpv4-sp/softfp/libg.a(lib_a-init.o)
__init_array_start                                /usr/lib/gcc/arm-none-eabi/7.1.0/../../../../arm-none-eabi/lib/thumb/v7e-m/fpv4-sp/softfp/libg.a(lib_a-init.o)
__libc_fini                                       /usr/lib/gcc/arm-none-eabi/7.1.0/../../../../arm-none-eabi/lib/thumb/v7e-m/fpv4-sp/softfp/libg.a(lib_a-__call_atexit.o)
__libc_fini_array                                 /usr/lib/gcc/arm-none-eabi/7.1.0/../../../../arm-none-eabi/lib/thumb/v7e-m/fpv4-sp/softfp/libg.a(lib_a-fini.o)
                                                  /usr/lib/gcc/arm-none-eabi/7.1.0/../../../../arm-none-eabi/lib/thumb/v7e-m/fpv4-sp/softfp/libg.a(lib_a-__call_atexit.o)
                                                  /usr/lib/gcc/arm-none-eabi/7.1.0/../../../../arm-none-eabi/lib/thumb/v7e-m/fpv4-sp/softfp/crt0.o
__libc_init_array                                 /usr/lib/gcc/arm-none-eabi/7.1.0/../../../../arm-none-eabi/lib/thumb/v7e-m/fpv4-sp/softfp/libg.a(lib_a-init.o)
                                                  /tmp/cc790Alw.o
                                                  /usr/lib/gcc/arm-none-eabi/7.1.0/../../../../arm-none-eabi/lib/thumb/v7e-m/fpv4-sp/softfp/crt0.o
__preinit_array_end                               /usr/lib/gcc/arm-none-eabi/7.1.0/../../../../arm-none-eabi/lib/thumb/v7e-m/fpv4-sp/softfp/libg.a(lib_a-init.o)
__preinit_array_start                             /usr/lib/gcc/arm-none-eabi/7.1.0/../../../../arm-none-eabi/lib/thumb/v7e-m/fpv4-sp/softfp/libg.a(lib_a-init.o)
__register_exitproc                               /usr/lib/gcc/arm-none-eabi/7.1.0/../../../../arm-none-eabi/lib/thumb/v7e-m/fpv4-sp/softfp/libg.a(lib_a-__atexit.o)
                                                  /usr/lib/gcc/arm-none-eabi/7.1.0/../../../../arm-none-eabi/lib/thumb/v7e-m/fpv4-sp/softfp/libg.a(lib_a-atexit.o)
__register_frame_info                             /usr/lib/gcc/arm-none-eabi/7.1.0/thumb/v7e-m/fpv4-sp/softfp/crtbegin.o
__stack                                           /usr/lib/gcc/arm-none-eabi/7.1.0/../../../../arm-none-eabi/lib/thumb/v7e-m/fpv4-sp/softfp/crt0.o
_ebss                                             /tmp/cc790Alw.o
_edata                                            /tmp/cc790Alw.o
_estack                                           /tmp/cc790Alw.o
_exit                                             /usr/lib/gcc/arm-none-eabi/7.1.0/../../../../arm-none-eabi/lib/thumb/v7e-m/fpv4-sp/softfp/libnosys.a(_exit.o)
                                                  /usr/lib/gcc/arm-none-eabi/7.1.0/../../../../arm-none-eabi/lib/thumb/v7e-m/fpv4-sp/softfp/libg.a(lib_a-exit.o)
_fini                                             /usr/lib/gcc/arm-none-eabi/7.1.0/thumb/v7e-m/fpv4-sp/softfp/crti.o
                                                  /usr/lib/gcc/arm-none-eabi/7.1.0/../../../../arm-none-eabi/lib/thumb/v7e-m/fpv4-sp/softfp/libg.a(lib_a-fini.o)
_global_impure_ptr                                /usr/lib/gcc/arm-none-eabi/7.1.0/../../../../arm-none-eabi/lib/thumb/v7e-m/fpv4-sp/softfp/libg.a(lib_a-impure.o)
                                                  /usr/lib/gcc/arm-none-eabi/7.1.0/../../../../arm-none-eabi/lib/thumb/v7e-m/fpv4-sp/softfp/libg.a(lib_a-__call_atexit.o)
                                                  /usr/lib/gcc/arm-none-eabi/7.1.0/../../../../arm-none-eabi/lib/thumb/v7e-m/fpv4-sp/softfp/libg.a(lib_a-__atexit.o)
                                                  /usr/lib/gcc/arm-none-eabi/7.1.0/../../../../arm-none-eabi/lib/thumb/v7e-m/fpv4-sp/softfp/libg.a(lib_a-exit.o)
_impure_ptr                                       /usr/lib/gcc/arm-none-eabi/7.1.0/../../../../arm-none-eabi/lib/thumb/v7e-m/fpv4-sp/softfp/libg.a(lib_a-impure.o)
_init                                             /usr/lib/gcc/arm-none-eabi/7.1.0/thumb/v7e-m/fpv4-sp/softfp/crti.o
                                                  /usr/lib/gcc/arm-none-eabi/7.1.0/../../../../arm-none-eabi/lib/thumb/v7e-m/fpv4-sp/softfp/libg.a(lib_a-init.o)
_mainCRTStartup                                   /usr/lib/gcc/arm-none-eabi/7.1.0/../../../../arm-none-eabi/lib/thumb/v7e-m/fpv4-sp/softfp/crt0.o
_ms_ticks                                         /tmp/ccNa6HwL.o
_sbss                                             /tmp/cc790Alw.o
_sdata                                            /tmp/cc790Alw.o
_sidata                                           /tmp/cc790Alw.o
_start                                            /usr/lib/gcc/arm-none-eabi/7.1.0/../../../../arm-none-eabi/lib/thumb/v7e-m/fpv4-sp/softfp/crt0.o
atexit                                            /usr/lib/gcc/arm-none-eabi/7.1.0/../../../../arm-none-eabi/lib/thumb/v7e-m/fpv4-sp/softfp/libg.a(lib_a-atexit.o)
                                                  /usr/lib/gcc/arm-none-eabi/7.1.0/../../../../arm-none-eabi/lib/thumb/v7e-m/fpv4-sp/softfp/libg.a(lib_a-__call_atexit.o)
                                                  /usr/lib/gcc/arm-none-eabi/7.1.0/../../../../arm-none-eabi/lib/thumb/v7e-m/fpv4-sp/softfp/crt0.o
buffer                                            /tmp/cccDmgDP.o
delay                                             /tmp/ccNa6HwL.o
exit                                              /usr/lib/gcc/arm-none-eabi/7.1.0/../../../../arm-none-eabi/lib/thumb/v7e-m/fpv4-sp/softfp/libg.a(lib_a-exit.o)
                                                  /usr/lib/gcc/arm-none-eabi/7.1.0/../../../../arm-none-eabi/lib/thumb/v7e-m/fpv4-sp/softfp/crt0.o
flush_fifo                                        /tmp/ccQLsXvH.o
free                                              /usr/lib/gcc/arm-none-eabi/7.1.0/../../../../arm-none-eabi/lib/thumb/v7e-m/fpv4-sp/softfp/libg.a(lib_a-__call_atexit.o)
g_pfnVectors                                      /tmp/cc790Alw.o
get_time                                          /tmp/ccNa6HwL.o
                                                  /tmp/cccDmgDP.o
hardware_init_hook                                /usr/lib/gcc/arm-none-eabi/7.1.0/../../../../arm-none-eabi/lib/thumb/v7e-m/fpv4-sp/softfp/crt0.o
ihm07_adc_eoc_callback                            /tmp/cccDmgDP.o
                                                  /tmp/ccNa6HwL.o
ihm07_adc_group_mode_init                         /tmp/ccPslf92.o
ihm07_adc_interrupt_connection_state              /tmp/ccPslf92.o
                                                  /tmp/cccDmgDP.o
ihm07_adc_single_mode_init                        /tmp/ccPslf92.o
                                                  /tmp/cccDmgDP.o
ihm07_adc_single_read_channel                     /tmp/ccPslf92.o
ihm07_analog_pins_init                            /tmp/ccPslf92.o
                                                  /tmp/cccDmgDP.o
ihm07_hall_interrupt_connection_state             /tmp/ccPslf92.o
                                                  /tmp/cc7GXqWT.o
ihm07_hall_interrupt_init                         /tmp/ccPslf92.o
                                                  /tmp/cc7GXqWT.o
ihm07_hall_pins_init                              /tmp/ccPslf92.o
                                                  /tmp/cc7GXqWT.o
ihm07_hall_read                                   /tmp/ccPslf92.o
                                                  /tmp/cc7GXqWT.o
ihm07_hall_state_change_callback                  /tmp/cc7GXqWT.o
                                                  /tmp/ccNa6HwL.o
ihm07_l6230_pins_init                             /tmp/ccPslf92.o
                                                  /tmp/cccDmgDP.o
                                                  /tmp/cc7GXqWT.o
ihm07_led_red_init                                /tmp/ccPslf92.o
                                                  /tmp/cccDmgDP.o
ihm07_pwm_and_pins_init                           /tmp/ccPslf92.o
                                                  /tmp/cc7GXqWT.o
ihm07_pwm_duty_interrupt_callback                 /tmp/ccNa6HwL.o
ihm07_pwm_duty_interrupt_connection_state         /tmp/ccPslf92.o
ihm07_pwm_duty_interrupt_init                     /tmp/ccPslf92.o
init_fifo                                         /tmp/ccQLsXvH.o
                                                  /tmp/cc9WpDED.o
main                                              /tmp/cccDmgDP.o
                                                  /tmp/cc790Alw.o
                                                  /usr/lib/gcc/arm-none-eabi/7.1.0/../../../../arm-none-eabi/lib/thumb/v7e-m/fpv4-sp/softfp/crt0.o
malloc                                            /usr/lib/gcc/arm-none-eabi/7.1.0/../../../../arm-none-eabi/lib/thumb/v7e-m/fpv4-sp/softfp/libg.a(lib_a-__atexit.o)
memset                                            /usr/lib/gcc/arm-none-eabi/7.1.0/../../../../arm-none-eabi/lib/thumb/v7e-m/fpv4-sp/softfp/libg.a(lib_a-memset.o)
                                                  /usr/lib/gcc/arm-none-eabi/7.1.0/../../../../arm-none-eabi/lib/thumb/v7e-m/fpv4-sp/softfp/crt0.o
read_fifo                                         /tmp/ccQLsXvH.o
                                                  /tmp/cc9WpDED.o
safe_memory_copy                                  /tmp/cc9WpDED.o
                                                  /tmp/ccifc0qY.o
serial_packet_encode                              /tmp/cc9WpDED.o
serial_packet_encode_poll                         /tmp/cc9WpDED.o
serial_packet_flush                               /tmp/cc9WpDED.o
                                                  /tmp/cccDmgDP.o
serial_packet_handler                             /tmp/ccifc0qY.o
                                                  /tmp/cc9WpDED.o
serial_packet_init                                /tmp/cc9WpDED.o
                                                  /tmp/cccDmgDP.o
serial_packet_print                               /tmp/cccDmgDP.o
                                                  /tmp/cc9WpDED.o
serial_packet_read                                /tmp/cc9WpDED.o
                                                  /tmp/ccNa6HwL.o
six_step_hall_init                                /tmp/cc7GXqWT.o
six_step_hall_set_direction                       /tmp/cc7GXqWT.o
six_step_hall_set_pwm_val                         /tmp/cc7GXqWT.o
six_step_hall_start                               /tmp/cc7GXqWT.o
software_init_hook                                /usr/lib/gcc/arm-none-eabi/7.1.0/../../../../arm-none-eabi/lib/thumb/v7e-m/fpv4-sp/softfp/crt0.o
uart_init                                         /tmp/ccGjFCW7.o
                                                  /tmp/cccDmgDP.o
uart_send_buffer_poll                             /tmp/ccGjFCW7.o
                                                  /tmp/cccDmgDP.o
uart_send_byte_poll                               /tmp/ccGjFCW7.o
                                                  /tmp/cccDmgDP.o
write_fifo                                        /tmp/ccQLsXvH.o
                                                  /tmp/cc9WpDED.o
