Archive member included to satisfy reference by file (symbol)

/usr/lib/gcc/arm-none-eabi/7.1.0/../../../../arm-none-eabi/lib/thumb/v7e-m/fpv4-sp/softfp/libg.a(lib_a-atexit.o)
                              /usr/lib/gcc/arm-none-eabi/7.1.0/../../../../arm-none-eabi/lib/thumb/v7e-m/fpv4-sp/softfp/crt0.o (atexit)
/usr/lib/gcc/arm-none-eabi/7.1.0/../../../../arm-none-eabi/lib/thumb/v7e-m/fpv4-sp/softfp/libg.a(lib_a-exit.o)
                              /usr/lib/gcc/arm-none-eabi/7.1.0/../../../../arm-none-eabi/lib/thumb/v7e-m/fpv4-sp/softfp/crt0.o (exit)
/usr/lib/gcc/arm-none-eabi/7.1.0/../../../../arm-none-eabi/lib/thumb/v7e-m/fpv4-sp/softfp/libg.a(lib_a-fini.o)
                              /usr/lib/gcc/arm-none-eabi/7.1.0/../../../../arm-none-eabi/lib/thumb/v7e-m/fpv4-sp/softfp/crt0.o (__libc_fini_array)
/usr/lib/gcc/arm-none-eabi/7.1.0/../../../../arm-none-eabi/lib/thumb/v7e-m/fpv4-sp/softfp/libg.a(lib_a-impure.o)
                              /usr/lib/gcc/arm-none-eabi/7.1.0/../../../../arm-none-eabi/lib/thumb/v7e-m/fpv4-sp/softfp/libg.a(lib_a-exit.o) (_global_impure_ptr)
/usr/lib/gcc/arm-none-eabi/7.1.0/../../../../arm-none-eabi/lib/thumb/v7e-m/fpv4-sp/softfp/libg.a(lib_a-init.o)
                              /usr/lib/gcc/arm-none-eabi/7.1.0/../../../../arm-none-eabi/lib/thumb/v7e-m/fpv4-sp/softfp/crt0.o (__libc_init_array)
/usr/lib/gcc/arm-none-eabi/7.1.0/../../../../arm-none-eabi/lib/thumb/v7e-m/fpv4-sp/softfp/libg.a(lib_a-memset.o)
                              /usr/lib/gcc/arm-none-eabi/7.1.0/../../../../arm-none-eabi/lib/thumb/v7e-m/fpv4-sp/softfp/crt0.o (memset)
/usr/lib/gcc/arm-none-eabi/7.1.0/../../../../arm-none-eabi/lib/thumb/v7e-m/fpv4-sp/softfp/libg.a(lib_a-__atexit.o)
                              /usr/lib/gcc/arm-none-eabi/7.1.0/../../../../arm-none-eabi/lib/thumb/v7e-m/fpv4-sp/softfp/libg.a(lib_a-atexit.o) (__register_exitproc)
/usr/lib/gcc/arm-none-eabi/7.1.0/../../../../arm-none-eabi/lib/thumb/v7e-m/fpv4-sp/softfp/libg.a(lib_a-__call_atexit.o)
                              /usr/lib/gcc/arm-none-eabi/7.1.0/../../../../arm-none-eabi/lib/thumb/v7e-m/fpv4-sp/softfp/libg.a(lib_a-exit.o) (__call_exitprocs)
/usr/lib/gcc/arm-none-eabi/7.1.0/../../../../arm-none-eabi/lib/thumb/v7e-m/fpv4-sp/softfp/libnosys.a(_exit.o)
                              /usr/lib/gcc/arm-none-eabi/7.1.0/../../../../arm-none-eabi/lib/thumb/v7e-m/fpv4-sp/softfp/libg.a(lib_a-exit.o) (_exit)

Memory Configuration

Name             Origin             Length             Attributes
rom              0x0000000008000000 0x0000000000080000 xr
ram              0x0000000020000000 0x0000000000018000 xrw
*default*        0x0000000000000000 0xffffffffffffffff

Linker script and memory map

LOAD /usr/lib/gcc/arm-none-eabi/7.1.0/thumb/v7e-m/fpv4-sp/softfp/crti.o
LOAD /usr/lib/gcc/arm-none-eabi/7.1.0/thumb/v7e-m/fpv4-sp/softfp/crtbegin.o
LOAD /usr/lib/gcc/arm-none-eabi/7.1.0/../../../../arm-none-eabi/lib/thumb/v7e-m/fpv4-sp/softfp/crt0.o
LOAD /tmp/ccjcmgPU.o
LOAD /tmp/ccdCxPT2.o
LOAD /tmp/ccNWvu2a.o
LOAD /tmp/ccHc1Pnj.o
LOAD /tmp/ccKSZkUr.o
LOAD /tmp/ccJCB1CA.o
LOAD /tmp/cc45byrJ.o
LOAD /tmp/ccK0C6oS.o
LOAD /tmp/ccFGgWy1.o
LOAD /tmp/ccHQLGJa.o
LOAD /tmp/ccwbaW5j.o
LOAD /tmp/ccMOBgLt.o
LOAD /tmp/ccvMMzDD.o
LOAD /tmp/ccPxWFKN.o
LOAD /tmp/ccUPNndY.o
LOAD /tmp/ccrL7xT8.o
LOAD /tmp/cc8SK96j.o
LOAD /tmp/cc2RdkEv.o
START GROUP
LOAD /usr/lib/gcc/arm-none-eabi/7.1.0/thumb/v7e-m/fpv4-sp/softfp/libgcc.a
LOAD /usr/lib/gcc/arm-none-eabi/7.1.0/../../../../arm-none-eabi/lib/thumb/v7e-m/fpv4-sp/softfp/libg.a
LOAD /usr/lib/gcc/arm-none-eabi/7.1.0/../../../../arm-none-eabi/lib/thumb/v7e-m/fpv4-sp/softfp/libc.a
END GROUP
START GROUP
LOAD /usr/lib/gcc/arm-none-eabi/7.1.0/thumb/v7e-m/fpv4-sp/softfp/libgcc.a
LOAD /usr/lib/gcc/arm-none-eabi/7.1.0/../../../../arm-none-eabi/lib/thumb/v7e-m/fpv4-sp/softfp/libc.a
LOAD /usr/lib/gcc/arm-none-eabi/7.1.0/../../../../arm-none-eabi/lib/thumb/v7e-m/fpv4-sp/softfp/libnosys.a
END GROUP
LOAD /usr/lib/gcc/arm-none-eabi/7.1.0/thumb/v7e-m/fpv4-sp/softfp/crtend.o
LOAD /usr/lib/gcc/arm-none-eabi/7.1.0/thumb/v7e-m/fpv4-sp/softfp/crtn.o

.isr_vector     0x0000000008000000      0x194
 *(.isr_vector)
 .isr_vector    0x0000000008000000      0x194 /tmp/ccHQLGJa.o
                0x0000000008000000                g_pfnVectors
                0x0000000008000194                . = ALIGN (0x4)

.eh_frame       0x0000000008000194        0x4
 .eh_frame      0x0000000008000194        0x0 /usr/lib/gcc/arm-none-eabi/7.1.0/thumb/v7e-m/fpv4-sp/softfp/crtbegin.o
 .eh_frame      0x0000000008000194        0x4 /usr/lib/gcc/arm-none-eabi/7.1.0/thumb/v7e-m/fpv4-sp/softfp/crtend.o

.ARM.extab      0x0000000008000198        0x0
 .ARM.extab     0x0000000008000198        0x0 /usr/lib/gcc/arm-none-eabi/7.1.0/../../../../arm-none-eabi/lib/thumb/v7e-m/fpv4-sp/softfp/crt0.o

.ARM.exidx      0x0000000008000198        0x8
 .ARM.exidx     0x0000000008000198        0x8 /usr/lib/gcc/arm-none-eabi/7.1.0/../../../../arm-none-eabi/lib/thumb/v7e-m/fpv4-sp/softfp/crt0.o

.text           0x00000000080001a0     0x2f98
 *(.vectors)
 *(.text*)
 .text          0x00000000080001a0        0x0 /usr/lib/gcc/arm-none-eabi/7.1.0/thumb/v7e-m/fpv4-sp/softfp/crti.o
 .text          0x00000000080001a0       0x88 /usr/lib/gcc/arm-none-eabi/7.1.0/thumb/v7e-m/fpv4-sp/softfp/crtbegin.o
 .text          0x0000000008000228       0x68 /usr/lib/gcc/arm-none-eabi/7.1.0/../../../../arm-none-eabi/lib/thumb/v7e-m/fpv4-sp/softfp/crt0.o
                0x0000000008000228                _mainCRTStartup
                0x0000000008000228                _start
 .text          0x0000000008000290       0xf4 /tmp/ccjcmgPU.o
                0x0000000008000290                uart_init
                0x000000000800034c                uart_send_byte_poll
                0x000000000800036c                uart_send_buffer_poll
 .text          0x0000000008000384      0x430 /tmp/ccdCxPT2.o
                0x0000000008000384                ihm07_hall_pins_init
                0x00000000080003d8                ihm07_hall_interrupt_init
                0x000000000800042e                ihm07_hall_interrupt_connection_state
                0x000000000800045e                ihm07_hall_read
                0x0000000008000494                ihm07_led_red_init
                0x00000000080004cc                ihm07_pwm_and_pins_init
                0x00000000080005b0                ihm07_l6230_pins_init
                0x000000000800062c                ihm07_pwm_duty_interrupt_init
                0x0000000008000678                ihm07_pwm_duty_interrupt_connection_state
                0x000000000800069e                ihm07_analog_pins_init
                0x0000000008000740                ihm07_adc_single_mode_init
                0x0000000008000784                ihm07_adc_single_read_channel
 .text          0x00000000080007b4       0x1c /tmp/ccNWvu2a.o
                0x00000000080007b4                serial_packet_handler
 .text          0x00000000080007d0      0x2a0 /tmp/ccHc1Pnj.o
                0x0000000008000a08                six_step_hall_init
                0x0000000008000a22                ihm07_hall_state_change_callback
                0x0000000008000a40                six_step_hall_start
                0x0000000008000a58                six_step_hall_set_speed
                0x0000000008000a64                six_step_hall_set_direction
 .text          0x0000000008000a70       0x98 /tmp/ccKSZkUr.o
                0x0000000008000a70                main
                0x0000000008000b00                serial_packet_print
 .text          0x0000000008000b08      0x104 /tmp/ccJCB1CA.o
                0x0000000008000b08                NMI_Handler
                0x0000000008000b0a                HardFault_Handler
                0x0000000008000b0c                MemManage_Handler
                0x0000000008000b0e                BusFault_Handler
                0x0000000008000b10                UsageFault_Handler
                0x0000000008000b12                SVC_Handler
                0x0000000008000b14                DebugMon_Handler
                0x0000000008000b16                PendSV_Handler
                0x0000000008000b18                SysTick_Handler
                0x0000000008000b38                get_time
                0x0000000008000b44                delay
                0x0000000008000b68                EXTI15_10_IRQHandler
                0x0000000008000ba0                EXTI3_IRQHandler
                0x0000000008000bba                TIM1_CC_IRQHandler
                0x0000000008000bdc                USART1_IRQHandler
 .text          0x0000000008000c0c       0x80 /tmp/cc45byrJ.o
                0x0000000008000c26                init_fifo
                0x0000000008000c2e                write_fifo
                0x0000000008000c5e                read_fifo
                0x0000000008000c86                flush_fifo
 .text          0x0000000008000c8c      0x2ac /tmp/ccK0C6oS.o
                0x0000000008000d8c                serial_packet_init
                0x0000000008000dc0                serial_packet_encode
                0x0000000008000e00                serial_packet_encode_poll
                0x0000000008000e0c                serial_packet_read
                0x0000000008000e1c                safe_memory_copy
                0x0000000008000f2c                serial_packet_flush
 .text          0x0000000008000f38      0x160 /tmp/ccFGgWy1.o
                0x0000000008000fb0                SystemInit
                0x0000000008001000                SystemCoreClockUpdate
 .text          0x0000000008001098       0x14 /tmp/ccHQLGJa.o
 .text.Reset_Handler
                0x00000000080010ac       0x48 /tmp/ccHQLGJa.o
                0x00000000080010ac                Reset_Handler
 .text.Default_Handler
                0x00000000080010f4        0x2 /tmp/ccHQLGJa.o
                0x00000000080010f4                RTC_Alarm_IRQHandler
                0x00000000080010f4                EXTI2_IRQHandler
                0x00000000080010f4                SPI4_IRQHandler
                0x00000000080010f4                DMA2_Stream5_IRQHandler
                0x00000000080010f4                DMA1_Stream5_IRQHandler
                0x00000000080010f4                PVD_IRQHandler
                0x00000000080010f4                SDIO_IRQHandler
                0x00000000080010f4                TAMP_STAMP_IRQHandler
                0x00000000080010f4                TIM1_UP_TIM10_IRQHandler
                0x00000000080010f4                I2C3_ER_IRQHandler
                0x00000000080010f4                EXTI0_IRQHandler
                0x00000000080010f4                I2C2_EV_IRQHandler
                0x00000000080010f4                DMA1_Stream2_IRQHandler
                0x00000000080010f4                FPU_IRQHandler
                0x00000000080010f4                DMA2_Stream2_IRQHandler
                0x00000000080010f4                SPI1_IRQHandler
                0x00000000080010f4                TIM1_BRK_TIM9_IRQHandler
                0x00000000080010f4                DMA2_Stream3_IRQHandler
                0x00000000080010f4                USART6_IRQHandler
                0x00000000080010f4                DMA2_Stream0_IRQHandler
                0x00000000080010f4                TIM4_IRQHandler
                0x00000000080010f4                I2C1_EV_IRQHandler
                0x00000000080010f4                DMA1_Stream6_IRQHandler
                0x00000000080010f4                DMA1_Stream1_IRQHandler
                0x00000000080010f4                TIM3_IRQHandler
                0x00000000080010f4                RCC_IRQHandler
                0x00000000080010f4                Default_Handler
                0x00000000080010f4                ADC_IRQHandler
                0x00000000080010f4                DMA1_Stream7_IRQHandler
                0x00000000080010f4                TIM5_IRQHandler
                0x00000000080010f4                DMA2_Stream7_IRQHandler
                0x00000000080010f4                I2C3_EV_IRQHandler
                0x00000000080010f4                EXTI9_5_IRQHandler
                0x00000000080010f4                RTC_WKUP_IRQHandler
                0x00000000080010f4                SPI2_IRQHandler
                0x00000000080010f4                DMA1_Stream0_IRQHandler
                0x00000000080010f4                EXTI4_IRQHandler
                0x00000000080010f4                WWDG_IRQHandler
                0x00000000080010f4                TIM2_IRQHandler
                0x00000000080010f4                OTG_FS_WKUP_IRQHandler
                0x00000000080010f4                TIM1_TRG_COM_TIM11_IRQHandler
                0x00000000080010f4                EXTI1_IRQHandler
                0x00000000080010f4                USART2_IRQHandler
                0x00000000080010f4                I2C2_ER_IRQHandler
                0x00000000080010f4                DMA2_Stream1_IRQHandler
                0x00000000080010f4                FLASH_IRQHandler
                0x00000000080010f4                DMA2_Stream4_IRQHandler
                0x00000000080010f4                OTG_FS_IRQHandler
                0x00000000080010f4                SPI3_IRQHandler
                0x00000000080010f4                DMA1_Stream4_IRQHandler
                0x00000000080010f4                I2C1_ER_IRQHandler
                0x00000000080010f4                DMA2_Stream6_IRQHandler
                0x00000000080010f4                DMA1_Stream3_IRQHandler
 *fill*         0x00000000080010f6        0x2 
 .text          0x00000000080010f8       0xc8 /tmp/ccwbaW5j.o
                0x00000000080010f8                NVIC_PriorityGroupConfig
                0x000000000800110c                NVIC_Init
                0x0000000008001170                NVIC_SetVectorTable
                0x0000000008001184                NVIC_SystemLPConfig
                0x00000000080011a0                SysTick_CLKSourceConfig
 .text          0x00000000080011c0      0x3e0 /tmp/ccMOBgLt.o
                0x00000000080011c0                ADC_DeInit
                0x00000000080011d8                ADC_Init
                0x0000000008001228                ADC_StructInit
                0x000000000800123c                ADC_CommonInit
                0x0000000008001268                ADC_CommonStructInit
                0x0000000008001274                ADC_Cmd
                0x000000000800128a                ADC_AnalogWatchdogCmd
                0x000000000800129a                ADC_AnalogWatchdogThresholdsConfig
                0x00000000080012a0                ADC_AnalogWatchdogSingleChannelConfig
                0x00000000080012ac                ADC_TempSensorVrefintCmd
                0x00000000080012cc                ADC_VBATCmd
                0x00000000080012ec                ADC_RegularChannelConfig
                0x000000000800137c                ADC_SoftwareStartConv
                0x0000000008001386                ADC_GetSoftwareStartConvStatus
                0x0000000008001396                ADC_EOCOnEachRegularChannelCmd
                0x00000000080013ac                ADC_ContinuousModeCmd
                0x00000000080013c2                ADC_DiscModeChannelCountConfig
                0x00000000080013d2                ADC_DiscModeCmd
                0x00000000080013e8                ADC_GetConversionValue
                0x00000000080013ee                ADC_GetMultiModeConversionValue
                0x00000000080013f8                ADC_DMACmd
                0x000000000800140e                ADC_DMARequestAfterLastTransferCmd
                0x0000000008001424                ADC_MultiModeDMARequestAfterLastTransferCmd
                0x0000000008001444                ADC_InjectedChannelConfig
                0x00000000080014a2                ADC_InjectedSequencerLengthConfig
                0x00000000080014b2                ADC_SetInjectedOffset
                0x00000000080014c8                ADC_ExternalTrigInjectedConvConfig
                0x00000000080014d4                ADC_ExternalTrigInjectedConvEdgeConfig
                0x00000000080014e0                ADC_SoftwareStartInjectedConv
                0x00000000080014ea                ADC_GetSoftwareStartInjectedConvCmdStatus
                0x00000000080014fa                ADC_AutoInjectedConvCmd
                0x0000000008001510                ADC_InjectedDiscModeCmd
                0x0000000008001526                ADC_GetInjectedConversionValue
                0x0000000008001540                ADC_ITConfig
                0x000000000800155c                ADC_GetFlagStatus
                0x000000000800156a                ADC_ClearFlag
                0x0000000008001570                ADC_GetITStatus
                0x0000000008001596                ADC_ClearITPendingBit
 .text          0x00000000080015a0      0x108 /tmp/ccvMMzDD.o
                0x00000000080015a0                EXTI_DeInit
                0x00000000080015bc                EXTI_Init
                0x000000000800164c                EXTI_StructInit
                0x000000000800165a                EXTI_GenerateSWInterrupt
                0x0000000008001668                EXTI_GetFlagStatus
                0x000000000800167c                EXTI_ClearFlag
                0x0000000008001688                EXTI_GetITStatus
                0x000000000800169c                EXTI_ClearITPendingBit
 .text          0x00000000080016a8      0x278 /tmp/ccPxWFKN.o
                0x00000000080016a8                GPIO_DeInit
                0x00000000080017ec                GPIO_Init
                0x0000000008001876                GPIO_StructInit
                0x0000000008001888                GPIO_PinLockConfig
                0x00000000080018ac                GPIO_ReadInputDataBit
                0x00000000080018ba                GPIO_ReadInputData
                0x00000000080018c0                GPIO_ReadOutputDataBit
                0x00000000080018ce                GPIO_ReadOutputData
                0x00000000080018d4                GPIO_SetBits
                0x00000000080018d8                GPIO_ResetBits
                0x00000000080018dc                GPIO_WriteBit
                0x00000000080018e6                GPIO_Write
                0x00000000080018ea                GPIO_ToggleBits
                0x00000000080018f2                GPIO_PinAFConfig
 .text          0x0000000008001920      0x530 /tmp/ccUPNndY.o
                0x0000000008001920                RCC_DeInit
                0x0000000008001960                RCC_HSEConfig
                0x0000000008001970                RCC_AdjustHSICalibrationValue
                0x0000000008001984                RCC_HSICmd
                0x0000000008001990                RCC_LSEConfig
                0x00000000080019b8                RCC_LSICmd
                0x00000000080019c4                RCC_PLLConfig
                0x00000000080019e4                RCC_PLLCmd
                0x00000000080019f0                RCC_PLLI2SConfig
                0x0000000008001a04                RCC_PLLI2SCmd
                0x0000000008001a10                RCC_PLLSAIConfig
                0x0000000008001a28                RCC_PLLSAICmd
                0x0000000008001a34                RCC_ClockSecuritySystemCmd
                0x0000000008001a40                RCC_MCO1Config
                0x0000000008001a54                RCC_MCO2Config
                0x0000000008001a68                RCC_SYSCLKConfig
                0x0000000008001a7c                RCC_GetSYSCLKSource
                0x0000000008001a8c                RCC_HCLKConfig
                0x0000000008001aa0                RCC_PCLK1Config
                0x0000000008001ab4                RCC_PCLK2Config
                0x0000000008001ac8                RCC_GetClocksFreq
                0x0000000008001b7c                RCC_RTCCLKConfig
                0x0000000008001bb0                RCC_RTCCLKCmd
                0x0000000008001bbc                RCC_BackupResetCmd
                0x0000000008001bc8                RCC_I2SCLKConfig
                0x0000000008001bd4                RCC_SAIPLLI2SClkDivConfig
                0x0000000008001bec                RCC_SAIPLLSAIClkDivConfig
                0x0000000008001c08                RCC_LTDCCLKDivConfig
                0x0000000008001c20                RCC_TIMCLKPresConfig
                0x0000000008001c2c                RCC_AHB1PeriphClockCmd
                0x0000000008001c48                RCC_AHB2PeriphClockCmd
                0x0000000008001c64                RCC_APB1PeriphClockCmd
                0x0000000008001c80                RCC_APB2PeriphClockCmd
                0x0000000008001c9c                RCC_AHB1PeriphResetCmd
                0x0000000008001cb8                RCC_AHB2PeriphResetCmd
                0x0000000008001cd4                RCC_APB1PeriphResetCmd
                0x0000000008001cf0                RCC_APB2PeriphResetCmd
                0x0000000008001d0c                RCC_AHB1PeriphClockLPModeCmd
                0x0000000008001d28                RCC_AHB2PeriphClockLPModeCmd
                0x0000000008001d44                RCC_APB1PeriphClockLPModeCmd
                0x0000000008001d60                RCC_APB2PeriphClockLPModeCmd
                0x0000000008001d7c                RCC_LSEModeConfig
                0x0000000008001d9c                RCC_ITConfig
                0x0000000008001db8                RCC_GetFlagStatus
                0x0000000008001dec                RCC_WaitForHSEStartUp
                0x0000000008001e20                RCC_ClearFlag
                0x0000000008001e30                RCC_GetITStatus
                0x0000000008001e44                RCC_ClearITPendingBit
 .text          0x0000000008001e50       0x94 /tmp/ccrL7xT8.o
                0x0000000008001e50                SYSCFG_DeInit
                0x0000000008001e68                SYSCFG_MemoryRemapConfig
                0x0000000008001e74                SYSCFG_MemorySwappingBank
                0x0000000008001e80                SYSCFG_EXTILineConfig
                0x0000000008001eb4                SYSCFG_ETH_MediaInterfaceConfig
                0x0000000008001ec0                SYSCFG_CompensationCellCmd
                0x0000000008001ecc                SYSCFG_GetCompensationCellStatus
 .text          0x0000000008001ee4      0xb4c /tmp/cc8SK96j.o
                0x0000000008001fce                TIM_DeInit
                0x0000000008002164                TIM_TimeBaseInit
                0x00000000080021e0                TIM_TimeBaseStructInit
                0x00000000080021f2                TIM_PrescalerConfig
                0x00000000080021f8                TIM_CounterModeConfig
                0x0000000008002206                TIM_SetCounter
                0x000000000800220a                TIM_SetAutoreload
                0x000000000800220e                TIM_GetCounter
                0x0000000008002212                TIM_GetPrescaler
                0x0000000008002216                TIM_UpdateDisableConfig
                0x0000000008002230                TIM_UpdateRequestConfig
                0x000000000800224a                TIM_ARRPreloadConfig
                0x0000000008002264                TIM_SelectOnePulseMode
                0x0000000008002278                TIM_SetClockDivision
                0x000000000800228c                TIM_Cmd
                0x00000000080022a6                TIM_OC1Init
                0x0000000008002310                TIM_OC2Init
                0x0000000008002398                TIM_OC3Init
                0x000000000800241c                TIM_OC4Init
                0x0000000008002484                TIM_OCStructInit
                0x0000000008002498                TIM_SelectOCxM
                0x00000000080024e8                TIM_SetCompare1
                0x00000000080024ec                TIM_SetCompare2
                0x00000000080024f0                TIM_SetCompare3
                0x00000000080024f4                TIM_SetCompare4
                0x00000000080024f8                TIM_ForcedOC1Config
                0x0000000008002506                TIM_ForcedOC2Config
                0x0000000008002518                TIM_ForcedOC3Config
                0x0000000008002526                TIM_ForcedOC4Config
                0x0000000008002538                TIM_OC1PreloadConfig
                0x0000000008002546                TIM_OC2PreloadConfig
                0x0000000008002558                TIM_OC3PreloadConfig
                0x0000000008002566                TIM_OC4PreloadConfig
                0x0000000008002578                TIM_OC1FastConfig
                0x0000000008002586                TIM_OC2FastConfig
                0x0000000008002598                TIM_OC3FastConfig
                0x00000000080025a6                TIM_OC4FastConfig
                0x00000000080025b8                TIM_ClearOC1Ref
                0x00000000080025c6                TIM_ClearOC2Ref
                0x00000000080025d6                TIM_ClearOC3Ref
                0x00000000080025e4                TIM_ClearOC4Ref
                0x00000000080025f4                TIM_OC1PolarityConfig
                0x0000000008002602                TIM_OC1NPolarityConfig
                0x0000000008002610                TIM_OC2PolarityConfig
                0x0000000008002622                TIM_OC2NPolarityConfig
                0x0000000008002634                TIM_OC3PolarityConfig
                0x0000000008002646                TIM_OC3NPolarityConfig
                0x0000000008002658                TIM_OC4PolarityConfig
                0x000000000800266a                TIM_CCxCmd
                0x000000000800268c                TIM_CCxNCmd
                0x00000000080026ae                TIM_ICStructInit
                0x00000000080026be                TIM_GetCapture1
                0x00000000080026c2                TIM_GetCapture2
                0x00000000080026c6                TIM_GetCapture3
                0x00000000080026ca                TIM_GetCapture4
                0x00000000080026ce                TIM_SetIC1Prescaler
                0x00000000080026e2                TIM_SetIC2Prescaler
                0x00000000080026fa                TIM_PWMIConfig
                0x0000000008002766                TIM_SetIC3Prescaler
                0x000000000800277a                TIM_SetIC4Prescaler
                0x0000000008002792                TIM_ICInit
                0x00000000080027f4                TIM_BDTRConfig
                0x000000000800281c                TIM_BDTRStructInit
                0x000000000800282e                TIM_CtrlPWMOutputs
                0x000000000800284c                TIM_SelectCOM
                0x0000000008002866                TIM_CCPreloadControl
                0x0000000008002880                TIM_ITConfig
                0x0000000008002894                TIM_GenerateEvent
                0x0000000008002898                TIM_GetFlagStatus
                0x00000000080028a6                TIM_ClearFlag
                0x00000000080028ae                TIM_GetITStatus
                0x00000000080028c6                TIM_ClearITPendingBit
                0x00000000080028ce                TIM_DMAConfig
                0x00000000080028d6                TIM_DMACmd
                0x00000000080028ea                TIM_SelectCCDMA
                0x0000000008002904                TIM_InternalClockConfig
                0x0000000008002912                TIM_SelectInputTrigger
                0x0000000008002920                TIM_ITRxExternalClockConfig
                0x0000000008002932                TIM_TIxExternalClockConfig
                0x000000000800295e                TIM_SelectOutputTrigger
                0x0000000008002972                TIM_SelectSlaveMode
                0x0000000008002986                TIM_SelectMasterSlaveMode
                0x000000000800299a                TIM_ETRConfig
                0x00000000080029b2                TIM_ETRClockMode1Config
                0x00000000080029c4                TIM_ETRClockMode2Config
                0x00000000080029d6                TIM_EncoderInterfaceConfig
                0x0000000008002a10                TIM_SelectHallSensor
                0x0000000008002a2a                TIM_RemapConfig
 .text          0x0000000008002a30      0x43c /tmp/cc2RdkEv.o
                0x0000000008002a30                USART_DeInit
                0x0000000008002b2c                USART_Init
                0x0000000008002bfc                USART_StructInit
                0x0000000008002c12                USART_ClockInit
                0x0000000008002c34                USART_ClockStructInit
                0x0000000008002c40                USART_Cmd
                0x0000000008002c5a                USART_SetPrescaler
                0x0000000008002c6a                USART_OverSampling8Cmd
                0x0000000008002c80                USART_OneBitMethodCmd
                0x0000000008002c9a                USART_SendData
                0x0000000008002ca2                USART_ReceiveData
                0x0000000008002caa                USART_SetAddress
                0x0000000008002cbe                USART_ReceiverWakeUpCmd
                0x0000000008002cd8                USART_WakeUpConfig
                0x0000000008002cec                USART_LINBreakDetectLengthConfig
                0x0000000008002d00                USART_LINCmd
                0x0000000008002d1a                USART_SendBreak
                0x0000000008002d24                USART_HalfDuplexCmd
                0x0000000008002d3e                USART_SetGuardTime
                0x0000000008002d4e                USART_SmartCardCmd
                0x0000000008002d68                USART_SmartCardNACKCmd
                0x0000000008002d82                USART_IrDAConfig
                0x0000000008002d96                USART_IrDACmd
                0x0000000008002db0                USART_DMACmd
                0x0000000008002dc4                USART_ITConfig
                0x0000000008002dfe                USART_GetFlagStatus
                0x0000000008002e0c                USART_ClearFlag
                0x0000000008002e14                USART_GetITStatus
                0x0000000008002e5a                USART_ClearITPendingBit
 .text          0x0000000008002e6c        0x0 /usr/lib/gcc/arm-none-eabi/7.1.0/../../../../arm-none-eabi/lib/thumb/v7e-m/fpv4-sp/softfp/libg.a(lib_a-atexit.o)
 .text.atexit   0x0000000008002e6c        0xc /usr/lib/gcc/arm-none-eabi/7.1.0/../../../../arm-none-eabi/lib/thumb/v7e-m/fpv4-sp/softfp/libg.a(lib_a-atexit.o)
                0x0000000008002e6c                atexit
 .text          0x0000000008002e78        0x0 /usr/lib/gcc/arm-none-eabi/7.1.0/../../../../arm-none-eabi/lib/thumb/v7e-m/fpv4-sp/softfp/libg.a(lib_a-exit.o)
 .text.exit     0x0000000008002e78       0x20 /usr/lib/gcc/arm-none-eabi/7.1.0/../../../../arm-none-eabi/lib/thumb/v7e-m/fpv4-sp/softfp/libg.a(lib_a-exit.o)
                0x0000000008002e78                exit
 .text          0x0000000008002e98        0x0 /usr/lib/gcc/arm-none-eabi/7.1.0/../../../../arm-none-eabi/lib/thumb/v7e-m/fpv4-sp/softfp/libg.a(lib_a-fini.o)
 .text.__libc_fini_array
                0x0000000008002e98       0x34 /usr/lib/gcc/arm-none-eabi/7.1.0/../../../../arm-none-eabi/lib/thumb/v7e-m/fpv4-sp/softfp/libg.a(lib_a-fini.o)
                0x0000000008002e98                __libc_fini_array
 .text          0x0000000008002ecc        0x0 /usr/lib/gcc/arm-none-eabi/7.1.0/../../../../arm-none-eabi/lib/thumb/v7e-m/fpv4-sp/softfp/libg.a(lib_a-impure.o)
 .text          0x0000000008002ecc        0x0 /usr/lib/gcc/arm-none-eabi/7.1.0/../../../../arm-none-eabi/lib/thumb/v7e-m/fpv4-sp/softfp/libg.a(lib_a-init.o)
 .text.__libc_init_array
                0x0000000008002ecc       0x48 /usr/lib/gcc/arm-none-eabi/7.1.0/../../../../arm-none-eabi/lib/thumb/v7e-m/fpv4-sp/softfp/libg.a(lib_a-init.o)
                0x0000000008002ecc                __libc_init_array
 .text          0x0000000008002f14        0x0 /usr/lib/gcc/arm-none-eabi/7.1.0/../../../../arm-none-eabi/lib/thumb/v7e-m/fpv4-sp/softfp/libg.a(lib_a-memset.o)
 .text.memset   0x0000000008002f14       0x94 /usr/lib/gcc/arm-none-eabi/7.1.0/../../../../arm-none-eabi/lib/thumb/v7e-m/fpv4-sp/softfp/libg.a(lib_a-memset.o)
                0x0000000008002f14                memset
 .text          0x0000000008002fa8        0x0 /usr/lib/gcc/arm-none-eabi/7.1.0/../../../../arm-none-eabi/lib/thumb/v7e-m/fpv4-sp/softfp/libg.a(lib_a-__atexit.o)
 .text.__register_exitproc
                0x0000000008002fa8       0xa0 /usr/lib/gcc/arm-none-eabi/7.1.0/../../../../arm-none-eabi/lib/thumb/v7e-m/fpv4-sp/softfp/libg.a(lib_a-__atexit.o)
                0x0000000008002fa8                __register_exitproc
 .text          0x0000000008003048        0x0 /usr/lib/gcc/arm-none-eabi/7.1.0/../../../../arm-none-eabi/lib/thumb/v7e-m/fpv4-sp/softfp/libg.a(lib_a-__call_atexit.o)
 .text.startup.register_fini
                0x0000000008003048       0x14 /usr/lib/gcc/arm-none-eabi/7.1.0/../../../../arm-none-eabi/lib/thumb/v7e-m/fpv4-sp/softfp/libg.a(lib_a-__call_atexit.o)
 .text.__call_exitprocs
                0x000000000800305c       0xd0 /usr/lib/gcc/arm-none-eabi/7.1.0/../../../../arm-none-eabi/lib/thumb/v7e-m/fpv4-sp/softfp/libg.a(lib_a-__call_atexit.o)
                0x000000000800305c                __call_exitprocs
 .text          0x000000000800312c        0x0 /usr/lib/gcc/arm-none-eabi/7.1.0/../../../../arm-none-eabi/lib/thumb/v7e-m/fpv4-sp/softfp/libnosys.a(_exit.o)
 .text._exit    0x000000000800312c        0x4 /usr/lib/gcc/arm-none-eabi/7.1.0/../../../../arm-none-eabi/lib/thumb/v7e-m/fpv4-sp/softfp/libnosys.a(_exit.o)
                0x000000000800312c                _exit
 .text          0x0000000008003130        0x0 /usr/lib/gcc/arm-none-eabi/7.1.0/thumb/v7e-m/fpv4-sp/softfp/crtend.o
 .text          0x0000000008003130        0x0 /usr/lib/gcc/arm-none-eabi/7.1.0/thumb/v7e-m/fpv4-sp/softfp/crtn.o
                0x0000000008003130                . = ALIGN (0x4)
 *(.rodata*)
 .rodata        0x0000000008003130        0x4 /tmp/ccK0C6oS.o
 .rodata._global_impure_ptr
                0x0000000008003134        0x4 /usr/lib/gcc/arm-none-eabi/7.1.0/../../../../arm-none-eabi/lib/thumb/v7e-m/fpv4-sp/softfp/libg.a(lib_a-impure.o)
                0x0000000008003134                _global_impure_ptr
                0x0000000008003138                . = ALIGN (0x4)

.glue_7         0x0000000008003138        0x0
 .glue_7        0x0000000008003138        0x0 linker stubs

.glue_7t        0x0000000008003138        0x0
 .glue_7t       0x0000000008003138        0x0 linker stubs

.vfp11_veneer   0x0000000008003138        0x0
 .vfp11_veneer  0x0000000008003138        0x0 linker stubs

.v4_bx          0x0000000008003138        0x0
 .v4_bx         0x0000000008003138        0x0 linker stubs

.init           0x0000000008003138        0xc
 .init          0x0000000008003138        0x4 /usr/lib/gcc/arm-none-eabi/7.1.0/thumb/v7e-m/fpv4-sp/softfp/crti.o
                0x0000000008003138                _init
 .init          0x000000000800313c        0x8 /usr/lib/gcc/arm-none-eabi/7.1.0/thumb/v7e-m/fpv4-sp/softfp/crtn.o

.fini           0x0000000008003144        0xc
 .fini          0x0000000008003144        0x4 /usr/lib/gcc/arm-none-eabi/7.1.0/thumb/v7e-m/fpv4-sp/softfp/crti.o
                0x0000000008003144                _fini
 .fini          0x0000000008003148        0x8 /usr/lib/gcc/arm-none-eabi/7.1.0/thumb/v7e-m/fpv4-sp/softfp/crtn.o

.iplt           0x0000000008003150        0x0
 .iplt          0x0000000008003150        0x0 /usr/lib/gcc/arm-none-eabi/7.1.0/thumb/v7e-m/fpv4-sp/softfp/crtbegin.o

.rel.dyn        0x0000000008003150        0x0
 .rel.iplt      0x0000000008003150        0x0 /usr/lib/gcc/arm-none-eabi/7.1.0/thumb/v7e-m/fpv4-sp/softfp/crtbegin.o
                0x0000000008003150                . = ALIGN (0x4)
                0x0000000008003150                _etext = .

.data           0x0000000020000000      0x458 load address 0x0000000008003150
                0x0000000020000000                _sdata = .
 *(.data*)
 .data          0x0000000020000000        0x0 /usr/lib/gcc/arm-none-eabi/7.1.0/thumb/v7e-m/fpv4-sp/softfp/crti.o
 .data          0x0000000020000000        0x4 /usr/lib/gcc/arm-none-eabi/7.1.0/thumb/v7e-m/fpv4-sp/softfp/crtbegin.o
                0x0000000020000000                __dso_handle
 .data          0x0000000020000004        0x0 /usr/lib/gcc/arm-none-eabi/7.1.0/../../../../arm-none-eabi/lib/thumb/v7e-m/fpv4-sp/softfp/crt0.o
 .data          0x0000000020000004        0x0 /tmp/ccjcmgPU.o
 .data          0x0000000020000004        0x0 /tmp/ccdCxPT2.o
 .data          0x0000000020000004        0x0 /tmp/ccNWvu2a.o
 .data          0x0000000020000004        0x1 /tmp/ccHc1Pnj.o
 .data          0x0000000020000005        0x0 /tmp/ccKSZkUr.o
 .data          0x0000000020000005        0x0 /tmp/ccJCB1CA.o
 .data          0x0000000020000005        0x0 /tmp/cc45byrJ.o
 .data          0x0000000020000005        0x0 /tmp/ccK0C6oS.o
 *fill*         0x0000000020000005        0x3 
 .data          0x0000000020000008       0x14 /tmp/ccFGgWy1.o
                0x0000000020000008                SystemCoreClock
                0x000000002000000c                AHBPrescTable
 .data          0x000000002000001c        0x0 /tmp/ccHQLGJa.o
 .data          0x000000002000001c        0x0 /tmp/ccwbaW5j.o
 .data          0x000000002000001c        0x0 /tmp/ccMOBgLt.o
 .data          0x000000002000001c        0x0 /tmp/ccvMMzDD.o
 .data          0x000000002000001c        0x0 /tmp/ccPxWFKN.o
 .data          0x000000002000001c       0x10 /tmp/ccUPNndY.o
 .data          0x000000002000002c        0x0 /tmp/ccrL7xT8.o
 .data          0x000000002000002c        0x0 /tmp/cc8SK96j.o
 .data          0x000000002000002c        0x0 /tmp/cc2RdkEv.o
 .data          0x000000002000002c        0x0 /usr/lib/gcc/arm-none-eabi/7.1.0/../../../../arm-none-eabi/lib/thumb/v7e-m/fpv4-sp/softfp/libg.a(lib_a-atexit.o)
 .data          0x000000002000002c        0x0 /usr/lib/gcc/arm-none-eabi/7.1.0/../../../../arm-none-eabi/lib/thumb/v7e-m/fpv4-sp/softfp/libg.a(lib_a-exit.o)
 .data          0x000000002000002c        0x0 /usr/lib/gcc/arm-none-eabi/7.1.0/../../../../arm-none-eabi/lib/thumb/v7e-m/fpv4-sp/softfp/libg.a(lib_a-fini.o)
 .data          0x000000002000002c        0x0 /usr/lib/gcc/arm-none-eabi/7.1.0/../../../../arm-none-eabi/lib/thumb/v7e-m/fpv4-sp/softfp/libg.a(lib_a-impure.o)
 .data._impure_ptr
                0x000000002000002c        0x4 /usr/lib/gcc/arm-none-eabi/7.1.0/../../../../arm-none-eabi/lib/thumb/v7e-m/fpv4-sp/softfp/libg.a(lib_a-impure.o)
                0x000000002000002c                _impure_ptr
 .data.impure_data
                0x0000000020000030      0x428 /usr/lib/gcc/arm-none-eabi/7.1.0/../../../../arm-none-eabi/lib/thumb/v7e-m/fpv4-sp/softfp/libg.a(lib_a-impure.o)
 .data          0x0000000020000458        0x0 /usr/lib/gcc/arm-none-eabi/7.1.0/../../../../arm-none-eabi/lib/thumb/v7e-m/fpv4-sp/softfp/libg.a(lib_a-init.o)
 .data          0x0000000020000458        0x0 /usr/lib/gcc/arm-none-eabi/7.1.0/../../../../arm-none-eabi/lib/thumb/v7e-m/fpv4-sp/softfp/libg.a(lib_a-memset.o)
 .data          0x0000000020000458        0x0 /usr/lib/gcc/arm-none-eabi/7.1.0/../../../../arm-none-eabi/lib/thumb/v7e-m/fpv4-sp/softfp/libg.a(lib_a-__atexit.o)
 .data          0x0000000020000458        0x0 /usr/lib/gcc/arm-none-eabi/7.1.0/../../../../arm-none-eabi/lib/thumb/v7e-m/fpv4-sp/softfp/libg.a(lib_a-__call_atexit.o)
 .data          0x0000000020000458        0x0 /usr/lib/gcc/arm-none-eabi/7.1.0/../../../../arm-none-eabi/lib/thumb/v7e-m/fpv4-sp/softfp/libnosys.a(_exit.o)
 .data          0x0000000020000458        0x0 /usr/lib/gcc/arm-none-eabi/7.1.0/thumb/v7e-m/fpv4-sp/softfp/crtend.o
 .data          0x0000000020000458        0x0 /usr/lib/gcc/arm-none-eabi/7.1.0/thumb/v7e-m/fpv4-sp/softfp/crtn.o
                0x0000000020000458                . = ALIGN (0x4)
                0x0000000020000458                _edata = .
                0x0000000008003150                _sidata = LOADADDR (.data)

.init_array     0x0000000020000458        0x4 load address 0x00000000080035a8
 .init_array    0x0000000020000458        0x4 /usr/lib/gcc/arm-none-eabi/7.1.0/thumb/v7e-m/fpv4-sp/softfp/crtbegin.o

.fini_array     0x000000002000045c        0x4 load address 0x00000000080035ac
 .fini_array    0x000000002000045c        0x4 /usr/lib/gcc/arm-none-eabi/7.1.0/thumb/v7e-m/fpv4-sp/softfp/crtbegin.o

.tm_clone_table
                0x0000000020000460        0x0 load address 0x00000000080035b0
 .tm_clone_table
                0x0000000020000460        0x0 /usr/lib/gcc/arm-none-eabi/7.1.0/thumb/v7e-m/fpv4-sp/softfp/crtbegin.o
 .tm_clone_table
                0x0000000020000460        0x0 /usr/lib/gcc/arm-none-eabi/7.1.0/thumb/v7e-m/fpv4-sp/softfp/crtend.o

.igot.plt       0x0000000020000460        0x0 load address 0x00000000080035b0
 .igot.plt      0x0000000020000460        0x0 /usr/lib/gcc/arm-none-eabi/7.1.0/thumb/v7e-m/fpv4-sp/softfp/crtbegin.o

.init_array.00000
                0x0000000020000460        0x4 load address 0x00000000080035b0
 .init_array.00000
                0x0000000020000460        0x4 /usr/lib/gcc/arm-none-eabi/7.1.0/../../../../arm-none-eabi/lib/thumb/v7e-m/fpv4-sp/softfp/libg.a(lib_a-__call_atexit.o)

.bss            0x0000000020000468      0x11c load address 0x00000000080035b4
                0x0000000020000468                __bss_start__ = .
                0x0000000020000468                _sbss = .
 *(.bss*)
 .bss           0x0000000020000468        0x0 /usr/lib/gcc/arm-none-eabi/7.1.0/thumb/v7e-m/fpv4-sp/softfp/crti.o
 .bss           0x0000000020000468       0x1c /usr/lib/gcc/arm-none-eabi/7.1.0/thumb/v7e-m/fpv4-sp/softfp/crtbegin.o
 .bss           0x0000000020000484        0x0 /usr/lib/gcc/arm-none-eabi/7.1.0/../../../../arm-none-eabi/lib/thumb/v7e-m/fpv4-sp/softfp/crt0.o
 .bss           0x0000000020000484        0x0 /tmp/ccjcmgPU.o
 .bss           0x0000000020000484        0x0 /tmp/ccdCxPT2.o
 .bss           0x0000000020000484        0x0 /tmp/ccNWvu2a.o
 .bss           0x0000000020000484        0x2 /tmp/ccHc1Pnj.o
 .bss           0x0000000020000486        0x0 /tmp/ccKSZkUr.o
 *fill*         0x0000000020000486        0x2 
 .bss           0x0000000020000488        0x8 /tmp/ccJCB1CA.o
                0x0000000020000488                _ms_ticks
 .bss           0x0000000020000490        0x0 /tmp/cc45byrJ.o
 .bss           0x0000000020000490       0xf4 /tmp/ccK0C6oS.o
 .bss           0x0000000020000584        0x0 /tmp/ccFGgWy1.o
 .bss           0x0000000020000584        0x0 /tmp/ccHQLGJa.o
 .bss           0x0000000020000584        0x0 /tmp/ccwbaW5j.o
 .bss           0x0000000020000584        0x0 /tmp/ccMOBgLt.o
 .bss           0x0000000020000584        0x0 /tmp/ccvMMzDD.o
 .bss           0x0000000020000584        0x0 /tmp/ccPxWFKN.o
 .bss           0x0000000020000584        0x0 /tmp/ccUPNndY.o
 .bss           0x0000000020000584        0x0 /tmp/ccrL7xT8.o
 .bss           0x0000000020000584        0x0 /tmp/cc8SK96j.o
 .bss           0x0000000020000584        0x0 /tmp/cc2RdkEv.o
 .bss           0x0000000020000584        0x0 /usr/lib/gcc/arm-none-eabi/7.1.0/../../../../arm-none-eabi/lib/thumb/v7e-m/fpv4-sp/softfp/libg.a(lib_a-atexit.o)
 .bss           0x0000000020000584        0x0 /usr/lib/gcc/arm-none-eabi/7.1.0/../../../../arm-none-eabi/lib/thumb/v7e-m/fpv4-sp/softfp/libg.a(lib_a-exit.o)
 .bss           0x0000000020000584        0x0 /usr/lib/gcc/arm-none-eabi/7.1.0/../../../../arm-none-eabi/lib/thumb/v7e-m/fpv4-sp/softfp/libg.a(lib_a-fini.o)
 .bss           0x0000000020000584        0x0 /usr/lib/gcc/arm-none-eabi/7.1.0/../../../../arm-none-eabi/lib/thumb/v7e-m/fpv4-sp/softfp/libg.a(lib_a-impure.o)
 .bss           0x0000000020000584        0x0 /usr/lib/gcc/arm-none-eabi/7.1.0/../../../../arm-none-eabi/lib/thumb/v7e-m/fpv4-sp/softfp/libg.a(lib_a-init.o)
 .bss           0x0000000020000584        0x0 /usr/lib/gcc/arm-none-eabi/7.1.0/../../../../arm-none-eabi/lib/thumb/v7e-m/fpv4-sp/softfp/libg.a(lib_a-memset.o)
 .bss           0x0000000020000584        0x0 /usr/lib/gcc/arm-none-eabi/7.1.0/../../../../arm-none-eabi/lib/thumb/v7e-m/fpv4-sp/softfp/libg.a(lib_a-__atexit.o)
 .bss           0x0000000020000584        0x0 /usr/lib/gcc/arm-none-eabi/7.1.0/../../../../arm-none-eabi/lib/thumb/v7e-m/fpv4-sp/softfp/libg.a(lib_a-__call_atexit.o)
 .bss           0x0000000020000584        0x0 /usr/lib/gcc/arm-none-eabi/7.1.0/../../../../arm-none-eabi/lib/thumb/v7e-m/fpv4-sp/softfp/libnosys.a(_exit.o)
 .bss           0x0000000020000584        0x0 /usr/lib/gcc/arm-none-eabi/7.1.0/thumb/v7e-m/fpv4-sp/softfp/crtend.o
 .bss           0x0000000020000584        0x0 /usr/lib/gcc/arm-none-eabi/7.1.0/thumb/v7e-m/fpv4-sp/softfp/crtn.o
 *(COMMON)
                0x0000000020000584                . = ALIGN (0x4)
                0x0000000020000584                _ebss = .
                0x0000000020000584                __bss_end__ = .
                0x0000000020000584                . = ALIGN (0x4)
                0x0000000020000584                end = .
                0x0000000020018000                PROVIDE (_estack, (ORIGIN (ram) + LENGTH (ram)))
OUTPUT(build/buzzer.elf elf32-littlearm)

.ARM.attributes
                0x0000000000000000       0x2e
 .ARM.attributes
                0x0000000000000000       0x22 /usr/lib/gcc/arm-none-eabi/7.1.0/thumb/v7e-m/fpv4-sp/softfp/crti.o
 .ARM.attributes
                0x0000000000000022       0x32 /usr/lib/gcc/arm-none-eabi/7.1.0/thumb/v7e-m/fpv4-sp/softfp/crtbegin.o
 .ARM.attributes
                0x0000000000000054       0x20 /usr/lib/gcc/arm-none-eabi/7.1.0/../../../../arm-none-eabi/lib/thumb/v7e-m/fpv4-sp/softfp/crt0.o
 .ARM.attributes
                0x0000000000000074       0x37 /tmp/ccjcmgPU.o
 .ARM.attributes
                0x00000000000000ab       0x37 /tmp/ccdCxPT2.o
 .ARM.attributes
                0x00000000000000e2       0x37 /tmp/ccNWvu2a.o
 .ARM.attributes
                0x0000000000000119       0x37 /tmp/ccHc1Pnj.o
 .ARM.attributes
                0x0000000000000150       0x37 /tmp/ccKSZkUr.o
 .ARM.attributes
                0x0000000000000187       0x37 /tmp/ccJCB1CA.o
 .ARM.attributes
                0x00000000000001be       0x37 /tmp/cc45byrJ.o
 .ARM.attributes
                0x00000000000001f5       0x37 /tmp/ccK0C6oS.o
 .ARM.attributes
                0x000000000000022c       0x37 /tmp/ccFGgWy1.o
 .ARM.attributes
                0x0000000000000263       0x21 /tmp/ccHQLGJa.o
 .ARM.attributes
                0x0000000000000284       0x37 /tmp/ccwbaW5j.o
 .ARM.attributes
                0x00000000000002bb       0x37 /tmp/ccMOBgLt.o
 .ARM.attributes
                0x00000000000002f2       0x37 /tmp/ccvMMzDD.o
 .ARM.attributes
                0x0000000000000329       0x37 /tmp/ccPxWFKN.o
 .ARM.attributes
                0x0000000000000360       0x37 /tmp/ccUPNndY.o
 .ARM.attributes
                0x0000000000000397       0x37 /tmp/ccrL7xT8.o
 .ARM.attributes
                0x00000000000003ce       0x37 /tmp/cc8SK96j.o
 .ARM.attributes
                0x0000000000000405       0x37 /tmp/cc2RdkEv.o
 .ARM.attributes
                0x000000000000043c       0x32 /usr/lib/gcc/arm-none-eabi/7.1.0/../../../../arm-none-eabi/lib/thumb/v7e-m/fpv4-sp/softfp/libg.a(lib_a-atexit.o)
 .ARM.attributes
                0x000000000000046e       0x32 /usr/lib/gcc/arm-none-eabi/7.1.0/../../../../arm-none-eabi/lib/thumb/v7e-m/fpv4-sp/softfp/libg.a(lib_a-exit.o)
 .ARM.attributes
                0x00000000000004a0       0x32 /usr/lib/gcc/arm-none-eabi/7.1.0/../../../../arm-none-eabi/lib/thumb/v7e-m/fpv4-sp/softfp/libg.a(lib_a-fini.o)
 .ARM.attributes
                0x00000000000004d2       0x32 /usr/lib/gcc/arm-none-eabi/7.1.0/../../../../arm-none-eabi/lib/thumb/v7e-m/fpv4-sp/softfp/libg.a(lib_a-impure.o)
 .ARM.attributes
                0x0000000000000504       0x32 /usr/lib/gcc/arm-none-eabi/7.1.0/../../../../arm-none-eabi/lib/thumb/v7e-m/fpv4-sp/softfp/libg.a(lib_a-init.o)
 .ARM.attributes
                0x0000000000000536       0x32 /usr/lib/gcc/arm-none-eabi/7.1.0/../../../../arm-none-eabi/lib/thumb/v7e-m/fpv4-sp/softfp/libg.a(lib_a-memset.o)
 .ARM.attributes
                0x0000000000000568       0x32 /usr/lib/gcc/arm-none-eabi/7.1.0/../../../../arm-none-eabi/lib/thumb/v7e-m/fpv4-sp/softfp/libg.a(lib_a-__atexit.o)
 .ARM.attributes
                0x000000000000059a       0x32 /usr/lib/gcc/arm-none-eabi/7.1.0/../../../../arm-none-eabi/lib/thumb/v7e-m/fpv4-sp/softfp/libg.a(lib_a-__call_atexit.o)
 .ARM.attributes
                0x00000000000005cc       0x32 /usr/lib/gcc/arm-none-eabi/7.1.0/../../../../arm-none-eabi/lib/thumb/v7e-m/fpv4-sp/softfp/libnosys.a(_exit.o)
 .ARM.attributes
                0x00000000000005fe       0x32 /usr/lib/gcc/arm-none-eabi/7.1.0/thumb/v7e-m/fpv4-sp/softfp/crtend.o
 .ARM.attributes
                0x0000000000000630       0x22 /usr/lib/gcc/arm-none-eabi/7.1.0/thumb/v7e-m/fpv4-sp/softfp/crtn.o

.comment        0x0000000000000000       0x42
 .comment       0x0000000000000000       0x21 /usr/lib/gcc/arm-none-eabi/7.1.0/thumb/v7e-m/fpv4-sp/softfp/crtbegin.o
                                         0x22 (size before relaxing)
 .comment       0x0000000000000021       0x22 /tmp/ccjcmgPU.o
 .comment       0x0000000000000021       0x22 /tmp/ccdCxPT2.o
 .comment       0x0000000000000021       0x22 /tmp/ccNWvu2a.o
 .comment       0x0000000000000021       0x22 /tmp/ccHc1Pnj.o
 .comment       0x0000000000000021       0x22 /tmp/ccKSZkUr.o
 .comment       0x0000000000000021       0x22 /tmp/ccJCB1CA.o
 .comment       0x0000000000000021       0x22 /tmp/cc45byrJ.o
 .comment       0x0000000000000021       0x22 /tmp/ccK0C6oS.o
 .comment       0x0000000000000021       0x22 /tmp/ccFGgWy1.o
 .comment       0x0000000000000021       0x22 /tmp/ccwbaW5j.o
 .comment       0x0000000000000021       0x22 /tmp/ccMOBgLt.o
 .comment       0x0000000000000021       0x22 /tmp/ccvMMzDD.o
 .comment       0x0000000000000021       0x22 /tmp/ccPxWFKN.o
 .comment       0x0000000000000021       0x22 /tmp/ccUPNndY.o
 .comment       0x0000000000000021       0x22 /tmp/ccrL7xT8.o
 .comment       0x0000000000000021       0x22 /tmp/cc8SK96j.o
 .comment       0x0000000000000021       0x22 /tmp/cc2RdkEv.o
 .comment       0x0000000000000021       0x21 /usr/lib/gcc/arm-none-eabi/7.1.0/../../../../arm-none-eabi/lib/thumb/v7e-m/fpv4-sp/softfp/libg.a(lib_a-atexit.o)
                                         0x22 (size before relaxing)
 .comment       0x0000000000000042       0x22 /usr/lib/gcc/arm-none-eabi/7.1.0/../../../../arm-none-eabi/lib/thumb/v7e-m/fpv4-sp/softfp/libg.a(lib_a-exit.o)
 .comment       0x0000000000000042       0x22 /usr/lib/gcc/arm-none-eabi/7.1.0/../../../../arm-none-eabi/lib/thumb/v7e-m/fpv4-sp/softfp/libg.a(lib_a-fini.o)
 .comment       0x0000000000000042       0x22 /usr/lib/gcc/arm-none-eabi/7.1.0/../../../../arm-none-eabi/lib/thumb/v7e-m/fpv4-sp/softfp/libg.a(lib_a-impure.o)
 .comment       0x0000000000000042       0x22 /usr/lib/gcc/arm-none-eabi/7.1.0/../../../../arm-none-eabi/lib/thumb/v7e-m/fpv4-sp/softfp/libg.a(lib_a-init.o)
 .comment       0x0000000000000042       0x22 /usr/lib/gcc/arm-none-eabi/7.1.0/../../../../arm-none-eabi/lib/thumb/v7e-m/fpv4-sp/softfp/libg.a(lib_a-memset.o)
 .comment       0x0000000000000042       0x22 /usr/lib/gcc/arm-none-eabi/7.1.0/../../../../arm-none-eabi/lib/thumb/v7e-m/fpv4-sp/softfp/libg.a(lib_a-__atexit.o)
 .comment       0x0000000000000042       0x22 /usr/lib/gcc/arm-none-eabi/7.1.0/../../../../arm-none-eabi/lib/thumb/v7e-m/fpv4-sp/softfp/libg.a(lib_a-__call_atexit.o)
 .comment       0x0000000000000042       0x22 /usr/lib/gcc/arm-none-eabi/7.1.0/../../../../arm-none-eabi/lib/thumb/v7e-m/fpv4-sp/softfp/libnosys.a(_exit.o)
 .comment       0x0000000000000042       0x22 /usr/lib/gcc/arm-none-eabi/7.1.0/thumb/v7e-m/fpv4-sp/softfp/crtend.o

.debug_line     0x0000000000000000     0x2aad
 .debug_line    0x0000000000000000       0x84 /usr/lib/gcc/arm-none-eabi/7.1.0/../../../../arm-none-eabi/lib/thumb/v7e-m/fpv4-sp/softfp/crt0.o
 .debug_line    0x0000000000000084      0x16e /tmp/ccjcmgPU.o
 .debug_line    0x00000000000001f2      0x22b /tmp/ccdCxPT2.o
 .debug_line    0x000000000000041d       0xc1 /tmp/ccNWvu2a.o
 .debug_line    0x00000000000004de      0x155 /tmp/ccHc1Pnj.o
 .debug_line    0x0000000000000633      0x18b /tmp/ccKSZkUr.o
 .debug_line    0x00000000000007be      0x177 /tmp/ccJCB1CA.o
 .debug_line    0x0000000000000935       0xcd /tmp/cc45byrJ.o
 .debug_line    0x0000000000000a02      0x1a5 /tmp/ccK0C6oS.o
 .debug_line    0x0000000000000ba7      0x129 /tmp/ccFGgWy1.o
 .debug_line    0x0000000000000cd0       0x72 /tmp/ccHQLGJa.o
 .debug_line    0x0000000000000d42      0x144 /tmp/ccwbaW5j.o
 .debug_line    0x0000000000000e86      0x2cc /tmp/ccMOBgLt.o
 .debug_line    0x0000000000001152      0x177 /tmp/ccvMMzDD.o
 .debug_line    0x00000000000012c9      0x1d5 /tmp/ccPxWFKN.o
 .debug_line    0x000000000000149e      0x2e1 /tmp/ccUPNndY.o
 .debug_line    0x000000000000177f      0x14d /tmp/ccrL7xT8.o
 .debug_line    0x00000000000018cc      0x50c /tmp/cc8SK96j.o
 .debug_line    0x0000000000001dd8      0x284 /tmp/cc2RdkEv.o
 .debug_line    0x000000000000205c      0x147 /usr/lib/gcc/arm-none-eabi/7.1.0/../../../../arm-none-eabi/lib/thumb/v7e-m/fpv4-sp/softfp/libg.a(lib_a-atexit.o)
 .debug_line    0x00000000000021a3      0x158 /usr/lib/gcc/arm-none-eabi/7.1.0/../../../../arm-none-eabi/lib/thumb/v7e-m/fpv4-sp/softfp/libg.a(lib_a-exit.o)
 .debug_line    0x00000000000022fb       0xa5 /usr/lib/gcc/arm-none-eabi/7.1.0/../../../../arm-none-eabi/lib/thumb/v7e-m/fpv4-sp/softfp/libg.a(lib_a-fini.o)
 .debug_line    0x00000000000023a0       0xe7 /usr/lib/gcc/arm-none-eabi/7.1.0/../../../../arm-none-eabi/lib/thumb/v7e-m/fpv4-sp/softfp/libg.a(lib_a-impure.o)
 .debug_line    0x0000000000002487       0xbf /usr/lib/gcc/arm-none-eabi/7.1.0/../../../../arm-none-eabi/lib/thumb/v7e-m/fpv4-sp/softfp/libg.a(lib_a-init.o)
 .debug_line    0x0000000000002546      0x1de /usr/lib/gcc/arm-none-eabi/7.1.0/../../../../arm-none-eabi/lib/thumb/v7e-m/fpv4-sp/softfp/libg.a(lib_a-memset.o)
 .debug_line    0x0000000000002724      0x17a /usr/lib/gcc/arm-none-eabi/7.1.0/../../../../arm-none-eabi/lib/thumb/v7e-m/fpv4-sp/softfp/libg.a(lib_a-__atexit.o)
 .debug_line    0x000000000000289e      0x1ae /usr/lib/gcc/arm-none-eabi/7.1.0/../../../../arm-none-eabi/lib/thumb/v7e-m/fpv4-sp/softfp/libg.a(lib_a-__call_atexit.o)
 .debug_line    0x0000000000002a4c       0x61 /usr/lib/gcc/arm-none-eabi/7.1.0/../../../../arm-none-eabi/lib/thumb/v7e-m/fpv4-sp/softfp/libnosys.a(_exit.o)

.debug_info     0x0000000000000000     0xdb2a
 .debug_info    0x0000000000000000       0xb8 /usr/lib/gcc/arm-none-eabi/7.1.0/../../../../arm-none-eabi/lib/thumb/v7e-m/fpv4-sp/softfp/crt0.o
 .debug_info    0x00000000000000b8      0x848 /tmp/ccjcmgPU.o
 .debug_info    0x0000000000000900     0x1261 /tmp/ccdCxPT2.o
 .debug_info    0x0000000000001b61      0x214 /tmp/ccNWvu2a.o
 .debug_info    0x0000000000001d75      0x53a /tmp/ccHc1Pnj.o
 .debug_info    0x00000000000022af      0x853 /tmp/ccKSZkUr.o
 .debug_info    0x0000000000002b02      0x6d2 /tmp/ccJCB1CA.o
 .debug_info    0x00000000000031d4      0x218 /tmp/cc45byrJ.o
 .debug_info    0x00000000000033ec      0x78d /tmp/ccK0C6oS.o
 .debug_info    0x0000000000003b79      0x5c6 /tmp/ccFGgWy1.o
 .debug_info    0x000000000000413f       0x8e /tmp/ccHQLGJa.o
 .debug_info    0x00000000000041cd      0x54b /tmp/ccwbaW5j.o
 .debug_info    0x0000000000004718      0xc8d /tmp/ccMOBgLt.o
 .debug_info    0x00000000000053a5      0x356 /tmp/ccvMMzDD.o
 .debug_info    0x00000000000056fb      0x852 /tmp/ccPxWFKN.o
 .debug_info    0x0000000000005f4d      0xd93 /tmp/ccUPNndY.o
 .debug_info    0x0000000000006ce0      0x2e3 /tmp/ccrL7xT8.o
 .debug_info    0x0000000000006fc3     0x2105 /tmp/cc8SK96j.o
 .debug_info    0x00000000000090c8      0xb9f /tmp/cc2RdkEv.o
 .debug_info    0x0000000000009c67      0x90c /usr/lib/gcc/arm-none-eabi/7.1.0/../../../../arm-none-eabi/lib/thumb/v7e-m/fpv4-sp/softfp/libg.a(lib_a-atexit.o)
 .debug_info    0x000000000000a573      0x941 /usr/lib/gcc/arm-none-eabi/7.1.0/../../../../arm-none-eabi/lib/thumb/v7e-m/fpv4-sp/softfp/libg.a(lib_a-exit.o)
 .debug_info    0x000000000000aeb4       0xf3 /usr/lib/gcc/arm-none-eabi/7.1.0/../../../../arm-none-eabi/lib/thumb/v7e-m/fpv4-sp/softfp/libg.a(lib_a-fini.o)
 .debug_info    0x000000000000afa7      0x8a9 /usr/lib/gcc/arm-none-eabi/7.1.0/../../../../arm-none-eabi/lib/thumb/v7e-m/fpv4-sp/softfp/libg.a(lib_a-impure.o)
 .debug_info    0x000000000000b850      0x109 /usr/lib/gcc/arm-none-eabi/7.1.0/../../../../arm-none-eabi/lib/thumb/v7e-m/fpv4-sp/softfp/libg.a(lib_a-init.o)
 .debug_info    0x000000000000b959      0xe22 /usr/lib/gcc/arm-none-eabi/7.1.0/../../../../arm-none-eabi/lib/thumb/v7e-m/fpv4-sp/softfp/libg.a(lib_a-memset.o)
 .debug_info    0x000000000000c77b      0x955 /usr/lib/gcc/arm-none-eabi/7.1.0/../../../../arm-none-eabi/lib/thumb/v7e-m/fpv4-sp/softfp/libg.a(lib_a-__atexit.o)
 .debug_info    0x000000000000d0d0      0x9c0 /usr/lib/gcc/arm-none-eabi/7.1.0/../../../../arm-none-eabi/lib/thumb/v7e-m/fpv4-sp/softfp/libg.a(lib_a-__call_atexit.o)
 .debug_info    0x000000000000da90       0x9a /usr/lib/gcc/arm-none-eabi/7.1.0/../../../../arm-none-eabi/lib/thumb/v7e-m/fpv4-sp/softfp/libnosys.a(_exit.o)

.debug_abbrev   0x0000000000000000     0x29d7
 .debug_abbrev  0x0000000000000000       0x14 /usr/lib/gcc/arm-none-eabi/7.1.0/../../../../arm-none-eabi/lib/thumb/v7e-m/fpv4-sp/softfp/crt0.o
 .debug_abbrev  0x0000000000000014      0x1cf /tmp/ccjcmgPU.o
 .debug_abbrev  0x00000000000001e3      0x1bf /tmp/ccdCxPT2.o
 .debug_abbrev  0x00000000000003a2       0xba /tmp/ccNWvu2a.o
 .debug_abbrev  0x000000000000045c      0x176 /tmp/ccHc1Pnj.o
 .debug_abbrev  0x00000000000005d2      0x200 /tmp/ccKSZkUr.o
 .debug_abbrev  0x00000000000007d2      0x192 /tmp/ccJCB1CA.o
 .debug_abbrev  0x0000000000000964      0x135 /tmp/cc45byrJ.o
 .debug_abbrev  0x0000000000000a99      0x1c3 /tmp/ccK0C6oS.o
 .debug_abbrev  0x0000000000000c5c      0x140 /tmp/ccFGgWy1.o
 .debug_abbrev  0x0000000000000d9c       0x12 /tmp/ccHQLGJa.o
 .debug_abbrev  0x0000000000000dae      0x183 /tmp/ccwbaW5j.o
 .debug_abbrev  0x0000000000000f31      0x1e8 /tmp/ccMOBgLt.o
 .debug_abbrev  0x0000000000001119      0x1de /tmp/ccvMMzDD.o
 .debug_abbrev  0x00000000000012f7      0x1f7 /tmp/ccPxWFKN.o
 .debug_abbrev  0x00000000000014ee      0x1f7 /tmp/ccUPNndY.o
 .debug_abbrev  0x00000000000016e5      0x174 /tmp/ccrL7xT8.o
 .debug_abbrev  0x0000000000001859      0x1d3 /tmp/cc8SK96j.o
 .debug_abbrev  0x0000000000001a2c      0x1ce /tmp/cc2RdkEv.o
 .debug_abbrev  0x0000000000001bfa      0x201 /usr/lib/gcc/arm-none-eabi/7.1.0/../../../../arm-none-eabi/lib/thumb/v7e-m/fpv4-sp/softfp/libg.a(lib_a-atexit.o)
 .debug_abbrev  0x0000000000001dfb      0x1f0 /usr/lib/gcc/arm-none-eabi/7.1.0/../../../../arm-none-eabi/lib/thumb/v7e-m/fpv4-sp/softfp/libg.a(lib_a-exit.o)
 .debug_abbrev  0x0000000000001feb       0xbd /usr/lib/gcc/arm-none-eabi/7.1.0/../../../../arm-none-eabi/lib/thumb/v7e-m/fpv4-sp/softfp/libg.a(lib_a-fini.o)
 .debug_abbrev  0x00000000000020a8      0x192 /usr/lib/gcc/arm-none-eabi/7.1.0/../../../../arm-none-eabi/lib/thumb/v7e-m/fpv4-sp/softfp/libg.a(lib_a-impure.o)
 .debug_abbrev  0x000000000000223a       0xba /usr/lib/gcc/arm-none-eabi/7.1.0/../../../../arm-none-eabi/lib/thumb/v7e-m/fpv4-sp/softfp/libg.a(lib_a-init.o)
 .debug_abbrev  0x00000000000022f4      0x1de /usr/lib/gcc/arm-none-eabi/7.1.0/../../../../arm-none-eabi/lib/thumb/v7e-m/fpv4-sp/softfp/libg.a(lib_a-memset.o)
 .debug_abbrev  0x00000000000024d2      0x22b /usr/lib/gcc/arm-none-eabi/7.1.0/../../../../arm-none-eabi/lib/thumb/v7e-m/fpv4-sp/softfp/libg.a(lib_a-__atexit.o)
 .debug_abbrev  0x00000000000026fd      0x279 /usr/lib/gcc/arm-none-eabi/7.1.0/../../../../arm-none-eabi/lib/thumb/v7e-m/fpv4-sp/softfp/libg.a(lib_a-__call_atexit.o)
 .debug_abbrev  0x0000000000002976       0x61 /usr/lib/gcc/arm-none-eabi/7.1.0/../../../../arm-none-eabi/lib/thumb/v7e-m/fpv4-sp/softfp/libnosys.a(_exit.o)

.debug_aranges  0x0000000000000000      0x388
 .debug_aranges
                0x0000000000000000       0x20 /usr/lib/gcc/arm-none-eabi/7.1.0/../../../../arm-none-eabi/lib/thumb/v7e-m/fpv4-sp/softfp/crt0.o
 .debug_aranges
                0x0000000000000020       0x20 /tmp/ccjcmgPU.o
 .debug_aranges
                0x0000000000000040       0x20 /tmp/ccdCxPT2.o
 .debug_aranges
                0x0000000000000060       0x20 /tmp/ccNWvu2a.o
 .debug_aranges
                0x0000000000000080       0x20 /tmp/ccHc1Pnj.o
 .debug_aranges
                0x00000000000000a0       0x20 /tmp/ccKSZkUr.o
 .debug_aranges
                0x00000000000000c0       0x20 /tmp/ccJCB1CA.o
 .debug_aranges
                0x00000000000000e0       0x20 /tmp/cc45byrJ.o
 .debug_aranges
                0x0000000000000100       0x20 /tmp/ccK0C6oS.o
 .debug_aranges
                0x0000000000000120       0x20 /tmp/ccFGgWy1.o
 .debug_aranges
                0x0000000000000140       0x28 /tmp/ccHQLGJa.o
 .debug_aranges
                0x0000000000000168       0x20 /tmp/ccwbaW5j.o
 .debug_aranges
                0x0000000000000188       0x20 /tmp/ccMOBgLt.o
 .debug_aranges
                0x00000000000001a8       0x20 /tmp/ccvMMzDD.o
 .debug_aranges
                0x00000000000001c8       0x20 /tmp/ccPxWFKN.o
 .debug_aranges
                0x00000000000001e8       0x20 /tmp/ccUPNndY.o
 .debug_aranges
                0x0000000000000208       0x20 /tmp/ccrL7xT8.o
 .debug_aranges
                0x0000000000000228       0x20 /tmp/cc8SK96j.o
 .debug_aranges
                0x0000000000000248       0x20 /tmp/cc2RdkEv.o
 .debug_aranges
                0x0000000000000268       0x20 /usr/lib/gcc/arm-none-eabi/7.1.0/../../../../arm-none-eabi/lib/thumb/v7e-m/fpv4-sp/softfp/libg.a(lib_a-atexit.o)
 .debug_aranges
                0x0000000000000288       0x20 /usr/lib/gcc/arm-none-eabi/7.1.0/../../../../arm-none-eabi/lib/thumb/v7e-m/fpv4-sp/softfp/libg.a(lib_a-exit.o)
 .debug_aranges
                0x00000000000002a8       0x20 /usr/lib/gcc/arm-none-eabi/7.1.0/../../../../arm-none-eabi/lib/thumb/v7e-m/fpv4-sp/softfp/libg.a(lib_a-fini.o)
 .debug_aranges
                0x00000000000002c8       0x18 /usr/lib/gcc/arm-none-eabi/7.1.0/../../../../arm-none-eabi/lib/thumb/v7e-m/fpv4-sp/softfp/libg.a(lib_a-impure.o)
 .debug_aranges
                0x00000000000002e0       0x20 /usr/lib/gcc/arm-none-eabi/7.1.0/../../../../arm-none-eabi/lib/thumb/v7e-m/fpv4-sp/softfp/libg.a(lib_a-init.o)
 .debug_aranges
                0x0000000000000300       0x20 /usr/lib/gcc/arm-none-eabi/7.1.0/../../../../arm-none-eabi/lib/thumb/v7e-m/fpv4-sp/softfp/libg.a(lib_a-memset.o)
 .debug_aranges
                0x0000000000000320       0x20 /usr/lib/gcc/arm-none-eabi/7.1.0/../../../../arm-none-eabi/lib/thumb/v7e-m/fpv4-sp/softfp/libg.a(lib_a-__atexit.o)
 .debug_aranges
                0x0000000000000340       0x28 /usr/lib/gcc/arm-none-eabi/7.1.0/../../../../arm-none-eabi/lib/thumb/v7e-m/fpv4-sp/softfp/libg.a(lib_a-__call_atexit.o)
 .debug_aranges
                0x0000000000000368       0x20 /usr/lib/gcc/arm-none-eabi/7.1.0/../../../../arm-none-eabi/lib/thumb/v7e-m/fpv4-sp/softfp/libnosys.a(_exit.o)

.debug_loc      0x0000000000000000     0x4a61
 .debug_loc     0x0000000000000000       0x7f /tmp/ccjcmgPU.o
 .debug_loc     0x000000000000007f       0xa6 /tmp/ccdCxPT2.o
 .debug_loc     0x0000000000000125       0x6e /tmp/ccNWvu2a.o
 .debug_loc     0x0000000000000193       0x60 /tmp/ccHc1Pnj.o
 .debug_loc     0x00000000000001f3       0x7a /tmp/ccKSZkUr.o
 .debug_loc     0x000000000000026d       0x2b /tmp/ccJCB1CA.o
 .debug_loc     0x0000000000000298      0x106 /tmp/cc45byrJ.o
 .debug_loc     0x000000000000039e      0x44d /tmp/ccK0C6oS.o
 .debug_loc     0x00000000000007eb      0x13e /tmp/ccFGgWy1.o
 .debug_loc     0x0000000000000929      0x128 /tmp/ccwbaW5j.o
 .debug_loc     0x0000000000000a51      0x919 /tmp/ccMOBgLt.o
 .debug_loc     0x000000000000136a      0x144 /tmp/ccvMMzDD.o
 .debug_loc     0x00000000000014ae      0x3db /tmp/ccPxWFKN.o
 .debug_loc     0x0000000000001889      0xa90 /tmp/ccUPNndY.o
 .debug_loc     0x0000000000002319       0x9b /tmp/ccrL7xT8.o
 .debug_loc     0x00000000000023b4     0x18f5 /tmp/cc8SK96j.o
 .debug_loc     0x0000000000003ca9      0x7fc /tmp/cc2RdkEv.o
 .debug_loc     0x00000000000044a5       0x2c /usr/lib/gcc/arm-none-eabi/7.1.0/../../../../arm-none-eabi/lib/thumb/v7e-m/fpv4-sp/softfp/libg.a(lib_a-atexit.o)
 .debug_loc     0x00000000000044d1       0x1e /usr/lib/gcc/arm-none-eabi/7.1.0/../../../../arm-none-eabi/lib/thumb/v7e-m/fpv4-sp/softfp/libg.a(lib_a-exit.o)
 .debug_loc     0x00000000000044ef       0x5c /usr/lib/gcc/arm-none-eabi/7.1.0/../../../../arm-none-eabi/lib/thumb/v7e-m/fpv4-sp/softfp/libg.a(lib_a-fini.o)
 .debug_loc     0x000000000000454b       0xa2 /usr/lib/gcc/arm-none-eabi/7.1.0/../../../../arm-none-eabi/lib/thumb/v7e-m/fpv4-sp/softfp/libg.a(lib_a-init.o)
 .debug_loc     0x00000000000045ed      0x175 /usr/lib/gcc/arm-none-eabi/7.1.0/../../../../arm-none-eabi/lib/thumb/v7e-m/fpv4-sp/softfp/libg.a(lib_a-memset.o)
 .debug_loc     0x0000000000004762      0x151 /usr/lib/gcc/arm-none-eabi/7.1.0/../../../../arm-none-eabi/lib/thumb/v7e-m/fpv4-sp/softfp/libg.a(lib_a-__atexit.o)
 .debug_loc     0x00000000000048b3      0x1ae /usr/lib/gcc/arm-none-eabi/7.1.0/../../../../arm-none-eabi/lib/thumb/v7e-m/fpv4-sp/softfp/libg.a(lib_a-__call_atexit.o)

.debug_str      0x0000000000000000     0x3de5
 .debug_str     0x0000000000000000      0x8ea /tmp/ccjcmgPU.o
                                        0x94b (size before relaxing)
 .debug_str     0x00000000000008ea      0x6a7 /tmp/ccdCxPT2.o
                                        0xedd (size before relaxing)
 .debug_str     0x0000000000000f91       0x72 /tmp/ccNWvu2a.o
                                        0x25c (size before relaxing)
 .debug_str     0x0000000000001003       0xd3 /tmp/ccHc1Pnj.o
                                        0x466 (size before relaxing)
 .debug_str     0x00000000000010d6      0x132 /tmp/ccKSZkUr.o
                                        0x7af (size before relaxing)
 .debug_str     0x0000000000001208      0x1c6 /tmp/ccJCB1CA.o
                                        0x4bf (size before relaxing)
 .debug_str     0x00000000000013ce       0x48 /tmp/cc45byrJ.o
                                        0x208 (size before relaxing)
 .debug_str     0x0000000000001416      0x162 /tmp/ccK0C6oS.o
                                        0x400 (size before relaxing)
 .debug_str     0x0000000000001578      0x160 /tmp/ccFGgWy1.o
                                        0x3be (size before relaxing)
 .debug_str     0x00000000000016d8       0xce /tmp/ccwbaW5j.o
                                        0x408 (size before relaxing)
 .debug_str     0x00000000000017a6      0x492 /tmp/ccMOBgLt.o
                                        0x855 (size before relaxing)
 .debug_str     0x0000000000001c38       0xaa /tmp/ccvMMzDD.o
                                        0x386 (size before relaxing)
 .debug_str     0x0000000000001ce2      0x175 /tmp/ccPxWFKN.o
                                        0x4f1 (size before relaxing)
 .debug_str     0x0000000000001e57      0x580 /tmp/ccUPNndY.o
                                        0x946 (size before relaxing)
 .debug_str     0x00000000000023d7      0x143 /tmp/ccrL7xT8.o
                                        0x35f (size before relaxing)
 .debug_str     0x000000000000251a      0x8f7 /tmp/cc8SK96j.o
                                        0xe38 (size before relaxing)
 .debug_str     0x0000000000002e11      0x303 /tmp/cc2RdkEv.o
                                        0x709 (size before relaxing)
 .debug_str     0x0000000000003114      0x54e /usr/lib/gcc/arm-none-eabi/7.1.0/../../../../arm-none-eabi/lib/thumb/v7e-m/fpv4-sp/softfp/libg.a(lib_a-atexit.o)
                                        0x62c (size before relaxing)
 .debug_str     0x0000000000003662       0x72 /usr/lib/gcc/arm-none-eabi/7.1.0/../../../../arm-none-eabi/lib/thumb/v7e-m/fpv4-sp/softfp/libg.a(lib_a-exit.o)
                                        0x62d (size before relaxing)
 .debug_str     0x00000000000036d4       0xda /usr/lib/gcc/arm-none-eabi/7.1.0/../../../../arm-none-eabi/lib/thumb/v7e-m/fpv4-sp/softfp/libg.a(lib_a-fini.o)
                                        0x23b (size before relaxing)
 .debug_str     0x00000000000037ae       0xad /usr/lib/gcc/arm-none-eabi/7.1.0/../../../../arm-none-eabi/lib/thumb/v7e-m/fpv4-sp/softfp/libg.a(lib_a-impure.o)
                                        0x5e1 (size before relaxing)
 .debug_str     0x000000000000385b       0x93 /usr/lib/gcc/arm-none-eabi/7.1.0/../../../../arm-none-eabi/lib/thumb/v7e-m/fpv4-sp/softfp/libg.a(lib_a-init.o)
                                        0x265 (size before relaxing)
 .debug_str     0x00000000000038ee      0x322 /usr/lib/gcc/arm-none-eabi/7.1.0/../../../../arm-none-eabi/lib/thumb/v7e-m/fpv4-sp/softfp/libg.a(lib_a-memset.o)
                                        0x90e (size before relaxing)
 .debug_str     0x0000000000003c10       0x4c /usr/lib/gcc/arm-none-eabi/7.1.0/../../../../arm-none-eabi/lib/thumb/v7e-m/fpv4-sp/softfp/libg.a(lib_a-__atexit.o)
                                        0x646 (size before relaxing)
 .debug_str     0x0000000000003c5c       0x6b /usr/lib/gcc/arm-none-eabi/7.1.0/../../../../arm-none-eabi/lib/thumb/v7e-m/fpv4-sp/softfp/libg.a(lib_a-__call_atexit.o)
                                        0x657 (size before relaxing)
 .debug_str     0x0000000000003cc7      0x11e /usr/lib/gcc/arm-none-eabi/7.1.0/../../../../arm-none-eabi/lib/thumb/v7e-m/fpv4-sp/softfp/libnosys.a(_exit.o)
                                        0x1b4 (size before relaxing)

.debug_frame    0x0000000000000000     0x1968
 .debug_frame   0x0000000000000000       0x68 /tmp/ccjcmgPU.o
 .debug_frame   0x0000000000000068      0x170 /tmp/ccdCxPT2.o
 .debug_frame   0x00000000000001d8       0x2c /tmp/ccNWvu2a.o
 .debug_frame   0x0000000000000204       0x98 /tmp/ccHc1Pnj.o
 .debug_frame   0x000000000000029c       0x40 /tmp/ccKSZkUr.o
 .debug_frame   0x00000000000002dc      0x140 /tmp/ccJCB1CA.o
 .debug_frame   0x000000000000041c       0x6c /tmp/cc45byrJ.o
 .debug_frame   0x0000000000000488      0x170 /tmp/ccK0C6oS.o
 .debug_frame   0x00000000000005f8       0x48 /tmp/ccFGgWy1.o
 .debug_frame   0x0000000000000640       0x60 /tmp/ccwbaW5j.o
 .debug_frame   0x00000000000006a0      0x2d4 /tmp/ccMOBgLt.o
 .debug_frame   0x0000000000000974       0xa0 /tmp/ccvMMzDD.o
 .debug_frame   0x0000000000000a14      0x120 /tmp/ccPxWFKN.o
 .debug_frame   0x0000000000000b34      0x32c /tmp/ccUPNndY.o
 .debug_frame   0x0000000000000e60       0x94 /tmp/ccrL7xT8.o
 .debug_frame   0x0000000000000ef4      0x6cc /tmp/cc8SK96j.o
 .debug_frame   0x00000000000015c0      0x224 /tmp/cc2RdkEv.o
 .debug_frame   0x00000000000017e4       0x20 /usr/lib/gcc/arm-none-eabi/7.1.0/../../../../arm-none-eabi/lib/thumb/v7e-m/fpv4-sp/softfp/libg.a(lib_a-atexit.o)
 .debug_frame   0x0000000000001804       0x28 /usr/lib/gcc/arm-none-eabi/7.1.0/../../../../arm-none-eabi/lib/thumb/v7e-m/fpv4-sp/softfp/libg.a(lib_a-exit.o)
 .debug_frame   0x000000000000182c       0x34 /usr/lib/gcc/arm-none-eabi/7.1.0/../../../../arm-none-eabi/lib/thumb/v7e-m/fpv4-sp/softfp/libg.a(lib_a-fini.o)
 .debug_frame   0x0000000000001860       0x2c /usr/lib/gcc/arm-none-eabi/7.1.0/../../../../arm-none-eabi/lib/thumb/v7e-m/fpv4-sp/softfp/libg.a(lib_a-init.o)
 .debug_frame   0x000000000000188c       0x38 /usr/lib/gcc/arm-none-eabi/7.1.0/../../../../arm-none-eabi/lib/thumb/v7e-m/fpv4-sp/softfp/libg.a(lib_a-memset.o)
 .debug_frame   0x00000000000018c4       0x34 /usr/lib/gcc/arm-none-eabi/7.1.0/../../../../arm-none-eabi/lib/thumb/v7e-m/fpv4-sp/softfp/libg.a(lib_a-__atexit.o)
 .debug_frame   0x00000000000018f8       0x50 /usr/lib/gcc/arm-none-eabi/7.1.0/../../../../arm-none-eabi/lib/thumb/v7e-m/fpv4-sp/softfp/libg.a(lib_a-__call_atexit.o)
 .debug_frame   0x0000000000001948       0x20 /usr/lib/gcc/arm-none-eabi/7.1.0/../../../../arm-none-eabi/lib/thumb/v7e-m/fpv4-sp/softfp/libnosys.a(_exit.o)

.debug_ranges   0x0000000000000000      0x160
 .debug_ranges  0x0000000000000000       0x90 /tmp/ccK0C6oS.o
 .debug_ranges  0x0000000000000090       0x20 /tmp/ccHQLGJa.o
 .debug_ranges  0x00000000000000b0       0x10 /usr/lib/gcc/arm-none-eabi/7.1.0/../../../../arm-none-eabi/lib/thumb/v7e-m/fpv4-sp/softfp/libg.a(lib_a-atexit.o)
 .debug_ranges  0x00000000000000c0       0x10 /usr/lib/gcc/arm-none-eabi/7.1.0/../../../../arm-none-eabi/lib/thumb/v7e-m/fpv4-sp/softfp/libg.a(lib_a-exit.o)
 .debug_ranges  0x00000000000000d0       0x10 /usr/lib/gcc/arm-none-eabi/7.1.0/../../../../arm-none-eabi/lib/thumb/v7e-m/fpv4-sp/softfp/libg.a(lib_a-fini.o)
 .debug_ranges  0x00000000000000e0       0x10 /usr/lib/gcc/arm-none-eabi/7.1.0/../../../../arm-none-eabi/lib/thumb/v7e-m/fpv4-sp/softfp/libg.a(lib_a-init.o)
 .debug_ranges  0x00000000000000f0       0x10 /usr/lib/gcc/arm-none-eabi/7.1.0/../../../../arm-none-eabi/lib/thumb/v7e-m/fpv4-sp/softfp/libg.a(lib_a-memset.o)
 .debug_ranges  0x0000000000000100       0x10 /usr/lib/gcc/arm-none-eabi/7.1.0/../../../../arm-none-eabi/lib/thumb/v7e-m/fpv4-sp/softfp/libg.a(lib_a-__atexit.o)
 .debug_ranges  0x0000000000000110       0x40 /usr/lib/gcc/arm-none-eabi/7.1.0/../../../../arm-none-eabi/lib/thumb/v7e-m/fpv4-sp/softfp/libg.a(lib_a-__call_atexit.o)
 .debug_ranges  0x0000000000000150       0x10 /usr/lib/gcc/arm-none-eabi/7.1.0/../../../../arm-none-eabi/lib/thumb/v7e-m/fpv4-sp/softfp/libnosys.a(_exit.o)

Cross Reference Table

Symbol                                            File
ADC_AnalogWatchdogCmd                             /tmp/ccMOBgLt.o
ADC_AnalogWatchdogSingleChannelConfig             /tmp/ccMOBgLt.o
ADC_AnalogWatchdogThresholdsConfig                /tmp/ccMOBgLt.o
ADC_AutoInjectedConvCmd                           /tmp/ccMOBgLt.o
ADC_ClearFlag                                     /tmp/ccMOBgLt.o
ADC_ClearITPendingBit                             /tmp/ccMOBgLt.o
ADC_Cmd                                           /tmp/ccMOBgLt.o
ADC_CommonInit                                    /tmp/ccMOBgLt.o
                                                  /tmp/ccdCxPT2.o
ADC_CommonStructInit                              /tmp/ccMOBgLt.o
ADC_ContinuousModeCmd                             /tmp/ccMOBgLt.o
ADC_DMACmd                                        /tmp/ccMOBgLt.o
ADC_DMARequestAfterLastTransferCmd                /tmp/ccMOBgLt.o
ADC_DeInit                                        /tmp/ccMOBgLt.o
ADC_DiscModeChannelCountConfig                    /tmp/ccMOBgLt.o
ADC_DiscModeCmd                                   /tmp/ccMOBgLt.o
ADC_EOCOnEachRegularChannelCmd                    /tmp/ccMOBgLt.o
ADC_ExternalTrigInjectedConvConfig                /tmp/ccMOBgLt.o
ADC_ExternalTrigInjectedConvEdgeConfig            /tmp/ccMOBgLt.o
ADC_GetConversionValue                            /tmp/ccMOBgLt.o
                                                  /tmp/ccdCxPT2.o
ADC_GetFlagStatus                                 /tmp/ccMOBgLt.o
                                                  /tmp/ccdCxPT2.o
ADC_GetITStatus                                   /tmp/ccMOBgLt.o
ADC_GetInjectedConversionValue                    /tmp/ccMOBgLt.o
ADC_GetMultiModeConversionValue                   /tmp/ccMOBgLt.o
ADC_GetSoftwareStartConvStatus                    /tmp/ccMOBgLt.o
ADC_GetSoftwareStartInjectedConvCmdStatus         /tmp/ccMOBgLt.o
ADC_IRQHandler                                    /tmp/ccHQLGJa.o
ADC_ITConfig                                      /tmp/ccMOBgLt.o
ADC_Init                                          /tmp/ccMOBgLt.o
                                                  /tmp/ccdCxPT2.o
ADC_InjectedChannelConfig                         /tmp/ccMOBgLt.o
ADC_InjectedDiscModeCmd                           /tmp/ccMOBgLt.o
ADC_InjectedSequencerLengthConfig                 /tmp/ccMOBgLt.o
ADC_MultiModeDMARequestAfterLastTransferCmd       /tmp/ccMOBgLt.o
ADC_RegularChannelConfig                          /tmp/ccMOBgLt.o
                                                  /tmp/ccdCxPT2.o
ADC_SetInjectedOffset                             /tmp/ccMOBgLt.o
ADC_SoftwareStartConv                             /tmp/ccMOBgLt.o
                                                  /tmp/ccdCxPT2.o
ADC_SoftwareStartInjectedConv                     /tmp/ccMOBgLt.o
ADC_StructInit                                    /tmp/ccMOBgLt.o
ADC_TempSensorVrefintCmd                          /tmp/ccMOBgLt.o
ADC_VBATCmd                                       /tmp/ccMOBgLt.o
AHBPrescTable                                     /tmp/ccFGgWy1.o
BusFault_Handler                                  /tmp/ccJCB1CA.o
DMA1_Stream0_IRQHandler                           /tmp/ccHQLGJa.o
DMA1_Stream1_IRQHandler                           /tmp/ccHQLGJa.o
DMA1_Stream2_IRQHandler                           /tmp/ccHQLGJa.o
DMA1_Stream3_IRQHandler                           /tmp/ccHQLGJa.o
DMA1_Stream4_IRQHandler                           /tmp/ccHQLGJa.o
DMA1_Stream5_IRQHandler                           /tmp/ccHQLGJa.o
DMA1_Stream6_IRQHandler                           /tmp/ccHQLGJa.o
DMA1_Stream7_IRQHandler                           /tmp/ccHQLGJa.o
DMA2_Stream0_IRQHandler                           /tmp/ccHQLGJa.o
DMA2_Stream1_IRQHandler                           /tmp/ccHQLGJa.o
DMA2_Stream2_IRQHandler                           /tmp/ccHQLGJa.o
DMA2_Stream3_IRQHandler                           /tmp/ccHQLGJa.o
DMA2_Stream4_IRQHandler                           /tmp/ccHQLGJa.o
DMA2_Stream5_IRQHandler                           /tmp/ccHQLGJa.o
DMA2_Stream6_IRQHandler                           /tmp/ccHQLGJa.o
DMA2_Stream7_IRQHandler                           /tmp/ccHQLGJa.o
DebugMon_Handler                                  /tmp/ccJCB1CA.o
Default_Handler                                   /tmp/ccHQLGJa.o
EXTI0_IRQHandler                                  /tmp/ccHQLGJa.o
EXTI15_10_IRQHandler                              /tmp/ccJCB1CA.o
EXTI1_IRQHandler                                  /tmp/ccHQLGJa.o
EXTI2_IRQHandler                                  /tmp/ccHQLGJa.o
EXTI3_IRQHandler                                  /tmp/ccJCB1CA.o
EXTI4_IRQHandler                                  /tmp/ccHQLGJa.o
EXTI9_5_IRQHandler                                /tmp/ccHQLGJa.o
EXTI_ClearFlag                                    /tmp/ccvMMzDD.o
EXTI_ClearITPendingBit                            /tmp/ccvMMzDD.o
                                                  /tmp/ccJCB1CA.o
EXTI_DeInit                                       /tmp/ccvMMzDD.o
EXTI_GenerateSWInterrupt                          /tmp/ccvMMzDD.o
EXTI_GetFlagStatus                                /tmp/ccvMMzDD.o
EXTI_GetITStatus                                  /tmp/ccvMMzDD.o
                                                  /tmp/ccJCB1CA.o
EXTI_Init                                         /tmp/ccvMMzDD.o
                                                  /tmp/ccdCxPT2.o
EXTI_StructInit                                   /tmp/ccvMMzDD.o
FLASH_IRQHandler                                  /tmp/ccHQLGJa.o
FPU_IRQHandler                                    /tmp/ccHQLGJa.o
GPIO_DeInit                                       /tmp/ccPxWFKN.o
GPIO_Init                                         /tmp/ccPxWFKN.o
                                                  /tmp/ccdCxPT2.o
[...]
TIM_GenerateEvent                                 /tmp/cc8SK96j.o
TIM_GetCapture1                                   /tmp/cc8SK96j.o
TIM_GetCapture2                                   /tmp/cc8SK96j.o
TIM_GetCapture3                                   /tmp/cc8SK96j.o
TIM_GetCapture4                                   /tmp/cc8SK96j.o
TIM_GetCounter                                    /tmp/cc8SK96j.o
TIM_GetFlagStatus                                 /tmp/cc8SK96j.o
TIM_GetITStatus                                   /tmp/cc8SK96j.o
                                                  /tmp/ccJCB1CA.o
TIM_GetPrescaler                                  /tmp/cc8SK96j.o
TIM_ICInit                                        /tmp/cc8SK96j.o
TIM_ICStructInit                                  /tmp/cc8SK96j.o
TIM_ITConfig                                      /tmp/cc8SK96j.o
                                                  /tmp/ccdCxPT2.o
TIM_ITRxExternalClockConfig                       /tmp/cc8SK96j.o
TIM_InternalClockConfig                           /tmp/cc8SK96j.o
TIM_OC1FastConfig                                 /tmp/cc8SK96j.o
TIM_OC1Init                                       /tmp/cc8SK96j.o
                                                  /tmp/ccdCxPT2.o
TIM_OC1NPolarityConfig                            /tmp/cc8SK96j.o
TIM_OC1PolarityConfig                             /tmp/cc8SK96j.o
TIM_OC1PreloadConfig                              /tmp/cc8SK96j.o
                                                  /tmp/ccdCxPT2.o
TIM_OC2FastConfig                                 /tmp/cc8SK96j.o
TIM_OC2Init                                       /tmp/cc8SK96j.o
                                                  /tmp/ccdCxPT2.o
TIM_OC2NPolarityConfig                            /tmp/cc8SK96j.o
TIM_OC2PolarityConfig                             /tmp/cc8SK96j.o
TIM_OC2PreloadConfig                              /tmp/cc8SK96j.o
                                                  /tmp/ccdCxPT2.o
TIM_OC3FastConfig                                 /tmp/cc8SK96j.o
TIM_OC3Init                                       /tmp/cc8SK96j.o
                                                  /tmp/ccdCxPT2.o
TIM_OC3NPolarityConfig                            /tmp/cc8SK96j.o
TIM_OC3PolarityConfig                             /tmp/cc8SK96j.o
TIM_OC3PreloadConfig                              /tmp/cc8SK96j.o
                                                  /tmp/ccdCxPT2.o
TIM_OC4FastConfig                                 /tmp/cc8SK96j.o
TIM_OC4Init                                       /tmp/cc8SK96j.o
                                                  /tmp/ccdCxPT2.o
TIM_OC4PolarityConfig                             /tmp/cc8SK96j.o
TIM_OC4PreloadConfig                              /tmp/cc8SK96j.o
                                                  /tmp/ccdCxPT2.o
TIM_OCStructInit                                  /tmp/cc8SK96j.o
TIM_PWMIConfig                                    /tmp/cc8SK96j.o
TIM_PrescalerConfig                               /tmp/cc8SK96j.o
TIM_RemapConfig                                   /tmp/cc8SK96j.o
TIM_SelectCCDMA                                   /tmp/cc8SK96j.o
TIM_SelectCOM                                     /tmp/cc8SK96j.o
TIM_SelectHallSensor                              /tmp/cc8SK96j.o
TIM_SelectInputTrigger                            /tmp/cc8SK96j.o
TIM_SelectMasterSlaveMode                         /tmp/cc8SK96j.o
TIM_SelectOCxM                                    /tmp/cc8SK96j.o
TIM_SelectOnePulseMode                            /tmp/cc8SK96j.o
TIM_SelectOutputTrigger                           /tmp/cc8SK96j.o
TIM_SelectSlaveMode                               /tmp/cc8SK96j.o
TIM_SetAutoreload                                 /tmp/cc8SK96j.o
TIM_SetClockDivision                              /tmp/cc8SK96j.o
TIM_SetCompare1                                   /tmp/cc8SK96j.o
TIM_SetCompare2                                   /tmp/cc8SK96j.o
TIM_SetCompare3                                   /tmp/cc8SK96j.o
TIM_SetCompare4                                   /tmp/cc8SK96j.o
TIM_SetCounter                                    /tmp/cc8SK96j.o
TIM_SetIC1Prescaler                               /tmp/cc8SK96j.o
TIM_SetIC2Prescaler                               /tmp/cc8SK96j.o
TIM_SetIC3Prescaler                               /tmp/cc8SK96j.o
TIM_SetIC4Prescaler                               /tmp/cc8SK96j.o
TIM_TIxExternalClockConfig                        /tmp/cc8SK96j.o
TIM_TimeBaseInit                                  /tmp/cc8SK96j.o
                                                  /tmp/ccdCxPT2.o
TIM_TimeBaseStructInit                            /tmp/cc8SK96j.o
TIM_UpdateDisableConfig                           /tmp/cc8SK96j.o
TIM_UpdateRequestConfig                           /tmp/cc8SK96j.o
USART1_IRQHandler                                 /tmp/ccJCB1CA.o
USART2_IRQHandler                                 /tmp/ccHQLGJa.o
USART6_IRQHandler                                 /tmp/ccHQLGJa.o
USART_ClearFlag                                   /tmp/cc2RdkEv.o
USART_ClearITPendingBit                           /tmp/cc2RdkEv.o
                                                  /tmp/ccJCB1CA.o
USART_ClockInit                                   /tmp/cc2RdkEv.o
USART_ClockStructInit                             /tmp/cc2RdkEv.o
USART_Cmd                                         /tmp/cc2RdkEv.o
                                                  /tmp/ccjcmgPU.o
USART_DMACmd                                      /tmp/cc2RdkEv.o
USART_DeInit                                      /tmp/cc2RdkEv.o
USART_GetFlagStatus                               /tmp/cc2RdkEv.o
                                                  /tmp/ccjcmgPU.o
USART_GetITStatus                                 /tmp/cc2RdkEv.o
                                                  /tmp/ccJCB1CA.o
USART_HalfDuplexCmd                               /tmp/cc2RdkEv.o
USART_ITConfig                                    /tmp/cc2RdkEv.o
                                                  /tmp/ccjcmgPU.o
USART_Init                                        /tmp/cc2RdkEv.o
                                                  /tmp/ccjcmgPU.o
USART_IrDACmd                                     /tmp/cc2RdkEv.o
USART_IrDAConfig                                  /tmp/cc2RdkEv.o
USART_LINBreakDetectLengthConfig                  /tmp/cc2RdkEv.o
USART_LINCmd                                      /tmp/cc2RdkEv.o
USART_OneBitMethodCmd                             /tmp/cc2RdkEv.o
USART_OverSampling8Cmd                            /tmp/cc2RdkEv.o
USART_ReceiveData                                 /tmp/cc2RdkEv.o
                                                  /tmp/ccJCB1CA.o
USART_ReceiverWakeUpCmd                           /tmp/cc2RdkEv.o
USART_SendBreak                                   /tmp/cc2RdkEv.o
USART_SendData                                    /tmp/cc2RdkEv.o
                                                  /tmp/ccjcmgPU.o
USART_SetAddress                                  /tmp/cc2RdkEv.o
USART_SetGuardTime                                /tmp/cc2RdkEv.o
USART_SetPrescaler                                /tmp/cc2RdkEv.o
USART_SmartCardCmd                                /tmp/cc2RdkEv.o
USART_SmartCardNACKCmd                            /tmp/cc2RdkEv.o
USART_StructInit                                  /tmp/cc2RdkEv.o
USART_WakeUpConfig                                /tmp/cc2RdkEv.o
UsageFault_Handler                                /tmp/ccJCB1CA.o
WWDG_IRQHandler                                   /tmp/ccHQLGJa.o
_ITM_deregisterTMCloneTable                       /usr/lib/gcc/arm-none-eabi/7.1.0/thumb/v7e-m/fpv4-sp/softfp/crtbegin.o
_ITM_registerTMCloneTable                         /usr/lib/gcc/arm-none-eabi/7.1.0/thumb/v7e-m/fpv4-sp/softfp/crtbegin.o
__TMC_END__                                       /usr/lib/gcc/arm-none-eabi/7.1.0/thumb/v7e-m/fpv4-sp/softfp/crtend.o
                                                  /usr/lib/gcc/arm-none-eabi/7.1.0/thumb/v7e-m/fpv4-sp/softfp/crtbegin.o
__bss_end__                                       /usr/lib/gcc/arm-none-eabi/7.1.0/../../../../arm-none-eabi/lib/thumb/v7e-m/fpv4-sp/softfp/crt0.o
__bss_start__                                     /usr/lib/gcc/arm-none-eabi/7.1.0/../../../../arm-none-eabi/lib/thumb/v7e-m/fpv4-sp/softfp/crt0.o
__call_exitprocs                                  /usr/lib/gcc/arm-none-eabi/7.1.0/../../../../arm-none-eabi/lib/thumb/v7e-m/fpv4-sp/softfp/libg.a(lib_a-__call_atexit.o)
                                                  /usr/lib/gcc/arm-none-eabi/7.1.0/../../../../arm-none-eabi/lib/thumb/v7e-m/fpv4-sp/softfp/libg.a(lib_a-exit.o)
__deregister_frame_info                           /usr/lib/gcc/arm-none-eabi/7.1.0/thumb/v7e-m/fpv4-sp/softfp/crtbegin.o
__dso_handle                                      /usr/lib/gcc/arm-none-eabi/7.1.0/thumb/v7e-m/fpv4-sp/softfp/crtbegin.o
__fini_array_end                                  /usr/lib/gcc/arm-none-eabi/7.1.0/../../../../arm-none-eabi/lib/thumb/v7e-m/fpv4-sp/softfp/libg.a(lib_a-fini.o)
__fini_array_start                                /usr/lib/gcc/arm-none-eabi/7.1.0/../../../../arm-none-eabi/lib/thumb/v7e-m/fpv4-sp/softfp/libg.a(lib_a-fini.o)
__init_array_end                                  /usr/lib/gcc/arm-none-eabi/7.1.0/../../../../arm-none-eabi/lib/thumb/v7e-m/fpv4-sp/softfp/libg.a(lib_a-init.o)
__init_array_start                                /usr/lib/gcc/arm-none-eabi/7.1.0/../../../../arm-none-eabi/lib/thumb/v7e-m/fpv4-sp/softfp/libg.a(lib_a-init.o)
__libc_fini                                       /usr/lib/gcc/arm-none-eabi/7.1.0/../../../../arm-none-eabi/lib/thumb/v7e-m/fpv4-sp/softfp/libg.a(lib_a-__call_atexit.o)
__libc_fini_array                                 /usr/lib/gcc/arm-none-eabi/7.1.0/../../../../arm-none-eabi/lib/thumb/v7e-m/fpv4-sp/softfp/libg.a(lib_a-fini.o)
                                                  /usr/lib/gcc/arm-none-eabi/7.1.0/../../../../arm-none-eabi/lib/thumb/v7e-m/fpv4-sp/softfp/libg.a(lib_a-__call_atexit.o)
                                                  /usr/lib/gcc/arm-none-eabi/7.1.0/../../../../arm-none-eabi/lib/thumb/v7e-m/fpv4-sp/softfp/crt0.o
__libc_init_array                                 /usr/lib/gcc/arm-none-eabi/7.1.0/../../../../arm-none-eabi/lib/thumb/v7e-m/fpv4-sp/softfp/libg.a(lib_a-init.o)
                                                  /tmp/ccHQLGJa.o
                                                  /usr/lib/gcc/arm-none-eabi/7.1.0/../../../../arm-none-eabi/lib/thumb/v7e-m/fpv4-sp/softfp/crt0.o
__preinit_array_end                               /usr/lib/gcc/arm-none-eabi/7.1.0/../../../../arm-none-eabi/lib/thumb/v7e-m/fpv4-sp/softfp/libg.a(lib_a-init.o)
__preinit_array_start                             /usr/lib/gcc/arm-none-eabi/7.1.0/../../../../arm-none-eabi/lib/thumb/v7e-m/fpv4-sp/softfp/libg.a(lib_a-init.o)
__register_exitproc                               /usr/lib/gcc/arm-none-eabi/7.1.0/../../../../arm-none-eabi/lib/thumb/v7e-m/fpv4-sp/softfp/libg.a(lib_a-__atexit.o)
                                                  /usr/lib/gcc/arm-none-eabi/7.1.0/../../../../arm-none-eabi/lib/thumb/v7e-m/fpv4-sp/softfp/libg.a(lib_a-atexit.o)
__register_frame_info                             /usr/lib/gcc/arm-none-eabi/7.1.0/thumb/v7e-m/fpv4-sp/softfp/crtbegin.o
__stack                                           /usr/lib/gcc/arm-none-eabi/7.1.0/../../../../arm-none-eabi/lib/thumb/v7e-m/fpv4-sp/softfp/crt0.o
_ebss                                             /tmp/ccHQLGJa.o
_edata                                            /tmp/ccHQLGJa.o
_estack                                           /tmp/ccHQLGJa.o
_exit                                             /usr/lib/gcc/arm-none-eabi/7.1.0/../../../../arm-none-eabi/lib/thumb/v7e-m/fpv4-sp/softfp/libnosys.a(_exit.o)
                                                  /usr/lib/gcc/arm-none-eabi/7.1.0/../../../../arm-none-eabi/lib/thumb/v7e-m/fpv4-sp/softfp/libg.a(lib_a-exit.o)
_fini                                             /usr/lib/gcc/arm-none-eabi/7.1.0/thumb/v7e-m/fpv4-sp/softfp/crti.o
                                                  /usr/lib/gcc/arm-none-eabi/7.1.0/../../../../arm-none-eabi/lib/thumb/v7e-m/fpv4-sp/softfp/libg.a(lib_a-fini.o)
_global_impure_ptr                                /usr/lib/gcc/arm-none-eabi/7.1.0/../../../../arm-none-eabi/lib/thumb/v7e-m/fpv4-sp/softfp/libg.a(lib_a-impure.o)
                                                  /usr/lib/gcc/arm-none-eabi/7.1.0/../../../../arm-none-eabi/lib/thumb/v7e-m/fpv4-sp/softfp/libg.a(lib_a-__call_atexit.o)
                                                  /usr/lib/gcc/arm-none-eabi/7.1.0/../../../../arm-none-eabi/lib/thumb/v7e-m/fpv4-sp/softfp/libg.a(lib_a-__atexit.o)
                                                  /usr/lib/gcc/arm-none-eabi/7.1.0/../../../../arm-none-eabi/lib/thumb/v7e-m/fpv4-sp/softfp/libg.a(lib_a-exit.o)
_impure_ptr                                       /usr/lib/gcc/arm-none-eabi/7.1.0/../../../../arm-none-eabi/lib/thumb/v7e-m/fpv4-sp/softfp/libg.a(lib_a-impure.o)
_init                                             /usr/lib/gcc/arm-none-eabi/7.1.0/thumb/v7e-m/fpv4-sp/softfp/crti.o
                                                  /usr/lib/gcc/arm-none-eabi/7.1.0/../../../../arm-none-eabi/lib/thumb/v7e-m/fpv4-sp/softfp/libg.a(lib_a-init.o)
_mainCRTStartup                                   /usr/lib/gcc/arm-none-eabi/7.1.0/../../../../arm-none-eabi/lib/thumb/v7e-m/fpv4-sp/softfp/crt0.o
_ms_ticks                                         /tmp/ccJCB1CA.o
_sbss                                             /tmp/ccHQLGJa.o
_sdata                                            /tmp/ccHQLGJa.o
_sidata                                           /tmp/ccHQLGJa.o
_start                                            /usr/lib/gcc/arm-none-eabi/7.1.0/../../../../arm-none-eabi/lib/thumb/v7e-m/fpv4-sp/softfp/crt0.o
atexit                                            /usr/lib/gcc/arm-none-eabi/7.1.0/../../../../arm-none-eabi/lib/thumb/v7e-m/fpv4-sp/softfp/libg.a(lib_a-atexit.o)
                                                  /usr/lib/gcc/arm-none-eabi/7.1.0/../../../../arm-none-eabi/lib/thumb/v7e-m/fpv4-sp/softfp/libg.a(lib_a-__call_atexit.o)
                                                  /usr/lib/gcc/arm-none-eabi/7.1.0/../../../../arm-none-eabi/lib/thumb/v7e-m/fpv4-sp/softfp/crt0.o
delay                                             /tmp/ccJCB1CA.o
                                                  /tmp/ccKSZkUr.o
exit                                              /usr/lib/gcc/arm-none-eabi/7.1.0/../../../../arm-none-eabi/lib/thumb/v7e-m/fpv4-sp/softfp/libg.a(lib_a-exit.o)
                                                  /usr/lib/gcc/arm-none-eabi/7.1.0/../../../../arm-none-eabi/lib/thumb/v7e-m/fpv4-sp/softfp/crt0.o
flush_fifo                                        /tmp/cc45byrJ.o
free                                              /usr/lib/gcc/arm-none-eabi/7.1.0/../../../../arm-none-eabi/lib/thumb/v7e-m/fpv4-sp/softfp/libg.a(lib_a-__call_atexit.o)
g_pfnVectors                                      /tmp/ccHQLGJa.o
get_time                                          /tmp/ccJCB1CA.o
hardware_init_hook                                /usr/lib/gcc/arm-none-eabi/7.1.0/../../../../arm-none-eabi/lib/thumb/v7e-m/fpv4-sp/softfp/crt0.o
ihm07_adc_single_mode_init                        /tmp/ccdCxPT2.o
ihm07_adc_single_read_channel                     /tmp/ccdCxPT2.o
ihm07_analog_pins_init                            /tmp/ccdCxPT2.o
ihm07_hall_interrupt_connection_state             /tmp/ccdCxPT2.o
                                                  /tmp/ccHc1Pnj.o
ihm07_hall_interrupt_init                         /tmp/ccdCxPT2.o
                                                  /tmp/ccHc1Pnj.o
ihm07_hall_pins_init                              /tmp/ccdCxPT2.o
                                                  /tmp/ccHc1Pnj.o
ihm07_hall_read                                   /tmp/ccdCxPT2.o
                                                  /tmp/ccHc1Pnj.o
ihm07_hall_state_change_callback                  /tmp/ccHc1Pnj.o
                                                  /tmp/ccJCB1CA.o
ihm07_l6230_pins_init                             /tmp/ccdCxPT2.o
                                                  /tmp/ccHc1Pnj.o
ihm07_led_red_init                                /tmp/ccdCxPT2.o
                                                  /tmp/ccKSZkUr.o
ihm07_pwm_and_pins_init                           /tmp/ccdCxPT2.o
                                                  /tmp/ccHc1Pnj.o
ihm07_pwm_duty_interrupt_callback                 /tmp/ccJCB1CA.o
ihm07_pwm_duty_interrupt_connection_state         /tmp/ccdCxPT2.o
ihm07_pwm_duty_interrupt_init                     /tmp/ccdCxPT2.o
init_fifo                                         /tmp/cc45byrJ.o
                                                  /tmp/ccK0C6oS.o
main                                              /tmp/ccKSZkUr.o
                                                  /tmp/ccHQLGJa.o
                                                  /usr/lib/gcc/arm-none-eabi/7.1.0/../../../../arm-none-eabi/lib/thumb/v7e-m/fpv4-sp/softfp/crt0.o
malloc                                            /usr/lib/gcc/arm-none-eabi/7.1.0/../../../../arm-none-eabi/lib/thumb/v7e-m/fpv4-sp/softfp/libg.a(lib_a-__atexit.o)
memset                                            /usr/lib/gcc/arm-none-eabi/7.1.0/../../../../arm-none-eabi/lib/thumb/v7e-m/fpv4-sp/softfp/libg.a(lib_a-memset.o)
                                                  /usr/lib/gcc/arm-none-eabi/7.1.0/../../../../arm-none-eabi/lib/thumb/v7e-m/fpv4-sp/softfp/crt0.o
read_fifo                                         /tmp/cc45byrJ.o
                                                  /tmp/ccK0C6oS.o
safe_memory_copy                                  /tmp/ccK0C6oS.o
                                                  /tmp/ccNWvu2a.o
serial_packet_encode                              /tmp/ccK0C6oS.o
serial_packet_encode_poll                         /tmp/ccK0C6oS.o
serial_packet_flush                               /tmp/ccK0C6oS.o
                                                  /tmp/ccKSZkUr.o
serial_packet_handler                             /tmp/ccNWvu2a.o
                                                  /tmp/ccK0C6oS.o
serial_packet_init                                /tmp/ccK0C6oS.o
                                                  /tmp/ccKSZkUr.o
serial_packet_print                               /tmp/ccKSZkUr.o
                                                  /tmp/ccK0C6oS.o
serial_packet_read                                /tmp/ccK0C6oS.o
                                                  /tmp/ccJCB1CA.o
six_step_hall_init                                /tmp/ccHc1Pnj.o
                                                  /tmp/ccKSZkUr.o
six_step_hall_set_direction                       /tmp/ccHc1Pnj.o
                                                  /tmp/ccKSZkUr.o
six_step_hall_set_speed                           /tmp/ccHc1Pnj.o
                                                  /tmp/ccKSZkUr.o
six_step_hall_start                               /tmp/ccHc1Pnj.o
                                                  /tmp/ccKSZkUr.o
software_init_hook                                /usr/lib/gcc/arm-none-eabi/7.1.0/../../../../arm-none-eabi/lib/thumb/v7e-m/fpv4-sp/softfp/crt0.o
uart_init                                         /tmp/ccjcmgPU.o
                                                  /tmp/ccKSZkUr.o
uart_send_buffer_poll                             /tmp/ccjcmgPU.o
uart_send_byte_poll                               /tmp/ccjcmgPU.o
                                                  /tmp/ccKSZkUr.o
write_fifo                                        /tmp/cc45byrJ.o
                                                  /tmp/ccK0C6oS.o
