Archive member included to satisfy reference by file (symbol)

/usr/lib/gcc/arm-none-eabi/7.1.0/../../../../arm-none-eabi/lib/thumb/v7e-m/fpv4-sp/softfp/libg.a(lib_a-atexit.o)
                              /usr/lib/gcc/arm-none-eabi/7.1.0/../../../../arm-none-eabi/lib/thumb/v7e-m/fpv4-sp/softfp/crt0.o (atexit)
/usr/lib/gcc/arm-none-eabi/7.1.0/../../../../arm-none-eabi/lib/thumb/v7e-m/fpv4-sp/softfp/libg.a(lib_a-exit.o)
                              /usr/lib/gcc/arm-none-eabi/7.1.0/../../../../arm-none-eabi/lib/thumb/v7e-m/fpv4-sp/softfp/crt0.o (exit)
/usr/lib/gcc/arm-none-eabi/7.1.0/../../../../arm-none-eabi/lib/thumb/v7e-m/fpv4-sp/softfp/libg.a(lib_a-fini.o)
                              /usr/lib/gcc/arm-none-eabi/7.1.0/../../../../arm-none-eabi/lib/thumb/v7e-m/fpv4-sp/softfp/crt0.o (__libc_fini_array)
/usr/lib/gcc/arm-none-eabi/7.1.0/../../../../arm-none-eabi/lib/thumb/v7e-m/fpv4-sp/softfp/libg.a(lib_a-impure.o)
                              /usr/lib/gcc/arm-none-eabi/7.1.0/../../../../arm-none-eabi/lib/thumb/v7e-m/fpv4-sp/softfp/libg.a(lib_a-exit.o) (_global_impure_ptr)
/usr/lib/gcc/arm-none-eabi/7.1.0/../../../../arm-none-eabi/lib/thumb/v7e-m/fpv4-sp/softfp/libg.a(lib_a-init.o)
                              /usr/lib/gcc/arm-none-eabi/7.1.0/../../../../arm-none-eabi/lib/thumb/v7e-m/fpv4-sp/softfp/crt0.o (__libc_init_array)
/usr/lib/gcc/arm-none-eabi/7.1.0/../../../../arm-none-eabi/lib/thumb/v7e-m/fpv4-sp/softfp/libg.a(lib_a-memset.o)
                              /usr/lib/gcc/arm-none-eabi/7.1.0/../../../../arm-none-eabi/lib/thumb/v7e-m/fpv4-sp/softfp/crt0.o (memset)
/usr/lib/gcc/arm-none-eabi/7.1.0/../../../../arm-none-eabi/lib/thumb/v7e-m/fpv4-sp/softfp/libg.a(lib_a-__atexit.o)
                              /usr/lib/gcc/arm-none-eabi/7.1.0/../../../../arm-none-eabi/lib/thumb/v7e-m/fpv4-sp/softfp/libg.a(lib_a-atexit.o) (__register_exitproc)
/usr/lib/gcc/arm-none-eabi/7.1.0/../../../../arm-none-eabi/lib/thumb/v7e-m/fpv4-sp/softfp/libg.a(lib_a-__call_atexit.o)
                              /usr/lib/gcc/arm-none-eabi/7.1.0/../../../../arm-none-eabi/lib/thumb/v7e-m/fpv4-sp/softfp/libg.a(lib_a-exit.o) (__call_exitprocs)
/usr/lib/gcc/arm-none-eabi/7.1.0/../../../../arm-none-eabi/lib/thumb/v7e-m/fpv4-sp/softfp/libnosys.a(_exit.o)
                              /usr/lib/gcc/arm-none-eabi/7.1.0/../../../../arm-none-eabi/lib/thumb/v7e-m/fpv4-sp/softfp/libg.a(lib_a-exit.o) (_exit)

Allocating common symbols
Common symbol       size              file

_adc_buffer         0x8               /tmp/cc6uKRNL.o

Memory Configuration

Name             Origin             Length             Attributes
rom              0x0000000008000000 0x0000000000080000 xr
ram              0x0000000020000000 0x0000000000018000 xrw
*default*        0x0000000000000000 0xffffffffffffffff

Linker script and memory map

LOAD /usr/lib/gcc/arm-none-eabi/7.1.0/thumb/v7e-m/fpv4-sp/softfp/crti.o
LOAD /usr/lib/gcc/arm-none-eabi/7.1.0/thumb/v7e-m/fpv4-sp/softfp/crtbegin.o
LOAD /usr/lib/gcc/arm-none-eabi/7.1.0/../../../../arm-none-eabi/lib/thumb/v7e-m/fpv4-sp/softfp/crt0.o
LOAD /tmp/ccC2pv7V.o
LOAD /tmp/ccQlG7LD.o
LOAD /tmp/ccO5tXAl.o
LOAD /tmp/ccDHqXB3.o
LOAD /tmp/cc6uKRNL.o
LOAD /tmp/ccbZywcu.o
LOAD /tmp/ccpD0DHc.o
LOAD /tmp/ccYGNskV.o
LOAD /tmp/ccXQUg8D.o
LOAD /tmp/ccPwZ1Wm.o
LOAD /tmp/cc6ybkX5.o
LOAD /tmp/ccGD5RfP.o
LOAD /tmp/cc1UsuMy.o
LOAD /tmp/cc3JS3vi.o
LOAD /tmp/cc8Nmwy2.o
LOAD /tmp/cczJxPNM.o
LOAD /tmp/ccEKsbxx.o
LOAD /tmp/ccR6Okyi.o
START GROUP
LOAD /usr/lib/gcc/arm-none-eabi/7.1.0/thumb/v7e-m/fpv4-sp/softfp/libgcc.a
LOAD /usr/lib/gcc/arm-none-eabi/7.1.0/../../../../arm-none-eabi/lib/thumb/v7e-m/fpv4-sp/softfp/libg.a
LOAD /usr/lib/gcc/arm-none-eabi/7.1.0/../../../../arm-none-eabi/lib/thumb/v7e-m/fpv4-sp/softfp/libc.a
END GROUP
START GROUP
LOAD /usr/lib/gcc/arm-none-eabi/7.1.0/thumb/v7e-m/fpv4-sp/softfp/libgcc.a
LOAD /usr/lib/gcc/arm-none-eabi/7.1.0/../../../../arm-none-eabi/lib/thumb/v7e-m/fpv4-sp/softfp/libc.a
LOAD /usr/lib/gcc/arm-none-eabi/7.1.0/../../../../arm-none-eabi/lib/thumb/v7e-m/fpv4-sp/softfp/libnosys.a
END GROUP
LOAD /usr/lib/gcc/arm-none-eabi/7.1.0/thumb/v7e-m/fpv4-sp/softfp/crtend.o
LOAD /usr/lib/gcc/arm-none-eabi/7.1.0/thumb/v7e-m/fpv4-sp/softfp/crtn.o

.isr_vector     0x0000000008000000      0x194
 *(.isr_vector)
 .isr_vector    0x0000000008000000      0x194 /tmp/ccPwZ1Wm.o
                0x0000000008000000                g_pfnVectors
                0x0000000008000194                . = ALIGN (0x4)

.eh_frame       0x0000000008000194        0x4
 .eh_frame      0x0000000008000194        0x0 /usr/lib/gcc/arm-none-eabi/7.1.0/thumb/v7e-m/fpv4-sp/softfp/crtbegin.o
 .eh_frame      0x0000000008000194        0x4 /usr/lib/gcc/arm-none-eabi/7.1.0/thumb/v7e-m/fpv4-sp/softfp/crtend.o

.ARM.extab      0x0000000008000198        0x0
 .ARM.extab     0x0000000008000198        0x0 /usr/lib/gcc/arm-none-eabi/7.1.0/../../../../arm-none-eabi/lib/thumb/v7e-m/fpv4-sp/softfp/crt0.o

.ARM.exidx      0x0000000008000198        0x8
 .ARM.exidx     0x0000000008000198        0x8 /usr/lib/gcc/arm-none-eabi/7.1.0/../../../../arm-none-eabi/lib/thumb/v7e-m/fpv4-sp/softfp/crt0.o

.text           0x00000000080001a0     0x3144
 *(.vectors)
 *(.text*)
 .text          0x00000000080001a0        0x0 /usr/lib/gcc/arm-none-eabi/7.1.0/thumb/v7e-m/fpv4-sp/softfp/crti.o
 .text          0x00000000080001a0       0x88 /usr/lib/gcc/arm-none-eabi/7.1.0/thumb/v7e-m/fpv4-sp/softfp/crtbegin.o
 .text          0x0000000008000228       0x68 /usr/lib/gcc/arm-none-eabi/7.1.0/../../../../arm-none-eabi/lib/thumb/v7e-m/fpv4-sp/softfp/crt0.o
                0x0000000008000228                _mainCRTStartup
                0x0000000008000228                _start
 .text          0x0000000008000290       0xf8 /tmp/ccC2pv7V.o
                0x0000000008000290                uart_init
                0x0000000008000350                uart_send_byte_poll
                0x0000000008000370                uart_send_buffer_poll
 .text          0x0000000008000388      0x4d0 /tmp/ccQlG7LD.o
                0x0000000008000388                ihm07_hall_pins_init
                0x00000000080003dc                ihm07_hall_interrupt_init
                0x0000000008000432                ihm07_hall_interrupt_connection_state
                0x0000000008000462                ihm07_hall_read
                0x0000000008000498                ihm07_led_red_init
                0x00000000080004d0                ihm07_pwm_and_pins_init
                0x00000000080005b4                ihm07_l6230_pins_init
                0x0000000008000630                ihm07_pwm_duty_interrupt_init
                0x000000000800067c                ihm07_pwm_duty_interrupt_connection_state
                0x00000000080006a2                ihm07_analog_pins_init
                0x0000000008000744                ihm07_adc_single_mode_init
                0x0000000008000798                ihm07_adc_single_read_channel
                0x00000000080007c8                ihm07_adc_group_mode_init
                0x0000000008000830                ihm07_adc_interrupt_connection_state
 .text          0x0000000008000858       0x4c /tmp/ccO5tXAl.o
                0x0000000008000858                serial_packet_handler
 .text          0x00000000080008a4      0x2e0 /tmp/ccDHqXB3.o
                0x0000000008000adc                six_step_hall_init
                0x0000000008000af6                six_step_hall_stop
                0x0000000008000b10                ihm07_hall_state_change_callback
                0x0000000008000b2c                six_step_hall_start
                0x0000000008000b4c                six_step_hall_set_pwm_val
                0x0000000008000b64                six_step_hall_set_direction
 .text          0x0000000008000b84      0x108 /tmp/cc6uKRNL.o
                0x0000000008000b84                main
                0x0000000008000c84                serial_packet_print
 .text          0x0000000008000c8c      0x12c /tmp/ccbZywcu.o
                0x0000000008000c8c                NMI_Handler
                0x0000000008000c8e                HardFault_Handler
                0x0000000008000c90                MemManage_Handler
                0x0000000008000c92                BusFault_Handler
                0x0000000008000c94                UsageFault_Handler
                0x0000000008000c96                SVC_Handler
                0x0000000008000c98                DebugMon_Handler
                0x0000000008000c9a                PendSV_Handler
                0x0000000008000c9c                SysTick_Handler
                0x0000000008000cbc                get_time
                0x0000000008000cc8                delay
                0x0000000008000cec                EXTI15_10_IRQHandler
                0x0000000008000d24                EXTI3_IRQHandler
                0x0000000008000d3e                TIM1_CC_IRQHandler
                0x0000000008000d60                USART1_IRQHandler
                0x0000000008000d90                ADC_IRQHandler
 .text          0x0000000008000db8       0x80 /tmp/ccpD0DHc.o
                0x0000000008000dd2                init_fifo
                0x0000000008000dda                write_fifo
                0x0000000008000e0a                read_fifo
                0x0000000008000e32                flush_fifo
 .text          0x0000000008000e38      0x2ac /tmp/ccYGNskV.o
                0x0000000008000f38                serial_packet_init
                0x0000000008000f6c                serial_packet_encode
                0x0000000008000fac                serial_packet_encode_poll
                0x0000000008000fb8                serial_packet_read
                0x0000000008000fc8                safe_memory_copy
                0x00000000080010d8                serial_packet_flush
 .text          0x00000000080010e4      0x160 /tmp/ccXQUg8D.o
                0x000000000800115c                SystemInit
                0x00000000080011ac                SystemCoreClockUpdate
 .text          0x0000000008001244       0x14 /tmp/ccPwZ1Wm.o
 .text.Reset_Handler
                0x0000000008001258       0x48 /tmp/ccPwZ1Wm.o
                0x0000000008001258                Reset_Handler
 .text.Default_Handler
                0x00000000080012a0        0x2 /tmp/ccPwZ1Wm.o
                0x00000000080012a0                RTC_Alarm_IRQHandler
                0x00000000080012a0                EXTI2_IRQHandler
                0x00000000080012a0                SPI4_IRQHandler
                0x00000000080012a0                DMA2_Stream5_IRQHandler
                0x00000000080012a0                DMA1_Stream5_IRQHandler
                0x00000000080012a0                PVD_IRQHandler
                0x00000000080012a0                SDIO_IRQHandler
                0x00000000080012a0                TAMP_STAMP_IRQHandler
                0x00000000080012a0                TIM1_UP_TIM10_IRQHandler
                0x00000000080012a0                I2C3_ER_IRQHandler
                0x00000000080012a0                EXTI0_IRQHandler
                0x00000000080012a0                I2C2_EV_IRQHandler
                0x00000000080012a0                DMA1_Stream2_IRQHandler
                0x00000000080012a0                FPU_IRQHandler
                0x00000000080012a0                DMA2_Stream2_IRQHandler
                0x00000000080012a0                SPI1_IRQHandler
                0x00000000080012a0                TIM1_BRK_TIM9_IRQHandler
                0x00000000080012a0                DMA2_Stream3_IRQHandler
                0x00000000080012a0                USART6_IRQHandler
                0x00000000080012a0                DMA2_Stream0_IRQHandler
                0x00000000080012a0                TIM4_IRQHandler
                0x00000000080012a0                I2C1_EV_IRQHandler
                0x00000000080012a0                DMA1_Stream6_IRQHandler
                0x00000000080012a0                DMA1_Stream1_IRQHandler
                0x00000000080012a0                TIM3_IRQHandler
                0x00000000080012a0                RCC_IRQHandler
                0x00000000080012a0                Default_Handler
                0x00000000080012a0                DMA1_Stream7_IRQHandler
                0x00000000080012a0                TIM5_IRQHandler
                0x00000000080012a0                DMA2_Stream7_IRQHandler
                0x00000000080012a0                I2C3_EV_IRQHandler
                0x00000000080012a0                EXTI9_5_IRQHandler
                0x00000000080012a0                RTC_WKUP_IRQHandler
                0x00000000080012a0                SPI2_IRQHandler
                0x00000000080012a0                DMA1_Stream0_IRQHandler
                0x00000000080012a0                EXTI4_IRQHandler
                0x00000000080012a0                WWDG_IRQHandler
                0x00000000080012a0                TIM2_IRQHandler
                0x00000000080012a0                OTG_FS_WKUP_IRQHandler
                0x00000000080012a0                TIM1_TRG_COM_TIM11_IRQHandler
                0x00000000080012a0                EXTI1_IRQHandler
                0x00000000080012a0                USART2_IRQHandler
                0x00000000080012a0                I2C2_ER_IRQHandler
                0x00000000080012a0                DMA2_Stream1_IRQHandler
                0x00000000080012a0                FLASH_IRQHandler
                0x00000000080012a0                DMA2_Stream4_IRQHandler
                0x00000000080012a0                OTG_FS_IRQHandler
                0x00000000080012a0                SPI3_IRQHandler
                0x00000000080012a0                DMA1_Stream4_IRQHandler
                0x00000000080012a0                I2C1_ER_IRQHandler
                0x00000000080012a0                DMA2_Stream6_IRQHandler
                0x00000000080012a0                DMA1_Stream3_IRQHandler
 *fill*         0x00000000080012a2        0x2 
 .text          0x00000000080012a4       0xc8 /tmp/cc6ybkX5.o
                0x00000000080012a4                NVIC_PriorityGroupConfig
                0x00000000080012b8                NVIC_Init
                0x000000000800131c                NVIC_SetVectorTable
                0x0000000008001330                NVIC_SystemLPConfig
                0x000000000800134c                SysTick_CLKSourceConfig
 .text          0x000000000800136c      0x3e0 /tmp/ccGD5RfP.o
                0x000000000800136c                ADC_DeInit
                0x0000000008001384                ADC_Init
                0x00000000080013d4                ADC_StructInit
                0x00000000080013e8                ADC_CommonInit
                0x0000000008001414                ADC_CommonStructInit
                0x0000000008001420                ADC_Cmd
                0x0000000008001436                ADC_AnalogWatchdogCmd
                0x0000000008001446                ADC_AnalogWatchdogThresholdsConfig
                0x000000000800144c                ADC_AnalogWatchdogSingleChannelConfig
                0x0000000008001458                ADC_TempSensorVrefintCmd
                0x0000000008001478                ADC_VBATCmd
                0x0000000008001498                ADC_RegularChannelConfig
                0x0000000008001528                ADC_SoftwareStartConv
                0x0000000008001532                ADC_GetSoftwareStartConvStatus
                0x0000000008001542                ADC_EOCOnEachRegularChannelCmd
                0x0000000008001558                ADC_ContinuousModeCmd
                0x000000000800156e                ADC_DiscModeChannelCountConfig
                0x000000000800157e                ADC_DiscModeCmd
                0x0000000008001594                ADC_GetConversionValue
                0x000000000800159a                ADC_GetMultiModeConversionValue
                0x00000000080015a4                ADC_DMACmd
                0x00000000080015ba                ADC_DMARequestAfterLastTransferCmd
                0x00000000080015d0                ADC_MultiModeDMARequestAfterLastTransferCmd
                0x00000000080015f0                ADC_InjectedChannelConfig
                0x000000000800164e                ADC_InjectedSequencerLengthConfig
                0x000000000800165e                ADC_SetInjectedOffset
                0x0000000008001674                ADC_ExternalTrigInjectedConvConfig
                0x0000000008001680                ADC_ExternalTrigInjectedConvEdgeConfig
                0x000000000800168c                ADC_SoftwareStartInjectedConv
                0x0000000008001696                ADC_GetSoftwareStartInjectedConvCmdStatus
                0x00000000080016a6                ADC_AutoInjectedConvCmd
                0x00000000080016bc                ADC_InjectedDiscModeCmd
                0x00000000080016d2                ADC_GetInjectedConversionValue
                0x00000000080016ec                ADC_ITConfig
                0x0000000008001708                ADC_GetFlagStatus
                0x0000000008001716                ADC_ClearFlag
                0x000000000800171c                ADC_GetITStatus
                0x0000000008001742                ADC_ClearITPendingBit
 .text          0x000000000800174c      0x108 /tmp/cc1UsuMy.o
                0x000000000800174c                EXTI_DeInit
                0x0000000008001768                EXTI_Init
                0x00000000080017f8                EXTI_StructInit
                0x0000000008001806                EXTI_GenerateSWInterrupt
                0x0000000008001814                EXTI_GetFlagStatus
                0x0000000008001828                EXTI_ClearFlag
                0x0000000008001834                EXTI_GetITStatus
                0x0000000008001848                EXTI_ClearITPendingBit
 .text          0x0000000008001854      0x278 /tmp/cc3JS3vi.o
                0x0000000008001854                GPIO_DeInit
                0x0000000008001998                GPIO_Init
                0x0000000008001a22                GPIO_StructInit
                0x0000000008001a34                GPIO_PinLockConfig
                0x0000000008001a58                GPIO_ReadInputDataBit
                0x0000000008001a66                GPIO_ReadInputData
                0x0000000008001a6c                GPIO_ReadOutputDataBit
                0x0000000008001a7a                GPIO_ReadOutputData
                0x0000000008001a80                GPIO_SetBits
                0x0000000008001a84                GPIO_ResetBits
                0x0000000008001a88                GPIO_WriteBit
                0x0000000008001a92                GPIO_Write
                0x0000000008001a96                GPIO_ToggleBits
                0x0000000008001a9e                GPIO_PinAFConfig
 .text          0x0000000008001acc      0x530 /tmp/cc8Nmwy2.o
                0x0000000008001acc                RCC_DeInit
                0x0000000008001b0c                RCC_HSEConfig
                0x0000000008001b1c                RCC_AdjustHSICalibrationValue
                0x0000000008001b30                RCC_HSICmd
                0x0000000008001b3c                RCC_LSEConfig
                0x0000000008001b64                RCC_LSICmd
                0x0000000008001b70                RCC_PLLConfig
                0x0000000008001b90                RCC_PLLCmd
                0x0000000008001b9c                RCC_PLLI2SConfig
                0x0000000008001bb0                RCC_PLLI2SCmd
                0x0000000008001bbc                RCC_PLLSAIConfig
                0x0000000008001bd4                RCC_PLLSAICmd
                0x0000000008001be0                RCC_ClockSecuritySystemCmd
                0x0000000008001bec                RCC_MCO1Config
                0x0000000008001c00                RCC_MCO2Config
                0x0000000008001c14                RCC_SYSCLKConfig
                0x0000000008001c28                RCC_GetSYSCLKSource
                0x0000000008001c38                RCC_HCLKConfig
                0x0000000008001c4c                RCC_PCLK1Config
                0x0000000008001c60                RCC_PCLK2Config
                0x0000000008001c74                RCC_GetClocksFreq
                0x0000000008001d28                RCC_RTCCLKConfig
                0x0000000008001d5c                RCC_RTCCLKCmd
                0x0000000008001d68                RCC_BackupResetCmd
                0x0000000008001d74                RCC_I2SCLKConfig
                0x0000000008001d80                RCC_SAIPLLI2SClkDivConfig
                0x0000000008001d98                RCC_SAIPLLSAIClkDivConfig
                0x0000000008001db4                RCC_LTDCCLKDivConfig
                0x0000000008001dcc                RCC_TIMCLKPresConfig
                0x0000000008001dd8                RCC_AHB1PeriphClockCmd
                0x0000000008001df4                RCC_AHB2PeriphClockCmd
                0x0000000008001e10                RCC_APB1PeriphClockCmd
                0x0000000008001e2c                RCC_APB2PeriphClockCmd
                0x0000000008001e48                RCC_AHB1PeriphResetCmd
                0x0000000008001e64                RCC_AHB2PeriphResetCmd
                0x0000000008001e80                RCC_APB1PeriphResetCmd
                0x0000000008001e9c                RCC_APB2PeriphResetCmd
                0x0000000008001eb8                RCC_AHB1PeriphClockLPModeCmd
                0x0000000008001ed4                RCC_AHB2PeriphClockLPModeCmd
                0x0000000008001ef0                RCC_APB1PeriphClockLPModeCmd
                0x0000000008001f0c                RCC_APB2PeriphClockLPModeCmd
                0x0000000008001f28                RCC_LSEModeConfig
                0x0000000008001f48                RCC_ITConfig
                0x0000000008001f64                RCC_GetFlagStatus
                0x0000000008001f98                RCC_WaitForHSEStartUp
                0x0000000008001fcc                RCC_ClearFlag
                0x0000000008001fdc                RCC_GetITStatus
                0x0000000008001ff0                RCC_ClearITPendingBit
 .text          0x0000000008001ffc       0x94 /tmp/cczJxPNM.o
                0x0000000008001ffc                SYSCFG_DeInit
                0x0000000008002014                SYSCFG_MemoryRemapConfig
                0x0000000008002020                SYSCFG_MemorySwappingBank
                0x000000000800202c                SYSCFG_EXTILineConfig
                0x0000000008002060                SYSCFG_ETH_MediaInterfaceConfig
                0x000000000800206c                SYSCFG_CompensationCellCmd
                0x0000000008002078                SYSCFG_GetCompensationCellStatus
 .text          0x0000000008002090      0xb4c /tmp/ccEKsbxx.o
                0x000000000800217a                TIM_DeInit
                0x0000000008002310                TIM_TimeBaseInit
                0x000000000800238c                TIM_TimeBaseStructInit
                0x000000000800239e                TIM_PrescalerConfig
                0x00000000080023a4                TIM_CounterModeConfig
                0x00000000080023b2                TIM_SetCounter
                0x00000000080023b6                TIM_SetAutoreload
                0x00000000080023ba                TIM_GetCounter
                0x00000000080023be                TIM_GetPrescaler
                0x00000000080023c2                TIM_UpdateDisableConfig
                0x00000000080023dc                TIM_UpdateRequestConfig
                0x00000000080023f6                TIM_ARRPreloadConfig
                0x0000000008002410                TIM_SelectOnePulseMode
                0x0000000008002424                TIM_SetClockDivision
                0x0000000008002438                TIM_Cmd
                0x0000000008002452                TIM_OC1Init
                0x00000000080024bc                TIM_OC2Init
                0x0000000008002544                TIM_OC3Init
                0x00000000080025c8                TIM_OC4Init
                0x0000000008002630                TIM_OCStructInit
                0x0000000008002644                TIM_SelectOCxM
                0x0000000008002694                TIM_SetCompare1
                0x0000000008002698                TIM_SetCompare2
                0x000000000800269c                TIM_SetCompare3
                0x00000000080026a0                TIM_SetCompare4
                0x00000000080026a4                TIM_ForcedOC1Config
                0x00000000080026b2                TIM_ForcedOC2Config
                0x00000000080026c4                TIM_ForcedOC3Config
                0x00000000080026d2                TIM_ForcedOC4Config
                0x00000000080026e4                TIM_OC1PreloadConfig
                0x00000000080026f2                TIM_OC2PreloadConfig
                0x0000000008002704                TIM_OC3PreloadConfig
                0x0000000008002712                TIM_OC4PreloadConfig
                0x0000000008002724                TIM_OC1FastConfig
                0x0000000008002732                TIM_OC2FastConfig
                0x0000000008002744                TIM_OC3FastConfig
                0x0000000008002752                TIM_OC4FastConfig
                0x0000000008002764                TIM_ClearOC1Ref
                0x0000000008002772                TIM_ClearOC2Ref
                0x0000000008002782                TIM_ClearOC3Ref
                0x0000000008002790                TIM_ClearOC4Ref
                0x00000000080027a0                TIM_OC1PolarityConfig
                0x00000000080027ae                TIM_OC1NPolarityConfig
                0x00000000080027bc                TIM_OC2PolarityConfig
                0x00000000080027ce                TIM_OC2NPolarityConfig
                0x00000000080027e0                TIM_OC3PolarityConfig
                0x00000000080027f2                TIM_OC3NPolarityConfig
                0x0000000008002804                TIM_OC4PolarityConfig
                0x0000000008002816                TIM_CCxCmd
                0x0000000008002838                TIM_CCxNCmd
                0x000000000800285a                TIM_ICStructInit
                0x000000000800286a                TIM_GetCapture1
                0x000000000800286e                TIM_GetCapture2
                0x0000000008002872                TIM_GetCapture3
                0x0000000008002876                TIM_GetCapture4
                0x000000000800287a                TIM_SetIC1Prescaler
                0x000000000800288e                TIM_SetIC2Prescaler
                0x00000000080028a6                TIM_PWMIConfig
                0x0000000008002912                TIM_SetIC3Prescaler
                0x0000000008002926                TIM_SetIC4Prescaler
                0x000000000800293e                TIM_ICInit
                0x00000000080029a0                TIM_BDTRConfig
                0x00000000080029c8                TIM_BDTRStructInit
                0x00000000080029da                TIM_CtrlPWMOutputs
                0x00000000080029f8                TIM_SelectCOM
                0x0000000008002a12                TIM_CCPreloadControl
                0x0000000008002a2c                TIM_ITConfig
                0x0000000008002a40                TIM_GenerateEvent
                0x0000000008002a44                TIM_GetFlagStatus
                0x0000000008002a52                TIM_ClearFlag
                0x0000000008002a5a                TIM_GetITStatus
                0x0000000008002a72                TIM_ClearITPendingBit
                0x0000000008002a7a                TIM_DMAConfig
                0x0000000008002a82                TIM_DMACmd
                0x0000000008002a96                TIM_SelectCCDMA
                0x0000000008002ab0                TIM_InternalClockConfig
                0x0000000008002abe                TIM_SelectInputTrigger
                0x0000000008002acc                TIM_ITRxExternalClockConfig
                0x0000000008002ade                TIM_TIxExternalClockConfig
                0x0000000008002b0a                TIM_SelectOutputTrigger
                0x0000000008002b1e                TIM_SelectSlaveMode
                0x0000000008002b32                TIM_SelectMasterSlaveMode
                0x0000000008002b46                TIM_ETRConfig
                0x0000000008002b5e                TIM_ETRClockMode1Config
                0x0000000008002b70                TIM_ETRClockMode2Config
                0x0000000008002b82                TIM_EncoderInterfaceConfig
                0x0000000008002bbc                TIM_SelectHallSensor
                0x0000000008002bd6                TIM_RemapConfig
 .text          0x0000000008002bdc      0x43c /tmp/ccR6Okyi.o
                0x0000000008002bdc                USART_DeInit
                0x0000000008002cd8                USART_Init
                0x0000000008002da8                USART_StructInit
                0x0000000008002dbe                USART_ClockInit
                0x0000000008002de0                USART_ClockStructInit
                0x0000000008002dec                USART_Cmd
                0x0000000008002e06                USART_SetPrescaler
                0x0000000008002e16                USART_OverSampling8Cmd
                0x0000000008002e2c                USART_OneBitMethodCmd
                0x0000000008002e46                USART_SendData
                0x0000000008002e4e                USART_ReceiveData
                0x0000000008002e56                USART_SetAddress
                0x0000000008002e6a                USART_ReceiverWakeUpCmd
                0x0000000008002e84                USART_WakeUpConfig
                0x0000000008002e98                USART_LINBreakDetectLengthConfig
                0x0000000008002eac                USART_LINCmd
                0x0000000008002ec6                USART_SendBreak
                0x0000000008002ed0                USART_HalfDuplexCmd
                0x0000000008002eea                USART_SetGuardTime
                0x0000000008002efa                USART_SmartCardCmd
                0x0000000008002f14                USART_SmartCardNACKCmd
                0x0000000008002f2e                USART_IrDAConfig
                0x0000000008002f42                USART_IrDACmd
                0x0000000008002f5c                USART_DMACmd
                0x0000000008002f70                USART_ITConfig
                0x0000000008002faa                USART_GetFlagStatus
                0x0000000008002fb8                USART_ClearFlag
                0x0000000008002fc0                USART_GetITStatus
                0x0000000008003006                USART_ClearITPendingBit
 .text          0x0000000008003018        0x0 /usr/lib/gcc/arm-none-eabi/7.1.0/../../../../arm-none-eabi/lib/thumb/v7e-m/fpv4-sp/softfp/libg.a(lib_a-atexit.o)
 .text.atexit   0x0000000008003018        0xc /usr/lib/gcc/arm-none-eabi/7.1.0/../../../../arm-none-eabi/lib/thumb/v7e-m/fpv4-sp/softfp/libg.a(lib_a-atexit.o)
                0x0000000008003018                atexit
 .text          0x0000000008003024        0x0 /usr/lib/gcc/arm-none-eabi/7.1.0/../../../../arm-none-eabi/lib/thumb/v7e-m/fpv4-sp/softfp/libg.a(lib_a-exit.o)
 .text.exit     0x0000000008003024       0x20 /usr/lib/gcc/arm-none-eabi/7.1.0/../../../../arm-none-eabi/lib/thumb/v7e-m/fpv4-sp/softfp/libg.a(lib_a-exit.o)
                0x0000000008003024                exit
 .text          0x0000000008003044        0x0 /usr/lib/gcc/arm-none-eabi/7.1.0/../../../../arm-none-eabi/lib/thumb/v7e-m/fpv4-sp/softfp/libg.a(lib_a-fini.o)
 .text.__libc_fini_array
                0x0000000008003044       0x34 /usr/lib/gcc/arm-none-eabi/7.1.0/../../../../arm-none-eabi/lib/thumb/v7e-m/fpv4-sp/softfp/libg.a(lib_a-fini.o)
                0x0000000008003044                __libc_fini_array
 .text          0x0000000008003078        0x0 /usr/lib/gcc/arm-none-eabi/7.1.0/../../../../arm-none-eabi/lib/thumb/v7e-m/fpv4-sp/softfp/libg.a(lib_a-impure.o)
 .text          0x0000000008003078        0x0 /usr/lib/gcc/arm-none-eabi/7.1.0/../../../../arm-none-eabi/lib/thumb/v7e-m/fpv4-sp/softfp/libg.a(lib_a-init.o)
 .text.__libc_init_array
                0x0000000008003078       0x48 /usr/lib/gcc/arm-none-eabi/7.1.0/../../../../arm-none-eabi/lib/thumb/v7e-m/fpv4-sp/softfp/libg.a(lib_a-init.o)
                0x0000000008003078                __libc_init_array
 .text          0x00000000080030c0        0x0 /usr/lib/gcc/arm-none-eabi/7.1.0/../../../../arm-none-eabi/lib/thumb/v7e-m/fpv4-sp/softfp/libg.a(lib_a-memset.o)
 .text.memset   0x00000000080030c0       0x94 /usr/lib/gcc/arm-none-eabi/7.1.0/../../../../arm-none-eabi/lib/thumb/v7e-m/fpv4-sp/softfp/libg.a(lib_a-memset.o)
                0x00000000080030c0                memset
 .text          0x0000000008003154        0x0 /usr/lib/gcc/arm-none-eabi/7.1.0/../../../../arm-none-eabi/lib/thumb/v7e-m/fpv4-sp/softfp/libg.a(lib_a-__atexit.o)
 .text.__register_exitproc
                0x0000000008003154       0xa0 /usr/lib/gcc/arm-none-eabi/7.1.0/../../../../arm-none-eabi/lib/thumb/v7e-m/fpv4-sp/softfp/libg.a(lib_a-__atexit.o)
                0x0000000008003154                __register_exitproc
 .text          0x00000000080031f4        0x0 /usr/lib/gcc/arm-none-eabi/7.1.0/../../../../arm-none-eabi/lib/thumb/v7e-m/fpv4-sp/softfp/libg.a(lib_a-__call_atexit.o)
 .text.startup.register_fini
                0x00000000080031f4       0x14 /usr/lib/gcc/arm-none-eabi/7.1.0/../../../../arm-none-eabi/lib/thumb/v7e-m/fpv4-sp/softfp/libg.a(lib_a-__call_atexit.o)
 .text.__call_exitprocs
                0x0000000008003208       0xd0 /usr/lib/gcc/arm-none-eabi/7.1.0/../../../../arm-none-eabi/lib/thumb/v7e-m/fpv4-sp/softfp/libg.a(lib_a-__call_atexit.o)
                0x0000000008003208                __call_exitprocs
 .text          0x00000000080032d8        0x0 /usr/lib/gcc/arm-none-eabi/7.1.0/../../../../arm-none-eabi/lib/thumb/v7e-m/fpv4-sp/softfp/libnosys.a(_exit.o)
 .text._exit    0x00000000080032d8        0x4 /usr/lib/gcc/arm-none-eabi/7.1.0/../../../../arm-none-eabi/lib/thumb/v7e-m/fpv4-sp/softfp/libnosys.a(_exit.o)
                0x00000000080032d8                _exit
 .text          0x00000000080032dc        0x0 /usr/lib/gcc/arm-none-eabi/7.1.0/thumb/v7e-m/fpv4-sp/softfp/crtend.o
 .text          0x00000000080032dc        0x0 /usr/lib/gcc/arm-none-eabi/7.1.0/thumb/v7e-m/fpv4-sp/softfp/crtn.o
                0x00000000080032dc                . = ALIGN (0x4)
 *(.rodata*)
 .rodata        0x00000000080032dc        0x4 /tmp/ccYGNskV.o
 .rodata._global_impure_ptr
                0x00000000080032e0        0x4 /usr/lib/gcc/arm-none-eabi/7.1.0/../../../../arm-none-eabi/lib/thumb/v7e-m/fpv4-sp/softfp/libg.a(lib_a-impure.o)
                0x00000000080032e0                _global_impure_ptr
                0x00000000080032e4                . = ALIGN (0x4)

.glue_7         0x00000000080032e4        0x0
 .glue_7        0x00000000080032e4        0x0 linker stubs

.glue_7t        0x00000000080032e4        0x0
 .glue_7t       0x00000000080032e4        0x0 linker stubs

.vfp11_veneer   0x00000000080032e4        0x0
 .vfp11_veneer  0x00000000080032e4        0x0 linker stubs

.v4_bx          0x00000000080032e4        0x0
 .v4_bx         0x00000000080032e4        0x0 linker stubs

.init           0x00000000080032e4        0xc
 .init          0x00000000080032e4        0x4 /usr/lib/gcc/arm-none-eabi/7.1.0/thumb/v7e-m/fpv4-sp/softfp/crti.o
                0x00000000080032e4                _init
 .init          0x00000000080032e8        0x8 /usr/lib/gcc/arm-none-eabi/7.1.0/thumb/v7e-m/fpv4-sp/softfp/crtn.o

.fini           0x00000000080032f0        0xc
 .fini          0x00000000080032f0        0x4 /usr/lib/gcc/arm-none-eabi/7.1.0/thumb/v7e-m/fpv4-sp/softfp/crti.o
                0x00000000080032f0                _fini
 .fini          0x00000000080032f4        0x8 /usr/lib/gcc/arm-none-eabi/7.1.0/thumb/v7e-m/fpv4-sp/softfp/crtn.o

.iplt           0x00000000080032fc        0x0
 .iplt          0x00000000080032fc        0x0 /usr/lib/gcc/arm-none-eabi/7.1.0/thumb/v7e-m/fpv4-sp/softfp/crtbegin.o

.rel.dyn        0x00000000080032fc        0x0
 .rel.iplt      0x00000000080032fc        0x0 /usr/lib/gcc/arm-none-eabi/7.1.0/thumb/v7e-m/fpv4-sp/softfp/crtbegin.o
                0x00000000080032fc                . = ALIGN (0x4)
                0x00000000080032fc                _etext = .

.data           0x0000000020000000      0x458 load address 0x00000000080032fc
                0x0000000020000000                _sdata = .
 *(.data*)
 .data          0x0000000020000000        0x0 /usr/lib/gcc/arm-none-eabi/7.1.0/thumb/v7e-m/fpv4-sp/softfp/crti.o
 .data          0x0000000020000000        0x4 /usr/lib/gcc/arm-none-eabi/7.1.0/thumb/v7e-m/fpv4-sp/softfp/crtbegin.o
                0x0000000020000000                __dso_handle
 .data          0x0000000020000004        0x0 /usr/lib/gcc/arm-none-eabi/7.1.0/../../../../arm-none-eabi/lib/thumb/v7e-m/fpv4-sp/softfp/crt0.o
 .data          0x0000000020000004        0x0 /tmp/ccC2pv7V.o
 .data          0x0000000020000004        0x0 /tmp/ccQlG7LD.o
 .data          0x0000000020000004        0x0 /tmp/ccO5tXAl.o
 .data          0x0000000020000004        0x1 /tmp/ccDHqXB3.o
 .data          0x0000000020000005        0x0 /tmp/cc6uKRNL.o
 .data          0x0000000020000005        0x0 /tmp/ccbZywcu.o
 .data          0x0000000020000005        0x0 /tmp/ccpD0DHc.o
 .data          0x0000000020000005        0x0 /tmp/ccYGNskV.o
 *fill*         0x0000000020000005        0x3 
 .data          0x0000000020000008       0x14 /tmp/ccXQUg8D.o
                0x0000000020000008                SystemCoreClock
                0x000000002000000c                AHBPrescTable
 .data          0x000000002000001c        0x0 /tmp/ccPwZ1Wm.o
 .data          0x000000002000001c        0x0 /tmp/cc6ybkX5.o
 .data          0x000000002000001c        0x0 /tmp/ccGD5RfP.o
 .data          0x000000002000001c        0x0 /tmp/cc1UsuMy.o
 .data          0x000000002000001c        0x0 /tmp/cc3JS3vi.o
 .data          0x000000002000001c       0x10 /tmp/cc8Nmwy2.o
 .data          0x000000002000002c        0x0 /tmp/cczJxPNM.o
 .data          0x000000002000002c        0x0 /tmp/ccEKsbxx.o
 .data          0x000000002000002c        0x0 /tmp/ccR6Okyi.o
 .data          0x000000002000002c        0x0 /usr/lib/gcc/arm-none-eabi/7.1.0/../../../../arm-none-eabi/lib/thumb/v7e-m/fpv4-sp/softfp/libg.a(lib_a-atexit.o)
 .data          0x000000002000002c        0x0 /usr/lib/gcc/arm-none-eabi/7.1.0/../../../../arm-none-eabi/lib/thumb/v7e-m/fpv4-sp/softfp/libg.a(lib_a-exit.o)
 .data          0x000000002000002c        0x0 /usr/lib/gcc/arm-none-eabi/7.1.0/../../../../arm-none-eabi/lib/thumb/v7e-m/fpv4-sp/softfp/libg.a(lib_a-fini.o)
 .data          0x000000002000002c        0x0 /usr/lib/gcc/arm-none-eabi/7.1.0/../../../../arm-none-eabi/lib/thumb/v7e-m/fpv4-sp/softfp/libg.a(lib_a-impure.o)
 .data._impure_ptr
                0x000000002000002c        0x4 /usr/lib/gcc/arm-none-eabi/7.1.0/../../../../arm-none-eabi/lib/thumb/v7e-m/fpv4-sp/softfp/libg.a(lib_a-impure.o)
                0x000000002000002c                _impure_ptr
 .data.impure_data
                0x0000000020000030      0x428 /usr/lib/gcc/arm-none-eabi/7.1.0/../../../../arm-none-eabi/lib/thumb/v7e-m/fpv4-sp/softfp/libg.a(lib_a-impure.o)
 .data          0x0000000020000458        0x0 /usr/lib/gcc/arm-none-eabi/7.1.0/../../../../arm-none-eabi/lib/thumb/v7e-m/fpv4-sp/softfp/libg.a(lib_a-init.o)
 .data          0x0000000020000458        0x0 /usr/lib/gcc/arm-none-eabi/7.1.0/../../../../arm-none-eabi/lib/thumb/v7e-m/fpv4-sp/softfp/libg.a(lib_a-memset.o)
 .data          0x0000000020000458        0x0 /usr/lib/gcc/arm-none-eabi/7.1.0/../../../../arm-none-eabi/lib/thumb/v7e-m/fpv4-sp/softfp/libg.a(lib_a-__atexit.o)
 .data          0x0000000020000458        0x0 /usr/lib/gcc/arm-none-eabi/7.1.0/../../../../arm-none-eabi/lib/thumb/v7e-m/fpv4-sp/softfp/libg.a(lib_a-__call_atexit.o)
 .data          0x0000000020000458        0x0 /usr/lib/gcc/arm-none-eabi/7.1.0/../../../../arm-none-eabi/lib/thumb/v7e-m/fpv4-sp/softfp/libnosys.a(_exit.o)
 .data          0x0000000020000458        0x0 /usr/lib/gcc/arm-none-eabi/7.1.0/thumb/v7e-m/fpv4-sp/softfp/crtend.o
 .data          0x0000000020000458        0x0 /usr/lib/gcc/arm-none-eabi/7.1.0/thumb/v7e-m/fpv4-sp/softfp/crtn.o
                0x0000000020000458                . = ALIGN (0x4)
                0x0000000020000458                _edata = .
                0x00000000080032fc                _sidata = LOADADDR (.data)

.init_array     0x0000000020000458        0x4 load address 0x0000000008003754
 .init_array    0x0000000020000458        0x4 /usr/lib/gcc/arm-none-eabi/7.1.0/thumb/v7e-m/fpv4-sp/softfp/crtbegin.o

.fini_array     0x000000002000045c        0x4 load address 0x0000000008003758
 .fini_array    0x000000002000045c        0x4 /usr/lib/gcc/arm-none-eabi/7.1.0/thumb/v7e-m/fpv4-sp/softfp/crtbegin.o

.tm_clone_table
                0x0000000020000460        0x0 load address 0x000000000800375c
 .tm_clone_table
                0x0000000020000460        0x0 /usr/lib/gcc/arm-none-eabi/7.1.0/thumb/v7e-m/fpv4-sp/softfp/crtbegin.o
 .tm_clone_table
                0x0000000020000460        0x0 /usr/lib/gcc/arm-none-eabi/7.1.0/thumb/v7e-m/fpv4-sp/softfp/crtend.o

.igot.plt       0x0000000020000460        0x0 load address 0x000000000800375c
 .igot.plt      0x0000000020000460        0x0 /usr/lib/gcc/arm-none-eabi/7.1.0/thumb/v7e-m/fpv4-sp/softfp/crtbegin.o

.init_array.00000
                0x0000000020000460        0x4 load address 0x000000000800375c
 .init_array.00000
                0x0000000020000460        0x4 /usr/lib/gcc/arm-none-eabi/7.1.0/../../../../arm-none-eabi/lib/thumb/v7e-m/fpv4-sp/softfp/libg.a(lib_a-__call_atexit.o)

.bss            0x0000000020000468      0x1f4 load address 0x0000000008003760
                0x0000000020000468                __bss_start__ = .
                0x0000000020000468                _sbss = .
 *(.bss*)
 .bss           0x0000000020000468        0x0 /usr/lib/gcc/arm-none-eabi/7.1.0/thumb/v7e-m/fpv4-sp/softfp/crti.o
 .bss           0x0000000020000468       0x1c /usr/lib/gcc/arm-none-eabi/7.1.0/thumb/v7e-m/fpv4-sp/softfp/crtbegin.o
 .bss           0x0000000020000484        0x0 /usr/lib/gcc/arm-none-eabi/7.1.0/../../../../arm-none-eabi/lib/thumb/v7e-m/fpv4-sp/softfp/crt0.o
 .bss           0x0000000020000484        0x0 /tmp/ccC2pv7V.o
 .bss           0x0000000020000484        0x0 /tmp/ccQlG7LD.o
 .bss           0x0000000020000484        0x0 /tmp/ccO5tXAl.o
 .bss           0x0000000020000484        0x3 /tmp/ccDHqXB3.o
 .bss           0x0000000020000487        0x1 /tmp/cc6uKRNL.o
                0x0000000020000487                _adc_iter
 .bss           0x0000000020000488        0x8 /tmp/ccbZywcu.o
                0x0000000020000488                _ms_ticks
 .bss           0x0000000020000490        0x0 /tmp/ccpD0DHc.o
 .bss           0x0000000020000490      0x1c3 /tmp/ccYGNskV.o
 .bss           0x0000000020000653        0x0 /tmp/ccXQUg8D.o
 .bss           0x0000000020000653        0x0 /tmp/ccPwZ1Wm.o
 .bss           0x0000000020000653        0x0 /tmp/cc6ybkX5.o
 .bss           0x0000000020000653        0x0 /tmp/ccGD5RfP.o
 .bss           0x0000000020000653        0x0 /tmp/cc1UsuMy.o
 .bss           0x0000000020000653        0x0 /tmp/cc3JS3vi.o
 .bss           0x0000000020000653        0x0 /tmp/cc8Nmwy2.o
 .bss           0x0000000020000653        0x0 /tmp/cczJxPNM.o
 .bss           0x0000000020000653        0x0 /tmp/ccEKsbxx.o
 .bss           0x0000000020000653        0x0 /tmp/ccR6Okyi.o
 .bss           0x0000000020000653        0x0 /usr/lib/gcc/arm-none-eabi/7.1.0/../../../../arm-none-eabi/lib/thumb/v7e-m/fpv4-sp/softfp/libg.a(lib_a-atexit.o)
 .bss           0x0000000020000653        0x0 /usr/lib/gcc/arm-none-eabi/7.1.0/../../../../arm-none-eabi/lib/thumb/v7e-m/fpv4-sp/softfp/libg.a(lib_a-exit.o)
 .bss           0x0000000020000653        0x0 /usr/lib/gcc/arm-none-eabi/7.1.0/../../../../arm-none-eabi/lib/thumb/v7e-m/fpv4-sp/softfp/libg.a(lib_a-fini.o)
 .bss           0x0000000020000653        0x0 /usr/lib/gcc/arm-none-eabi/7.1.0/../../../../arm-none-eabi/lib/thumb/v7e-m/fpv4-sp/softfp/libg.a(lib_a-impure.o)
 .bss           0x0000000020000653        0x0 /usr/lib/gcc/arm-none-eabi/7.1.0/../../../../arm-none-eabi/lib/thumb/v7e-m/fpv4-sp/softfp/libg.a(lib_a-init.o)
 .bss           0x0000000020000653        0x0 /usr/lib/gcc/arm-none-eabi/7.1.0/../../../../arm-none-eabi/lib/thumb/v7e-m/fpv4-sp/softfp/libg.a(lib_a-memset.o)
 .bss           0x0000000020000653        0x0 /usr/lib/gcc/arm-none-eabi/7.1.0/../../../../arm-none-eabi/lib/thumb/v7e-m/fpv4-sp/softfp/libg.a(lib_a-__atexit.o)
 .bss           0x0000000020000653        0x0 /usr/lib/gcc/arm-none-eabi/7.1.0/../../../../arm-none-eabi/lib/thumb/v7e-m/fpv4-sp/softfp/libg.a(lib_a-__call_atexit.o)
 .bss           0x0000000020000653        0x0 /usr/lib/gcc/arm-none-eabi/7.1.0/../../../../arm-none-eabi/lib/thumb/v7e-m/fpv4-sp/softfp/libnosys.a(_exit.o)
 .bss           0x0000000020000653        0x0 /usr/lib/gcc/arm-none-eabi/7.1.0/thumb/v7e-m/fpv4-sp/softfp/crtend.o
 .bss           0x0000000020000653        0x0 /usr/lib/gcc/arm-none-eabi/7.1.0/thumb/v7e-m/fpv4-sp/softfp/crtn.o
 *(COMMON)
 *fill*         0x0000000020000653        0x1 
 COMMON         0x0000000020000654        0x8 /tmp/cc6uKRNL.o
                0x0000000020000654                _adc_buffer
                0x000000002000065c                . = ALIGN (0x4)
                0x000000002000065c                _ebss = .
                0x000000002000065c                __bss_end__ = .
                0x000000002000065c                . = ALIGN (0x4)
                0x000000002000065c                end = .
                0x0000000020018000                PROVIDE (_estack, (ORIGIN (ram) + LENGTH (ram)))
OUTPUT(build/buzzer.elf elf32-littlearm)

.ARM.attributes
                0x0000000000000000       0x2e
 .ARM.attributes
                0x0000000000000000       0x22 /usr/lib/gcc/arm-none-eabi/7.1.0/thumb/v7e-m/fpv4-sp/softfp/crti.o
 .ARM.attributes
                0x0000000000000022       0x32 /usr/lib/gcc/arm-none-eabi/7.1.0/thumb/v7e-m/fpv4-sp/softfp/crtbegin.o
 .ARM.attributes
                0x0000000000000054       0x20 /usr/lib/gcc/arm-none-eabi/7.1.0/../../../../arm-none-eabi/lib/thumb/v7e-m/fpv4-sp/softfp/crt0.o
 .ARM.attributes
                0x0000000000000074       0x37 /tmp/ccC2pv7V.o
 .ARM.attributes
                0x00000000000000ab       0x37 /tmp/ccQlG7LD.o
 .ARM.attributes
                0x00000000000000e2       0x37 /tmp/ccO5tXAl.o
 .ARM.attributes
                0x0000000000000119       0x37 /tmp/ccDHqXB3.o
 .ARM.attributes
                0x0000000000000150       0x37 /tmp/cc6uKRNL.o
 .ARM.attributes
                0x0000000000000187       0x37 /tmp/ccbZywcu.o
 .ARM.attributes
                0x00000000000001be       0x37 /tmp/ccpD0DHc.o
 .ARM.attributes
                0x00000000000001f5       0x37 /tmp/ccYGNskV.o
 .ARM.attributes
                0x000000000000022c       0x37 /tmp/ccXQUg8D.o
 .ARM.attributes
                0x0000000000000263       0x21 /tmp/ccPwZ1Wm.o
 .ARM.attributes
                0x0000000000000284       0x37 /tmp/cc6ybkX5.o
 .ARM.attributes
                0x00000000000002bb       0x37 /tmp/ccGD5RfP.o
 .ARM.attributes
                0x00000000000002f2       0x37 /tmp/cc1UsuMy.o
 .ARM.attributes
                0x0000000000000329       0x37 /tmp/cc3JS3vi.o
 .ARM.attributes
                0x0000000000000360       0x37 /tmp/cc8Nmwy2.o
 .ARM.attributes
                0x0000000000000397       0x37 /tmp/cczJxPNM.o
 .ARM.attributes
                0x00000000000003ce       0x37 /tmp/ccEKsbxx.o
 .ARM.attributes
                0x0000000000000405       0x37 /tmp/ccR6Okyi.o
 .ARM.attributes
                0x000000000000043c       0x32 /usr/lib/gcc/arm-none-eabi/7.1.0/../../../../arm-none-eabi/lib/thumb/v7e-m/fpv4-sp/softfp/libg.a(lib_a-atexit.o)
 .ARM.attributes
                0x000000000000046e       0x32 /usr/lib/gcc/arm-none-eabi/7.1.0/../../../../arm-none-eabi/lib/thumb/v7e-m/fpv4-sp/softfp/libg.a(lib_a-exit.o)
 .ARM.attributes
                0x00000000000004a0       0x32 /usr/lib/gcc/arm-none-eabi/7.1.0/../../../../arm-none-eabi/lib/thumb/v7e-m/fpv4-sp/softfp/libg.a(lib_a-fini.o)
 .ARM.attributes
                0x00000000000004d2       0x32 /usr/lib/gcc/arm-none-eabi/7.1.0/../../../../arm-none-eabi/lib/thumb/v7e-m/fpv4-sp/softfp/libg.a(lib_a-impure.o)
 .ARM.attributes
                0x0000000000000504       0x32 /usr/lib/gcc/arm-none-eabi/7.1.0/../../../../arm-none-eabi/lib/thumb/v7e-m/fpv4-sp/softfp/libg.a(lib_a-init.o)
 .ARM.attributes
                0x0000000000000536       0x32 /usr/lib/gcc/arm-none-eabi/7.1.0/../../../../arm-none-eabi/lib/thumb/v7e-m/fpv4-sp/softfp/libg.a(lib_a-memset.o)
 .ARM.attributes
                0x0000000000000568       0x32 /usr/lib/gcc/arm-none-eabi/7.1.0/../../../../arm-none-eabi/lib/thumb/v7e-m/fpv4-sp/softfp/libg.a(lib_a-__atexit.o)
 .ARM.attributes
                0x000000000000059a       0x32 /usr/lib/gcc/arm-none-eabi/7.1.0/../../../../arm-none-eabi/lib/thumb/v7e-m/fpv4-sp/softfp/libg.a(lib_a-__call_atexit.o)
 .ARM.attributes
                0x00000000000005cc       0x32 /usr/lib/gcc/arm-none-eabi/7.1.0/../../../../arm-none-eabi/lib/thumb/v7e-m/fpv4-sp/softfp/libnosys.a(_exit.o)
 .ARM.attributes
                0x00000000000005fe       0x32 /usr/lib/gcc/arm-none-eabi/7.1.0/thumb/v7e-m/fpv4-sp/softfp/crtend.o
 .ARM.attributes
                0x0000000000000630       0x22 /usr/lib/gcc/arm-none-eabi/7.1.0/thumb/v7e-m/fpv4-sp/softfp/crtn.o

.comment        0x0000000000000000       0x42
 .comment       0x0000000000000000       0x21 /usr/lib/gcc/arm-none-eabi/7.1.0/thumb/v7e-m/fpv4-sp/softfp/crtbegin.o
                                         0x22 (size before relaxing)
 .comment       0x0000000000000021       0x22 /tmp/ccC2pv7V.o
 .comment       0x0000000000000021       0x22 /tmp/ccQlG7LD.o
 .comment       0x0000000000000021       0x22 /tmp/ccO5tXAl.o
 .comment       0x0000000000000021       0x22 /tmp/ccDHqXB3.o
 .comment       0x0000000000000021       0x22 /tmp/cc6uKRNL.o
 .comment       0x0000000000000021       0x22 /tmp/ccbZywcu.o
 .comment       0x0000000000000021       0x22 /tmp/ccpD0DHc.o
 .comment       0x0000000000000021       0x22 /tmp/ccYGNskV.o
 .comment       0x0000000000000021       0x22 /tmp/ccXQUg8D.o
 .comment       0x0000000000000021       0x22 /tmp/cc6ybkX5.o
 .comment       0x0000000000000021       0x22 /tmp/ccGD5RfP.o
 .comment       0x0000000000000021       0x22 /tmp/cc1UsuMy.o
 .comment       0x0000000000000021       0x22 /tmp/cc3JS3vi.o
 .comment       0x0000000000000021       0x22 /tmp/cc8Nmwy2.o
 .comment       0x0000000000000021       0x22 /tmp/cczJxPNM.o
 .comment       0x0000000000000021       0x22 /tmp/ccEKsbxx.o
 .comment       0x0000000000000021       0x22 /tmp/ccR6Okyi.o
 .comment       0x0000000000000021       0x21 /usr/lib/gcc/arm-none-eabi/7.1.0/../../../../arm-none-eabi/lib/thumb/v7e-m/fpv4-sp/softfp/libg.a(lib_a-atexit.o)
                                         0x22 (size before relaxing)
 .comment       0x0000000000000042       0x22 /usr/lib/gcc/arm-none-eabi/7.1.0/../../../../arm-none-eabi/lib/thumb/v7e-m/fpv4-sp/softfp/libg.a(lib_a-exit.o)
 .comment       0x0000000000000042       0x22 /usr/lib/gcc/arm-none-eabi/7.1.0/../../../../arm-none-eabi/lib/thumb/v7e-m/fpv4-sp/softfp/libg.a(lib_a-fini.o)
 .comment       0x0000000000000042       0x22 /usr/lib/gcc/arm-none-eabi/7.1.0/../../../../arm-none-eabi/lib/thumb/v7e-m/fpv4-sp/softfp/libg.a(lib_a-impure.o)
 .comment       0x0000000000000042       0x22 /usr/lib/gcc/arm-none-eabi/7.1.0/../../../../arm-none-eabi/lib/thumb/v7e-m/fpv4-sp/softfp/libg.a(lib_a-init.o)
 .comment       0x0000000000000042       0x22 /usr/lib/gcc/arm-none-eabi/7.1.0/../../../../arm-none-eabi/lib/thumb/v7e-m/fpv4-sp/softfp/libg.a(lib_a-memset.o)
 .comment       0x0000000000000042       0x22 /usr/lib/gcc/arm-none-eabi/7.1.0/../../../../arm-none-eabi/lib/thumb/v7e-m/fpv4-sp/softfp/libg.a(lib_a-__atexit.o)
 .comment       0x0000000000000042       0x22 /usr/lib/gcc/arm-none-eabi/7.1.0/../../../../arm-none-eabi/lib/thumb/v7e-m/fpv4-sp/softfp/libg.a(lib_a-__call_atexit.o)
 .comment       0x0000000000000042       0x22 /usr/lib/gcc/arm-none-eabi/7.1.0/../../../../arm-none-eabi/lib/thumb/v7e-m/fpv4-sp/softfp/libnosys.a(_exit.o)
 .comment       0x0000000000000042       0x22 /usr/lib/gcc/arm-none-eabi/7.1.0/thumb/v7e-m/fpv4-sp/softfp/crtend.o

.debug_line     0x0000000000000000     0x2b6e
 .debug_line    0x0000000000000000       0x84 /usr/lib/gcc/arm-none-eabi/7.1.0/../../../../arm-none-eabi/lib/thumb/v7e-m/fpv4-sp/softfp/crt0.o
 .debug_line    0x0000000000000084      0x16e /tmp/ccC2pv7V.o
 .debug_line    0x00000000000001f2      0x256 /tmp/ccQlG7LD.o
 .debug_line    0x0000000000000448      0x113 /tmp/ccO5tXAl.o
 .debug_line    0x000000000000055b      0x162 /tmp/ccDHqXB3.o
 .debug_line    0x00000000000006bd      0x1a9 /tmp/cc6uKRNL.o
 .debug_line    0x0000000000000866      0x190 /tmp/ccbZywcu.o
 .debug_line    0x00000000000009f6       0xcd /tmp/ccpD0DHc.o
 .debug_line    0x0000000000000ac3      0x1a5 /tmp/ccYGNskV.o
 .debug_line    0x0000000000000c68      0x129 /tmp/ccXQUg8D.o
 .debug_line    0x0000000000000d91       0x72 /tmp/ccPwZ1Wm.o
 .debug_line    0x0000000000000e03      0x144 /tmp/cc6ybkX5.o
 .debug_line    0x0000000000000f47      0x2cc /tmp/ccGD5RfP.o
 .debug_line    0x0000000000001213      0x177 /tmp/cc1UsuMy.o
 .debug_line    0x000000000000138a      0x1d5 /tmp/cc3JS3vi.o
 .debug_line    0x000000000000155f      0x2e1 /tmp/cc8Nmwy2.o
 .debug_line    0x0000000000001840      0x14d /tmp/cczJxPNM.o
 .debug_line    0x000000000000198d      0x50c /tmp/ccEKsbxx.o
 .debug_line    0x0000000000001e99      0x284 /tmp/ccR6Okyi.o
 .debug_line    0x000000000000211d      0x147 /usr/lib/gcc/arm-none-eabi/7.1.0/../../../../arm-none-eabi/lib/thumb/v7e-m/fpv4-sp/softfp/libg.a(lib_a-atexit.o)
 .debug_line    0x0000000000002264      0x158 /usr/lib/gcc/arm-none-eabi/7.1.0/../../../../arm-none-eabi/lib/thumb/v7e-m/fpv4-sp/softfp/libg.a(lib_a-exit.o)
 .debug_line    0x00000000000023bc       0xa5 /usr/lib/gcc/arm-none-eabi/7.1.0/../../../../arm-none-eabi/lib/thumb/v7e-m/fpv4-sp/softfp/libg.a(lib_a-fini.o)
 .debug_line    0x0000000000002461       0xe7 /usr/lib/gcc/arm-none-eabi/7.1.0/../../../../arm-none-eabi/lib/thumb/v7e-m/fpv4-sp/softfp/libg.a(lib_a-impure.o)
 .debug_line    0x0000000000002548       0xbf /usr/lib/gcc/arm-none-eabi/7.1.0/../../../../arm-none-eabi/lib/thumb/v7e-m/fpv4-sp/softfp/libg.a(lib_a-init.o)
 .debug_line    0x0000000000002607      0x1de /usr/lib/gcc/arm-none-eabi/7.1.0/../../../../arm-none-eabi/lib/thumb/v7e-m/fpv4-sp/softfp/libg.a(lib_a-memset.o)
 .debug_line    0x00000000000027e5      0x17a /usr/lib/gcc/arm-none-eabi/7.1.0/../../../../arm-none-eabi/lib/thumb/v7e-m/fpv4-sp/softfp/libg.a(lib_a-__atexit.o)
 .debug_line    0x000000000000295f      0x1ae /usr/lib/gcc/arm-none-eabi/7.1.0/../../../../arm-none-eabi/lib/thumb/v7e-m/fpv4-sp/softfp/libg.a(lib_a-__call_atexit.o)
 .debug_line    0x0000000000002b0d       0x61 /usr/lib/gcc/arm-none-eabi/7.1.0/../../../../arm-none-eabi/lib/thumb/v7e-m/fpv4-sp/softfp/libnosys.a(_exit.o)

.debug_info     0x0000000000000000     0xe19c
 .debug_info    0x0000000000000000       0xb8 /usr/lib/gcc/arm-none-eabi/7.1.0/../../../../arm-none-eabi/lib/thumb/v7e-m/fpv4-sp/softfp/crt0.o
 .debug_info    0x00000000000000b8      0x848 /tmp/ccC2pv7V.o
 .debug_info    0x0000000000000900     0x13dc /tmp/ccQlG7LD.o
 .debug_info    0x0000000000001cdc      0x284 /tmp/ccO5tXAl.o
 .debug_info    0x0000000000001f60      0x572 /tmp/ccDHqXB3.o
 .debug_info    0x00000000000024d2      0xb0c /tmp/cc6uKRNL.o
 .debug_info    0x0000000000002fde      0x868 /tmp/ccbZywcu.o
 .debug_info    0x0000000000003846      0x218 /tmp/ccpD0DHc.o
 .debug_info    0x0000000000003a5e      0x78d /tmp/ccYGNskV.o
 .debug_info    0x00000000000041eb      0x5c6 /tmp/ccXQUg8D.o
 .debug_info    0x00000000000047b1       0x8e /tmp/ccPwZ1Wm.o
 .debug_info    0x000000000000483f      0x54b /tmp/cc6ybkX5.o
 .debug_info    0x0000000000004d8a      0xc8d /tmp/ccGD5RfP.o
 .debug_info    0x0000000000005a17      0x356 /tmp/cc1UsuMy.o
 .debug_info    0x0000000000005d6d      0x852 /tmp/cc3JS3vi.o
 .debug_info    0x00000000000065bf      0xd93 /tmp/cc8Nmwy2.o
 .debug_info    0x0000000000007352      0x2e3 /tmp/cczJxPNM.o
 .debug_info    0x0000000000007635     0x2105 /tmp/ccEKsbxx.o
 .debug_info    0x000000000000973a      0xb9f /tmp/ccR6Okyi.o
 .debug_info    0x000000000000a2d9      0x90c /usr/lib/gcc/arm-none-eabi/7.1.0/../../../../arm-none-eabi/lib/thumb/v7e-m/fpv4-sp/softfp/libg.a(lib_a-atexit.o)
 .debug_info    0x000000000000abe5      0x941 /usr/lib/gcc/arm-none-eabi/7.1.0/../../../../arm-none-eabi/lib/thumb/v7e-m/fpv4-sp/softfp/libg.a(lib_a-exit.o)
 .debug_info    0x000000000000b526       0xf3 /usr/lib/gcc/arm-none-eabi/7.1.0/../../../../arm-none-eabi/lib/thumb/v7e-m/fpv4-sp/softfp/libg.a(lib_a-fini.o)
 .debug_info    0x000000000000b619      0x8a9 /usr/lib/gcc/arm-none-eabi/7.1.0/../../../../arm-none-eabi/lib/thumb/v7e-m/fpv4-sp/softfp/libg.a(lib_a-impure.o)
 .debug_info    0x000000000000bec2      0x109 /usr/lib/gcc/arm-none-eabi/7.1.0/../../../../arm-none-eabi/lib/thumb/v7e-m/fpv4-sp/softfp/libg.a(lib_a-init.o)
 .debug_info    0x000000000000bfcb      0xe22 /usr/lib/gcc/arm-none-eabi/7.1.0/../../../../arm-none-eabi/lib/thumb/v7e-m/fpv4-sp/softfp/libg.a(lib_a-memset.o)
 .debug_info    0x000000000000cded      0x955 /usr/lib/gcc/arm-none-eabi/7.1.0/../../../../arm-none-eabi/lib/thumb/v7e-m/fpv4-sp/softfp/libg.a(lib_a-__atexit.o)
 .debug_info    0x000000000000d742      0x9c0 /usr/lib/gcc/arm-none-eabi/7.1.0/../../../../arm-none-eabi/lib/thumb/v7e-m/fpv4-sp/softfp/libg.a(lib_a-__call_atexit.o)
 .debug_info    0x000000000000e102       0x9a /usr/lib/gcc/arm-none-eabi/7.1.0/../../../../arm-none-eabi/lib/thumb/v7e-m/fpv4-sp/softfp/libnosys.a(_exit.o)

.debug_abbrev   0x0000000000000000     0x2aa0
 .debug_abbrev  0x0000000000000000       0x14 /usr/lib/gcc/arm-none-eabi/7.1.0/../../../../arm-none-eabi/lib/thumb/v7e-m/fpv4-sp/softfp/crt0.o
 .debug_abbrev  0x0000000000000014      0x1cf /tmp/ccC2pv7V.o
 .debug_abbrev  0x00000000000001e3      0x21a /tmp/ccQlG7LD.o
 .debug_abbrev  0x00000000000003fd       0xf0 /tmp/ccO5tXAl.o
 .debug_abbrev  0x00000000000004ed      0x17f /tmp/ccDHqXB3.o
 .debug_abbrev  0x000000000000066c      0x22f /tmp/cc6uKRNL.o
 .debug_abbrev  0x000000000000089b      0x192 /tmp/ccbZywcu.o
 .debug_abbrev  0x0000000000000a2d      0x135 /tmp/ccpD0DHc.o
 .debug_abbrev  0x0000000000000b62      0x1c3 /tmp/ccYGNskV.o
 .debug_abbrev  0x0000000000000d25      0x140 /tmp/ccXQUg8D.o
 .debug_abbrev  0x0000000000000e65       0x12 /tmp/ccPwZ1Wm.o
 .debug_abbrev  0x0000000000000e77      0x183 /tmp/cc6ybkX5.o
 .debug_abbrev  0x0000000000000ffa      0x1e8 /tmp/ccGD5RfP.o
 .debug_abbrev  0x00000000000011e2      0x1de /tmp/cc1UsuMy.o
 .debug_abbrev  0x00000000000013c0      0x1f7 /tmp/cc3JS3vi.o
 .debug_abbrev  0x00000000000015b7      0x1f7 /tmp/cc8Nmwy2.o
 .debug_abbrev  0x00000000000017ae      0x174 /tmp/cczJxPNM.o
 .debug_abbrev  0x0000000000001922      0x1d3 /tmp/ccEKsbxx.o
 .debug_abbrev  0x0000000000001af5      0x1ce /tmp/ccR6Okyi.o
 .debug_abbrev  0x0000000000001cc3      0x201 /usr/lib/gcc/arm-none-eabi/7.1.0/../../../../arm-none-eabi/lib/thumb/v7e-m/fpv4-sp/softfp/libg.a(lib_a-atexit.o)
 .debug_abbrev  0x0000000000001ec4      0x1f0 /usr/lib/gcc/arm-none-eabi/7.1.0/../../../../arm-none-eabi/lib/thumb/v7e-m/fpv4-sp/softfp/libg.a(lib_a-exit.o)
 .debug_abbrev  0x00000000000020b4       0xbd /usr/lib/gcc/arm-none-eabi/7.1.0/../../../../arm-none-eabi/lib/thumb/v7e-m/fpv4-sp/softfp/libg.a(lib_a-fini.o)
 .debug_abbrev  0x0000000000002171      0x192 /usr/lib/gcc/arm-none-eabi/7.1.0/../../../../arm-none-eabi/lib/thumb/v7e-m/fpv4-sp/softfp/libg.a(lib_a-impure.o)
 .debug_abbrev  0x0000000000002303       0xba /usr/lib/gcc/arm-none-eabi/7.1.0/../../../../arm-none-eabi/lib/thumb/v7e-m/fpv4-sp/softfp/libg.a(lib_a-init.o)
 .debug_abbrev  0x00000000000023bd      0x1de /usr/lib/gcc/arm-none-eabi/7.1.0/../../../../arm-none-eabi/lib/thumb/v7e-m/fpv4-sp/softfp/libg.a(lib_a-memset.o)
 .debug_abbrev  0x000000000000259b      0x22b /usr/lib/gcc/arm-none-eabi/7.1.0/../../../../arm-none-eabi/lib/thumb/v7e-m/fpv4-sp/softfp/libg.a(lib_a-__atexit.o)
 .debug_abbrev  0x00000000000027c6      0x279 /usr/lib/gcc/arm-none-eabi/7.1.0/../../../../arm-none-eabi/lib/thumb/v7e-m/fpv4-sp/softfp/libg.a(lib_a-__call_atexit.o)
 .debug_abbrev  0x0000000000002a3f       0x61 /usr/lib/gcc/arm-none-eabi/7.1.0/../../../../arm-none-eabi/lib/thumb/v7e-m/fpv4-sp/softfp/libnosys.a(_exit.o)

.debug_aranges  0x0000000000000000      0x388
 .debug_aranges
                0x0000000000000000       0x20 /usr/lib/gcc/arm-none-eabi/7.1.0/../../../../arm-none-eabi/lib/thumb/v7e-m/fpv4-sp/softfp/crt0.o
 .debug_aranges
                0x0000000000000020       0x20 /tmp/ccC2pv7V.o
 .debug_aranges
                0x0000000000000040       0x20 /tmp/ccQlG7LD.o
 .debug_aranges
                0x0000000000000060       0x20 /tmp/ccO5tXAl.o
 .debug_aranges
                0x0000000000000080       0x20 /tmp/ccDHqXB3.o
 .debug_aranges
                0x00000000000000a0       0x20 /tmp/cc6uKRNL.o
 .debug_aranges
                0x00000000000000c0       0x20 /tmp/ccbZywcu.o
 .debug_aranges
                0x00000000000000e0       0x20 /tmp/ccpD0DHc.o
 .debug_aranges
                0x0000000000000100       0x20 /tmp/ccYGNskV.o
 .debug_aranges
                0x0000000000000120       0x20 /tmp/ccXQUg8D.o
 .debug_aranges
                0x0000000000000140       0x28 /tmp/ccPwZ1Wm.o
 .debug_aranges
                0x0000000000000168       0x20 /tmp/cc6ybkX5.o
 .debug_aranges
                0x0000000000000188       0x20 /tmp/ccGD5RfP.o
 .debug_aranges
                0x00000000000001a8       0x20 /tmp/cc1UsuMy.o
 .debug_aranges
                0x00000000000001c8       0x20 /tmp/cc3JS3vi.o
 .debug_aranges
                0x00000000000001e8       0x20 /tmp/cc8Nmwy2.o
 .debug_aranges
                0x0000000000000208       0x20 /tmp/cczJxPNM.o
 .debug_aranges
                0x0000000000000228       0x20 /tmp/ccEKsbxx.o
 .debug_aranges
                0x0000000000000248       0x20 /tmp/ccR6Okyi.o
 .debug_aranges
                0x0000000000000268       0x20 /usr/lib/gcc/arm-none-eabi/7.1.0/../../../../arm-none-eabi/lib/thumb/v7e-m/fpv4-sp/softfp/libg.a(lib_a-atexit.o)
 .debug_aranges
                0x0000000000000288       0x20 /usr/lib/gcc/arm-none-eabi/7.1.0/../../../../arm-none-eabi/lib/thumb/v7e-m/fpv4-sp/softfp/libg.a(lib_a-exit.o)
 .debug_aranges
                0x00000000000002a8       0x20 /usr/lib/gcc/arm-none-eabi/7.1.0/../../../../arm-none-eabi/lib/thumb/v7e-m/fpv4-sp/softfp/libg.a(lib_a-fini.o)
 .debug_aranges
                0x00000000000002c8       0x18 /usr/lib/gcc/arm-none-eabi/7.1.0/../../../../arm-none-eabi/lib/thumb/v7e-m/fpv4-sp/softfp/libg.a(lib_a-impure.o)
 .debug_aranges
                0x00000000000002e0       0x20 /usr/lib/gcc/arm-none-eabi/7.1.0/../../../../arm-none-eabi/lib/thumb/v7e-m/fpv4-sp/softfp/libg.a(lib_a-init.o)
 .debug_aranges
                0x0000000000000300       0x20 /usr/lib/gcc/arm-none-eabi/7.1.0/../../../../arm-none-eabi/lib/thumb/v7e-m/fpv4-sp/softfp/libg.a(lib_a-memset.o)
 .debug_aranges
                0x0000000000000320       0x20 /usr/lib/gcc/arm-none-eabi/7.1.0/../../../../arm-none-eabi/lib/thumb/v7e-m/fpv4-sp/softfp/libg.a(lib_a-__atexit.o)
 .debug_aranges
                0x0000000000000340       0x28 /usr/lib/gcc/arm-none-eabi/7.1.0/../../../../arm-none-eabi/lib/thumb/v7e-m/fpv4-sp/softfp/libg.a(lib_a-__call_atexit.o)
 .debug_aranges
                0x0000000000000368       0x20 /usr/lib/gcc/arm-none-eabi/7.1.0/../../../../arm-none-eabi/lib/thumb/v7e-m/fpv4-sp/softfp/libnosys.a(_exit.o)

.debug_loc      0x0000000000000000     0x4c02
 .debug_loc     0x0000000000000000       0x7f /tmp/ccC2pv7V.o
 .debug_loc     0x000000000000007f      0x160 /tmp/ccQlG7LD.o
 .debug_loc     0x00000000000001df       0xb9 /tmp/ccO5tXAl.o
 .debug_loc     0x0000000000000298       0xd4 /tmp/ccDHqXB3.o
 .debug_loc     0x000000000000036c       0xa2 /tmp/cc6uKRNL.o
 .debug_loc     0x000000000000040e       0x2b /tmp/ccbZywcu.o
 .debug_loc     0x0000000000000439      0x106 /tmp/ccpD0DHc.o
 .debug_loc     0x000000000000053f      0x44d /tmp/ccYGNskV.o
 .debug_loc     0x000000000000098c      0x13e /tmp/ccXQUg8D.o
 .debug_loc     0x0000000000000aca      0x128 /tmp/cc6ybkX5.o
 .debug_loc     0x0000000000000bf2      0x919 /tmp/ccGD5RfP.o
 .debug_loc     0x000000000000150b      0x144 /tmp/cc1UsuMy.o
 .debug_loc     0x000000000000164f      0x3db /tmp/cc3JS3vi.o
 .debug_loc     0x0000000000001a2a      0xa90 /tmp/cc8Nmwy2.o
 .debug_loc     0x00000000000024ba       0x9b /tmp/cczJxPNM.o
 .debug_loc     0x0000000000002555     0x18f5 /tmp/ccEKsbxx.o
 .debug_loc     0x0000000000003e4a      0x7fc /tmp/ccR6Okyi.o
 .debug_loc     0x0000000000004646       0x2c /usr/lib/gcc/arm-none-eabi/7.1.0/../../../../arm-none-eabi/lib/thumb/v7e-m/fpv4-sp/softfp/libg.a(lib_a-atexit.o)
 .debug_loc     0x0000000000004672       0x1e /usr/lib/gcc/arm-none-eabi/7.1.0/../../../../arm-none-eabi/lib/thumb/v7e-m/fpv4-sp/softfp/libg.a(lib_a-exit.o)
 .debug_loc     0x0000000000004690       0x5c /usr/lib/gcc/arm-none-eabi/7.1.0/../../../../arm-none-eabi/lib/thumb/v7e-m/fpv4-sp/softfp/libg.a(lib_a-fini.o)
 .debug_loc     0x00000000000046ec       0xa2 /usr/lib/gcc/arm-none-eabi/7.1.0/../../../../arm-none-eabi/lib/thumb/v7e-m/fpv4-sp/softfp/libg.a(lib_a-init.o)
 .debug_loc     0x000000000000478e      0x175 /usr/lib/gcc/arm-none-eabi/7.1.0/../../../../arm-none-eabi/lib/thumb/v7e-m/fpv4-sp/softfp/libg.a(lib_a-memset.o)
 .debug_loc     0x0000000000004903      0x151 /usr/lib/gcc/arm-none-eabi/7.1.0/../../../../arm-none-eabi/lib/thumb/v7e-m/fpv4-sp/softfp/libg.a(lib_a-__atexit.o)
 .debug_loc     0x0000000000004a54      0x1ae /usr/lib/gcc/arm-none-eabi/7.1.0/../../../../arm-none-eabi/lib/thumb/v7e-m/fpv4-sp/softfp/libg.a(lib_a-__call_atexit.o)

.debug_str      0x0000000000000000     0x3ea6
 .debug_str     0x0000000000000000      0x8e3 /tmp/ccC2pv7V.o
                                        0x94b (size before relaxing)
 .debug_str     0x00000000000008e3      0x727 /tmp/ccQlG7LD.o
                                        0xf55 (size before relaxing)
 .debug_str     0x000000000000100a       0xcf /tmp/ccO5tXAl.o
                                        0x2d6 (size before relaxing)
 .debug_str     0x00000000000010d9       0x9b /tmp/ccDHqXB3.o
                                        0x48d (size before relaxing)
 .debug_str     0x0000000000001174      0x17d /tmp/cc6uKRNL.o
                                        0x8bd (size before relaxing)
 .debug_str     0x00000000000012f1      0x205 /tmp/ccbZywcu.o
                                        0x563 (size before relaxing)
 .debug_str     0x00000000000014f6       0x48 /tmp/ccpD0DHc.o
                                        0x208 (size before relaxing)
 .debug_str     0x000000000000153e      0x148 /tmp/ccYGNskV.o
                                        0x400 (size before relaxing)
 .debug_str     0x0000000000001686      0x160 /tmp/ccXQUg8D.o
                                        0x3be (size before relaxing)
 .debug_str     0x00000000000017e6       0xce /tmp/cc6ybkX5.o
                                        0x408 (size before relaxing)
 .debug_str     0x00000000000018b4      0x445 /tmp/ccGD5RfP.o
                                        0x855 (size before relaxing)
 .debug_str     0x0000000000001cf9       0xaa /tmp/cc1UsuMy.o
                                        0x386 (size before relaxing)
 .debug_str     0x0000000000001da3      0x175 /tmp/cc3JS3vi.o
                                        0x4f1 (size before relaxing)
 .debug_str     0x0000000000001f18      0x580 /tmp/cc8Nmwy2.o
                                        0x946 (size before relaxing)
 .debug_str     0x0000000000002498      0x143 /tmp/cczJxPNM.o
                                        0x35f (size before relaxing)
 .debug_str     0x00000000000025db      0x8f7 /tmp/ccEKsbxx.o
                                        0xe38 (size before relaxing)
 .debug_str     0x0000000000002ed2      0x303 /tmp/ccR6Okyi.o
                                        0x709 (size before relaxing)
 .debug_str     0x00000000000031d5      0x54e /usr/lib/gcc/arm-none-eabi/7.1.0/../../../../arm-none-eabi/lib/thumb/v7e-m/fpv4-sp/softfp/libg.a(lib_a-atexit.o)
                                        0x62c (size before relaxing)
 .debug_str     0x0000000000003723       0x72 /usr/lib/gcc/arm-none-eabi/7.1.0/../../../../arm-none-eabi/lib/thumb/v7e-m/fpv4-sp/softfp/libg.a(lib_a-exit.o)
                                        0x62d (size before relaxing)
 .debug_str     0x0000000000003795       0xda /usr/lib/gcc/arm-none-eabi/7.1.0/../../../../arm-none-eabi/lib/thumb/v7e-m/fpv4-sp/softfp/libg.a(lib_a-fini.o)
                                        0x23b (size before relaxing)
 .debug_str     0x000000000000386f       0xad /usr/lib/gcc/arm-none-eabi/7.1.0/../../../../arm-none-eabi/lib/thumb/v7e-m/fpv4-sp/softfp/libg.a(lib_a-impure.o)
                                        0x5e1 (size before relaxing)
 .debug_str     0x000000000000391c       0x93 /usr/lib/gcc/arm-none-eabi/7.1.0/../../../../arm-none-eabi/lib/thumb/v7e-m/fpv4-sp/softfp/libg.a(lib_a-init.o)
                                        0x265 (size before relaxing)
 .debug_str     0x00000000000039af      0x322 /usr/lib/gcc/arm-none-eabi/7.1.0/../../../../arm-none-eabi/lib/thumb/v7e-m/fpv4-sp/softfp/libg.a(lib_a-memset.o)
                                        0x90e (size before relaxing)
 .debug_str     0x0000000000003cd1       0x4c /usr/lib/gcc/arm-none-eabi/7.1.0/../../../../arm-none-eabi/lib/thumb/v7e-m/fpv4-sp/softfp/libg.a(lib_a-__atexit.o)
                                        0x646 (size before relaxing)
 .debug_str     0x0000000000003d1d       0x6b /usr/lib/gcc/arm-none-eabi/7.1.0/../../../../arm-none-eabi/lib/thumb/v7e-m/fpv4-sp/softfp/libg.a(lib_a-__call_atexit.o)
                                        0x657 (size before relaxing)
 .debug_str     0x0000000000003d88      0x11e /usr/lib/gcc/arm-none-eabi/7.1.0/../../../../arm-none-eabi/lib/thumb/v7e-m/fpv4-sp/softfp/libnosys.a(_exit.o)
                                        0x1b4 (size before relaxing)

.debug_frame    0x0000000000000000     0x19f0
 .debug_frame   0x0000000000000000       0x6c /tmp/ccC2pv7V.o
 .debug_frame   0x000000000000006c      0x1b4 /tmp/ccQlG7LD.o
 .debug_frame   0x0000000000000220       0x30 /tmp/ccO5tXAl.o
 .debug_frame   0x0000000000000250       0xb8 /tmp/ccDHqXB3.o
 .debug_frame   0x0000000000000308       0x44 /tmp/cc6uKRNL.o
 .debug_frame   0x000000000000034c      0x158 /tmp/ccbZywcu.o
 .debug_frame   0x00000000000004a4       0x6c /tmp/ccpD0DHc.o
 .debug_frame   0x0000000000000510      0x170 /tmp/ccYGNskV.o
 .debug_frame   0x0000000000000680       0x48 /tmp/ccXQUg8D.o
 .debug_frame   0x00000000000006c8       0x60 /tmp/cc6ybkX5.o
 .debug_frame   0x0000000000000728      0x2d4 /tmp/ccGD5RfP.o
 .debug_frame   0x00000000000009fc       0xa0 /tmp/cc1UsuMy.o
 .debug_frame   0x0000000000000a9c      0x120 /tmp/cc3JS3vi.o
 .debug_frame   0x0000000000000bbc      0x32c /tmp/cc8Nmwy2.o
 .debug_frame   0x0000000000000ee8       0x94 /tmp/cczJxPNM.o
 .debug_frame   0x0000000000000f7c      0x6cc /tmp/ccEKsbxx.o
 .debug_frame   0x0000000000001648      0x224 /tmp/ccR6Okyi.o
 .debug_frame   0x000000000000186c       0x20 /usr/lib/gcc/arm-none-eabi/7.1.0/../../../../arm-none-eabi/lib/thumb/v7e-m/fpv4-sp/softfp/libg.a(lib_a-atexit.o)
 .debug_frame   0x000000000000188c       0x28 /usr/lib/gcc/arm-none-eabi/7.1.0/../../../../arm-none-eabi/lib/thumb/v7e-m/fpv4-sp/softfp/libg.a(lib_a-exit.o)
 .debug_frame   0x00000000000018b4       0x34 /usr/lib/gcc/arm-none-eabi/7.1.0/../../../../arm-none-eabi/lib/thumb/v7e-m/fpv4-sp/softfp/libg.a(lib_a-fini.o)
 .debug_frame   0x00000000000018e8       0x2c /usr/lib/gcc/arm-none-eabi/7.1.0/../../../../arm-none-eabi/lib/thumb/v7e-m/fpv4-sp/softfp/libg.a(lib_a-init.o)
 .debug_frame   0x0000000000001914       0x38 /usr/lib/gcc/arm-none-eabi/7.1.0/../../../../arm-none-eabi/lib/thumb/v7e-m/fpv4-sp/softfp/libg.a(lib_a-memset.o)
 .debug_frame   0x000000000000194c       0x34 /usr/lib/gcc/arm-none-eabi/7.1.0/../../../../arm-none-eabi/lib/thumb/v7e-m/fpv4-sp/softfp/libg.a(lib_a-__atexit.o)
 .debug_frame   0x0000000000001980       0x50 /usr/lib/gcc/arm-none-eabi/7.1.0/../../../../arm-none-eabi/lib/thumb/v7e-m/fpv4-sp/softfp/libg.a(lib_a-__call_atexit.o)
 .debug_frame   0x00000000000019d0       0x20 /usr/lib/gcc/arm-none-eabi/7.1.0/../../../../arm-none-eabi/lib/thumb/v7e-m/fpv4-sp/softfp/libnosys.a(_exit.o)

.debug_ranges   0x0000000000000000      0x178
 .debug_ranges  0x0000000000000000       0x18 /tmp/cc6uKRNL.o
 .debug_ranges  0x0000000000000018       0x90 /tmp/ccYGNskV.o
 .debug_ranges  0x00000000000000a8       0x20 /tmp/ccPwZ1Wm.o
 .debug_ranges  0x00000000000000c8       0x10 /usr/lib/gcc/arm-none-eabi/7.1.0/../../../../arm-none-eabi/lib/thumb/v7e-m/fpv4-sp/softfp/libg.a(lib_a-atexit.o)
 .debug_ranges  0x00000000000000d8       0x10 /usr/lib/gcc/arm-none-eabi/7.1.0/../../../../arm-none-eabi/lib/thumb/v7e-m/fpv4-sp/softfp/libg.a(lib_a-exit.o)
 .debug_ranges  0x00000000000000e8       0x10 /usr/lib/gcc/arm-none-eabi/7.1.0/../../../../arm-none-eabi/lib/thumb/v7e-m/fpv4-sp/softfp/libg.a(lib_a-fini.o)
 .debug_ranges  0x00000000000000f8       0x10 /usr/lib/gcc/arm-none-eabi/7.1.0/../../../../arm-none-eabi/lib/thumb/v7e-m/fpv4-sp/softfp/libg.a(lib_a-init.o)
 .debug_ranges  0x0000000000000108       0x10 /usr/lib/gcc/arm-none-eabi/7.1.0/../../../../arm-none-eabi/lib/thumb/v7e-m/fpv4-sp/softfp/libg.a(lib_a-memset.o)
 .debug_ranges  0x0000000000000118       0x10 /usr/lib/gcc/arm-none-eabi/7.1.0/../../../../arm-none-eabi/lib/thumb/v7e-m/fpv4-sp/softfp/libg.a(lib_a-__atexit.o)
 .debug_ranges  0x0000000000000128       0x40 /usr/lib/gcc/arm-none-eabi/7.1.0/../../../../arm-none-eabi/lib/thumb/v7e-m/fpv4-sp/softfp/libg.a(lib_a-__call_atexit.o)
 .debug_ranges  0x0000000000000168       0x10 /usr/lib/gcc/arm-none-eabi/7.1.0/../../../../arm-none-eabi/lib/thumb/v7e-m/fpv4-sp/softfp/libnosys.a(_exit.o)

Cross Reference Table

Symbol                                            File
ADC_AnalogWatchdogCmd                             /tmp/ccGD5RfP.o
ADC_AnalogWatchdogSingleChannelConfig             /tmp/ccGD5RfP.o
ADC_AnalogWatchdogThresholdsConfig                /tmp/ccGD5RfP.o
ADC_AutoInjectedConvCmd                           /tmp/ccGD5RfP.o
ADC_ClearFlag                                     /tmp/ccGD5RfP.o
ADC_ClearITPendingBit                             /tmp/ccGD5RfP.o
                                                  /tmp/ccbZywcu.o
ADC_Cmd                                           /tmp/ccGD5RfP.o
                                                  /tmp/cc6uKRNL.o
ADC_CommonInit                                    /tmp/ccGD5RfP.o
                                                  /tmp/ccQlG7LD.o
ADC_CommonStructInit                              /tmp/ccGD5RfP.o
ADC_ContinuousModeCmd                             /tmp/ccGD5RfP.o
ADC_DMACmd                                        /tmp/ccGD5RfP.o
ADC_DMARequestAfterLastTransferCmd                /tmp/ccGD5RfP.o
ADC_DeInit                                        /tmp/ccGD5RfP.o
ADC_DiscModeChannelCountConfig                    /tmp/ccGD5RfP.o
ADC_DiscModeCmd                                   /tmp/ccGD5RfP.o
ADC_EOCOnEachRegularChannelCmd                    /tmp/ccGD5RfP.o
                                                  /tmp/ccQlG7LD.o
ADC_ExternalTrigInjectedConvConfig                /tmp/ccGD5RfP.o
ADC_ExternalTrigInjectedConvEdgeConfig            /tmp/ccGD5RfP.o
ADC_GetConversionValue                            /tmp/ccGD5RfP.o
                                                  /tmp/ccQlG7LD.o
ADC_GetFlagStatus                                 /tmp/ccGD5RfP.o
                                                  /tmp/ccQlG7LD.o
ADC_GetITStatus                                   /tmp/ccGD5RfP.o
                                                  /tmp/ccbZywcu.o
ADC_GetInjectedConversionValue                    /tmp/ccGD5RfP.o
ADC_GetMultiModeConversionValue                   /tmp/ccGD5RfP.o
ADC_GetSoftwareStartConvStatus                    /tmp/ccGD5RfP.o
ADC_GetSoftwareStartInjectedConvCmdStatus         /tmp/ccGD5RfP.o
ADC_IRQHandler                                    /tmp/ccbZywcu.o
ADC_ITConfig                                      /tmp/ccGD5RfP.o
ADC_Init                                          /tmp/ccGD5RfP.o
                                                  /tmp/ccQlG7LD.o
ADC_InjectedChannelConfig                         /tmp/ccGD5RfP.o
ADC_InjectedDiscModeCmd                           /tmp/ccGD5RfP.o
ADC_InjectedSequencerLengthConfig                 /tmp/ccGD5RfP.o
ADC_MultiModeDMARequestAfterLastTransferCmd       /tmp/ccGD5RfP.o
ADC_RegularChannelConfig                          /tmp/ccGD5RfP.o
                                                  /tmp/ccQlG7LD.o
ADC_SetInjectedOffset                             /tmp/ccGD5RfP.o
ADC_SoftwareStartConv                             /tmp/ccGD5RfP.o
                                                  /tmp/ccQlG7LD.o
ADC_SoftwareStartInjectedConv                     /tmp/ccGD5RfP.o
ADC_StructInit                                    /tmp/ccGD5RfP.o
ADC_TempSensorVrefintCmd                          /tmp/ccGD5RfP.o
ADC_VBATCmd                                       /tmp/ccGD5RfP.o
AHBPrescTable                                     /tmp/ccXQUg8D.o
BusFault_Handler                                  /tmp/ccbZywcu.o
DMA1_Stream0_IRQHandler                           /tmp/ccPwZ1Wm.o
DMA1_Stream1_IRQHandler                           /tmp/ccPwZ1Wm.o
DMA1_Stream2_IRQHandler                           /tmp/ccPwZ1Wm.o
DMA1_Stream3_IRQHandler                           /tmp/ccPwZ1Wm.o
DMA1_Stream4_IRQHandler                           /tmp/ccPwZ1Wm.o
DMA1_Stream5_IRQHandler                           /tmp/ccPwZ1Wm.o
DMA1_Stream6_IRQHandler                           /tmp/ccPwZ1Wm.o
DMA1_Stream7_IRQHandler                           /tmp/ccPwZ1Wm.o
DMA2_Stream0_IRQHandler                           /tmp/ccPwZ1Wm.o
DMA2_Stream1_IRQHandler                           /tmp/ccPwZ1Wm.o
DMA2_Stream2_IRQHandler                           /tmp/ccPwZ1Wm.o
DMA2_Stream3_IRQHandler                           /tmp/ccPwZ1Wm.o
DMA2_Stream4_IRQHandler                           /tmp/ccPwZ1Wm.o
DMA2_Stream5_IRQHandler                           /tmp/ccPwZ1Wm.o
DMA2_Stream6_IRQHandler                           /tmp/ccPwZ1Wm.o
DMA2_Stream7_IRQHandler                           /tmp/ccPwZ1Wm.o
DebugMon_Handler                                  /tmp/ccbZywcu.o
Default_Handler                                   /tmp/ccPwZ1Wm.o
EXTI0_IRQHandler                                  /tmp/ccPwZ1Wm.o
EXTI15_10_IRQHandler                              /tmp/ccbZywcu.o
EXTI1_IRQHandler                                  /tmp/ccPwZ1Wm.o
EXTI2_IRQHandler                                  /tmp/ccPwZ1Wm.o
EXTI3_IRQHandler                                  /tmp/ccbZywcu.o
EXTI4_IRQHandler                                  /tmp/ccPwZ1Wm.o
EXTI9_5_IRQHandler                                /tmp/ccPwZ1Wm.o
EXTI_ClearFlag                                    /tmp/cc1UsuMy.o
EXTI_ClearITPendingBit                            /tmp/cc1UsuMy.o
                                                  /tmp/ccbZywcu.o
[...]
TIM_ITRxExternalClockConfig                       /tmp/ccEKsbxx.o
TIM_InternalClockConfig                           /tmp/ccEKsbxx.o
TIM_OC1FastConfig                                 /tmp/ccEKsbxx.o
TIM_OC1Init                                       /tmp/ccEKsbxx.o
                                                  /tmp/ccQlG7LD.o
TIM_OC1NPolarityConfig                            /tmp/ccEKsbxx.o
TIM_OC1PolarityConfig                             /tmp/ccEKsbxx.o
TIM_OC1PreloadConfig                              /tmp/ccEKsbxx.o
                                                  /tmp/ccQlG7LD.o
TIM_OC2FastConfig                                 /tmp/ccEKsbxx.o
TIM_OC2Init                                       /tmp/ccEKsbxx.o
                                                  /tmp/ccQlG7LD.o
TIM_OC2NPolarityConfig                            /tmp/ccEKsbxx.o
TIM_OC2PolarityConfig                             /tmp/ccEKsbxx.o
TIM_OC2PreloadConfig                              /tmp/ccEKsbxx.o
                                                  /tmp/ccQlG7LD.o
TIM_OC3FastConfig                                 /tmp/ccEKsbxx.o
TIM_OC3Init                                       /tmp/ccEKsbxx.o
                                                  /tmp/ccQlG7LD.o
TIM_OC3NPolarityConfig                            /tmp/ccEKsbxx.o
TIM_OC3PolarityConfig                             /tmp/ccEKsbxx.o
TIM_OC3PreloadConfig                              /tmp/ccEKsbxx.o
                                                  /tmp/ccQlG7LD.o
TIM_OC4FastConfig                                 /tmp/ccEKsbxx.o
TIM_OC4Init                                       /tmp/ccEKsbxx.o
                                                  /tmp/ccQlG7LD.o
TIM_OC4PolarityConfig                             /tmp/ccEKsbxx.o
TIM_OC4PreloadConfig                              /tmp/ccEKsbxx.o
                                                  /tmp/ccQlG7LD.o
TIM_OCStructInit                                  /tmp/ccEKsbxx.o
TIM_PWMIConfig                                    /tmp/ccEKsbxx.o
TIM_PrescalerConfig                               /tmp/ccEKsbxx.o
TIM_RemapConfig                                   /tmp/ccEKsbxx.o
TIM_SelectCCDMA                                   /tmp/ccEKsbxx.o
TIM_SelectCOM                                     /tmp/ccEKsbxx.o
TIM_SelectHallSensor                              /tmp/ccEKsbxx.o
TIM_SelectInputTrigger                            /tmp/ccEKsbxx.o
TIM_SelectMasterSlaveMode                         /tmp/ccEKsbxx.o
TIM_SelectOCxM                                    /tmp/ccEKsbxx.o
TIM_SelectOnePulseMode                            /tmp/ccEKsbxx.o
TIM_SelectOutputTrigger                           /tmp/ccEKsbxx.o
TIM_SelectSlaveMode                               /tmp/ccEKsbxx.o
TIM_SetAutoreload                                 /tmp/ccEKsbxx.o
TIM_SetClockDivision                              /tmp/ccEKsbxx.o
TIM_SetCompare1                                   /tmp/ccEKsbxx.o
TIM_SetCompare2                                   /tmp/ccEKsbxx.o
TIM_SetCompare3                                   /tmp/ccEKsbxx.o
TIM_SetCompare4                                   /tmp/ccEKsbxx.o
TIM_SetCounter                                    /tmp/ccEKsbxx.o
TIM_SetIC1Prescaler                               /tmp/ccEKsbxx.o
TIM_SetIC2Prescaler                               /tmp/ccEKsbxx.o
TIM_SetIC3Prescaler                               /tmp/ccEKsbxx.o
TIM_SetIC4Prescaler                               /tmp/ccEKsbxx.o
TIM_TIxExternalClockConfig                        /tmp/ccEKsbxx.o
TIM_TimeBaseInit                                  /tmp/ccEKsbxx.o
                                                  /tmp/ccQlG7LD.o
TIM_TimeBaseStructInit                            /tmp/ccEKsbxx.o
TIM_UpdateDisableConfig                           /tmp/ccEKsbxx.o
TIM_UpdateRequestConfig                           /tmp/ccEKsbxx.o
USART1_IRQHandler                                 /tmp/ccbZywcu.o
USART2_IRQHandler                                 /tmp/ccPwZ1Wm.o
USART6_IRQHandler                                 /tmp/ccPwZ1Wm.o
USART_ClearFlag                                   /tmp/ccR6Okyi.o
USART_ClearITPendingBit                           /tmp/ccR6Okyi.o
                                                  /tmp/ccbZywcu.o
USART_ClockInit                                   /tmp/ccR6Okyi.o
USART_ClockStructInit                             /tmp/ccR6Okyi.o
USART_Cmd                                         /tmp/ccR6Okyi.o
                                                  /tmp/ccC2pv7V.o
USART_DMACmd                                      /tmp/ccR6Okyi.o
USART_DeInit                                      /tmp/ccR6Okyi.o
USART_GetFlagStatus                               /tmp/ccR6Okyi.o
                                                  /tmp/ccC2pv7V.o
USART_GetITStatus                                 /tmp/ccR6Okyi.o
                                                  /tmp/ccbZywcu.o
USART_HalfDuplexCmd                               /tmp/ccR6Okyi.o
USART_ITConfig                                    /tmp/ccR6Okyi.o
                                                  /tmp/ccC2pv7V.o
USART_Init                                        /tmp/ccR6Okyi.o
                                                  /tmp/ccC2pv7V.o
USART_IrDACmd                                     /tmp/ccR6Okyi.o
USART_IrDAConfig                                  /tmp/ccR6Okyi.o
USART_LINBreakDetectLengthConfig                  /tmp/ccR6Okyi.o
USART_LINCmd                                      /tmp/ccR6Okyi.o
USART_OneBitMethodCmd                             /tmp/ccR6Okyi.o
USART_OverSampling8Cmd                            /tmp/ccR6Okyi.o
USART_ReceiveData                                 /tmp/ccR6Okyi.o
                                                  /tmp/ccbZywcu.o
USART_ReceiverWakeUpCmd                           /tmp/ccR6Okyi.o
USART_SendBreak                                   /tmp/ccR6Okyi.o
USART_SendData                                    /tmp/ccR6Okyi.o
                                                  /tmp/ccC2pv7V.o
USART_SetAddress                                  /tmp/ccR6Okyi.o
USART_SetGuardTime                                /tmp/ccR6Okyi.o
USART_SetPrescaler                                /tmp/ccR6Okyi.o
USART_SmartCardCmd                                /tmp/ccR6Okyi.o
USART_SmartCardNACKCmd                            /tmp/ccR6Okyi.o
USART_StructInit                                  /tmp/ccR6Okyi.o
USART_WakeUpConfig                                /tmp/ccR6Okyi.o
UsageFault_Handler                                /tmp/ccbZywcu.o
WWDG_IRQHandler                                   /tmp/ccPwZ1Wm.o
_ITM_deregisterTMCloneTable                       /usr/lib/gcc/arm-none-eabi/7.1.0/thumb/v7e-m/fpv4-sp/softfp/crtbegin.o
_ITM_registerTMCloneTable                         /usr/lib/gcc/arm-none-eabi/7.1.0/thumb/v7e-m/fpv4-sp/softfp/crtbegin.o
__TMC_END__                                       /usr/lib/gcc/arm-none-eabi/7.1.0/thumb/v7e-m/fpv4-sp/softfp/crtend.o
                                                  /usr/lib/gcc/arm-none-eabi/7.1.0/thumb/v7e-m/fpv4-sp/softfp/crtbegin.o
__bss_end__                                       /usr/lib/gcc/arm-none-eabi/7.1.0/../../../../arm-none-eabi/lib/thumb/v7e-m/fpv4-sp/softfp/crt0.o
__bss_start__                                     /usr/lib/gcc/arm-none-eabi/7.1.0/../../../../arm-none-eabi/lib/thumb/v7e-m/fpv4-sp/softfp/crt0.o
__call_exitprocs                                  /usr/lib/gcc/arm-none-eabi/7.1.0/../../../../arm-none-eabi/lib/thumb/v7e-m/fpv4-sp/softfp/libg.a(lib_a-__call_atexit.o)
                                                  /usr/lib/gcc/arm-none-eabi/7.1.0/../../../../arm-none-eabi/lib/thumb/v7e-m/fpv4-sp/softfp/libg.a(lib_a-exit.o)
__deregister_frame_info                           /usr/lib/gcc/arm-none-eabi/7.1.0/thumb/v7e-m/fpv4-sp/softfp/crtbegin.o
__dso_handle                                      /usr/lib/gcc/arm-none-eabi/7.1.0/thumb/v7e-m/fpv4-sp/softfp/crtbegin.o
__fini_array_end                                  /usr/lib/gcc/arm-none-eabi/7.1.0/../../../../arm-none-eabi/lib/thumb/v7e-m/fpv4-sp/softfp/libg.a(lib_a-fini.o)
__fini_array_start                                /usr/lib/gcc/arm-none-eabi/7.1.0/../../../../arm-none-eabi/lib/thumb/v7e-m/fpv4-sp/softfp/libg.a(lib_a-fini.o)
__init_array_end                                  /usr/lib/gcc/arm-none-eabi/7.1.0/../../../../arm-none-eabi/lib/thumb/v7e-m/fpv4-sp/softfp/libg.a(lib_a-init.o)
__init_array_start                                /usr/lib/gcc/arm-none-eabi/7.1.0/../../../../arm-none-eabi/lib/thumb/v7e-m/fpv4-sp/softfp/libg.a(lib_a-init.o)
__libc_fini                                       /usr/lib/gcc/arm-none-eabi/7.1.0/../../../../arm-none-eabi/lib/thumb/v7e-m/fpv4-sp/softfp/libg.a(lib_a-__call_atexit.o)
__libc_fini_array                                 /usr/lib/gcc/arm-none-eabi/7.1.0/../../../../arm-none-eabi/lib/thumb/v7e-m/fpv4-sp/softfp/libg.a(lib_a-fini.o)
                                                  /usr/lib/gcc/arm-none-eabi/7.1.0/../../../../arm-none-eabi/lib/thumb/v7e-m/fpv4-sp/softfp/libg.a(lib_a-__call_atexit.o)
                                                  /usr/lib/gcc/arm-none-eabi/7.1.0/../../../../arm-none-eabi/lib/thumb/v7e-m/fpv4-sp/softfp/crt0.o
__libc_init_array                                 /usr/lib/gcc/arm-none-eabi/7.1.0/../../../../arm-none-eabi/lib/thumb/v7e-m/fpv4-sp/softfp/libg.a(lib_a-init.o)
                                                  /tmp/ccPwZ1Wm.o
                                                  /usr/lib/gcc/arm-none-eabi/7.1.0/../../../../arm-none-eabi/lib/thumb/v7e-m/fpv4-sp/softfp/crt0.o
__preinit_array_end                               /usr/lib/gcc/arm-none-eabi/7.1.0/../../../../arm-none-eabi/lib/thumb/v7e-m/fpv4-sp/softfp/libg.a(lib_a-init.o)
__preinit_array_start                             /usr/lib/gcc/arm-none-eabi/7.1.0/../../../../arm-none-eabi/lib/thumb/v7e-m/fpv4-sp/softfp/libg.a(lib_a-init.o)
__register_exitproc                               /usr/lib/gcc/arm-none-eabi/7.1.0/../../../../arm-none-eabi/lib/thumb/v7e-m/fpv4-sp/softfp/libg.a(lib_a-__atexit.o)
                                                  /usr/lib/gcc/arm-none-eabi/7.1.0/../../../../arm-none-eabi/lib/thumb/v7e-m/fpv4-sp/softfp/libg.a(lib_a-atexit.o)
__register_frame_info                             /usr/lib/gcc/arm-none-eabi/7.1.0/thumb/v7e-m/fpv4-sp/softfp/crtbegin.o
__stack                                           /usr/lib/gcc/arm-none-eabi/7.1.0/../../../../arm-none-eabi/lib/thumb/v7e-m/fpv4-sp/softfp/crt0.o
_adc_buffer                                       /tmp/cc6uKRNL.o
_adc_iter                                         /tmp/cc6uKRNL.o
_ebss                                             /tmp/ccPwZ1Wm.o
_edata                                            /tmp/ccPwZ1Wm.o
_estack                                           /tmp/ccPwZ1Wm.o
_exit                                             /usr/lib/gcc/arm-none-eabi/7.1.0/../../../../arm-none-eabi/lib/thumb/v7e-m/fpv4-sp/softfp/libnosys.a(_exit.o)
                                                  /usr/lib/gcc/arm-none-eabi/7.1.0/../../../../arm-none-eabi/lib/thumb/v7e-m/fpv4-sp/softfp/libg.a(lib_a-exit.o)
_fini                                             /usr/lib/gcc/arm-none-eabi/7.1.0/thumb/v7e-m/fpv4-sp/softfp/crti.o
                                                  /usr/lib/gcc/arm-none-eabi/7.1.0/../../../../arm-none-eabi/lib/thumb/v7e-m/fpv4-sp/softfp/libg.a(lib_a-fini.o)
_global_impure_ptr                                /usr/lib/gcc/arm-none-eabi/7.1.0/../../../../arm-none-eabi/lib/thumb/v7e-m/fpv4-sp/softfp/libg.a(lib_a-impure.o)
                                                  /usr/lib/gcc/arm-none-eabi/7.1.0/../../../../arm-none-eabi/lib/thumb/v7e-m/fpv4-sp/softfp/libg.a(lib_a-__call_atexit.o)
                                                  /usr/lib/gcc/arm-none-eabi/7.1.0/../../../../arm-none-eabi/lib/thumb/v7e-m/fpv4-sp/softfp/libg.a(lib_a-__atexit.o)
                                                  /usr/lib/gcc/arm-none-eabi/7.1.0/../../../../arm-none-eabi/lib/thumb/v7e-m/fpv4-sp/softfp/libg.a(lib_a-exit.o)
_impure_ptr                                       /usr/lib/gcc/arm-none-eabi/7.1.0/../../../../arm-none-eabi/lib/thumb/v7e-m/fpv4-sp/softfp/libg.a(lib_a-impure.o)
_init                                             /usr/lib/gcc/arm-none-eabi/7.1.0/thumb/v7e-m/fpv4-sp/softfp/crti.o
                                                  /usr/lib/gcc/arm-none-eabi/7.1.0/../../../../arm-none-eabi/lib/thumb/v7e-m/fpv4-sp/softfp/libg.a(lib_a-init.o)
_mainCRTStartup                                   /usr/lib/gcc/arm-none-eabi/7.1.0/../../../../arm-none-eabi/lib/thumb/v7e-m/fpv4-sp/softfp/crt0.o
_ms_ticks                                         /tmp/ccbZywcu.o
_sbss                                             /tmp/ccPwZ1Wm.o
_sdata                                            /tmp/ccPwZ1Wm.o
_sidata                                           /tmp/ccPwZ1Wm.o
_start                                            /usr/lib/gcc/arm-none-eabi/7.1.0/../../../../arm-none-eabi/lib/thumb/v7e-m/fpv4-sp/softfp/crt0.o
atexit                                            /usr/lib/gcc/arm-none-eabi/7.1.0/../../../../arm-none-eabi/lib/thumb/v7e-m/fpv4-sp/softfp/libg.a(lib_a-atexit.o)
                                                  /usr/lib/gcc/arm-none-eabi/7.1.0/../../../../arm-none-eabi/lib/thumb/v7e-m/fpv4-sp/softfp/libg.a(lib_a-__call_atexit.o)
                                                  /usr/lib/gcc/arm-none-eabi/7.1.0/../../../../arm-none-eabi/lib/thumb/v7e-m/fpv4-sp/softfp/crt0.o
delay                                             /tmp/ccbZywcu.o
exit                                              /usr/lib/gcc/arm-none-eabi/7.1.0/../../../../arm-none-eabi/lib/thumb/v7e-m/fpv4-sp/softfp/libg.a(lib_a-exit.o)
                                                  /usr/lib/gcc/arm-none-eabi/7.1.0/../../../../arm-none-eabi/lib/thumb/v7e-m/fpv4-sp/softfp/crt0.o
flush_fifo                                        /tmp/ccpD0DHc.o
free                                              /usr/lib/gcc/arm-none-eabi/7.1.0/../../../../arm-none-eabi/lib/thumb/v7e-m/fpv4-sp/softfp/libg.a(lib_a-__call_atexit.o)
g_pfnVectors                                      /tmp/ccPwZ1Wm.o
get_time                                          /tmp/ccbZywcu.o
                                                  /tmp/cc6uKRNL.o
hardware_init_hook                                /usr/lib/gcc/arm-none-eabi/7.1.0/../../../../arm-none-eabi/lib/thumb/v7e-m/fpv4-sp/softfp/crt0.o
ihm07_adc_eoc_callback                            /tmp/ccbZywcu.o
ihm07_adc_group_mode_init                         /tmp/ccQlG7LD.o
ihm07_adc_interrupt_connection_state              /tmp/ccQlG7LD.o
ihm07_adc_single_mode_init                        /tmp/ccQlG7LD.o
                                                  /tmp/cc6uKRNL.o
ihm07_adc_single_read_channel                     /tmp/ccQlG7LD.o
                                                  /tmp/cc6uKRNL.o
ihm07_analog_pins_init                            /tmp/ccQlG7LD.o
                                                  /tmp/cc6uKRNL.o
ihm07_hall_interrupt_connection_state             /tmp/ccQlG7LD.o
                                                  /tmp/ccDHqXB3.o
ihm07_hall_interrupt_init                         /tmp/ccQlG7LD.o
                                                  /tmp/ccDHqXB3.o
ihm07_hall_pins_init                              /tmp/ccQlG7LD.o
                                                  /tmp/ccDHqXB3.o
ihm07_hall_read                                   /tmp/ccQlG7LD.o
                                                  /tmp/ccDHqXB3.o
ihm07_hall_state_change_callback                  /tmp/ccDHqXB3.o
                                                  /tmp/ccbZywcu.o
ihm07_l6230_pins_init                             /tmp/ccQlG7LD.o
                                                  /tmp/cc6uKRNL.o
                                                  /tmp/ccDHqXB3.o
ihm07_led_red_init                                /tmp/ccQlG7LD.o
                                                  /tmp/cc6uKRNL.o
ihm07_pwm_and_pins_init                           /tmp/ccQlG7LD.o
                                                  /tmp/ccDHqXB3.o
ihm07_pwm_duty_interrupt_callback                 /tmp/ccbZywcu.o
ihm07_pwm_duty_interrupt_connection_state         /tmp/ccQlG7LD.o
ihm07_pwm_duty_interrupt_init                     /tmp/ccQlG7LD.o
init_fifo                                         /tmp/ccpD0DHc.o
                                                  /tmp/ccYGNskV.o
main                                              /tmp/cc6uKRNL.o
                                                  /tmp/ccPwZ1Wm.o
                                                  /usr/lib/gcc/arm-none-eabi/7.1.0/../../../../arm-none-eabi/lib/thumb/v7e-m/fpv4-sp/softfp/crt0.o
malloc                                            /usr/lib/gcc/arm-none-eabi/7.1.0/../../../../arm-none-eabi/lib/thumb/v7e-m/fpv4-sp/softfp/libg.a(lib_a-__atexit.o)
memset                                            /usr/lib/gcc/arm-none-eabi/7.1.0/../../../../arm-none-eabi/lib/thumb/v7e-m/fpv4-sp/softfp/libg.a(lib_a-memset.o)
                                                  /usr/lib/gcc/arm-none-eabi/7.1.0/../../../../arm-none-eabi/lib/thumb/v7e-m/fpv4-sp/softfp/crt0.o
read_fifo                                         /tmp/ccpD0DHc.o
                                                  /tmp/ccYGNskV.o
safe_memory_copy                                  /tmp/ccYGNskV.o
                                                  /tmp/cc6uKRNL.o
                                                  /tmp/ccO5tXAl.o
serial_packet_encode                              /tmp/ccYGNskV.o
serial_packet_encode_poll                         /tmp/ccYGNskV.o
                                                  /tmp/cc6uKRNL.o
serial_packet_flush                               /tmp/ccYGNskV.o
                                                  /tmp/cc6uKRNL.o
serial_packet_handler                             /tmp/ccO5tXAl.o
                                                  /tmp/ccYGNskV.o
serial_packet_init                                /tmp/ccYGNskV.o
                                                  /tmp/cc6uKRNL.o
serial_packet_print                               /tmp/cc6uKRNL.o
                                                  /tmp/ccYGNskV.o
serial_packet_read                                /tmp/ccYGNskV.o
                                                  /tmp/ccbZywcu.o
six_step_hall_init                                /tmp/ccDHqXB3.o
                                                  /tmp/cc6uKRNL.o
six_step_hall_set_direction                       /tmp/ccDHqXB3.o
                                                  /tmp/cc6uKRNL.o
                                                  /tmp/ccO5tXAl.o
six_step_hall_set_pwm_val                         /tmp/ccDHqXB3.o
                                                  /tmp/ccO5tXAl.o
six_step_hall_start                               /tmp/ccDHqXB3.o
                                                  /tmp/ccO5tXAl.o
six_step_hall_stop                                /tmp/ccDHqXB3.o
                                                  /tmp/ccO5tXAl.o
software_init_hook                                /usr/lib/gcc/arm-none-eabi/7.1.0/../../../../arm-none-eabi/lib/thumb/v7e-m/fpv4-sp/softfp/crt0.o
uart_init                                         /tmp/ccC2pv7V.o
                                                  /tmp/cc6uKRNL.o
uart_send_buffer_poll                             /tmp/ccC2pv7V.o
uart_send_byte_poll                               /tmp/ccC2pv7V.o
                                                  /tmp/cc6uKRNL.o
write_fifo                                        /tmp/ccpD0DHc.o
                                                  /tmp/ccYGNskV.o
