Archive member included to satisfy reference by file (symbol)

/usr/bin/../lib/gcc/arm-none-eabi/6.3.1/../../../../arm-none-eabi/lib/thumb/v7e-m/fpv4-sp/hard/libg.a(lib_a-exit.o)
                              /usr/bin/../lib/gcc/arm-none-eabi/6.3.1/../../../../arm-none-eabi/lib/thumb/v7e-m/fpv4-sp/hard/crt0.o (exit)
/usr/bin/../lib/gcc/arm-none-eabi/6.3.1/../../../../arm-none-eabi/lib/thumb/v7e-m/fpv4-sp/hard/libg.a(lib_a-impure.o)
                              /usr/bin/../lib/gcc/arm-none-eabi/6.3.1/../../../../arm-none-eabi/lib/thumb/v7e-m/fpv4-sp/hard/libg.a(lib_a-exit.o) (_global_impure_ptr)
/usr/bin/../lib/gcc/arm-none-eabi/6.3.1/../../../../arm-none-eabi/lib/thumb/v7e-m/fpv4-sp/hard/libg.a(lib_a-init.o)
                              /usr/bin/../lib/gcc/arm-none-eabi/6.3.1/../../../../arm-none-eabi/lib/thumb/v7e-m/fpv4-sp/hard/crt0.o (__libc_init_array)
/usr/bin/../lib/gcc/arm-none-eabi/6.3.1/../../../../arm-none-eabi/lib/thumb/v7e-m/fpv4-sp/hard/libg.a(lib_a-memset.o)
                              /usr/bin/../lib/gcc/arm-none-eabi/6.3.1/../../../../arm-none-eabi/lib/thumb/v7e-m/fpv4-sp/hard/crt0.o (memset)
/usr/bin/../lib/gcc/arm-none-eabi/6.3.1/../../../../arm-none-eabi/lib/thumb/v7e-m/fpv4-sp/hard/libg.a(lib_a-__call_atexit.o)
                              /usr/bin/../lib/gcc/arm-none-eabi/6.3.1/../../../../arm-none-eabi/lib/thumb/v7e-m/fpv4-sp/hard/libg.a(lib_a-exit.o) (__call_exitprocs)
/usr/bin/../lib/gcc/arm-none-eabi/6.3.1/../../../../arm-none-eabi/lib/thumb/v7e-m/fpv4-sp/hard/libg.a(lib_a-atexit.o)
                              /usr/bin/../lib/gcc/arm-none-eabi/6.3.1/../../../../arm-none-eabi/lib/thumb/v7e-m/fpv4-sp/hard/libg.a(lib_a-__call_atexit.o) (atexit)
/usr/bin/../lib/gcc/arm-none-eabi/6.3.1/../../../../arm-none-eabi/lib/thumb/v7e-m/fpv4-sp/hard/libg.a(lib_a-fini.o)
                              /usr/bin/../lib/gcc/arm-none-eabi/6.3.1/../../../../arm-none-eabi/lib/thumb/v7e-m/fpv4-sp/hard/libg.a(lib_a-__call_atexit.o) (__libc_fini_array)
/usr/bin/../lib/gcc/arm-none-eabi/6.3.1/../../../../arm-none-eabi/lib/thumb/v7e-m/fpv4-sp/hard/libg.a(lib_a-lock.o)
                              /usr/bin/../lib/gcc/arm-none-eabi/6.3.1/../../../../arm-none-eabi/lib/thumb/v7e-m/fpv4-sp/hard/libg.a(lib_a-__call_atexit.o) (__retarget_lock_acquire_recursive)
/usr/bin/../lib/gcc/arm-none-eabi/6.3.1/../../../../arm-none-eabi/lib/thumb/v7e-m/fpv4-sp/hard/libg.a(lib_a-__atexit.o)
                              /usr/bin/../lib/gcc/arm-none-eabi/6.3.1/../../../../arm-none-eabi/lib/thumb/v7e-m/fpv4-sp/hard/libg.a(lib_a-atexit.o) (__register_exitproc)
/usr/bin/../lib/gcc/arm-none-eabi/6.3.1/../../../../arm-none-eabi/lib/thumb/v7e-m/fpv4-sp/hard/libnosys.a(_exit.o)
                              /usr/bin/../lib/gcc/arm-none-eabi/6.3.1/../../../../arm-none-eabi/lib/thumb/v7e-m/fpv4-sp/hard/libg.a(lib_a-exit.o) (_exit)

Allocating common symbols
Common symbol       size              file

__lock___atexit_recursive_mutex
                    0x1               /usr/bin/../lib/gcc/arm-none-eabi/6.3.1/../../../../arm-none-eabi/lib/thumb/v7e-m/fpv4-sp/hard/libg.a(lib_a-lock.o)
__lock___arc4random_mutex
                    0x1               /usr/bin/../lib/gcc/arm-none-eabi/6.3.1/../../../../arm-none-eabi/lib/thumb/v7e-m/fpv4-sp/hard/libg.a(lib_a-lock.o)
__lock___env_recursive_mutex
                    0x1               /usr/bin/../lib/gcc/arm-none-eabi/6.3.1/../../../../arm-none-eabi/lib/thumb/v7e-m/fpv4-sp/hard/libg.a(lib_a-lock.o)
__lock___sinit_recursive_mutex
                    0x1               /usr/bin/../lib/gcc/arm-none-eabi/6.3.1/../../../../arm-none-eabi/lib/thumb/v7e-m/fpv4-sp/hard/libg.a(lib_a-lock.o)
__lock___malloc_recursive_mutex
                    0x1               /usr/bin/../lib/gcc/arm-none-eabi/6.3.1/../../../../arm-none-eabi/lib/thumb/v7e-m/fpv4-sp/hard/libg.a(lib_a-lock.o)
__lock___at_quick_exit_mutex
                    0x1               /usr/bin/../lib/gcc/arm-none-eabi/6.3.1/../../../../arm-none-eabi/lib/thumb/v7e-m/fpv4-sp/hard/libg.a(lib_a-lock.o)
__lock___dd_hash_mutex
                    0x1               /usr/bin/../lib/gcc/arm-none-eabi/6.3.1/../../../../arm-none-eabi/lib/thumb/v7e-m/fpv4-sp/hard/libg.a(lib_a-lock.o)
__lock___tz_mutex   0x1               /usr/bin/../lib/gcc/arm-none-eabi/6.3.1/../../../../arm-none-eabi/lib/thumb/v7e-m/fpv4-sp/hard/libg.a(lib_a-lock.o)
__lock___sfp_recursive_mutex
                    0x1               /usr/bin/../lib/gcc/arm-none-eabi/6.3.1/../../../../arm-none-eabi/lib/thumb/v7e-m/fpv4-sp/hard/libg.a(lib_a-lock.o)

Memory Configuration

Name             Origin             Length             Attributes
rom              0x0000000008000000 0x0000000000100000 xr
ram              0x0000000020000000 0x0000000000020000 xrw
ccm              0x0000000001000000 0x0000000000010000 xrw
*default*        0x0000000000000000 0xffffffffffffffff

Linker script and memory map

LOAD /usr/bin/../lib/gcc/arm-none-eabi/6.3.1/thumb/v7e-m/fpv4-sp/hard/crti.o
LOAD /usr/bin/../lib/gcc/arm-none-eabi/6.3.1/thumb/v7e-m/fpv4-sp/hard/crtbegin.o
LOAD /usr/bin/../lib/gcc/arm-none-eabi/6.3.1/../../../../arm-none-eabi/lib/thumb/v7e-m/fpv4-sp/hard/crt0.o
LOAD /tmp/ccexgbhn.o
LOAD /tmp/ccWIdQYJ.o
LOAD /tmp/ccWfAtS6.o
LOAD /tmp/ccJpdYXt.o
LOAD /tmp/cczVaO4Q.o
LOAD /tmp/ccdRnkne.o
LOAD /tmp/ccRQmERB.o
LOAD /tmp/cciRckxZ.o
LOAD /tmp/ccVXZdqn.o
LOAD /tmp/ccr3oZAL.o
LOAD /tmp/cc3coPaa.o
START GROUP
LOAD /usr/bin/../lib/gcc/arm-none-eabi/6.3.1/thumb/v7e-m/fpv4-sp/hard/libgcc.a
LOAD /usr/bin/../lib/gcc/arm-none-eabi/6.3.1/../../../../arm-none-eabi/lib/thumb/v7e-m/fpv4-sp/hard/libg.a
LOAD /usr/bin/../lib/gcc/arm-none-eabi/6.3.1/../../../../arm-none-eabi/lib/thumb/v7e-m/fpv4-sp/hard/libc.a
END GROUP
START GROUP
LOAD /usr/bin/../lib/gcc/arm-none-eabi/6.3.1/thumb/v7e-m/fpv4-sp/hard/libgcc.a
LOAD /usr/bin/../lib/gcc/arm-none-eabi/6.3.1/../../../../arm-none-eabi/lib/thumb/v7e-m/fpv4-sp/hard/libc.a
LOAD /usr/bin/../lib/gcc/arm-none-eabi/6.3.1/../../../../arm-none-eabi/lib/thumb/v7e-m/fpv4-sp/hard/libnosys.a
END GROUP
LOAD /usr/bin/../lib/gcc/arm-none-eabi/6.3.1/thumb/v7e-m/fpv4-sp/hard/crtend.o
LOAD /usr/bin/../lib/gcc/arm-none-eabi/6.3.1/thumb/v7e-m/fpv4-sp/hard/crtn.o

.isr_vector     0x0000000008000000      0x188
 *(.isr_vector)
 .isr_vector    0x0000000008000000      0x188 /tmp/cczVaO4Q.o
                0x0000000008000000                g_pfnVectors
                0x0000000008000188                . = ALIGN (0x4)

.eh_frame       0x0000000008000188        0x4
 .eh_frame      0x0000000008000188        0x0 /usr/bin/../lib/gcc/arm-none-eabi/6.3.1/thumb/v7e-m/fpv4-sp/hard/crtbegin.o
 .eh_frame      0x0000000008000188        0x4 /usr/bin/../lib/gcc/arm-none-eabi/6.3.1/thumb/v7e-m/fpv4-sp/hard/crtend.o

.ARM.extab      0x000000000800018c        0x0
 .ARM.extab     0x000000000800018c        0x0 /usr/bin/../lib/gcc/arm-none-eabi/6.3.1/../../../../arm-none-eabi/lib/thumb/v7e-m/fpv4-sp/hard/crt0.o

.ARM.exidx      0x000000000800018c        0x8
 .ARM.exidx     0x000000000800018c        0x8 /usr/bin/../lib/gcc/arm-none-eabi/6.3.1/../../../../arm-none-eabi/lib/thumb/v7e-m/fpv4-sp/hard/crt0.o

.text           0x0000000008000194     0x3c4c
 *(.vectors)
 *(.text*)
 .text          0x0000000008000194        0x0 /usr/bin/../lib/gcc/arm-none-eabi/6.3.1/thumb/v7e-m/fpv4-sp/hard/crti.o
 .text          0x0000000008000194       0x6c /usr/bin/../lib/gcc/arm-none-eabi/6.3.1/thumb/v7e-m/fpv4-sp/hard/crtbegin.o
 .text          0x0000000008000200       0x74 /usr/bin/../lib/gcc/arm-none-eabi/6.3.1/../../../../arm-none-eabi/lib/thumb/v7e-m/fpv4-sp/hard/crt0.o
                0x0000000008000200                _mainCRTStartup
                0x0000000008000200                _start
 .text          0x0000000008000274      0x248 /tmp/ccexgbhn.o
                0x000000000800030c                main
                0x000000000800035c                delay
                0x0000000008000398                tim_init
                0x0000000008000454                TIM1_UP_TIM10_IRQHandler
                0x0000000008000488                TIM2_IRQHandler
 .text          0x00000000080004bc       0x8c /tmp/ccWIdQYJ.o
                0x00000000080004bc                NMI_Handler
                0x00000000080004ca                HardFault_Handler
                0x00000000080004d0                MemManage_Handler
                0x00000000080004d6                BusFault_Handler
                0x00000000080004dc                UsageFault_Handler
                0x00000000080004e2                SVC_Handler
                0x00000000080004f0                DebugMon_Handler
                0x00000000080004fe                PendSV_Handler
                0x000000000800050c                SysTick_Handler
                0x0000000008000530                get_time
 .text          0x0000000008000548      0x25c /tmp/ccWfAtS6.o
                0x0000000008000548                SystemInit
                0x00000000080005b4                SystemCoreClockUpdate
 .text          0x00000000080007a4       0x3c /tmp/ccJpdYXt.o
                0x00000000080007a4                board_led_init
 .text          0x00000000080007e0       0x14 /tmp/cczVaO4Q.o
 .text.Reset_Handler
                0x00000000080007f4       0x48 /tmp/cczVaO4Q.o
                0x00000000080007f4                Reset_Handler
 .text.Default_Handler
                0x000000000800083c        0x2 /tmp/cczVaO4Q.o
                0x000000000800083c                RTC_Alarm_IRQHandler
                0x000000000800083c                HASH_RNG_IRQHandler
                0x000000000800083c                EXTI2_IRQHandler
                0x000000000800083c                TIM8_CC_IRQHandler
                0x000000000800083c                TIM1_CC_IRQHandler
                0x000000000800083c                DMA2_Stream5_IRQHandler
                0x000000000800083c                DMA1_Stream5_IRQHandler
                0x000000000800083c                PVD_IRQHandler
                0x000000000800083c                SDIO_IRQHandler
                0x000000000800083c                TAMP_STAMP_IRQHandler
                0x000000000800083c                CAN2_RX1_IRQHandler
                0x000000000800083c                EXTI3_IRQHandler
                0x000000000800083c                TIM8_TRG_COM_TIM14_IRQHandler
                0x000000000800083c                TIM8_UP_TIM13_IRQHandler
                0x000000000800083c                I2C3_ER_IRQHandler
                0x000000000800083c                EXTI0_IRQHandler
                0x000000000800083c                I2C2_EV_IRQHandler
                0x000000000800083c                DMA1_Stream2_IRQHandler
                0x000000000800083c                CAN1_RX0_IRQHandler
                0x000000000800083c                FPU_IRQHandler
                0x000000000800083c                OTG_HS_WKUP_IRQHandler
                0x000000000800083c                CAN2_SCE_IRQHandler
                0x000000000800083c                DMA2_Stream2_IRQHandler
                0x000000000800083c                SPI1_IRQHandler
                0x000000000800083c                TIM6_DAC_IRQHandler
                0x000000000800083c                TIM1_BRK_TIM9_IRQHandler
                0x000000000800083c                DCMI_IRQHandler
                0x000000000800083c                CAN2_RX0_IRQHandler
                0x000000000800083c                DMA2_Stream3_IRQHandler
                0x000000000800083c                USART6_IRQHandler
                0x000000000800083c                USART3_IRQHandler
                0x000000000800083c                CRYP_IRQHandler
                0x000000000800083c                CAN1_RX1_IRQHandler
                0x000000000800083c                UART5_IRQHandler
                0x000000000800083c                DMA2_Stream0_IRQHandler
                0x000000000800083c                TIM4_IRQHandler
                0x000000000800083c                I2C1_EV_IRQHandler
                0x000000000800083c                DMA1_Stream6_IRQHandler
                0x000000000800083c                DMA1_Stream1_IRQHandler
                0x000000000800083c                UART4_IRQHandler
                0x000000000800083c                TIM3_IRQHandler
                0x000000000800083c                RCC_IRQHandler
                0x000000000800083c                TIM8_BRK_TIM12_IRQHandler
                0x000000000800083c                Default_Handler
                0x000000000800083c                EXTI15_10_IRQHandler
                0x000000000800083c                ADC_IRQHandler
                0x000000000800083c                DMA1_Stream7_IRQHandler
                0x000000000800083c                TIM7_IRQHandler
                0x000000000800083c                CAN2_TX_IRQHandler
                0x000000000800083c                TIM5_IRQHandler
                0x000000000800083c                DMA2_Stream7_IRQHandler
                0x000000000800083c                I2C3_EV_IRQHandler
                0x000000000800083c                EXTI9_5_IRQHandler
                0x000000000800083c                RTC_WKUP_IRQHandler
                0x000000000800083c                ETH_WKUP_IRQHandler
                0x000000000800083c                SPI2_IRQHandler
                0x000000000800083c                OTG_HS_EP1_IN_IRQHandler
                0x000000000800083c                DMA1_Stream0_IRQHandler
                0x000000000800083c                CAN1_TX_IRQHandler
                0x000000000800083c                EXTI4_IRQHandler
                0x000000000800083c                FSMC_IRQHandler
                0x000000000800083c                ETH_IRQHandler
                0x000000000800083c                OTG_HS_EP1_OUT_IRQHandler
                0x000000000800083c                WWDG_IRQHandler
                0x000000000800083c                OTG_FS_WKUP_IRQHandler
                0x000000000800083c                TIM1_TRG_COM_TIM11_IRQHandler
                0x000000000800083c                OTG_HS_IRQHandler
                0x000000000800083c                EXTI1_IRQHandler
                0x000000000800083c                USART2_IRQHandler
                0x000000000800083c                I2C2_ER_IRQHandler
                0x000000000800083c                DMA2_Stream1_IRQHandler
                0x000000000800083c                CAN1_SCE_IRQHandler
                0x000000000800083c                FLASH_IRQHandler
                0x000000000800083c                DMA2_Stream4_IRQHandler
                0x000000000800083c                USART1_IRQHandler
                0x000000000800083c                OTG_FS_IRQHandler
                0x000000000800083c                SPI3_IRQHandler
                0x000000000800083c                DMA1_Stream4_IRQHandler
                0x000000000800083c                I2C1_ER_IRQHandler
                0x000000000800083c                DMA2_Stream6_IRQHandler
                0x000000000800083c                DMA1_Stream3_IRQHandler
 *fill*         0x000000000800083e        0x2 
 .text          0x0000000008000840      0x194 /tmp/ccdRnkne.o
                0x0000000008000840                NVIC_PriorityGroupConfig
                0x0000000008000868                NVIC_Init
                0x000000000800092c                NVIC_SetVectorTable
                0x0000000008000958                NVIC_SystemLPConfig
                0x000000000800099c                SysTick_CLKSourceConfig
 .text          0x00000000080009d4       0xf4 /tmp/ccRQmERB.o
                0x00000000080009d4                DBGMCU_GetREVID
                0x00000000080009ec                DBGMCU_GetDEVID
                0x0000000008000a08                DBGMCU_Config
                0x0000000008000a48                DBGMCU_APB1PeriphConfig
                0x0000000008000a88                DBGMCU_APB2PeriphConfig
 .text          0x0000000008000ac8      0x210 /tmp/cciRckxZ.o
                0x0000000008000ac8                EXTI_DeInit
                0x0000000008000afc                EXTI_Init
                0x0000000008000be0                EXTI_StructInit
                0x0000000008000c0c                EXTI_GenerateSWInterrupt
                0x0000000008000c30                EXTI_GetFlagStatus
                0x0000000008000c64                EXTI_ClearFlag
                0x0000000008000c84                EXTI_GetITStatus
                0x0000000008000cb8                EXTI_ClearITPendingBit
 .text          0x0000000008000cd8      0x4d4 /tmp/ccVXZdqn.o
                0x0000000008000cd8                GPIO_DeInit
                0x0000000008000e3c                GPIO_Init
                0x0000000008000f58                GPIO_StructInit
                0x0000000008000f8c                GPIO_PinLockConfig
                0x0000000008000fd0                GPIO_ReadInputDataBit
                0x0000000008001004                GPIO_ReadInputData
                0x000000000800101e                GPIO_ReadOutputDataBit
                0x0000000008001052                GPIO_ReadOutputData
                0x000000000800106c                GPIO_SetBits
                0x000000000800108a                GPIO_ResetBits
                0x00000000080010a8                GPIO_WriteBit
                0x00000000080010d8                GPIO_Write
                0x00000000080010f6                GPIO_ToggleBits
                0x000000000800111a                GPIO_PinAFConfig
 .text          0x00000000080011ac      0xce0 /tmp/ccr3oZAL.o
                0x00000000080011ac                RCC_DeInit
                0x000000000800121c                RCC_HSEConfig
                0x0000000008001244                RCC_WaitForHSEStartUp
                0x0000000008001294                RCC_AdjustHSICalibrationValue
                0x00000000080012d0                RCC_HSICmd
                0x00000000080012f0                RCC_LSEConfig
                0x0000000008001334                RCC_LSICmd
                0x0000000008001354                RCC_PLLConfig
                0x0000000008001394                RCC_PLLCmd
                0x00000000080013b4                RCC_PLLI2SConfig
                0x00000000080013e0                RCC_PLLI2SCmd
                0x0000000008001400                RCC_PLLSAIConfig
                0x0000000008001434                RCC_PLLSAICmd
                0x0000000008001454                RCC_ClockSecuritySystemCmd
                0x0000000008001474                RCC_MCO1Config
                0x00000000080014b4                RCC_MCO2Config
                0x00000000080014f4                RCC_SYSCLKConfig
                0x000000000800152c                RCC_GetSYSCLKSource
                0x000000000800154c                RCC_HCLKConfig
                0x0000000008001584                RCC_PCLK1Config
                0x00000000080015bc                RCC_PCLK2Config
                0x00000000080015f8                RCC_GetClocksFreq
                0x0000000008001748                RCC_RTCCLKConfig
                0x00000000080017a4                RCC_RTCCLKCmd
                0x00000000080017c4                RCC_BackupResetCmd
                0x00000000080017e4                RCC_I2SCLKConfig
                0x0000000008001804                RCC_SAIBlockACLKConfig
                0x0000000008001840                RCC_SAIBlockBCLKConfig
                0x000000000800187c                RCC_SAIPLLI2SClkDivConfig
                0x00000000080018bc                RCC_SAIPLLSAIClkDivConfig
                0x00000000080018fc                RCC_LTDCCLKDivConfig
                0x0000000008001938                RCC_TIMCLKPresConfig
                0x0000000008001958                RCC_AHB1PeriphClockCmd
                0x0000000008001998                RCC_AHB2PeriphClockCmd
                0x00000000080019d8                RCC_AHB3PeriphClockCmd
                0x0000000008001a18                RCC_APB1PeriphClockCmd
                0x0000000008001a58                RCC_APB2PeriphClockCmd
                0x0000000008001a98                RCC_AHB1PeriphResetCmd
                0x0000000008001ad8                RCC_AHB2PeriphResetCmd
                0x0000000008001b18                RCC_AHB3PeriphResetCmd
                0x0000000008001b58                RCC_APB1PeriphResetCmd
                0x0000000008001b98                RCC_APB2PeriphResetCmd
                0x0000000008001bd8                RCC_AHB1PeriphClockLPModeCmd
                0x0000000008001c18                RCC_AHB2PeriphClockLPModeCmd
                0x0000000008001c58                RCC_AHB3PeriphClockLPModeCmd
                0x0000000008001c98                RCC_APB1PeriphClockLPModeCmd
                0x0000000008001cd8                RCC_APB2PeriphClockLPModeCmd
                0x0000000008001d18                RCC_LSEModeConfig
                0x0000000008001d54                RCC_ITConfig
                0x0000000008001da0                RCC_GetFlagStatus
                0x0000000008001e14                RCC_ClearFlag
                0x0000000008001e34                RCC_GetITStatus
                0x0000000008001e6c                RCC_ClearITPendingBit
 .text          0x0000000008001e8c     0x1c18 /tmp/cc3coPaa.o
                0x0000000008001e8c                TIM_DeInit
                0x000000000800204c                TIM_TimeBaseInit
                0x0000000008002124                TIM_TimeBaseStructInit
                0x0000000008002158                TIM_PrescalerConfig
                0x0000000008002180                TIM_CounterModeConfig
                0x00000000080021b8                TIM_SetCounter
                0x00000000080021d4                TIM_SetAutoreload
                0x00000000080021f0                TIM_GetCounter
                0x0000000008002208                TIM_GetPrescaler
                0x0000000008002222                TIM_UpdateDisableConfig
                0x0000000008002262                TIM_UpdateRequestConfig
                0x00000000080022a2                TIM_ARRPreloadConfig
                0x00000000080022e2                TIM_SelectOnePulseMode
                0x000000000800231a                TIM_SetClockDivision
                0x0000000008002352                TIM_Cmd
                0x0000000008002392                TIM_OC1Init
                0x0000000008002488                TIM_OC2Init
                0x0000000008002598                TIM_OC3Init
                0x00000000080026a4                TIM_OC4Init
                0x0000000008002774                TIM_OCStructInit
                0x00000000080027b8                TIM_SelectOCxM
                0x000000000800286a                TIM_SetCompare1
                0x0000000008002886                TIM_SetCompare2
                0x00000000080028a2                TIM_SetCompare3
                0x00000000080028be                TIM_SetCompare4
                0x00000000080028da                TIM_ForcedOC1Config
                0x0000000008002912                TIM_ForcedOC2Config
                0x000000000800294e                TIM_ForcedOC3Config
                0x0000000008002986                TIM_ForcedOC4Config
                0x00000000080029c2                TIM_OC1PreloadConfig
                0x00000000080029fa                TIM_OC2PreloadConfig
                0x0000000008002a36                TIM_OC3PreloadConfig
                0x0000000008002a6e                TIM_OC4PreloadConfig
                0x0000000008002aaa                TIM_OC1FastConfig
                0x0000000008002ae2                TIM_OC2FastConfig
                0x0000000008002b1e                TIM_OC3FastConfig
                0x0000000008002b56                TIM_OC4FastConfig
                0x0000000008002b92                TIM_ClearOC1Ref
                0x0000000008002bca                TIM_ClearOC2Ref
                0x0000000008002c06                TIM_ClearOC3Ref
                0x0000000008002c3e                TIM_ClearOC4Ref
                0x0000000008002c7a                TIM_OC1PolarityConfig
                0x0000000008002cb2                TIM_OC1NPolarityConfig
                0x0000000008002cea                TIM_OC2PolarityConfig
                0x0000000008002d26                TIM_OC2NPolarityConfig
                0x0000000008002d62                TIM_OC3PolarityConfig
                0x0000000008002d9e                TIM_OC3NPolarityConfig
                0x0000000008002dda                TIM_OC4PolarityConfig
                0x0000000008002e16                TIM_CCxCmd
                0x0000000008002e6c                TIM_CCxNCmd
                0x0000000008002ec2                TIM_ICInit
                0x0000000008002f6a                TIM_ICStructInit
                0x0000000008002f9c                TIM_PWMIConfig
                0x0000000008003054                TIM_GetCapture1
                0x000000000800306c                TIM_GetCapture2
                0x0000000008003084                TIM_GetCapture3
                0x000000000800309c                TIM_GetCapture4
                0x00000000080030b4                TIM_SetIC1Prescaler
                0x00000000080030ec                TIM_SetIC2Prescaler
                0x0000000008003128                TIM_SetIC3Prescaler
                0x0000000008003160                TIM_SetIC4Prescaler
                0x000000000800319c                TIM_BDTRConfig
                0x00000000080031ec                TIM_BDTRStructInit
                0x000000000800322a                TIM_CtrlPWMOutputs
                0x0000000008003276                TIM_SelectCOM
                0x00000000080032b6                TIM_CCPreloadControl
                0x00000000080032f6                TIM_ITConfig
                0x000000000800333e                TIM_GenerateEvent
                0x000000000800335c                TIM_GetFlagStatus
                0x0000000008003394                TIM_ClearFlag
                0x00000000080033b6                TIM_GetITStatus
                0x000000000800340a                TIM_ClearITPendingBit
                0x000000000800342c                TIM_DMAConfig
                0x0000000008003456                TIM_DMACmd
                0x000000000800349e                TIM_SelectCCDMA
                0x00000000080034de                TIM_InternalClockConfig
                0x0000000008003502                TIM_ITRxExternalClockConfig
                0x0000000008003530                TIM_TIxExternalClockConfig
                0x000000000800358c                TIM_ETRClockMode1Config
                0x00000000080035ea                TIM_ETRClockMode2Config
                0x0000000008003628                TIM_SelectInputTrigger
                0x0000000008003660                TIM_SelectOutputTrigger
                0x0000000008003698                TIM_SelectSlaveMode
                0x00000000080036d0                TIM_SelectMasterSlaveMode
                0x0000000008003708                TIM_ETRConfig
                0x000000000800375c                TIM_EncoderInterfaceConfig
                0x00000000080037f4                TIM_SelectHallSensor
                0x0000000008003834                TIM_RemapConfig
 .text          0x0000000008003aa4        0x0 /usr/bin/../lib/gcc/arm-none-eabi/6.3.1/../../../../arm-none-eabi/lib/thumb/v7e-m/fpv4-sp/hard/libg.a(lib_a-exit.o)
 .text.exit     0x0000000008003aa4       0x20 /usr/bin/../lib/gcc/arm-none-eabi/6.3.1/../../../../arm-none-eabi/lib/thumb/v7e-m/fpv4-sp/hard/libg.a(lib_a-exit.o)
                0x0000000008003aa4                exit
 .text          0x0000000008003ac4        0x0 /usr/bin/../lib/gcc/arm-none-eabi/6.3.1/../../../../arm-none-eabi/lib/thumb/v7e-m/fpv4-sp/hard/libg.a(lib_a-impure.o)
 .text          0x0000000008003ac4        0x0 /usr/bin/../lib/gcc/arm-none-eabi/6.3.1/../../../../arm-none-eabi/lib/thumb/v7e-m/fpv4-sp/hard/libg.a(lib_a-init.o)
 .text.__libc_init_array
                0x0000000008003ac4       0x50 /usr/bin/../lib/gcc/arm-none-eabi/6.3.1/../../../../arm-none-eabi/lib/thumb/v7e-m/fpv4-sp/hard/libg.a(lib_a-init.o)
                0x0000000008003ac4                __libc_init_array
 .text          0x0000000008003b14        0x0 /usr/bin/../lib/gcc/arm-none-eabi/6.3.1/../../../../arm-none-eabi/lib/thumb/v7e-m/fpv4-sp/hard/libg.a(lib_a-memset.o)
 .text.memset   0x0000000008003b14       0x9c /usr/bin/../lib/gcc/arm-none-eabi/6.3.1/../../../../arm-none-eabi/lib/thumb/v7e-m/fpv4-sp/hard/libg.a(lib_a-memset.o)
                0x0000000008003b14                memset
 .text          0x0000000008003bb0        0x0 /usr/bin/../lib/gcc/arm-none-eabi/6.3.1/../../../../arm-none-eabi/lib/thumb/v7e-m/fpv4-sp/hard/libg.a(lib_a-__call_atexit.o)
 .text.startup.register_fini
                0x0000000008003bb0       0x14 /usr/bin/../lib/gcc/arm-none-eabi/6.3.1/../../../../arm-none-eabi/lib/thumb/v7e-m/fpv4-sp/hard/libg.a(lib_a-__call_atexit.o)
 .text.__call_exitprocs
                0x0000000008003bc4       0xe8 /usr/bin/../lib/gcc/arm-none-eabi/6.3.1/../../../../arm-none-eabi/lib/thumb/v7e-m/fpv4-sp/hard/libg.a(lib_a-__call_atexit.o)
                0x0000000008003bc4                __call_exitprocs
 .text          0x0000000008003cac        0x0 /usr/bin/../lib/gcc/arm-none-eabi/6.3.1/../../../../arm-none-eabi/lib/thumb/v7e-m/fpv4-sp/hard/libg.a(lib_a-atexit.o)
 .text.atexit   0x0000000008003cac        0xc /usr/bin/../lib/gcc/arm-none-eabi/6.3.1/../../../../arm-none-eabi/lib/thumb/v7e-m/fpv4-sp/hard/libg.a(lib_a-atexit.o)
                0x0000000008003cac                atexit
 .text          0x0000000008003cb8        0x0 /usr/bin/../lib/gcc/arm-none-eabi/6.3.1/../../../../arm-none-eabi/lib/thumb/v7e-m/fpv4-sp/hard/libg.a(lib_a-fini.o)
 .text.__libc_fini_array
                0x0000000008003cb8       0x34 /usr/bin/../lib/gcc/arm-none-eabi/6.3.1/../../../../arm-none-eabi/lib/thumb/v7e-m/fpv4-sp/hard/libg.a(lib_a-fini.o)
                0x0000000008003cb8                __libc_fini_array
 .text          0x0000000008003cec        0x0 /usr/bin/../lib/gcc/arm-none-eabi/6.3.1/../../../../arm-none-eabi/lib/thumb/v7e-m/fpv4-sp/hard/libg.a(lib_a-lock.o)
 .text.__retarget_lock_init
                0x0000000008003cec        0x4 /usr/bin/../lib/gcc/arm-none-eabi/6.3.1/../../../../arm-none-eabi/lib/thumb/v7e-m/fpv4-sp/hard/libg.a(lib_a-lock.o)
                0x0000000008003cec                __retarget_lock_init
 .text.__retarget_lock_init_recursive
                0x0000000008003cf0        0x4 /usr/bin/../lib/gcc/arm-none-eabi/6.3.1/../../../../arm-none-eabi/lib/thumb/v7e-m/fpv4-sp/hard/libg.a(lib_a-lock.o)
                0x0000000008003cf0                __retarget_lock_init_recursive
 .text.__retarget_lock_close
                0x0000000008003cf4        0x4 /usr/bin/../lib/gcc/arm-none-eabi/6.3.1/../../../../arm-none-eabi/lib/thumb/v7e-m/fpv4-sp/hard/libg.a(lib_a-lock.o)
                0x0000000008003cf4                __retarget_lock_close
 .text.__retarget_lock_close_recursive
                0x0000000008003cf8        0x4 /usr/bin/../lib/gcc/arm-none-eabi/6.3.1/../../../../arm-none-eabi/lib/thumb/v7e-m/fpv4-sp/hard/libg.a(lib_a-lock.o)
                0x0000000008003cf8                __retarget_lock_close_recursive
 .text.__retarget_lock_acquire
                0x0000000008003cfc        0x4 /usr/bin/../lib/gcc/arm-none-eabi/6.3.1/../../../../arm-none-eabi/lib/thumb/v7e-m/fpv4-sp/hard/libg.a(lib_a-lock.o)
                0x0000000008003cfc                __retarget_lock_acquire
 .text.__retarget_lock_acquire_recursive
                0x0000000008003d00        0x4 /usr/bin/../lib/gcc/arm-none-eabi/6.3.1/../../../../arm-none-eabi/lib/thumb/v7e-m/fpv4-sp/hard/libg.a(lib_a-lock.o)
                0x0000000008003d00                __retarget_lock_acquire_recursive
 .text.__retarget_lock_try_acquire
                0x0000000008003d04        0x4 /usr/bin/../lib/gcc/arm-none-eabi/6.3.1/../../../../arm-none-eabi/lib/thumb/v7e-m/fpv4-sp/hard/libg.a(lib_a-lock.o)
                0x0000000008003d04                __retarget_lock_try_acquire
 .text.__retarget_lock_try_acquire_recursive
                0x0000000008003d08        0x4 /usr/bin/../lib/gcc/arm-none-eabi/6.3.1/../../../../arm-none-eabi/lib/thumb/v7e-m/fpv4-sp/hard/libg.a(lib_a-lock.o)
                0x0000000008003d08                __retarget_lock_try_acquire_recursive
 .text.__retarget_lock_release
                0x0000000008003d0c        0x4 /usr/bin/../lib/gcc/arm-none-eabi/6.3.1/../../../../arm-none-eabi/lib/thumb/v7e-m/fpv4-sp/hard/libg.a(lib_a-lock.o)
                0x0000000008003d0c                __retarget_lock_release
 .text.__retarget_lock_release_recursive
                0x0000000008003d10        0x4 /usr/bin/../lib/gcc/arm-none-eabi/6.3.1/../../../../arm-none-eabi/lib/thumb/v7e-m/fpv4-sp/hard/libg.a(lib_a-lock.o)
                0x0000000008003d10                __retarget_lock_release_recursive
 .text          0x0000000008003d14        0x0 /usr/bin/../lib/gcc/arm-none-eabi/6.3.1/../../../../arm-none-eabi/lib/thumb/v7e-m/fpv4-sp/hard/libg.a(lib_a-__atexit.o)
 .text.__register_exitproc
                0x0000000008003d14       0xc4 /usr/bin/../lib/gcc/arm-none-eabi/6.3.1/../../../../arm-none-eabi/lib/thumb/v7e-m/fpv4-sp/hard/libg.a(lib_a-__atexit.o)
                0x0000000008003d14                __register_exitproc
 .text          0x0000000008003dd8        0x0 /usr/bin/../lib/gcc/arm-none-eabi/6.3.1/../../../../arm-none-eabi/lib/thumb/v7e-m/fpv4-sp/hard/libnosys.a(_exit.o)
 .text._exit    0x0000000008003dd8        0x4 /usr/bin/../lib/gcc/arm-none-eabi/6.3.1/../../../../arm-none-eabi/lib/thumb/v7e-m/fpv4-sp/hard/libnosys.a(_exit.o)
                0x0000000008003dd8                _exit
 .text          0x0000000008003ddc        0x0 /usr/bin/../lib/gcc/arm-none-eabi/6.3.1/thumb/v7e-m/fpv4-sp/hard/crtend.o
 .text          0x0000000008003ddc        0x0 /usr/bin/../lib/gcc/arm-none-eabi/6.3.1/thumb/v7e-m/fpv4-sp/hard/crtn.o
                0x0000000008003ddc                . = ALIGN (0x4)
 *(.rodata*)
 .rodata._global_impure_ptr
                0x0000000008003ddc        0x4 /usr/bin/../lib/gcc/arm-none-eabi/6.3.1/../../../../arm-none-eabi/lib/thumb/v7e-m/fpv4-sp/hard/libg.a(lib_a-impure.o)
                0x0000000008003ddc                _global_impure_ptr
                0x0000000008003de0                . = ALIGN (0x4)

.glue_7         0x0000000008003de0        0x0
 .glue_7        0x0000000008003de0        0x0 linker stubs

.glue_7t        0x0000000008003de0        0x0
 .glue_7t       0x0000000008003de0        0x0 linker stubs

.vfp11_veneer   0x0000000008003de0        0x0
 .vfp11_veneer  0x0000000008003de0        0x0 linker stubs

.v4_bx          0x0000000008003de0        0x0
 .v4_bx         0x0000000008003de0        0x0 linker stubs

.init           0x0000000008003de0        0xc
 .init          0x0000000008003de0        0x4 /usr/bin/../lib/gcc/arm-none-eabi/6.3.1/thumb/v7e-m/fpv4-sp/hard/crti.o
                0x0000000008003de0                _init
 .init          0x0000000008003de4        0x8 /usr/bin/../lib/gcc/arm-none-eabi/6.3.1/thumb/v7e-m/fpv4-sp/hard/crtn.o

.fini           0x0000000008003dec        0xc
 .fini          0x0000000008003dec        0x4 /usr/bin/../lib/gcc/arm-none-eabi/6.3.1/thumb/v7e-m/fpv4-sp/hard/crti.o
                0x0000000008003dec                _fini
 .fini          0x0000000008003df0        0x8 /usr/bin/../lib/gcc/arm-none-eabi/6.3.1/thumb/v7e-m/fpv4-sp/hard/crtn.o

.iplt           0x0000000008003df8        0x0
 .iplt          0x0000000008003df8        0x0 /usr/bin/../lib/gcc/arm-none-eabi/6.3.1/thumb/v7e-m/fpv4-sp/hard/crtbegin.o

.rel.dyn        0x0000000008003df8        0x0
 .rel.iplt      0x0000000008003df8        0x0 /usr/bin/../lib/gcc/arm-none-eabi/6.3.1/thumb/v7e-m/fpv4-sp/hard/crtbegin.o
                0x0000000008003df8                . = ALIGN (0x4)
                0x0000000008003df8                _etext = .

.data           0x0000000020000000      0x45c load address 0x0000000008003df8
                0x0000000020000000                _sdata = .
 *(.data*)
 .data          0x0000000020000000        0x0 /usr/bin/../lib/gcc/arm-none-eabi/6.3.1/thumb/v7e-m/fpv4-sp/hard/crti.o
 .data          0x0000000020000000        0x4 /usr/bin/../lib/gcc/arm-none-eabi/6.3.1/thumb/v7e-m/fpv4-sp/hard/crtbegin.o
                0x0000000020000000                __dso_handle
 .data          0x0000000020000004        0x0 /usr/bin/../lib/gcc/arm-none-eabi/6.3.1/../../../../arm-none-eabi/lib/thumb/v7e-m/fpv4-sp/hard/crt0.o
 .data          0x0000000020000004        0x0 /tmp/ccexgbhn.o
 .data          0x0000000020000004        0x0 /tmp/ccWIdQYJ.o
 .data          0x0000000020000004       0x14 /tmp/ccWfAtS6.o
                0x0000000020000004                SystemCoreClock
                0x0000000020000008                AHBPrescTable
 .data          0x0000000020000018        0x0 /tmp/ccJpdYXt.o
 .data          0x0000000020000018        0x0 /tmp/cczVaO4Q.o
 .data          0x0000000020000018        0x0 /tmp/ccdRnkne.o
 .data          0x0000000020000018        0x0 /tmp/ccRQmERB.o
 .data          0x0000000020000018        0x0 /tmp/cciRckxZ.o
 .data          0x0000000020000018        0x0 /tmp/ccVXZdqn.o
 .data          0x0000000020000018       0x10 /tmp/ccr3oZAL.o
 .data          0x0000000020000028        0x0 /tmp/cc3coPaa.o
 .data          0x0000000020000028        0x0 /usr/bin/../lib/gcc/arm-none-eabi/6.3.1/../../../../arm-none-eabi/lib/thumb/v7e-m/fpv4-sp/hard/libg.a(lib_a-exit.o)
 .data          0x0000000020000028        0x0 /usr/bin/../lib/gcc/arm-none-eabi/6.3.1/../../../../arm-none-eabi/lib/thumb/v7e-m/fpv4-sp/hard/libg.a(lib_a-impure.o)
 .data._impure_ptr
                0x0000000020000028        0x4 /usr/bin/../lib/gcc/arm-none-eabi/6.3.1/../../../../arm-none-eabi/lib/thumb/v7e-m/fpv4-sp/hard/libg.a(lib_a-impure.o)
                0x0000000020000028                _impure_ptr
 *fill*         0x000000002000002c        0x4 
 .data.impure_data
                0x0000000020000030      0x428 /usr/bin/../lib/gcc/arm-none-eabi/6.3.1/../../../../arm-none-eabi/lib/thumb/v7e-m/fpv4-sp/hard/libg.a(lib_a-impure.o)
 .data          0x0000000020000458        0x0 /usr/bin/../lib/gcc/arm-none-eabi/6.3.1/../../../../arm-none-eabi/lib/thumb/v7e-m/fpv4-sp/hard/libg.a(lib_a-init.o)
 .data          0x0000000020000458        0x0 /usr/bin/../lib/gcc/arm-none-eabi/6.3.1/../../../../arm-none-eabi/lib/thumb/v7e-m/fpv4-sp/hard/libg.a(lib_a-memset.o)
 .data          0x0000000020000458        0x0 /usr/bin/../lib/gcc/arm-none-eabi/6.3.1/../../../../arm-none-eabi/lib/thumb/v7e-m/fpv4-sp/hard/libg.a(lib_a-__call_atexit.o)
 .data.__atexit_recursive_mutex
                0x0000000020000458        0x4 /usr/bin/../lib/gcc/arm-none-eabi/6.3.1/../../../../arm-none-eabi/lib/thumb/v7e-m/fpv4-sp/hard/libg.a(lib_a-__call_atexit.o)
                0x0000000020000458                __atexit_recursive_mutex
 .data          0x000000002000045c        0x0 /usr/bin/../lib/gcc/arm-none-eabi/6.3.1/../../../../arm-none-eabi/lib/thumb/v7e-m/fpv4-sp/hard/libg.a(lib_a-atexit.o)
 .data          0x000000002000045c        0x0 /usr/bin/../lib/gcc/arm-none-eabi/6.3.1/../../../../arm-none-eabi/lib/thumb/v7e-m/fpv4-sp/hard/libg.a(lib_a-fini.o)
 .data          0x000000002000045c        0x0 /usr/bin/../lib/gcc/arm-none-eabi/6.3.1/../../../../arm-none-eabi/lib/thumb/v7e-m/fpv4-sp/hard/libg.a(lib_a-lock.o)
 .data          0x000000002000045c        0x0 /usr/bin/../lib/gcc/arm-none-eabi/6.3.1/../../../../arm-none-eabi/lib/thumb/v7e-m/fpv4-sp/hard/libg.a(lib_a-__atexit.o)
 .data          0x000000002000045c        0x0 /usr/bin/../lib/gcc/arm-none-eabi/6.3.1/../../../../arm-none-eabi/lib/thumb/v7e-m/fpv4-sp/hard/libnosys.a(_exit.o)
 .data          0x000000002000045c        0x0 /usr/bin/../lib/gcc/arm-none-eabi/6.3.1/thumb/v7e-m/fpv4-sp/hard/crtend.o
 .data          0x000000002000045c        0x0 /usr/bin/../lib/gcc/arm-none-eabi/6.3.1/thumb/v7e-m/fpv4-sp/hard/crtn.o
                0x000000002000045c                . = ALIGN (0x4)
                0x000000002000045c                _edata = .
                0x0000000008003df8                _sidata = LOADADDR (.data)

.init_array     0x000000002000045c        0x4 load address 0x0000000008004254
 .init_array    0x000000002000045c        0x4 /usr/bin/../lib/gcc/arm-none-eabi/6.3.1/thumb/v7e-m/fpv4-sp/hard/crtbegin.o

.fini_array     0x0000000020000460        0x4 load address 0x0000000008004258
 .fini_array    0x0000000020000460        0x4 /usr/bin/../lib/gcc/arm-none-eabi/6.3.1/thumb/v7e-m/fpv4-sp/hard/crtbegin.o

.jcr            0x0000000020000464        0x4 load address 0x000000000800425c
 .jcr           0x0000000020000464        0x0 /usr/bin/../lib/gcc/arm-none-eabi/6.3.1/thumb/v7e-m/fpv4-sp/hard/crtbegin.o
 .jcr           0x0000000020000464        0x4 /usr/bin/../lib/gcc/arm-none-eabi/6.3.1/thumb/v7e-m/fpv4-sp/hard/crtend.o

.igot.plt       0x0000000020000468        0x0 load address 0x0000000008004260
 .igot.plt      0x0000000020000468        0x0 /usr/bin/../lib/gcc/arm-none-eabi/6.3.1/thumb/v7e-m/fpv4-sp/hard/crtbegin.o

.init_array.00000
                0x0000000020000468        0x4 load address 0x0000000008004260
 .init_array.00000
                0x0000000020000468        0x4 /usr/bin/../lib/gcc/arm-none-eabi/6.3.1/../../../../arm-none-eabi/lib/thumb/v7e-m/fpv4-sp/hard/libg.a(lib_a-__call_atexit.o)

.bss            0x0000000020000470       0x4c load address 0x0000000008004264
                0x0000000020000470                __bss_start__ = .
                0x0000000020000470                _sbss = .
 *(.bss*)
 .bss           0x0000000020000470        0x0 /usr/bin/../lib/gcc/arm-none-eabi/6.3.1/thumb/v7e-m/fpv4-sp/hard/crti.o
 .bss           0x0000000020000470       0x1c /usr/bin/../lib/gcc/arm-none-eabi/6.3.1/thumb/v7e-m/fpv4-sp/hard/crtbegin.o
 .bss           0x000000002000048c        0x0 /usr/bin/../lib/gcc/arm-none-eabi/6.3.1/../../../../arm-none-eabi/lib/thumb/v7e-m/fpv4-sp/hard/crt0.o
 .bss           0x000000002000048c        0x0 /tmp/ccexgbhn.o
 *fill*         0x000000002000048c        0x4 
 .bss           0x0000000020000490        0x8 /tmp/ccWIdQYJ.o
                0x0000000020000490                msTicks
 .bss           0x0000000020000498        0x0 /tmp/ccWfAtS6.o
 .bss           0x0000000020000498        0x0 /tmp/ccJpdYXt.o
 .bss           0x0000000020000498        0x0 /tmp/cczVaO4Q.o
 .bss           0x0000000020000498        0x0 /tmp/ccdRnkne.o
 .bss           0x0000000020000498        0x0 /tmp/ccRQmERB.o
 .bss           0x0000000020000498        0x0 /tmp/cciRckxZ.o
 .bss           0x0000000020000498        0x0 /tmp/ccVXZdqn.o
 .bss           0x0000000020000498        0x0 /tmp/ccr3oZAL.o
 .bss           0x0000000020000498        0x0 /tmp/cc3coPaa.o
 .bss           0x0000000020000498        0x0 /usr/bin/../lib/gcc/arm-none-eabi/6.3.1/../../../../arm-none-eabi/lib/thumb/v7e-m/fpv4-sp/hard/libg.a(lib_a-exit.o)
 .bss           0x0000000020000498        0x0 /usr/bin/../lib/gcc/arm-none-eabi/6.3.1/../../../../arm-none-eabi/lib/thumb/v7e-m/fpv4-sp/hard/libg.a(lib_a-impure.o)
 .bss           0x0000000020000498        0x0 /usr/bin/../lib/gcc/arm-none-eabi/6.3.1/../../../../arm-none-eabi/lib/thumb/v7e-m/fpv4-sp/hard/libg.a(lib_a-init.o)
 .bss           0x0000000020000498        0x0 /usr/bin/../lib/gcc/arm-none-eabi/6.3.1/../../../../arm-none-eabi/lib/thumb/v7e-m/fpv4-sp/hard/libg.a(lib_a-memset.o)
 .bss           0x0000000020000498        0x0 /usr/bin/../lib/gcc/arm-none-eabi/6.3.1/../../../../arm-none-eabi/lib/thumb/v7e-m/fpv4-sp/hard/libg.a(lib_a-__call_atexit.o)
 .bss           0x0000000020000498        0x0 /usr/bin/../lib/gcc/arm-none-eabi/6.3.1/../../../../arm-none-eabi/lib/thumb/v7e-m/fpv4-sp/hard/libg.a(lib_a-atexit.o)
 .bss           0x0000000020000498        0x0 /usr/bin/../lib/gcc/arm-none-eabi/6.3.1/../../../../arm-none-eabi/lib/thumb/v7e-m/fpv4-sp/hard/libg.a(lib_a-fini.o)
 .bss           0x0000000020000498        0x0 /usr/bin/../lib/gcc/arm-none-eabi/6.3.1/../../../../arm-none-eabi/lib/thumb/v7e-m/fpv4-sp/hard/libg.a(lib_a-lock.o)
 .bss           0x0000000020000498        0x0 /usr/bin/../lib/gcc/arm-none-eabi/6.3.1/../../../../arm-none-eabi/lib/thumb/v7e-m/fpv4-sp/hard/libg.a(lib_a-__atexit.o)
 .bss           0x0000000020000498        0x0 /usr/bin/../lib/gcc/arm-none-eabi/6.3.1/../../../../arm-none-eabi/lib/thumb/v7e-m/fpv4-sp/hard/libnosys.a(_exit.o)
 .bss           0x0000000020000498        0x0 /usr/bin/../lib/gcc/arm-none-eabi/6.3.1/thumb/v7e-m/fpv4-sp/hard/crtend.o
 .bss           0x0000000020000498        0x0 /usr/bin/../lib/gcc/arm-none-eabi/6.3.1/thumb/v7e-m/fpv4-sp/hard/crtn.o
 *(COMMON)
 COMMON         0x0000000020000498       0x21 /usr/bin/../lib/gcc/arm-none-eabi/6.3.1/../../../../arm-none-eabi/lib/thumb/v7e-m/fpv4-sp/hard/libg.a(lib_a-lock.o)
                0x0000000020000498                __lock___atexit_recursive_mutex
                0x000000002000049c                __lock___arc4random_mutex
                0x00000000200004a0                __lock___env_recursive_mutex
                0x00000000200004a4                __lock___sinit_recursive_mutex
                0x00000000200004a8                __lock___malloc_recursive_mutex
                0x00000000200004ac                __lock___at_quick_exit_mutex
                0x00000000200004b0                __lock___dd_hash_mutex
                0x00000000200004b4                __lock___tz_mutex
                0x00000000200004b8                __lock___sfp_recursive_mutex
                0x00000000200004bc                . = ALIGN (0x4)
 *fill*         0x00000000200004b9        0x3 
                0x00000000200004bc                _ebss = .
                0x00000000200004bc                __bss_end__ = .
                0x00000000200004bc                . = ALIGN (0x4)
                0x00000000200004bc                end = .
                0x0000000020020000                PROVIDE (_estack, (ORIGIN (ram) + LENGTH (ram)))
OUTPUT(build/template.elf elf32-littlearm)

.ARM.attributes
                0x0000000000000000       0x30
 .ARM.attributes
                0x0000000000000000       0x22 /usr/bin/../lib/gcc/arm-none-eabi/6.3.1/thumb/v7e-m/fpv4-sp/hard/crti.o
 .ARM.attributes
                0x0000000000000022       0x34 /usr/bin/../lib/gcc/arm-none-eabi/6.3.1/thumb/v7e-m/fpv4-sp/hard/crtbegin.o
 .ARM.attributes
                0x0000000000000056       0x20 /usr/bin/../lib/gcc/arm-none-eabi/6.3.1/../../../../arm-none-eabi/lib/thumb/v7e-m/fpv4-sp/hard/crt0.o
 .ARM.attributes
                0x0000000000000076       0x39 /tmp/ccexgbhn.o
 .ARM.attributes
                0x00000000000000af       0x39 /tmp/ccWIdQYJ.o
 .ARM.attributes
                0x00000000000000e8       0x39 /tmp/ccWfAtS6.o
 .ARM.attributes
                0x0000000000000121       0x39 /tmp/ccJpdYXt.o
 .ARM.attributes
                0x000000000000015a       0x21 /tmp/cczVaO4Q.o
 .ARM.attributes
                0x000000000000017b       0x39 /tmp/ccdRnkne.o
 .ARM.attributes
                0x00000000000001b4       0x39 /tmp/ccRQmERB.o
 .ARM.attributes
                0x00000000000001ed       0x39 /tmp/cciRckxZ.o
 .ARM.attributes
                0x0000000000000226       0x39 /tmp/ccVXZdqn.o
 .ARM.attributes
                0x000000000000025f       0x39 /tmp/ccr3oZAL.o
 .ARM.attributes
                0x0000000000000298       0x39 /tmp/cc3coPaa.o
 .ARM.attributes
                0x00000000000002d1       0x34 /usr/bin/../lib/gcc/arm-none-eabi/6.3.1/../../../../arm-none-eabi/lib/thumb/v7e-m/fpv4-sp/hard/libg.a(lib_a-exit.o)
 .ARM.attributes
                0x0000000000000305       0x34 /usr/bin/../lib/gcc/arm-none-eabi/6.3.1/../../../../arm-none-eabi/lib/thumb/v7e-m/fpv4-sp/hard/libg.a(lib_a-impure.o)
 .ARM.attributes
                0x0000000000000339       0x34 /usr/bin/../lib/gcc/arm-none-eabi/6.3.1/../../../../arm-none-eabi/lib/thumb/v7e-m/fpv4-sp/hard/libg.a(lib_a-init.o)
 .ARM.attributes
                0x000000000000036d       0x34 /usr/bin/../lib/gcc/arm-none-eabi/6.3.1/../../../../arm-none-eabi/lib/thumb/v7e-m/fpv4-sp/hard/libg.a(lib_a-memset.o)
 .ARM.attributes
                0x00000000000003a1       0x34 /usr/bin/../lib/gcc/arm-none-eabi/6.3.1/../../../../arm-none-eabi/lib/thumb/v7e-m/fpv4-sp/hard/libg.a(lib_a-__call_atexit.o)
 .ARM.attributes
                0x00000000000003d5       0x34 /usr/bin/../lib/gcc/arm-none-eabi/6.3.1/../../../../arm-none-eabi/lib/thumb/v7e-m/fpv4-sp/hard/libg.a(lib_a-atexit.o)
 .ARM.attributes
                0x0000000000000409       0x34 /usr/bin/../lib/gcc/arm-none-eabi/6.3.1/../../../../arm-none-eabi/lib/thumb/v7e-m/fpv4-sp/hard/libg.a(lib_a-fini.o)
 .ARM.attributes
                0x000000000000043d       0x34 /usr/bin/../lib/gcc/arm-none-eabi/6.3.1/../../../../arm-none-eabi/lib/thumb/v7e-m/fpv4-sp/hard/libg.a(lib_a-lock.o)
 .ARM.attributes
                0x0000000000000471       0x34 /usr/bin/../lib/gcc/arm-none-eabi/6.3.1/../../../../arm-none-eabi/lib/thumb/v7e-m/fpv4-sp/hard/libg.a(lib_a-__atexit.o)
 .ARM.attributes
                0x00000000000004a5       0x34 /usr/bin/../lib/gcc/arm-none-eabi/6.3.1/../../../../arm-none-eabi/lib/thumb/v7e-m/fpv4-sp/hard/libnosys.a(_exit.o)
 .ARM.attributes
                0x00000000000004d9       0x34 /usr/bin/../lib/gcc/arm-none-eabi/6.3.1/thumb/v7e-m/fpv4-sp/hard/crtend.o
 .ARM.attributes
                0x000000000000050d       0x22 /usr/bin/../lib/gcc/arm-none-eabi/6.3.1/thumb/v7e-m/fpv4-sp/hard/crtn.o

.comment        0x0000000000000000       0x7f
 .comment       0x0000000000000000       0x7f /tmp/ccexgbhn.o
                                         0x80 (size before relaxing)
 .comment       0x000000000000007f       0x80 /tmp/ccWIdQYJ.o
 .comment       0x000000000000007f       0x80 /tmp/ccWfAtS6.o
 .comment       0x000000000000007f       0x80 /tmp/ccJpdYXt.o
 .comment       0x000000000000007f       0x80 /tmp/ccdRnkne.o
 .comment       0x000000000000007f       0x80 /tmp/ccRQmERB.o
 .comment       0x000000000000007f       0x80 /tmp/cciRckxZ.o
 .comment       0x000000000000007f       0x80 /tmp/ccVXZdqn.o
 .comment       0x000000000000007f       0x80 /tmp/ccr3oZAL.o
 .comment       0x000000000000007f       0x80 /tmp/cc3coPaa.o

.debug_info     0x0000000000000000     0x515e
 .debug_info    0x0000000000000000      0xb04 /tmp/ccexgbhn.o
 .debug_info    0x0000000000000b04      0x190 /tmp/ccWIdQYJ.o
 .debug_info    0x0000000000000c94      0x614 /tmp/ccWfAtS6.o
 .debug_info    0x00000000000012a8      0x2be /tmp/ccJpdYXt.o
 .debug_info    0x0000000000001566       0x62 /tmp/cczVaO4Q.o
 .debug_info    0x00000000000015c8      0x54d /tmp/ccdRnkne.o
 .debug_info    0x0000000000001b15      0x1ef /tmp/ccRQmERB.o
 .debug_info    0x0000000000001d04      0x357 /tmp/cciRckxZ.o
 .debug_info    0x000000000000205b      0x628 /tmp/ccVXZdqn.o
 .debug_info    0x0000000000002683      0xe67 /tmp/ccr3oZAL.o
 .debug_info    0x00000000000034ea     0x1c74 /tmp/cc3coPaa.o

.debug_abbrev   0x0000000000000000      0xe59
 .debug_abbrev  0x0000000000000000      0x1f6 /tmp/ccexgbhn.o
 .debug_abbrev  0x00000000000001f6       0xa3 /tmp/ccWIdQYJ.o
 .debug_abbrev  0x0000000000000299      0x158 /tmp/ccWfAtS6.o
 .debug_abbrev  0x00000000000003f1      0x114 /tmp/ccJpdYXt.o
 .debug_abbrev  0x0000000000000505       0x12 /tmp/cczVaO4Q.o
 .debug_abbrev  0x0000000000000517      0x172 /tmp/ccdRnkne.o
 .debug_abbrev  0x0000000000000689       0xf3 /tmp/ccRQmERB.o
 .debug_abbrev  0x000000000000077c      0x1bc /tmp/cciRckxZ.o
 .debug_abbrev  0x0000000000000938      0x1b8 /tmp/ccVXZdqn.o
 .debug_abbrev  0x0000000000000af0      0x1cf /tmp/ccr3oZAL.o
 .debug_abbrev  0x0000000000000cbf      0x19a /tmp/cc3coPaa.o

.debug_aranges  0x0000000000000000      0x168
 .debug_aranges
                0x0000000000000000       0x20 /tmp/ccexgbhn.o
 .debug_aranges
                0x0000000000000020       0x20 /tmp/ccWIdQYJ.o
 .debug_aranges
                0x0000000000000040       0x20 /tmp/ccWfAtS6.o
 .debug_aranges
                0x0000000000000060       0x20 /tmp/ccJpdYXt.o
 .debug_aranges
                0x0000000000000080       0x28 /tmp/cczVaO4Q.o
 .debug_aranges
                0x00000000000000a8       0x20 /tmp/ccdRnkne.o
 .debug_aranges
                0x00000000000000c8       0x20 /tmp/ccRQmERB.o
 .debug_aranges
                0x00000000000000e8       0x20 /tmp/cciRckxZ.o
 .debug_aranges
                0x0000000000000108       0x20 /tmp/ccVXZdqn.o
 .debug_aranges
                0x0000000000000128       0x20 /tmp/ccr3oZAL.o
 .debug_aranges
                0x0000000000000148       0x20 /tmp/cc3coPaa.o

.debug_line     0x0000000000000000     0x13d5
 .debug_line    0x0000000000000000      0x192 /tmp/ccexgbhn.o
 .debug_line    0x0000000000000192      0x108 /tmp/ccWIdQYJ.o
 .debug_line    0x000000000000029a      0x151 /tmp/ccWfAtS6.o
 .debug_line    0x00000000000003eb      0x116 /tmp/ccJpdYXt.o
 .debug_line    0x0000000000000501       0x75 /tmp/cczVaO4Q.o
 .debug_line    0x0000000000000576      0x14c /tmp/ccdRnkne.o
 .debug_line    0x00000000000006c2      0x124 /tmp/ccRQmERB.o
 .debug_line    0x00000000000007e6      0x17f /tmp/cciRckxZ.o
 .debug_line    0x0000000000000965      0x209 /tmp/ccVXZdqn.o
 .debug_line    0x0000000000000b6e      0x309 /tmp/ccr3oZAL.o
 .debug_line    0x0000000000000e77      0x55e /tmp/cc3coPaa.o

.debug_str      0x0000000000000000     0x235c
 .debug_str     0x0000000000000000      0xa2e /tmp/ccexgbhn.o
                                        0xaa1 (size before relaxing)
 .debug_str     0x0000000000000a2e       0xb0 /tmp/ccWIdQYJ.o
                                        0x26d (size before relaxing)
 .debug_str     0x0000000000000ade      0x179 /tmp/ccWfAtS6.o
                                        0x400 (size before relaxing)
 .debug_str     0x0000000000000c57      0x162 /tmp/ccJpdYXt.o
                                        0x367 (size before relaxing)
 .debug_str     0x0000000000000db9       0xfc /tmp/ccdRnkne.o
                                        0x41b (size before relaxing)
 .debug_str     0x0000000000000eb5       0xbc /tmp/ccRQmERB.o
                                        0x28d (size before relaxing)
 .debug_str     0x0000000000000f71      0x1b7 /tmp/cciRckxZ.o
                                        0x399 (size before relaxing)
 .debug_str     0x0000000000001128      0x183 /tmp/ccVXZdqn.o
                                        0x4ed (size before relaxing)
 .debug_str     0x00000000000012ab      0x64b /tmp/ccr3oZAL.o
                                        0xa0f (size before relaxing)
 .debug_str     0x00000000000018f6      0xa66 /tmp/cc3coPaa.o
                                        0xe1d (size before relaxing)

.debug_frame    0x0000000000000000     0x20d8
 .debug_frame   0x0000000000000000      0x100 /tmp/ccexgbhn.o
 .debug_frame   0x0000000000000100      0x138 /tmp/ccWIdQYJ.o
 .debug_frame   0x0000000000000238       0x7c /tmp/ccWfAtS6.o
 .debug_frame   0x00000000000002b4       0x34 /tmp/ccJpdYXt.o
 .debug_frame   0x00000000000002e8       0xd8 /tmp/ccdRnkne.o
 .debug_frame   0x00000000000003c0       0xc8 /tmp/ccRQmERB.o
 .debug_frame   0x0000000000000488      0x148 /tmp/cciRckxZ.o
 .debug_frame   0x00000000000005d0      0x23c /tmp/ccVXZdqn.o
 .debug_frame   0x000000000000080c      0x83c /tmp/ccr3oZAL.o
 .debug_frame   0x0000000000001048      0xe54 /tmp/cc3coPaa.o
 .debug_frame   0x0000000000001e9c       0x28 /usr/bin/../lib/gcc/arm-none-eabi/6.3.1/../../../../arm-none-eabi/lib/thumb/v7e-m/fpv4-sp/hard/libg.a(lib_a-exit.o)
 .debug_frame   0x0000000000001ec4       0x2c /usr/bin/../lib/gcc/arm-none-eabi/6.3.1/../../../../arm-none-eabi/lib/thumb/v7e-m/fpv4-sp/hard/libg.a(lib_a-init.o)
 .debug_frame   0x0000000000001ef0       0x34 /usr/bin/../lib/gcc/arm-none-eabi/6.3.1/../../../../arm-none-eabi/lib/thumb/v7e-m/fpv4-sp/hard/libg.a(lib_a-memset.o)
 .debug_frame   0x0000000000001f24       0x5c /usr/bin/../lib/gcc/arm-none-eabi/6.3.1/../../../../arm-none-eabi/lib/thumb/v7e-m/fpv4-sp/hard/libg.a(lib_a-__call_atexit.o)
 .debug_frame   0x0000000000001f80       0x20 /usr/bin/../lib/gcc/arm-none-eabi/6.3.1/../../../../arm-none-eabi/lib/thumb/v7e-m/fpv4-sp/hard/libg.a(lib_a-atexit.o)
 .debug_frame   0x0000000000001fa0       0x34 /usr/bin/../lib/gcc/arm-none-eabi/6.3.1/../../../../arm-none-eabi/lib/thumb/v7e-m/fpv4-sp/hard/libg.a(lib_a-fini.o)
 .debug_frame   0x0000000000001fd4       0xb0 /usr/bin/../lib/gcc/arm-none-eabi/6.3.1/../../../../arm-none-eabi/lib/thumb/v7e-m/fpv4-sp/hard/libg.a(lib_a-lock.o)
 .debug_frame   0x0000000000002084       0x34 /usr/bin/../lib/gcc/arm-none-eabi/6.3.1/../../../../arm-none-eabi/lib/thumb/v7e-m/fpv4-sp/hard/libg.a(lib_a-__atexit.o)
 .debug_frame   0x00000000000020b8       0x20 /usr/bin/../lib/gcc/arm-none-eabi/6.3.1/../../../../arm-none-eabi/lib/thumb/v7e-m/fpv4-sp/hard/libnosys.a(_exit.o)

.debug_ranges   0x0000000000000000       0x20
 .debug_ranges  0x0000000000000000       0x20 /tmp/cczVaO4Q.o
